[0.166s] Invoking command in '/home/jetson/ws_1/build/livox_ros_driver2': CMAKE_PREFIX_PATH=${CMAKE_PREFIX_PATH}:/home/jetson/ws_1/install/lidar_avoidance:/opt/ros/foxy /usr/bin/cmake --build /home/jetson/ws_1/build/livox_ros_driver2 -- -j6 -l6
[0.726s] [  1%] Built target livox_interfaces2__cpp
[0.802s] [  8%] Built target livox_interfaces2__rosidl_generator_c
[0.815s] [ 12%] Built target livox_ros_driver2_node
[0.987s] [ 19%] Built target livox_interfaces2__rosidl_typesupport_cpp
[1.015s] [ 26%] Built target livox_interfaces2__rosidl_typesupport_introspection_cpp
[1.020s] [ 33%] Built target livox_interfaces2__rosidl_typesupport_fastrtps_cpp
[1.065s] [ 40%] Built target livox_interfaces2__rosidl_typesupport_introspection_c
[1.097s] [ 47%] Built target livox_interfaces2__rosidl_typesupport_c
[1.276s] [ 54%] Built target livox_interfaces2__rosidl_typesupport_fastrtps_c
[1.475s] [ 54%] Built target livox_interfaces2
[1.683s] [ 56%] Built target livox_interfaces2__py
[1.882s] [ 84%] Built target livox_ros_driver2
[1.925s] [ 89%] Built target livox_interfaces2__python
[2.160s] [ 94%] Built target livox_ros_driver2__rosidl_typesupport_fastrtps_c__pyext
[2.161s] [ 96%] Built target livox_ros_driver2__rosidl_typesupport_introspection_c__pyext
[2.174s] [100%] Built target livox_ros_driver2__rosidl_typesupport_c__pyext
[2.433s] Invoked command in '/home/jetson/ws_1/build/livox_ros_driver2' returned '0': CMAKE_PREFIX_PATH=${CMAKE_PREFIX_PATH}:/home/jetson/ws_1/install/lidar_avoidance:/opt/ros/foxy /usr/bin/cmake --build /home/jetson/ws_1/build/livox_ros_driver2 -- -j6 -l6
[2.574s] Invoking command in '/home/jetson/ws_1/build/livox_ros_driver2': CMAKE_PREFIX_PATH=${CMAKE_PREFIX_PATH}:/home/jetson/ws_1/install/lidar_avoidance:/opt/ros/foxy /usr/bin/cmake --install /home/jetson/ws_1/build/livox_ros_driver2
[2.642s] -- Install configuration: ""
[2.644s] -- Up-to-date: /home/jetson/ws_1/install/livox_ros_driver2/share/ament_index/resource_index/rosidl_interfaces/livox_ros_driver2
[2.645s] -- Up-to-date: /home/jetson/ws_1/install/livox_ros_driver2/include/livox_ros_driver2
[2.646s] -- Up-to-date: /home/jetson/ws_1/install/livox_ros_driver2/include/livox_ros_driver2/msg
[2.647s] -- Up-to-date: /home/jetson/ws_1/install/livox_ros_driver2/include/livox_ros_driver2/msg/rosidl_generator_c__visibility_control.h
[2.648s] -- Up-to-date: /home/jetson/ws_1/install/livox_ros_driver2/include/livox_ros_driver2/msg/custom_msg.h
[2.649s] -- Up-to-date: /home/jetson/ws_1/install/livox_ros_driver2/include/livox_ros_driver2/msg/custom_point.h
[2.650s] -- Up-to-date: /home/jetson/ws_1/install/livox_ros_driver2/include/livox_ros_driver2/msg/detail
[2.652s] -- Up-to-date: /home/jetson/ws_1/install/livox_ros_driver2/include/livox_ros_driver2/msg/detail/custom_point__functions.c
[2.654s] -- Up-to-date: /home/jetson/ws_1/install/livox_ros_driver2/include/livox_ros_driver2/msg/detail/custom_msg__struct.h
[2.656s] -- Up-to-date: /home/jetson/ws_1/install/livox_ros_driver2/include/livox_ros_driver2/msg/detail/custom_msg__functions.c
[2.657s] -- Up-to-date: /home/jetson/ws_1/install/livox_ros_driver2/include/livox_ros_driver2/msg/detail/custom_point__type_support.h
[2.658s] -- Up-to-date: /home/jetson/ws_1/install/livox_ros_driver2/include/livox_ros_driver2/msg/detail/custom_point__functions.h
[2.659s] -- Up-to-date: /home/jetson/ws_1/install/livox_ros_driver2/include/livox_ros_driver2/msg/detail/custom_point__struct.h
[2.660s] -- Up-to-date: /home/jetson/ws_1/install/livox_ros_driver2/include/livox_ros_driver2/msg/detail/custom_msg__type_support.h
[2.661s] -- Up-to-date: /home/jetson/ws_1/install/livox_ros_driver2/include/livox_ros_driver2/msg/detail/custom_msg__functions.h
[2.662s] -- Up-to-date: /home/jetson/ws_1/install/livox_ros_driver2/share/livox_ros_driver2/environment/library_path.sh
[2.664s] -- Up-to-date: /home/jetson/ws_1/install/livox_ros_driver2/share/livox_ros_driver2/environment/library_path.dsv
[2.665s] -- Up-to-date: /home/jetson/ws_1/install/livox_ros_driver2/lib/liblivox_ros_driver2__rosidl_generator_c.so
[2.666s] -- Up-to-date: /home/jetson/ws_1/install/livox_ros_driver2/include/livox_ros_driver2
[2.669s] -- Up-to-date: /home/jetson/ws_1/install/livox_ros_driver2/include/livox_ros_driver2/msg
[2.670s] -- Up-to-date: /home/jetson/ws_1/install/livox_ros_driver2/include/livox_ros_driver2/msg/rosidl_typesupport_fastrtps_c__visibility_control.h
[2.670s] -- Up-to-date: /home/jetson/ws_1/install/livox_ros_driver2/include/livox_ros_driver2/msg/detail
[2.671s] -- Up-to-date: /home/jetson/ws_1/install/livox_ros_driver2/include/livox_ros_driver2/msg/detail/custom_point__rosidl_typesupport_fastrtps_c.h
[2.671s] -- Up-to-date: /home/jetson/ws_1/install/livox_ros_driver2/include/livox_ros_driver2/msg/detail/custom_msg__rosidl_typesupport_fastrtps_c.h
[2.672s] -- Up-to-date: /home/jetson/ws_1/install/livox_ros_driver2/lib/liblivox_ros_driver2__rosidl_typesupport_fastrtps_c.so
[2.673s] -- Up-to-date: /home/jetson/ws_1/install/livox_ros_driver2/include/livox_ros_driver2
[2.674s] -- Up-to-date: /home/jetson/ws_1/install/livox_ros_driver2/include/livox_ros_driver2/msg
[2.677s] -- Up-to-date: /home/jetson/ws_1/install/livox_ros_driver2/include/livox_ros_driver2/msg/rosidl_typesupport_fastrtps_cpp__visibility_control.h
[2.678s] -- Up-to-date: /home/jetson/ws_1/install/livox_ros_driver2/include/livox_ros_driver2/msg/detail
[2.679s] -- Up-to-date: /home/jetson/ws_1/install/livox_ros_driver2/include/livox_ros_driver2/msg/detail/custom_point__rosidl_typesupport_fastrtps_cpp.hpp
[2.679s] -- Up-to-date: /home/jetson/ws_1/install/livox_ros_driver2/include/livox_ros_driver2/msg/detail/custom_msg__rosidl_typesupport_fastrtps_cpp.hpp
[2.680s] -- Up-to-date: /home/jetson/ws_1/install/livox_ros_driver2/include/livox_ros_driver2/msg/detail/dds_fastrtps
[2.682s] -- Up-to-date: /home/jetson/ws_1/install/livox_ros_driver2/lib/liblivox_ros_driver2__rosidl_typesupport_fastrtps_cpp.so
[2.683s] -- Up-to-date: /home/jetson/ws_1/install/livox_ros_driver2/include/livox_ros_driver2
[2.684s] -- Up-to-date: /home/jetson/ws_1/install/livox_ros_driver2/include/livox_ros_driver2/msg
[2.685s] -- Up-to-date: /home/jetson/ws_1/install/livox_ros_driver2/include/livox_ros_driver2/msg/rosidl_typesupport_introspection_c__visibility_control.h
[2.686s] -- Up-to-date: /home/jetson/ws_1/install/livox_ros_driver2/include/livox_ros_driver2/msg/detail
[2.686s] -- Up-to-date: /home/jetson/ws_1/install/livox_ros_driver2/include/livox_ros_driver2/msg/detail/custom_msg__rosidl_typesupport_introspection_c.h
[2.687s] -- Up-to-date: /home/jetson/ws_1/install/livox_ros_driver2/include/livox_ros_driver2/msg/detail/custom_msg__type_support.c
[2.688s] -- Up-to-date: /home/jetson/ws_1/install/livox_ros_driver2/include/livox_ros_driver2/msg/detail/custom_point__type_support.c
[2.688s] -- Up-to-date: /home/jetson/ws_1/install/livox_ros_driver2/include/livox_ros_driver2/msg/detail/custom_point__rosidl_typesupport_introspection_c.h
[2.689s] -- Up-to-date: /home/jetson/ws_1/install/livox_ros_driver2/lib/liblivox_ros_driver2__rosidl_typesupport_introspection_c.so
[2.690s] -- Up-to-date: /home/jetson/ws_1/install/livox_ros_driver2/lib/liblivox_ros_driver2__rosidl_typesupport_c.so
[2.691s] -- Up-to-date: /home/jetson/ws_1/install/livox_ros_driver2/include/livox_ros_driver2
[2.693s] -- Up-to-date: /home/jetson/ws_1/install/livox_ros_driver2/include/livox_ros_driver2/msg
[2.694s] -- Up-to-date: /home/jetson/ws_1/install/livox_ros_driver2/include/livox_ros_driver2/msg/custom_msg.hpp
[2.695s] -- Up-to-date: /home/jetson/ws_1/install/livox_ros_driver2/include/livox_ros_driver2/msg/rosidl_generator_cpp__visibility_control.hpp
[2.696s] -- Up-to-date: /home/jetson/ws_1/install/livox_ros_driver2/include/livox_ros_driver2/msg/custom_point.hpp
[2.697s] -- Up-to-date: /home/jetson/ws_1/install/livox_ros_driver2/include/livox_ros_driver2/msg/detail
[2.699s] -- Up-to-date: /home/jetson/ws_1/install/livox_ros_driver2/include/livox_ros_driver2/msg/detail/custom_msg__builder.hpp
[2.700s] -- Up-to-date: /home/jetson/ws_1/install/livox_ros_driver2/include/livox_ros_driver2/msg/detail/custom_point__struct.hpp
[2.700s] -- Up-to-date: /home/jetson/ws_1/install/livox_ros_driver2/include/livox_ros_driver2/msg/detail/custom_msg__traits.hpp
[2.701s] -- Up-to-date: /home/jetson/ws_1/install/livox_ros_driver2/include/livox_ros_driver2/msg/detail/custom_point__builder.hpp
[2.702s] -- Up-to-date: /home/jetson/ws_1/install/livox_ros_driver2/include/livox_ros_driver2/msg/detail/custom_msg__type_support.hpp
[2.702s] -- Up-to-date: /home/jetson/ws_1/install/livox_ros_driver2/include/livox_ros_driver2/msg/detail/custom_point__traits.hpp
[2.703s] -- Up-to-date: /home/jetson/ws_1/install/livox_ros_driver2/include/livox_ros_driver2/msg/detail/custom_point__type_support.hpp
[2.703s] -- Up-to-date: /home/jetson/ws_1/install/livox_ros_driver2/include/livox_ros_driver2/msg/detail/custom_msg__struct.hpp
[2.704s] -- Up-to-date: /home/jetson/ws_1/install/livox_ros_driver2/include/livox_ros_driver2
[2.704s] -- Up-to-date: /home/jetson/ws_1/install/livox_ros_driver2/include/livox_ros_driver2/msg
[2.706s] -- Up-to-date: /home/jetson/ws_1/install/livox_ros_driver2/include/livox_ros_driver2/msg/detail
[2.708s] -- Up-to-date: /home/jetson/ws_1/install/livox_ros_driver2/include/livox_ros_driver2/msg/detail/custom_msg__rosidl_typesupport_introspection_cpp.hpp
[2.712s] -- Up-to-date: /home/jetson/ws_1/install/livox_ros_driver2/include/livox_ros_driver2/msg/detail/custom_point__type_support.cpp
[2.713s] -- Up-to-date: /home/jetson/ws_1/install/livox_ros_driver2/include/livox_ros_driver2/msg/detail/custom_point__rosidl_typesupport_introspection_cpp.hpp
[2.714s] -- Up-to-date: /home/jetson/ws_1/install/livox_ros_driver2/include/livox_ros_driver2/msg/detail/custom_msg__type_support.cpp
[2.714s] -- Up-to-date: /home/jetson/ws_1/install/livox_ros_driver2/lib/liblivox_ros_driver2__rosidl_typesupport_introspection_cpp.so
[2.715s] -- Up-to-date: /home/jetson/ws_1/install/livox_ros_driver2/lib/liblivox_ros_driver2__rosidl_typesupport_cpp.so
[2.716s] -- Up-to-date: /home/jetson/ws_1/install/livox_ros_driver2/share/livox_ros_driver2/environment/pythonpath.sh
[2.717s] -- Up-to-date: /home/jetson/ws_1/install/livox_ros_driver2/share/livox_ros_driver2/environment/pythonpath.dsv
[2.718s] -- Up-to-date: /home/jetson/ws_1/install/livox_ros_driver2/lib/python3.8/site-packages/livox_ros_driver2/__init__.py
[2.957s] -- Up-to-date: /home/jetson/ws_1/install/livox_ros_driver2/lib/python3.8/site-packages/livox_ros_driver2/msg
[2.959s] -- Up-to-date: /home/jetson/ws_1/install/livox_ros_driver2/lib/python3.8/site-packages/livox_ros_driver2/msg/_custom_point_s.c
[2.959s] -- Up-to-date: /home/jetson/ws_1/install/livox_ros_driver2/lib/python3.8/site-packages/livox_ros_driver2/msg/__init__.py
[2.960s] -- Up-to-date: /home/jetson/ws_1/install/livox_ros_driver2/lib/python3.8/site-packages/livox_ros_driver2/msg/_custom_msg.py
[2.961s] -- Up-to-date: /home/jetson/ws_1/install/livox_ros_driver2/lib/python3.8/site-packages/livox_ros_driver2/msg/_custom_msg_s.c
[2.961s] -- Up-to-date: /home/jetson/ws_1/install/livox_ros_driver2/lib/python3.8/site-packages/livox_ros_driver2/msg/_custom_point.py
[2.966s] -- Up-to-date: /home/jetson/ws_1/install/livox_ros_driver2/lib/python3.8/site-packages/livox_ros_driver2/livox_ros_driver2_s__rosidl_typesupport_fastrtps_c.cpython-38-aarch64-linux-gnu.so
[2.974s] -- Up-to-date: /home/jetson/ws_1/install/livox_ros_driver2/lib/python3.8/site-packages/livox_ros_driver2/livox_ros_driver2_s__rosidl_typesupport_introspection_c.cpython-38-aarch64-linux-gnu.so
[2.981s] -- Up-to-date: /home/jetson/ws_1/install/livox_ros_driver2/lib/python3.8/site-packages/livox_ros_driver2/livox_ros_driver2_s__rosidl_typesupport_c.cpython-38-aarch64-linux-gnu.so
[2.989s] -- Up-to-date: /home/jetson/ws_1/install/livox_ros_driver2/lib/liblivox_interfaces2__python.so
[2.993s] -- Up-to-date: /home/jetson/ws_1/install/livox_ros_driver2/share/livox_ros_driver2/msg/CustomPoint.idl
[2.994s] -- Up-to-date: /home/jetson/ws_1/install/livox_ros_driver2/share/livox_ros_driver2/msg/CustomMsg.idl
[2.996s] -- Up-to-date: /home/jetson/ws_1/install/livox_ros_driver2/share/livox_ros_driver2/msg/CustomPoint.msg
[2.998s] -- Up-to-date: /home/jetson/ws_1/install/livox_ros_driver2/share/livox_ros_driver2/msg/CustomMsg.msg
[2.999s] -- Up-to-date: /home/jetson/ws_1/install/livox_ros_driver2/lib/livox_ros_driver2/livox_ros_driver2_node
[3.006s] -- Up-to-date: /home/jetson/ws_1/install/livox_ros_driver2/lib/liblivox_ros_driver2.so
[3.010s] -- Up-to-date: /home/jetson/ws_1/install/livox_ros_driver2/share/livox_ros_driver2/config
[3.011s] -- Up-to-date: /home/jetson/ws_1/install/livox_ros_driver2/share/livox_ros_driver2/config/display_point_cloud_ROS1.rviz
[3.012s] -- Up-to-date: /home/jetson/ws_1/install/livox_ros_driver2/share/livox_ros_driver2/config/display_point_cloud_ROS2.rviz
[3.013s] -- Up-to-date: /home/jetson/ws_1/install/livox_ros_driver2/share/livox_ros_driver2/config/MID360s_config.json
[3.014s] -- Up-to-date: /home/jetson/ws_1/install/livox_ros_driver2/share/livox_ros_driver2/config/MID360_config.json
[3.015s] -- Up-to-date: /home/jetson/ws_1/install/livox_ros_driver2/share/livox_ros_driver2/config/mixed_HAP_MID360_config.json
[3.015s] -- Up-to-date: /home/jetson/ws_1/install/livox_ros_driver2/share/livox_ros_driver2/config/HAP_config.json
[3.016s] -- Up-to-date: /home/jetson/ws_1/install/livox_ros_driver2/share/livox_ros_driver2/launch_ROS2
[3.017s] -- Up-to-date: /home/jetson/ws_1/install/livox_ros_driver2/share/livox_ros_driver2/launch_ROS2/msg_MID360_launch.py
[3.018s] -- Up-to-date: /home/jetson/ws_1/install/livox_ros_driver2/share/livox_ros_driver2/launch_ROS2/rviz_MID360s_launch.py
[3.019s] -- Up-to-date: /home/jetson/ws_1/install/livox_ros_driver2/share/livox_ros_driver2/launch_ROS2/rviz_mixed.py
[3.019s] -- Up-to-date: /home/jetson/ws_1/install/livox_ros_driver2/share/livox_ros_driver2/launch_ROS2/msg_HAP_launch.py
[3.020s] -- Up-to-date: /home/jetson/ws_1/install/livox_ros_driver2/share/livox_ros_driver2/launch_ROS2/rviz_MID360_launch.py
[3.021s] -- Up-to-date: /home/jetson/ws_1/install/livox_ros_driver2/share/livox_ros_driver2/launch_ROS2/rviz_HAP_launch.py
[3.022s] -- Up-to-date: /home/jetson/ws_1/install/livox_ros_driver2/share/livox_ros_driver2/launch_ROS2/msg_MID360s_launch.py
[3.022s] -- Up-to-date: /home/jetson/ws_1/install/livox_ros_driver2/share/ament_index/resource_index/package_run_dependencies/livox_ros_driver2
[3.023s] -- Up-to-date: /home/jetson/ws_1/install/livox_ros_driver2/share/ament_index/resource_index/parent_prefix_path/livox_ros_driver2
[3.023s] -- Up-to-date: /home/jetson/ws_1/install/livox_ros_driver2/share/livox_ros_driver2/environment/ament_prefix_path.sh
[3.024s] -- Up-to-date: /home/jetson/ws_1/install/livox_ros_driver2/share/livox_ros_driver2/environment/ament_prefix_path.dsv
[3.025s] -- Up-to-date: /home/jetson/ws_1/install/livox_ros_driver2/share/livox_ros_driver2/environment/path.sh
[3.026s] -- Up-to-date: /home/jetson/ws_1/install/livox_ros_driver2/share/livox_ros_driver2/environment/path.dsv
[3.026s] -- Up-to-date: /home/jetson/ws_1/install/livox_ros_driver2/share/livox_ros_driver2/local_setup.bash
[3.027s] -- Up-to-date: /home/jetson/ws_1/install/livox_ros_driver2/share/livox_ros_driver2/local_setup.sh
[3.027s] -- Up-to-date: /home/jetson/ws_1/install/livox_ros_driver2/share/livox_ros_driver2/local_setup.zsh
[3.028s] -- Up-to-date: /home/jetson/ws_1/install/livox_ros_driver2/share/livox_ros_driver2/local_setup.dsv
[3.029s] -- Installing: /home/jetson/ws_1/install/livox_ros_driver2/share/livox_ros_driver2/package.dsv
[3.030s] -- Up-to-date: /home/jetson/ws_1/install/livox_ros_driver2/share/ament_index/resource_index/packages/livox_ros_driver2
[3.030s] -- Up-to-date: /home/jetson/ws_1/install/livox_ros_driver2/share/livox_ros_driver2/cmake/livox_interfaces2__rosidl_generator_cExport.cmake
[3.031s] -- Up-to-date: /home/jetson/ws_1/install/livox_ros_driver2/share/livox_ros_driver2/cmake/livox_interfaces2__rosidl_generator_cExport-noconfig.cmake
[3.032s] -- Up-to-date: /home/jetson/ws_1/install/livox_ros_driver2/share/livox_ros_driver2/cmake/livox_interfaces2__rosidl_typesupport_introspection_cExport.cmake
[3.032s] -- Up-to-date: /home/jetson/ws_1/install/livox_ros_driver2/share/livox_ros_driver2/cmake/livox_interfaces2__rosidl_typesupport_introspection_cExport-noconfig.cmake
[3.033s] -- Up-to-date: /home/jetson/ws_1/install/livox_ros_driver2/share/livox_ros_driver2/cmake/livox_interfaces2__rosidl_typesupport_cExport.cmake
[3.034s] -- Up-to-date: /home/jetson/ws_1/install/livox_ros_driver2/share/livox_ros_driver2/cmake/livox_interfaces2__rosidl_typesupport_cExport-noconfig.cmake
[3.034s] -- Up-to-date: /home/jetson/ws_1/install/livox_ros_driver2/share/livox_ros_driver2/cmake/livox_interfaces2__rosidl_generator_cppExport.cmake
[3.035s] -- Up-to-date: /home/jetson/ws_1/install/livox_ros_driver2/share/livox_ros_driver2/cmake/livox_interfaces2__rosidl_typesupport_introspection_cppExport.cmake
[3.036s] -- Up-to-date: /home/jetson/ws_1/install/livox_ros_driver2/share/livox_ros_driver2/cmake/livox_interfaces2__rosidl_typesupport_introspection_cppExport-noconfig.cmake
[3.037s] -- Up-to-date: /home/jetson/ws_1/install/livox_ros_driver2/share/livox_ros_driver2/cmake/livox_interfaces2__rosidl_typesupport_cppExport.cmake
[3.037s] -- Up-to-date: /home/jetson/ws_1/install/livox_ros_driver2/share/livox_ros_driver2/cmake/livox_interfaces2__rosidl_typesupport_cppExport-noconfig.cmake
[3.038s] -- Up-to-date: /home/jetson/ws_1/install/livox_ros_driver2/share/ament_index/resource_index/rclcpp_components/livox_ros_driver2
[3.039s] -- Up-to-date: /home/jetson/ws_1/install/livox_ros_driver2/share/livox_ros_driver2/cmake/rosidl_cmake-extras.cmake
[3.040s] -- Up-to-date: /home/jetson/ws_1/install/livox_ros_driver2/share/livox_ros_driver2/cmake/ament_cmake_export_dependencies-extras.cmake
[3.041s] -- Up-to-date: /home/jetson/ws_1/install/livox_ros_driver2/share/livox_ros_driver2/cmake/ament_cmake_export_libraries-extras.cmake
[3.042s] -- Up-to-date: /home/jetson/ws_1/install/livox_ros_driver2/share/livox_ros_driver2/cmake/ament_cmake_export_targets-extras.cmake
[3.042s] -- Up-to-date: /home/jetson/ws_1/install/livox_ros_driver2/share/livox_ros_driver2/cmake/ament_cmake_export_include_directories-extras.cmake
[3.043s] -- Up-to-date: /home/jetson/ws_1/install/livox_ros_driver2/share/livox_ros_driver2/cmake/rosidl_cmake_export_typesupport_libraries-extras.cmake
[3.044s] -- Up-to-date: /home/jetson/ws_1/install/livox_ros_driver2/share/livox_ros_driver2/cmake/rosidl_cmake_export_typesupport_targets-extras.cmake
[3.044s] -- Up-to-date: /home/jetson/ws_1/install/livox_ros_driver2/share/livox_ros_driver2/cmake/livox_ros_driver2Config.cmake
[3.045s] -- Up-to-date: /home/jetson/ws_1/install/livox_ros_driver2/share/livox_ros_driver2/cmake/livox_ros_driver2Config-version.cmake
[3.046s] -- Up-to-date: /home/jetson/ws_1/install/livox_ros_driver2/share/livox_ros_driver2/package.xml
[3.068s] Invoked command in '/home/jetson/ws_1/build/livox_ros_driver2' returned '0': CMAKE_PREFIX_PATH=${CMAKE_PREFIX_PATH}:/home/jetson/ws_1/install/lidar_avoidance:/opt/ros/foxy /usr/bin/cmake --install /home/jetson/ws_1/build/livox_ros_driver2
