[3.458s] DEBUG:colcon:Command line arguments: ['/usr/bin/colcon', 'build', '--packages-select', 'lidar_avoidance', '--symlink-install']
[3.458s] DEBUG:colcon:Parsed command line arguments: Namespace(allow_overriding=[], ament_cmake_args=None, base_paths=['.'], build_base='build', catkin_cmake_args=None, catkin_skip_building_tests=False, cmake_args=None, cmake_clean_cache=False, cmake_clean_first=False, cmake_force_configure=False, cmake_target=None, cmake_target_skip_unavailable=False, continue_on_error=False, event_handlers=None, executor='parallel', ignore_user_meta=False, install_base='install', log_base=None, log_level=None, main=<bound method BuildVerb.main of <colcon_core.verb.build.BuildVerb object at 0xffffaef59cd0>>, merge_install=False, metas=['./colcon.meta'], mixin=None, mixin_files=None, mixin_verb=('build',), packages_above=None, packages_above_and_dependencies=None, packages_above_depth=None, packages_end=None, packages_ignore=None, packages_ignore_regex=None, packages_select=['lidar_avoidance'], packages_select_build_failed=False, packages_select_by_dep=None, packages_select_regex=None, packages_select_test_failures=False, packages_skip=None, packages_skip_build_finished=False, packages_skip_by_dep=None, packages_skip_regex=None, packages_skip_test_passed=False, packages_skip_up_to=None, packages_start=None, packages_up_to=None, packages_up_to_regex=None, parallel_workers=6, paths=None, symlink_install=True, test_result_base=None, verb_extension=<colcon_core.verb.build.BuildVerb object at 0xffffaef59cd0>, verb_name='build', verb_parser=<colcon_mixin.mixin.mixin_argument.MixinArgumentDecorator object at 0xffffaeeadc70>)
[6.328s] Level 1:colcon.colcon_core.package_discovery:discover_packages(colcon_meta) check parameters
[6.329s] Level 1:colcon.colcon_core.package_discovery:discover_packages(recursive) check parameters
[6.330s] Level 1:colcon.colcon_core.package_discovery:discover_packages(ignore) check parameters
[6.330s] Level 1:colcon.colcon_core.package_discovery:discover_packages(path) check parameters
[6.330s] Level 1:colcon.colcon_core.package_discovery:discover_packages(colcon_meta) discover
[6.331s] Level 1:colcon.colcon_core.package_discovery:discover_packages(recursive) discover
[6.331s] INFO:colcon.colcon_core.package_discovery:Crawling recursively for packages in '/home/jetson/ws_1'
[6.332s] Level 1:colcon.colcon_core.package_identification:_identify(.) by extensions ['ignore', 'ignore_ament_install']
[6.332s] Level 1:colcon.colcon_core.package_identification:_identify(.) by extension 'ignore'
[6.333s] Level 1:colcon.colcon_core.package_identification:_identify(.) by extension 'ignore_ament_install'
[6.333s] Level 1:colcon.colcon_core.package_identification:_identify(.) by extensions ['colcon_pkg']
[6.333s] Level 1:colcon.colcon_core.package_identification:_identify(.) by extension 'colcon_pkg'
[6.334s] Level 1:colcon.colcon_core.package_identification:_identify(.) by extensions ['colcon_meta']
[6.334s] Level 1:colcon.colcon_core.package_identification:_identify(.) by extension 'colcon_meta'
[6.334s] Level 1:colcon.colcon_core.package_identification:_identify(.) by extensions ['ros']
[6.334s] Level 1:colcon.colcon_core.package_identification:_identify(.) by extension 'ros'
[6.687s] Level 1:colcon.colcon_core.package_identification:_identify(.) by extensions ['cmake', 'python']
[6.687s] Level 1:colcon.colcon_core.package_identification:_identify(.) by extension 'cmake'
[6.688s] Level 1:colcon.colcon_core.package_identification:_identify(.) by extension 'python'
[6.688s] Level 1:colcon.colcon_core.package_identification:_identify(.) by extensions ['python_setup_py']
[6.688s] Level 1:colcon.colcon_core.package_identification:_identify(.) by extension 'python_setup_py'
[6.689s] Level 1:colcon.colcon_core.package_identification:_identify(build) by extensions ['ignore', 'ignore_ament_install']
[6.690s] Level 1:colcon.colcon_core.package_identification:_identify(build) by extension 'ignore'
[6.690s] Level 1:colcon.colcon_core.package_identification:_identify(build) ignored
[6.691s] Level 1:colcon.colcon_core.package_identification:_identify(install) by extensions ['ignore', 'ignore_ament_install']
[6.691s] Level 1:colcon.colcon_core.package_identification:_identify(install) by extension 'ignore'
[6.691s] Level 1:colcon.colcon_core.package_identification:_identify(install) ignored
[6.693s] Level 1:colcon.colcon_core.package_identification:_identify(log) by extensions ['ignore', 'ignore_ament_install']
[6.693s] Level 1:colcon.colcon_core.package_identification:_identify(log) by extension 'ignore'
[6.694s] Level 1:colcon.colcon_core.package_identification:_identify(log) ignored
[6.694s] Level 1:colcon.colcon_core.package_identification:_identify(src) by extensions ['ignore', 'ignore_ament_install']
[6.695s] Level 1:colcon.colcon_core.package_identification:_identify(src) by extension 'ignore'
[6.695s] Level 1:colcon.colcon_core.package_identification:_identify(src) by extension 'ignore_ament_install'
[6.695s] Level 1:colcon.colcon_core.package_identification:_identify(src) by extensions ['colcon_pkg']
[6.696s] Level 1:colcon.colcon_core.package_identification:_identify(src) by extension 'colcon_pkg'
[6.696s] Level 1:colcon.colcon_core.package_identification:_identify(src) by extensions ['colcon_meta']
[6.696s] Level 1:colcon.colcon_core.package_identification:_identify(src) by extension 'colcon_meta'
[6.697s] Level 1:colcon.colcon_core.package_identification:_identify(src) by extensions ['ros']
[6.697s] Level 1:colcon.colcon_core.package_identification:_identify(src) by extension 'ros'
[6.698s] Level 1:colcon.colcon_core.package_identification:_identify(src) by extensions ['cmake', 'python']
[6.698s] Level 1:colcon.colcon_core.package_identification:_identify(src) by extension 'cmake'
[6.698s] Level 1:colcon.colcon_core.package_identification:_identify(src) by extension 'python'
[6.698s] Level 1:colcon.colcon_core.package_identification:_identify(src) by extensions ['python_setup_py']
[6.699s] Level 1:colcon.colcon_core.package_identification:_identify(src) by extension 'python_setup_py'
[6.699s] Level 1:colcon.colcon_core.package_identification:_identify(src/lidar_avoidance) by extensions ['ignore', 'ignore_ament_install']
[6.700s] Level 1:colcon.colcon_core.package_identification:_identify(src/lidar_avoidance) by extension 'ignore'
[6.700s] Level 1:colcon.colcon_core.package_identification:_identify(src/lidar_avoidance) by extension 'ignore_ament_install'
[6.701s] Level 1:colcon.colcon_core.package_identification:_identify(src/lidar_avoidance) by extensions ['colcon_pkg']
[6.701s] Level 1:colcon.colcon_core.package_identification:_identify(src/lidar_avoidance) by extension 'colcon_pkg'
[6.701s] Level 1:colcon.colcon_core.package_identification:_identify(src/lidar_avoidance) by extensions ['colcon_meta']
[6.702s] Level 1:colcon.colcon_core.package_identification:_identify(src/lidar_avoidance) by extension 'colcon_meta'
[6.702s] Level 1:colcon.colcon_core.package_identification:_identify(src/lidar_avoidance) by extensions ['ros']
[6.702s] Level 1:colcon.colcon_core.package_identification:_identify(src/lidar_avoidance) by extension 'ros'
[6.856s] DEBUG:colcon.colcon_core.package_identification:Package 'src/lidar_avoidance' with type 'ros.ament_python' and name 'lidar_avoidance'
[6.858s] Level 1:colcon.colcon_core.package_identification:_identify(src/livox_ros_driver2) by extensions ['ignore', 'ignore_ament_install']
[6.858s] Level 1:colcon.colcon_core.package_identification:_identify(src/livox_ros_driver2) by extension 'ignore'
[6.859s] Level 1:colcon.colcon_core.package_identification:_identify(src/livox_ros_driver2) by extension 'ignore_ament_install'
[6.859s] Level 1:colcon.colcon_core.package_identification:_identify(src/livox_ros_driver2) by extensions ['colcon_pkg']
[6.859s] Level 1:colcon.colcon_core.package_identification:_identify(src/livox_ros_driver2) by extension 'colcon_pkg'
[6.860s] Level 1:colcon.colcon_core.package_identification:_identify(src/livox_ros_driver2) by extensions ['colcon_meta']
[6.860s] Level 1:colcon.colcon_core.package_identification:_identify(src/livox_ros_driver2) by extension 'colcon_meta'
[6.860s] Level 1:colcon.colcon_core.package_identification:_identify(src/livox_ros_driver2) by extensions ['ros']
[6.860s] Level 1:colcon.colcon_core.package_identification:_identify(src/livox_ros_driver2) by extension 'ros'
[6.868s] DEBUG:colcon.colcon_core.package_identification:Package 'src/livox_ros_driver2' with type 'ros.ament_cmake' and name 'livox_ros_driver2'
[6.869s] Level 1:colcon.colcon_core.package_identification:_identify(src/train_bringup) by extensions ['ignore', 'ignore_ament_install']
[6.870s] Level 1:colcon.colcon_core.package_identification:_identify(src/train_bringup) by extension 'ignore'
[6.870s] Level 1:colcon.colcon_core.package_identification:_identify(src/train_bringup) by extension 'ignore_ament_install'
[6.871s] Level 1:colcon.colcon_core.package_identification:_identify(src/train_bringup) by extensions ['colcon_pkg']
[6.871s] Level 1:colcon.colcon_core.package_identification:_identify(src/train_bringup) by extension 'colcon_pkg'
[6.871s] Level 1:colcon.colcon_core.package_identification:_identify(src/train_bringup) by extensions ['colcon_meta']
[6.871s] Level 1:colcon.colcon_core.package_identification:_identify(src/train_bringup) by extension 'colcon_meta'
[6.872s] Level 1:colcon.colcon_core.package_identification:_identify(src/train_bringup) by extensions ['ros']
[6.872s] Level 1:colcon.colcon_core.package_identification:_identify(src/train_bringup) by extension 'ros'
[6.876s] DEBUG:colcon.colcon_core.package_identification:Package 'src/train_bringup' with type 'ros.ament_python' and name 'train_bringup'
[6.876s] Level 1:colcon.colcon_core.package_identification:_identify(src/train_control) by extensions ['ignore', 'ignore_ament_install']
[6.877s] Level 1:colcon.colcon_core.package_identification:_identify(src/train_control) by extension 'ignore'
[6.877s] Level 1:colcon.colcon_core.package_identification:_identify(src/train_control) by extension 'ignore_ament_install'
[6.878s] Level 1:colcon.colcon_core.package_identification:_identify(src/train_control) by extensions ['colcon_pkg']
[6.878s] Level 1:colcon.colcon_core.package_identification:_identify(src/train_control) by extension 'colcon_pkg'
[6.878s] Level 1:colcon.colcon_core.package_identification:_identify(src/train_control) by extensions ['colcon_meta']
[6.879s] Level 1:colcon.colcon_core.package_identification:_identify(src/train_control) by extension 'colcon_meta'
[6.879s] Level 1:colcon.colcon_core.package_identification:_identify(src/train_control) by extensions ['ros']
[6.879s] Level 1:colcon.colcon_core.package_identification:_identify(src/train_control) by extension 'ros'
[6.884s] DEBUG:colcon.colcon_core.package_identification:Package 'src/train_control' with type 'ros.ament_python' and name 'train_control'
[6.884s] Level 1:colcon.colcon_core.package_identification:_identify(src/train_vision) by extensions ['ignore', 'ignore_ament_install']
[6.885s] Level 1:colcon.colcon_core.package_identification:_identify(src/train_vision) by extension 'ignore'
[6.885s] Level 1:colcon.colcon_core.package_identification:_identify(src/train_vision) by extension 'ignore_ament_install'
[6.886s] Level 1:colcon.colcon_core.package_identification:_identify(src/train_vision) by extensions ['colcon_pkg']
[6.886s] Level 1:colcon.colcon_core.package_identification:_identify(src/train_vision) by extension 'colcon_pkg'
[6.886s] Level 1:colcon.colcon_core.package_identification:_identify(src/train_vision) by extensions ['colcon_meta']
[6.887s] Level 1:colcon.colcon_core.package_identification:_identify(src/train_vision) by extension 'colcon_meta'
[6.887s] Level 1:colcon.colcon_core.package_identification:_identify(src/train_vision) by extensions ['ros']
[6.887s] Level 1:colcon.colcon_core.package_identification:_identify(src/train_vision) by extension 'ros'
[6.892s] DEBUG:colcon.colcon_core.package_identification:Package 'src/train_vision' with type 'ros.ament_python' and name 'train_vision'
[6.892s] Level 1:colcon.colcon_core.package_discovery:discover_packages(recursive) using defaults
[6.893s] Level 1:colcon.colcon_core.package_discovery:discover_packages(ignore) discover
[6.893s] Level 1:colcon.colcon_core.package_discovery:discover_packages(ignore) using defaults
[6.893s] Level 1:colcon.colcon_core.package_discovery:discover_packages(path) discover
[6.893s] Level 1:colcon.colcon_core.package_discovery:discover_packages(path) using defaults
[7.602s] INFO:colcon.colcon_core.package_selection:Skipping not selected package 'livox_ros_driver2' in 'src/livox_ros_driver2'
[7.603s] INFO:colcon.colcon_core.package_selection:Skipping not selected package 'train_bringup' in 'src/train_bringup'
[7.603s] INFO:colcon.colcon_core.package_selection:Skipping not selected package 'train_control' in 'src/train_control'
[7.603s] INFO:colcon.colcon_core.package_selection:Skipping not selected package 'train_vision' in 'src/train_vision'
[7.606s] Level 1:colcon.colcon_core.package_discovery:discover_packages(prefix_path) check parameters
[7.607s] Level 1:colcon.colcon_core.package_discovery:discover_packages(prefix_path) discover
[7.624s] DEBUG:colcon.colcon_installed_package_information.package_discovery:Found 5 installed packages in /home/jetson/ws_1/install
[7.638s] DEBUG:colcon.colcon_installed_package_information.package_discovery:Found 258 installed packages in /opt/ros/foxy
[7.648s] Level 1:colcon.colcon_core.package_discovery:discover_packages(prefix_path) using defaults
[8.479s] Level 5:colcon.colcon_core.verb:set package 'lidar_avoidance' build argument 'cmake_args' from command line to 'None'
[8.479s] Level 5:colcon.colcon_core.verb:set package 'lidar_avoidance' build argument 'cmake_target' from command line to 'None'
[8.479s] Level 5:colcon.colcon_core.verb:set package 'lidar_avoidance' build argument 'cmake_target_skip_unavailable' from command line to 'False'
[8.479s] Level 5:colcon.colcon_core.verb:set package 'lidar_avoidance' build argument 'cmake_clean_cache' from command line to 'False'
[8.480s] Level 5:colcon.colcon_core.verb:set package 'lidar_avoidance' build argument 'cmake_clean_first' from command line to 'False'
[8.480s] Level 5:colcon.colcon_core.verb:set package 'lidar_avoidance' build argument 'cmake_force_configure' from command line to 'False'
[8.480s] Level 5:colcon.colcon_core.verb:set package 'lidar_avoidance' build argument 'ament_cmake_args' from command line to 'None'
[8.480s] Level 5:colcon.colcon_core.verb:set package 'lidar_avoidance' build argument 'catkin_cmake_args' from command line to 'None'
[8.481s] Level 5:colcon.colcon_core.verb:set package 'lidar_avoidance' build argument 'catkin_skip_building_tests' from command line to 'False'
[8.481s] DEBUG:colcon.colcon_core.verb:Building package 'lidar_avoidance' with the following arguments: {'ament_cmake_args': None, 'build_base': '/home/jetson/ws_1/build/lidar_avoidance', 'catkin_cmake_args': None, 'catkin_skip_building_tests': False, 'cmake_args': None, 'cmake_clean_cache': False, 'cmake_clean_first': False, 'cmake_force_configure': False, 'cmake_target': None, 'cmake_target_skip_unavailable': False, 'install_base': '/home/jetson/ws_1/install/lidar_avoidance', 'merge_install': False, 'path': '/home/jetson/ws_1/src/lidar_avoidance', 'symlink_install': True, 'test_result_base': None}
[8.482s] INFO:colcon.colcon_core.executor:Executing jobs using 'parallel' executor
[8.487s] DEBUG:colcon.colcon_parallel_executor.executor.parallel:run_until_complete
[8.488s] INFO:colcon.colcon_ros.task.ament_python.build:Building ROS package in '/home/jetson/ws_1/src/lidar_avoidance' with build type 'ament_python'
[8.490s] Level 1:colcon.colcon_core.shell:create_environment_hook('lidar_avoidance', 'ament_prefix_path')
[8.653s] INFO:colcon.colcon_core.plugin_system:Skipping extension 'colcon_core.shell.bat': Not used on non-Windows systems
[8.654s] INFO:colcon.colcon_core.shell:Creating environment hook '/home/jetson/ws_1/install/lidar_avoidance/share/lidar_avoidance/hook/ament_prefix_path.ps1'
[8.658s] INFO:colcon.colcon_core.shell:Creating environment descriptor '/home/jetson/ws_1/install/lidar_avoidance/share/lidar_avoidance/hook/ament_prefix_path.dsv'
[8.662s] INFO:colcon.colcon_core.shell:Creating environment hook '/home/jetson/ws_1/install/lidar_avoidance/share/lidar_avoidance/hook/ament_prefix_path.sh'
[8.667s] INFO:colcon.colcon_core.shell:Skip shell extension 'powershell' for command environment: Not usable outside of PowerShell
[8.667s] DEBUG:colcon.colcon_core.shell:Skip shell extension 'dsv' for command environment
[10.969s] INFO:colcon.colcon_core.task.python.build:Building Python package in '/home/jetson/ws_1/src/lidar_avoidance'
[10.983s] INFO:colcon.colcon_core.shell:Skip shell extension 'powershell' for command environment: Not usable outside of PowerShell
[10.984s] DEBUG:colcon.colcon_core.shell:Skip shell extension 'dsv' for command environment
[15.272s] DEBUG:colcon.colcon_core.event_handler.log_command:Invoking command in '/home/jetson/ws_1/build/lidar_avoidance': LD_LIBRARY_PATH=/home/jetson/ws_1/install/livox_ros_driver2/lib:/usr/local/cuda-11.4/lib64:/opt/ros/foxy/opt/yaml_cpp_vendor/lib:/opt/ros/foxy/opt/rviz_ogre_vendor/lib:/opt/ros/foxy/lib/aarch64-linux-gnu:/opt/ros/foxy/lib:/usr/local/cuda-11.4/lib64 PYTHONPATH=/home/jetson/ws_1/build/lidar_avoidance/prefix_override:/usr/lib/python3/dist-packages/colcon_core/task/python/colcon_distutils_commands:/home/jetson/ws_1/install/lidar_avoidance/lib/python3.8/site-packages:/home/jetson/ws_1/install/livox_ros_driver2/lib/python3.8/site-packages:/home/jetson/ws_1/build/train_control:/home/jetson/ws_1/build/train_bringup:/home/jetson/ws_1/install/train_bringup/lib/python3.8/site-packages:/home/jetson/ws_1/build/lidar_avoidance:/home/jetson/ws_1/build/train_vision:/home/jetson/ws_1/install/train_vision/lib/python3.8/site-packages:/home/jetson/ws_1/install/train_control/lib/python3.8/site-packages:/home/jetson/ws_1/install/lidar_avoidance/lib/python3.8/site-packages:/opt/ros/foxy/lib/python3.8/site-packages /usr/bin/python3 -W ignore:setup.py install is deprecated -W ignore:easy_install command is deprecated setup.py develop --editable --build-directory /home/jetson/ws_1/build/lidar_avoidance/build --no-deps symlink_data
[19.322s] Level 1:colcon.colcon_core.shell:create_environment_hook('lidar_avoidance', 'pythonpath_develop')
[19.451s] INFO:colcon.colcon_core.shell:Creating environment hook '/home/jetson/ws_1/build/lidar_avoidance/share/lidar_avoidance/hook/pythonpath_develop.ps1'
[19.455s] DEBUG:colcon.colcon_core.event_handler.log_command:Invoked command in '/home/jetson/ws_1/build/lidar_avoidance' returned '0': LD_LIBRARY_PATH=/home/jetson/ws_1/install/livox_ros_driver2/lib:/usr/local/cuda-11.4/lib64:/opt/ros/foxy/opt/yaml_cpp_vendor/lib:/opt/ros/foxy/opt/rviz_ogre_vendor/lib:/opt/ros/foxy/lib/aarch64-linux-gnu:/opt/ros/foxy/lib:/usr/local/cuda-11.4/lib64 PYTHONPATH=/home/jetson/ws_1/build/lidar_avoidance/prefix_override:/usr/lib/python3/dist-packages/colcon_core/task/python/colcon_distutils_commands:/home/jetson/ws_1/install/lidar_avoidance/lib/python3.8/site-packages:/home/jetson/ws_1/install/livox_ros_driver2/lib/python3.8/site-packages:/home/jetson/ws_1/build/train_control:/home/jetson/ws_1/build/train_bringup:/home/jetson/ws_1/install/train_bringup/lib/python3.8/site-packages:/home/jetson/ws_1/build/lidar_avoidance:/home/jetson/ws_1/build/train_vision:/home/jetson/ws_1/install/train_vision/lib/python3.8/site-packages:/home/jetson/ws_1/install/train_control/lib/python3.8/site-packages:/home/jetson/ws_1/install/lidar_avoidance/lib/python3.8/site-packages:/opt/ros/foxy/lib/python3.8/site-packages /usr/bin/python3 -W ignore:setup.py install is deprecated -W ignore:easy_install command is deprecated setup.py develop --editable --build-directory /home/jetson/ws_1/build/lidar_avoidance/build --no-deps symlink_data
[19.461s] INFO:colcon.colcon_core.shell:Creating environment descriptor '/home/jetson/ws_1/build/lidar_avoidance/share/lidar_avoidance/hook/pythonpath_develop.dsv'
[19.463s] INFO:colcon.colcon_core.shell:Creating environment hook '/home/jetson/ws_1/build/lidar_avoidance/share/lidar_avoidance/hook/pythonpath_develop.sh'
[19.529s] Level 1:colcon.colcon_core.environment:checking '/home/jetson/ws_1/install/lidar_avoidance' for CMake module files
[19.533s] Level 1:colcon.colcon_core.environment:checking '/home/jetson/ws_1/install/lidar_avoidance' for CMake config files
[19.541s] Level 1:colcon.colcon_core.environment:checking '/home/jetson/ws_1/install/lidar_avoidance/lib'
[19.542s] Level 1:colcon.colcon_core.environment:checking '/home/jetson/ws_1/install/lidar_avoidance/bin'
[19.542s] Level 1:colcon.colcon_core.environment:checking '/home/jetson/ws_1/install/lidar_avoidance/lib/pkgconfig/lidar_avoidance.pc'
[19.544s] Level 1:colcon.colcon_core.environment:checking '/home/jetson/ws_1/install/lidar_avoidance/lib/python3.8/site-packages'
[19.545s] Level 1:colcon.colcon_core.shell:create_environment_hook('lidar_avoidance', 'pythonpath')
[19.546s] INFO:colcon.colcon_core.shell:Creating environment hook '/home/jetson/ws_1/install/lidar_avoidance/share/lidar_avoidance/hook/pythonpath.ps1'
[19.549s] INFO:colcon.colcon_core.shell:Creating environment descriptor '/home/jetson/ws_1/install/lidar_avoidance/share/lidar_avoidance/hook/pythonpath.dsv'
[19.558s] INFO:colcon.colcon_core.shell:Creating environment hook '/home/jetson/ws_1/install/lidar_avoidance/share/lidar_avoidance/hook/pythonpath.sh'
[19.563s] Level 1:colcon.colcon_core.environment:checking '/home/jetson/ws_1/install/lidar_avoidance/bin'
[19.563s] Level 1:colcon.colcon_core.environment:create_environment_scripts_only(lidar_avoidance)
[19.565s] INFO:colcon.colcon_core.shell:Creating package script '/home/jetson/ws_1/install/lidar_avoidance/share/lidar_avoidance/package.ps1'
[19.573s] INFO:colcon.colcon_core.shell:Creating package descriptor '/home/jetson/ws_1/install/lidar_avoidance/share/lidar_avoidance/package.dsv'
[19.577s] INFO:colcon.colcon_core.shell:Creating package script '/home/jetson/ws_1/install/lidar_avoidance/share/lidar_avoidance/package.sh'
[19.582s] INFO:colcon.colcon_core.shell:Creating package script '/home/jetson/ws_1/install/lidar_avoidance/share/lidar_avoidance/package.bash'
[19.587s] INFO:colcon.colcon_core.shell:Creating package script '/home/jetson/ws_1/install/lidar_avoidance/share/lidar_avoidance/package.zsh'
[19.590s] Level 1:colcon.colcon_core.environment:create_file_with_runtime_dependencies(/home/jetson/ws_1/install/lidar_avoidance/share/colcon-core/packages/lidar_avoidance)
[19.594s] DEBUG:colcon.colcon_parallel_executor.executor.parallel:closing loop
[19.597s] DEBUG:colcon.colcon_parallel_executor.executor.parallel:loop closed
[19.598s] DEBUG:colcon.colcon_parallel_executor.executor.parallel:run_until_complete finished with '0'
[19.598s] DEBUG:colcon.colcon_core.event_reactor:joining thread
[19.601s] DEBUG:colcon.colcon_core.event_reactor:joined thread
[19.603s] INFO:colcon.colcon_core.shell:Creating prefix script '/home/jetson/ws_1/install/local_setup.ps1'
[19.608s] INFO:colcon.colcon_core.shell:Creating prefix util module '/home/jetson/ws_1/install/_local_setup_util_ps1.py'
[19.615s] INFO:colcon.colcon_core.shell:Creating prefix chain script '/home/jetson/ws_1/install/setup.ps1'
[19.623s] INFO:colcon.colcon_core.shell:Creating prefix script '/home/jetson/ws_1/install/local_setup.sh'
[19.626s] INFO:colcon.colcon_core.shell:Creating prefix util module '/home/jetson/ws_1/install/_local_setup_util_sh.py'
[19.630s] INFO:colcon.colcon_core.shell:Creating prefix chain script '/home/jetson/ws_1/install/setup.sh'
[19.638s] INFO:colcon.colcon_core.shell:Creating prefix script '/home/jetson/ws_1/install/local_setup.bash'
[19.640s] INFO:colcon.colcon_core.shell:Creating prefix chain script '/home/jetson/ws_1/install/setup.bash'
[19.648s] INFO:colcon.colcon_core.shell:Creating prefix script '/home/jetson/ws_1/install/local_setup.zsh'
[19.652s] INFO:colcon.colcon_core.shell:Creating prefix chain script '/home/jetson/ws_1/install/setup.zsh'
