[6.542s] Invoking command in '/home/jetson/ws_1/src/train_vision': PYTHONPATH=/home/jetson/ws_1/build/train_vision/prefix_override:/usr/lib/python3/dist-packages/colcon_core/task/python/colcon_distutils_commands:/home/jetson/ws_1/install/train_vision/lib/python3.8/site-packages:${PYTHONPATH} /usr/bin/python3 -W ignore:setup.py install is deprecated -W ignore:easy_install command is deprecated setup.py egg_info --egg-base ../../build/train_vision build --build-base /home/jetson/ws_1/build/train_vision/build install --record /home/jetson/ws_1/build/train_vision/install.log --install-scripts $base/lib/train_vision --single-version-externally-managed install_data
[8.249s] running egg_info
[8.251s] writing ../../build/train_vision/train_vision.egg-info/PKG-INFO
[8.253s] writing dependency_links to ../../build/train_vision/train_vision.egg-info/dependency_links.txt
[8.256s] writing entry points to ../../build/train_vision/train_vision.egg-info/entry_points.txt
[8.258s] writing requirements to ../../build/train_vision/train_vision.egg-info/requires.txt
[8.259s] writing top-level names to ../../build/train_vision/train_vision.egg-info/top_level.txt
[8.599s] reading manifest file '../../build/train_vision/train_vision.egg-info/SOURCES.txt'
[8.604s] writing manifest file '../../build/train_vision/train_vision.egg-info/SOURCES.txt'
[8.605s] running build
[8.606s] running build_py
[8.607s] copying train_vision/pose_node.py -> /home/jetson/ws_1/build/train_vision/build/lib/train_vision
[8.612s] running install
[8.618s] running install_lib
[8.625s] copying /home/jetson/ws_1/build/train_vision/build/lib/train_vision/pose_node.py -> /home/jetson/ws_1/install/train_vision/lib/python3.8/site-packages/train_vision
[8.630s] byte-compiling /home/jetson/ws_1/install/train_vision/lib/python3.8/site-packages/train_vision/pose_node.py to pose_node.cpython-38.pyc
[8.640s] running install_data
[8.642s] running install_egg_info
[8.651s] removing '/home/jetson/ws_1/install/train_vision/lib/python3.8/site-packages/train_vision-0.0.0-py3.8.egg-info' (and everything under it)
[8.655s] Copying ../../build/train_vision/train_vision.egg-info to /home/jetson/ws_1/install/train_vision/lib/python3.8/site-packages/train_vision-0.0.0-py3.8.egg-info
[8.663s] running install_scripts
[8.765s] Installing camera script to /home/jetson/ws_1/install/train_vision/lib/train_vision
[8.766s] Installing pose script to /home/jetson/ws_1/install/train_vision/lib/train_vision
[8.770s] writing list of installed files to '/home/jetson/ws_1/build/train_vision/install.log'
[8.890s] Invoked command in '/home/jetson/ws_1/src/train_vision' returned '0': PYTHONPATH=/home/jetson/ws_1/build/train_vision/prefix_override:/usr/lib/python3/dist-packages/colcon_core/task/python/colcon_distutils_commands:/home/jetson/ws_1/install/train_vision/lib/python3.8/site-packages:${PYTHONPATH} /usr/bin/python3 -W ignore:setup.py install is deprecated -W ignore:easy_install command is deprecated setup.py egg_info --egg-base ../../build/train_vision build --build-base /home/jetson/ws_1/build/train_vision/build install --record /home/jetson/ws_1/build/train_vision/install.log --install-scripts $base/lib/train_vision --single-version-externally-managed install_data
