[1.226s] DEBUG:colcon:Command line arguments: ['/usr/bin/colcon', 'build']
[1.227s] DEBUG:colcon:Parsed command line arguments: Namespace(allow_overriding=[], ament_cmake_args=None, base_paths=['.'], build_base='build', catkin_cmake_args=None, catkin_skip_building_tests=False, cmake_args=None, cmake_clean_cache=False, cmake_clean_first=False, cmake_force_configure=False, cmake_target=None, cmake_target_skip_unavailable=False, continue_on_error=False, event_handlers=None, executor='parallel', ignore_user_meta=False, install_base='install', log_base=None, log_level=None, main=<bound method BuildVerb.main of <colcon_core.verb.build.BuildVerb object at 0xffff9c1a1af0>>, merge_install=False, metas=['./colcon.meta'], mixin=None, mixin_files=None, mixin_verb=('build',), packages_above=None, packages_above_and_dependencies=None, packages_above_depth=None, packages_end=None, packages_ignore=None, packages_ignore_regex=None, packages_select=None, packages_select_build_failed=False, packages_select_by_dep=None, packages_select_regex=None, packages_select_test_failures=False, packages_skip=None, packages_skip_build_finished=False, packages_skip_by_dep=None, packages_skip_regex=None, packages_skip_test_passed=False, packages_skip_up_to=None, packages_start=None, packages_up_to=None, packages_up_to_regex=None, parallel_workers=6, paths=None, symlink_install=False, test_result_base=None, verb_extension=<colcon_core.verb.build.BuildVerb object at 0xffff9c1a1af0>, verb_name='build', verb_parser=<colcon_mixin.mixin.mixin_argument.MixinArgumentDecorator object at 0xffff9c114430>)
[2.254s] Level 1:colcon.colcon_core.package_discovery:discover_packages(colcon_meta) check parameters
[2.255s] Level 1:colcon.colcon_core.package_discovery:discover_packages(recursive) check parameters
[2.255s] Level 1:colcon.colcon_core.package_discovery:discover_packages(ignore) check parameters
[2.255s] Level 1:colcon.colcon_core.package_discovery:discover_packages(path) check parameters
[2.255s] Level 1:colcon.colcon_core.package_discovery:discover_packages(colcon_meta) discover
[2.256s] Level 1:colcon.colcon_core.package_discovery:discover_packages(recursive) discover
[2.256s] INFO:colcon.colcon_core.package_discovery:Crawling recursively for packages in '/home/jetson/ws_1'
[2.257s] Level 1:colcon.colcon_core.package_identification:_identify(.) by extensions ['ignore', 'ignore_ament_install']
[2.257s] Level 1:colcon.colcon_core.package_identification:_identify(.) by extension 'ignore'
[2.258s] Level 1:colcon.colcon_core.package_identification:_identify(.) by extension 'ignore_ament_install'
[2.258s] Level 1:colcon.colcon_core.package_identification:_identify(.) by extensions ['colcon_pkg']
[2.258s] Level 1:colcon.colcon_core.package_identification:_identify(.) by extension 'colcon_pkg'
[2.259s] Level 1:colcon.colcon_core.package_identification:_identify(.) by extensions ['colcon_meta']
[2.259s] Level 1:colcon.colcon_core.package_identification:_identify(.) by extension 'colcon_meta'
[2.259s] Level 1:colcon.colcon_core.package_identification:_identify(.) by extensions ['ros']
[2.260s] Level 1:colcon.colcon_core.package_identification:_identify(.) by extension 'ros'
[2.331s] Level 1:colcon.colcon_core.package_identification:_identify(.) by extensions ['cmake', 'python']
[2.332s] Level 1:colcon.colcon_core.package_identification:_identify(.) by extension 'cmake'
[2.332s] Level 1:colcon.colcon_core.package_identification:_identify(.) by extension 'python'
[2.333s] Level 1:colcon.colcon_core.package_identification:_identify(.) by extensions ['python_setup_py']
[2.333s] Level 1:colcon.colcon_core.package_identification:_identify(.) by extension 'python_setup_py'
[2.334s] Level 1:colcon.colcon_core.package_identification:_identify(build) by extensions ['ignore', 'ignore_ament_install']
[2.335s] Level 1:colcon.colcon_core.package_identification:_identify(build) by extension 'ignore'
[2.335s] Level 1:colcon.colcon_core.package_identification:_identify(build) ignored
[2.336s] Level 1:colcon.colcon_core.package_identification:_identify(install) by extensions ['ignore', 'ignore_ament_install']
[2.337s] Level 1:colcon.colcon_core.package_identification:_identify(install) by extension 'ignore'
[2.337s] Level 1:colcon.colcon_core.package_identification:_identify(install) ignored
[2.338s] Level 1:colcon.colcon_core.package_identification:_identify(log) by extensions ['ignore', 'ignore_ament_install']
[2.339s] Level 1:colcon.colcon_core.package_identification:_identify(log) by extension 'ignore'
[2.339s] Level 1:colcon.colcon_core.package_identification:_identify(log) ignored
[2.340s] Level 1:colcon.colcon_core.package_identification:_identify(src) by extensions ['ignore', 'ignore_ament_install']
[2.340s] Level 1:colcon.colcon_core.package_identification:_identify(src) by extension 'ignore'
[2.341s] Level 1:colcon.colcon_core.package_identification:_identify(src) by extension 'ignore_ament_install'
[2.341s] Level 1:colcon.colcon_core.package_identification:_identify(src) by extensions ['colcon_pkg']
[2.341s] Level 1:colcon.colcon_core.package_identification:_identify(src) by extension 'colcon_pkg'
[2.342s] Level 1:colcon.colcon_core.package_identification:_identify(src) by extensions ['colcon_meta']
[2.342s] Level 1:colcon.colcon_core.package_identification:_identify(src) by extension 'colcon_meta'
[2.342s] Level 1:colcon.colcon_core.package_identification:_identify(src) by extensions ['ros']
[2.343s] Level 1:colcon.colcon_core.package_identification:_identify(src) by extension 'ros'
[2.343s] Level 1:colcon.colcon_core.package_identification:_identify(src) by extensions ['cmake', 'python']
[2.343s] Level 1:colcon.colcon_core.package_identification:_identify(src) by extension 'cmake'
[2.344s] Level 1:colcon.colcon_core.package_identification:_identify(src) by extension 'python'
[2.344s] Level 1:colcon.colcon_core.package_identification:_identify(src) by extensions ['python_setup_py']
[2.344s] Level 1:colcon.colcon_core.package_identification:_identify(src) by extension 'python_setup_py'
[2.345s] Level 1:colcon.colcon_core.package_identification:_identify(src/lidar_avoidance) by extensions ['ignore', 'ignore_ament_install']
[2.346s] Level 1:colcon.colcon_core.package_identification:_identify(src/lidar_avoidance) by extension 'ignore'
[2.346s] Level 1:colcon.colcon_core.package_identification:_identify(src/lidar_avoidance) by extension 'ignore_ament_install'
[2.347s] Level 1:colcon.colcon_core.package_identification:_identify(src/lidar_avoidance) by extensions ['colcon_pkg']
[2.347s] Level 1:colcon.colcon_core.package_identification:_identify(src/lidar_avoidance) by extension 'colcon_pkg'
[2.347s] Level 1:colcon.colcon_core.package_identification:_identify(src/lidar_avoidance) by extensions ['colcon_meta']
[2.347s] Level 1:colcon.colcon_core.package_identification:_identify(src/lidar_avoidance) by extension 'colcon_meta'
[2.348s] Level 1:colcon.colcon_core.package_identification:_identify(src/lidar_avoidance) by extensions ['ros']
[2.348s] Level 1:colcon.colcon_core.package_identification:_identify(src/lidar_avoidance) by extension 'ros'
[2.362s] DEBUG:colcon.colcon_core.package_identification:Package 'src/lidar_avoidance' with type 'ros.ament_python' and name 'lidar_avoidance'
[2.362s] Level 1:colcon.colcon_core.package_discovery:discover_packages(recursive) using defaults
[2.363s] Level 1:colcon.colcon_core.package_discovery:discover_packages(ignore) discover
[2.363s] Level 1:colcon.colcon_core.package_discovery:discover_packages(ignore) using defaults
[2.363s] Level 1:colcon.colcon_core.package_discovery:discover_packages(path) discover
[2.363s] Level 1:colcon.colcon_core.package_discovery:discover_packages(path) using defaults
[2.456s] Level 1:colcon.colcon_core.package_discovery:discover_packages(prefix_path) check parameters
[2.456s] Level 1:colcon.colcon_core.package_discovery:discover_packages(prefix_path) discover
[2.463s] WARNING:colcon.colcon_ros.prefix_path.ament:The path '/home/jetson/ws_1/install/my_first_package' in the environment variable AMENT_PREFIX_PATH doesn't exist
[2.468s] DEBUG:colcon.colcon_installed_package_information.package_discovery:Found 1 installed packages in /home/jetson/ws_1/install
[2.482s] DEBUG:colcon.colcon_installed_package_information.package_discovery:Found 258 installed packages in /opt/ros/foxy
[2.537s] Level 1:colcon.colcon_core.package_discovery:discover_packages(prefix_path) using defaults
[2.935s] Level 5:colcon.colcon_core.verb:set package 'lidar_avoidance' build argument 'cmake_args' from command line to 'None'
[2.935s] Level 5:colcon.colcon_core.verb:set package 'lidar_avoidance' build argument 'cmake_target' from command line to 'None'
[2.935s] Level 5:colcon.colcon_core.verb:set package 'lidar_avoidance' build argument 'cmake_target_skip_unavailable' from command line to 'False'
[2.935s] Level 5:colcon.colcon_core.verb:set package 'lidar_avoidance' build argument 'cmake_clean_cache' from command line to 'False'
[2.936s] Level 5:colcon.colcon_core.verb:set package 'lidar_avoidance' build argument 'cmake_clean_first' from command line to 'False'
[2.936s] Level 5:colcon.colcon_core.verb:set package 'lidar_avoidance' build argument 'cmake_force_configure' from command line to 'False'
[2.936s] Level 5:colcon.colcon_core.verb:set package 'lidar_avoidance' build argument 'ament_cmake_args' from command line to 'None'
[2.936s] Level 5:colcon.colcon_core.verb:set package 'lidar_avoidance' build argument 'catkin_cmake_args' from command line to 'None'
[2.937s] Level 5:colcon.colcon_core.verb:set package 'lidar_avoidance' build argument 'catkin_skip_building_tests' from command line to 'False'
[2.937s] DEBUG:colcon.colcon_core.verb:Building package 'lidar_avoidance' with the following arguments: {'ament_cmake_args': None, 'build_base': '/home/jetson/ws_1/build/lidar_avoidance', 'catkin_cmake_args': None, 'catkin_skip_building_tests': False, 'cmake_args': None, 'cmake_clean_cache': False, 'cmake_clean_first': False, 'cmake_force_configure': False, 'cmake_target': None, 'cmake_target_skip_unavailable': False, 'install_base': '/home/jetson/ws_1/install/lidar_avoidance', 'merge_install': False, 'path': '/home/jetson/ws_1/src/lidar_avoidance', 'symlink_install': False, 'test_result_base': None}
[2.938s] INFO:colcon.colcon_core.executor:Executing jobs using 'parallel' executor
[2.943s] DEBUG:colcon.colcon_parallel_executor.executor.parallel:run_until_complete
[2.944s] INFO:colcon.colcon_ros.task.ament_python.build:Building ROS package in '/home/jetson/ws_1/src/lidar_avoidance' with build type 'ament_python'
[2.945s] Level 1:colcon.colcon_core.shell:create_environment_hook('lidar_avoidance', 'ament_prefix_path')
[2.958s] INFO:colcon.colcon_core.plugin_system:Skipping extension 'colcon_core.shell.bat': Not used on non-Windows systems
[2.959s] INFO:colcon.colcon_core.shell:Creating environment hook '/home/jetson/ws_1/install/lidar_avoidance/share/lidar_avoidance/hook/ament_prefix_path.ps1'
[2.962s] INFO:colcon.colcon_core.shell:Creating environment descriptor '/home/jetson/ws_1/install/lidar_avoidance/share/lidar_avoidance/hook/ament_prefix_path.dsv'
[2.968s] INFO:colcon.colcon_core.shell:Creating environment hook '/home/jetson/ws_1/install/lidar_avoidance/share/lidar_avoidance/hook/ament_prefix_path.sh'
[2.973s] INFO:colcon.colcon_core.shell:Skip shell extension 'powershell' for command environment: Not usable outside of PowerShell
[2.974s] DEBUG:colcon.colcon_core.shell:Skip shell extension 'dsv' for command environment
[4.539s] INFO:colcon.colcon_core.task.python.build:Building Python package in '/home/jetson/ws_1/src/lidar_avoidance'
[4.548s] INFO:colcon.colcon_core.shell:Skip shell extension 'powershell' for command environment: Not usable outside of PowerShell
[4.548s] DEBUG:colcon.colcon_core.shell:Skip shell extension 'dsv' for command environment
[7.207s] DEBUG:colcon.colcon_core.event_handler.log_command:Invoking command in '/home/jetson/ws_1/src/lidar_avoidance': PYTHONPATH=/home/jetson/ws_1/build/lidar_avoidance/prefix_override:/usr/lib/python3/dist-packages/colcon_core/task/python/colcon_distutils_commands:/home/jetson/ws_1/install/lidar_avoidance/lib/python3.8/site-packages:${PYTHONPATH} /usr/bin/python3 -W ignore:setup.py install is deprecated -W ignore:easy_install command is deprecated setup.py egg_info --egg-base ../../build/lidar_avoidance build --build-base /home/jetson/ws_1/build/lidar_avoidance/build install --record /home/jetson/ws_1/build/lidar_avoidance/install.log --install-scripts $base/lib/lidar_avoidance --single-version-externally-managed install_data
[9.173s] DEBUG:colcon.colcon_core.event_handler.log_command:Invoked command in '/home/jetson/ws_1/src/lidar_avoidance' returned '0': PYTHONPATH=/home/jetson/ws_1/build/lidar_avoidance/prefix_override:/usr/lib/python3/dist-packages/colcon_core/task/python/colcon_distutils_commands:/home/jetson/ws_1/install/lidar_avoidance/lib/python3.8/site-packages:${PYTHONPATH} /usr/bin/python3 -W ignore:setup.py install is deprecated -W ignore:easy_install command is deprecated setup.py egg_info --egg-base ../../build/lidar_avoidance build --build-base /home/jetson/ws_1/build/lidar_avoidance/build install --record /home/jetson/ws_1/build/lidar_avoidance/install.log --install-scripts $base/lib/lidar_avoidance --single-version-externally-managed install_data
[9.196s] Level 1:colcon.colcon_core.environment:checking '/home/jetson/ws_1/install/lidar_avoidance' for CMake module files
[9.200s] Level 1:colcon.colcon_core.environment:checking '/home/jetson/ws_1/install/lidar_avoidance' for CMake config files
[9.208s] Level 1:colcon.colcon_core.environment:checking '/home/jetson/ws_1/install/lidar_avoidance/lib'
[9.209s] Level 1:colcon.colcon_core.environment:checking '/home/jetson/ws_1/install/lidar_avoidance/bin'
[9.210s] Level 1:colcon.colcon_core.environment:checking '/home/jetson/ws_1/install/lidar_avoidance/lib/pkgconfig/lidar_avoidance.pc'
[9.212s] Level 1:colcon.colcon_core.environment:checking '/home/jetson/ws_1/install/lidar_avoidance/lib/python3.8/site-packages'
[9.213s] Level 1:colcon.colcon_core.shell:create_environment_hook('lidar_avoidance', 'pythonpath')
[9.215s] INFO:colcon.colcon_core.shell:Creating environment hook '/home/jetson/ws_1/install/lidar_avoidance/share/lidar_avoidance/hook/pythonpath.ps1'
[9.220s] INFO:colcon.colcon_core.shell:Creating environment descriptor '/home/jetson/ws_1/install/lidar_avoidance/share/lidar_avoidance/hook/pythonpath.dsv'
[9.230s] INFO:colcon.colcon_core.shell:Creating environment hook '/home/jetson/ws_1/install/lidar_avoidance/share/lidar_avoidance/hook/pythonpath.sh'
[9.234s] Level 1:colcon.colcon_core.environment:checking '/home/jetson/ws_1/install/lidar_avoidance/bin'
[9.234s] Level 1:colcon.colcon_core.environment:create_environment_scripts_only(lidar_avoidance)
[9.236s] INFO:colcon.colcon_core.shell:Creating package script '/home/jetson/ws_1/install/lidar_avoidance/share/lidar_avoidance/package.ps1'
[9.243s] INFO:colcon.colcon_core.shell:Creating package descriptor '/home/jetson/ws_1/install/lidar_avoidance/share/lidar_avoidance/package.dsv'
[9.247s] INFO:colcon.colcon_core.shell:Creating package script '/home/jetson/ws_1/install/lidar_avoidance/share/lidar_avoidance/package.sh'
[9.251s] INFO:colcon.colcon_core.shell:Creating package script '/home/jetson/ws_1/install/lidar_avoidance/share/lidar_avoidance/package.bash'
[9.256s] INFO:colcon.colcon_core.shell:Creating package script '/home/jetson/ws_1/install/lidar_avoidance/share/lidar_avoidance/package.zsh'
[9.260s] Level 1:colcon.colcon_core.environment:create_file_with_runtime_dependencies(/home/jetson/ws_1/install/lidar_avoidance/share/colcon-core/packages/lidar_avoidance)
[9.266s] DEBUG:colcon.colcon_parallel_executor.executor.parallel:closing loop
[9.269s] DEBUG:colcon.colcon_parallel_executor.executor.parallel:loop closed
[9.270s] DEBUG:colcon.colcon_parallel_executor.executor.parallel:run_until_complete finished with '0'
[9.271s] DEBUG:colcon.colcon_core.event_reactor:joining thread
[9.274s] DEBUG:colcon.colcon_core.event_reactor:joined thread
[9.275s] INFO:colcon.colcon_core.shell:Creating prefix script '/home/jetson/ws_1/install/local_setup.ps1'
[9.280s] INFO:colcon.colcon_core.shell:Creating prefix util module '/home/jetson/ws_1/install/_local_setup_util_ps1.py'
[9.287s] INFO:colcon.colcon_core.shell:Creating prefix chain script '/home/jetson/ws_1/install/setup.ps1'
[9.295s] INFO:colcon.colcon_core.shell:Creating prefix script '/home/jetson/ws_1/install/local_setup.sh'
[9.299s] INFO:colcon.colcon_core.shell:Creating prefix util module '/home/jetson/ws_1/install/_local_setup_util_sh.py'
[9.303s] INFO:colcon.colcon_core.shell:Creating prefix chain script '/home/jetson/ws_1/install/setup.sh'
[9.310s] INFO:colcon.colcon_core.shell:Creating prefix script '/home/jetson/ws_1/install/local_setup.bash'
[9.314s] INFO:colcon.colcon_core.shell:Creating prefix chain script '/home/jetson/ws_1/install/setup.bash'
[9.320s] INFO:colcon.colcon_core.shell:Creating prefix script '/home/jetson/ws_1/install/local_setup.zsh'
[9.324s] INFO:colcon.colcon_core.shell:Creating prefix chain script '/home/jetson/ws_1/install/setup.zsh'
