[2.659s] DEBUG:colcon:Command line arguments: ['/usr/bin/colcon', 'build']
[2.660s] DEBUG:colcon:Parsed command line arguments: Namespace(allow_overriding=[], ament_cmake_args=None, base_paths=['.'], build_base='build', catkin_cmake_args=None, catkin_skip_building_tests=False, cmake_args=None, cmake_clean_cache=False, cmake_clean_first=False, cmake_force_configure=False, cmake_target=None, cmake_target_skip_unavailable=False, continue_on_error=False, event_handlers=None, executor='parallel', ignore_user_meta=False, install_base='install', log_base=None, log_level=None, main=<bound method BuildVerb.main of <colcon_core.verb.build.BuildVerb object at 0xffffa71c5a90>>, merge_install=False, metas=['./colcon.meta'], mixin=None, mixin_files=None, mixin_verb=('build',), packages_above=None, packages_above_and_dependencies=None, packages_above_depth=None, packages_end=None, packages_ignore=None, packages_ignore_regex=None, packages_select=None, packages_select_build_failed=False, packages_select_by_dep=None, packages_select_regex=None, packages_select_test_failures=False, packages_skip=None, packages_skip_build_finished=False, packages_skip_by_dep=None, packages_skip_regex=None, packages_skip_test_passed=False, packages_skip_up_to=None, packages_start=None, packages_up_to=None, packages_up_to_regex=None, parallel_workers=6, paths=None, symlink_install=False, test_result_base=None, verb_extension=<colcon_core.verb.build.BuildVerb object at 0xffffa71c5a90>, verb_name='build', verb_parser=<colcon_mixin.mixin.mixin_argument.MixinArgumentDecorator object at 0xffffa711d3d0>)
[4.209s] Level 1:colcon.colcon_core.package_discovery:discover_packages(colcon_meta) check parameters
[4.210s] Level 1:colcon.colcon_core.package_discovery:discover_packages(recursive) check parameters
[4.210s] Level 1:colcon.colcon_core.package_discovery:discover_packages(ignore) check parameters
[4.211s] Level 1:colcon.colcon_core.package_discovery:discover_packages(path) check parameters
[4.211s] Level 1:colcon.colcon_core.package_discovery:discover_packages(colcon_meta) discover
[4.211s] Level 1:colcon.colcon_core.package_discovery:discover_packages(recursive) discover
[4.212s] INFO:colcon.colcon_core.package_discovery:Crawling recursively for packages in '/home/jetson/ws_1'
[4.212s] Level 1:colcon.colcon_core.package_identification:_identify(.) by extensions ['ignore', 'ignore_ament_install']
[4.213s] Level 1:colcon.colcon_core.package_identification:_identify(.) by extension 'ignore'
[4.213s] Level 1:colcon.colcon_core.package_identification:_identify(.) by extension 'ignore_ament_install'
[4.214s] Level 1:colcon.colcon_core.package_identification:_identify(.) by extensions ['colcon_pkg']
[4.214s] Level 1:colcon.colcon_core.package_identification:_identify(.) by extension 'colcon_pkg'
[4.215s] Level 1:colcon.colcon_core.package_identification:_identify(.) by extensions ['colcon_meta']
[4.215s] Level 1:colcon.colcon_core.package_identification:_identify(.) by extension 'colcon_meta'
[4.215s] Level 1:colcon.colcon_core.package_identification:_identify(.) by extensions ['ros']
[4.215s] Level 1:colcon.colcon_core.package_identification:_identify(.) by extension 'ros'
[4.571s] Level 1:colcon.colcon_core.package_identification:_identify(.) by extensions ['cmake', 'python']
[4.572s] Level 1:colcon.colcon_core.package_identification:_identify(.) by extension 'cmake'
[4.572s] Level 1:colcon.colcon_core.package_identification:_identify(.) by extension 'python'
[4.572s] Level 1:colcon.colcon_core.package_identification:_identify(.) by extensions ['python_setup_py']
[4.572s] Level 1:colcon.colcon_core.package_identification:_identify(.) by extension 'python_setup_py'
[4.573s] Level 1:colcon.colcon_core.package_identification:_identify(build) by extensions ['ignore', 'ignore_ament_install']
[4.574s] Level 1:colcon.colcon_core.package_identification:_identify(build) by extension 'ignore'
[4.574s] Level 1:colcon.colcon_core.package_identification:_identify(build) ignored
[4.575s] Level 1:colcon.colcon_core.package_identification:_identify(install) by extensions ['ignore', 'ignore_ament_install']
[4.575s] Level 1:colcon.colcon_core.package_identification:_identify(install) by extension 'ignore'
[4.576s] Level 1:colcon.colcon_core.package_identification:_identify(install) ignored
[4.576s] Level 1:colcon.colcon_core.package_identification:_identify(log) by extensions ['ignore', 'ignore_ament_install']
[4.577s] Level 1:colcon.colcon_core.package_identification:_identify(log) by extension 'ignore'
[4.577s] Level 1:colcon.colcon_core.package_identification:_identify(log) ignored
[4.577s] Level 1:colcon.colcon_core.package_identification:_identify(src) by extensions ['ignore', 'ignore_ament_install']
[4.578s] Level 1:colcon.colcon_core.package_identification:_identify(src) by extension 'ignore'
[4.578s] Level 1:colcon.colcon_core.package_identification:_identify(src) by extension 'ignore_ament_install'
[4.579s] Level 1:colcon.colcon_core.package_identification:_identify(src) by extensions ['colcon_pkg']
[4.579s] Level 1:colcon.colcon_core.package_identification:_identify(src) by extension 'colcon_pkg'
[4.579s] Level 1:colcon.colcon_core.package_identification:_identify(src) by extensions ['colcon_meta']
[4.579s] Level 1:colcon.colcon_core.package_identification:_identify(src) by extension 'colcon_meta'
[4.580s] Level 1:colcon.colcon_core.package_identification:_identify(src) by extensions ['ros']
[4.580s] Level 1:colcon.colcon_core.package_identification:_identify(src) by extension 'ros'
[4.580s] Level 1:colcon.colcon_core.package_identification:_identify(src) by extensions ['cmake', 'python']
[4.581s] Level 1:colcon.colcon_core.package_identification:_identify(src) by extension 'cmake'
[4.581s] Level 1:colcon.colcon_core.package_identification:_identify(src) by extension 'python'
[4.581s] Level 1:colcon.colcon_core.package_identification:_identify(src) by extensions ['python_setup_py']
[4.581s] Level 1:colcon.colcon_core.package_identification:_identify(src) by extension 'python_setup_py'
[4.582s] Level 1:colcon.colcon_core.package_discovery:discover_packages(recursive) using defaults
[4.582s] Level 1:colcon.colcon_core.package_discovery:discover_packages(ignore) discover
[4.582s] Level 1:colcon.colcon_core.package_discovery:discover_packages(ignore) using defaults
[4.582s] Level 1:colcon.colcon_core.package_discovery:discover_packages(path) discover
[4.583s] Level 1:colcon.colcon_core.package_discovery:discover_packages(path) using defaults
[5.099s] Level 1:colcon.colcon_core.package_discovery:discover_packages(prefix_path) check parameters
[5.099s] Level 1:colcon.colcon_core.package_discovery:discover_packages(prefix_path) discover
[5.126s] DEBUG:colcon.colcon_installed_package_information.package_discovery:Found 257 installed packages in /opt/ros/foxy
[5.140s] Level 1:colcon.colcon_core.package_discovery:discover_packages(prefix_path) using defaults
[5.886s] INFO:colcon.colcon_core.executor:Executing jobs using 'parallel' executor
[5.892s] DEBUG:colcon.colcon_parallel_executor.executor.parallel:run_until_complete
[5.894s] DEBUG:colcon.colcon_parallel_executor.executor.parallel:closing loop
[5.894s] DEBUG:colcon.colcon_parallel_executor.executor.parallel:loop closed
[5.895s] DEBUG:colcon.colcon_parallel_executor.executor.parallel:run_until_complete finished with '0'
[5.895s] DEBUG:colcon.colcon_core.event_reactor:joining thread
[5.896s] DEBUG:colcon.colcon_core.event_reactor:joined thread
[6.058s] INFO:colcon.colcon_core.plugin_system:Skipping extension 'colcon_core.shell.bat': Not used on non-Windows systems
[6.059s] INFO:colcon.colcon_core.shell:Creating prefix script '/home/jetson/ws_1/install/local_setup.ps1'
[6.065s] INFO:colcon.colcon_core.shell:Creating prefix util module '/home/jetson/ws_1/install/_local_setup_util_ps1.py'
[6.073s] INFO:colcon.colcon_core.shell:Creating prefix chain script '/home/jetson/ws_1/install/setup.ps1'
[6.079s] INFO:colcon.colcon_core.shell:Creating prefix script '/home/jetson/ws_1/install/local_setup.sh'
[6.083s] INFO:colcon.colcon_core.shell:Creating prefix util module '/home/jetson/ws_1/install/_local_setup_util_sh.py'
[6.086s] INFO:colcon.colcon_core.shell:Creating prefix chain script '/home/jetson/ws_1/install/setup.sh'
[6.092s] INFO:colcon.colcon_core.shell:Creating prefix script '/home/jetson/ws_1/install/local_setup.bash'
[6.095s] INFO:colcon.colcon_core.shell:Creating prefix chain script '/home/jetson/ws_1/install/setup.bash'
[6.100s] INFO:colcon.colcon_core.shell:Creating prefix script '/home/jetson/ws_1/install/local_setup.zsh'
[6.104s] INFO:colcon.colcon_core.shell:Creating prefix chain script '/home/jetson/ws_1/install/setup.zsh'
