[1.193s] DEBUG:colcon:Command line arguments: ['/usr/bin/colcon', 'build']
[1.194s] DEBUG:colcon:Parsed command line arguments: Namespace(allow_overriding=[], ament_cmake_args=None, base_paths=['.'], build_base='build', catkin_cmake_args=None, catkin_skip_building_tests=False, cmake_args=None, cmake_clean_cache=False, cmake_clean_first=False, cmake_force_configure=False, cmake_target=None, cmake_target_skip_unavailable=False, continue_on_error=False, event_handlers=None, executor='parallel', ignore_user_meta=False, install_base='install', log_base=None, log_level=None, main=<bound method BuildVerb.main of <colcon_core.verb.build.BuildVerb object at 0xffffa4a25a60>>, merge_install=False, metas=['./colcon.meta'], mixin=None, mixin_files=None, mixin_verb=('build',), packages_above=None, packages_above_and_dependencies=None, packages_above_depth=None, packages_end=None, packages_ignore=None, packages_ignore_regex=None, packages_select=None, packages_select_build_failed=False, packages_select_by_dep=None, packages_select_regex=None, packages_select_test_failures=False, packages_skip=None, packages_skip_build_finished=False, packages_skip_by_dep=None, packages_skip_regex=None, packages_skip_test_passed=False, packages_skip_up_to=None, packages_start=None, packages_up_to=None, packages_up_to_regex=None, parallel_workers=6, paths=None, symlink_install=False, test_result_base=None, verb_extension=<colcon_core.verb.build.BuildVerb object at 0xffffa4a25a60>, verb_name='build', verb_parser=<colcon_mixin.mixin.mixin_argument.MixinArgumentDecorator object at 0xffffa497d3a0>)
[2.211s] Level 1:colcon.colcon_core.package_discovery:discover_packages(colcon_meta) check parameters
[2.212s] Level 1:colcon.colcon_core.package_discovery:discover_packages(recursive) check parameters
[2.212s] Level 1:colcon.colcon_core.package_discovery:discover_packages(ignore) check parameters
[2.212s] Level 1:colcon.colcon_core.package_discovery:discover_packages(path) check parameters
[2.213s] Level 1:colcon.colcon_core.package_discovery:discover_packages(colcon_meta) discover
[2.213s] Level 1:colcon.colcon_core.package_discovery:discover_packages(recursive) discover
[2.213s] INFO:colcon.colcon_core.package_discovery:Crawling recursively for packages in '/home/jetson/ws_1'
[2.214s] Level 1:colcon.colcon_core.package_identification:_identify(.) by extensions ['ignore', 'ignore_ament_install']
[2.214s] Level 1:colcon.colcon_core.package_identification:_identify(.) by extension 'ignore'
[2.215s] Level 1:colcon.colcon_core.package_identification:_identify(.) by extension 'ignore_ament_install'
[2.215s] Level 1:colcon.colcon_core.package_identification:_identify(.) by extensions ['colcon_pkg']
[2.215s] Level 1:colcon.colcon_core.package_identification:_identify(.) by extension 'colcon_pkg'
[2.216s] Level 1:colcon.colcon_core.package_identification:_identify(.) by extensions ['colcon_meta']
[2.216s] Level 1:colcon.colcon_core.package_identification:_identify(.) by extension 'colcon_meta'
[2.216s] Level 1:colcon.colcon_core.package_identification:_identify(.) by extensions ['ros']
[2.216s] Level 1:colcon.colcon_core.package_identification:_identify(.) by extension 'ros'
[2.288s] Level 1:colcon.colcon_core.package_identification:_identify(.) by extensions ['cmake', 'python']
[2.289s] Level 1:colcon.colcon_core.package_identification:_identify(.) by extension 'cmake'
[2.289s] Level 1:colcon.colcon_core.package_identification:_identify(.) by extension 'python'
[2.289s] Level 1:colcon.colcon_core.package_identification:_identify(.) by extensions ['python_setup_py']
[2.290s] Level 1:colcon.colcon_core.package_identification:_identify(.) by extension 'python_setup_py'
[2.290s] Level 1:colcon.colcon_core.package_identification:_identify(build) by extensions ['ignore', 'ignore_ament_install']
[2.291s] Level 1:colcon.colcon_core.package_identification:_identify(build) by extension 'ignore'
[2.291s] Level 1:colcon.colcon_core.package_identification:_identify(build) ignored
[2.292s] Level 1:colcon.colcon_core.package_identification:_identify(install) by extensions ['ignore', 'ignore_ament_install']
[2.293s] Level 1:colcon.colcon_core.package_identification:_identify(install) by extension 'ignore'
[2.293s] Level 1:colcon.colcon_core.package_identification:_identify(install) ignored
[2.294s] Level 1:colcon.colcon_core.package_identification:_identify(log) by extensions ['ignore', 'ignore_ament_install']
[2.294s] Level 1:colcon.colcon_core.package_identification:_identify(log) by extension 'ignore'
[2.294s] Level 1:colcon.colcon_core.package_identification:_identify(log) ignored
[2.295s] Level 1:colcon.colcon_core.package_identification:_identify(src) by extensions ['ignore', 'ignore_ament_install']
[2.295s] Level 1:colcon.colcon_core.package_identification:_identify(src) by extension 'ignore'
[2.296s] Level 1:colcon.colcon_core.package_identification:_identify(src) by extension 'ignore_ament_install'
[2.296s] Level 1:colcon.colcon_core.package_identification:_identify(src) by extensions ['colcon_pkg']
[2.296s] Level 1:colcon.colcon_core.package_identification:_identify(src) by extension 'colcon_pkg'
[2.296s] Level 1:colcon.colcon_core.package_identification:_identify(src) by extensions ['colcon_meta']
[2.297s] Level 1:colcon.colcon_core.package_identification:_identify(src) by extension 'colcon_meta'
[2.297s] Level 1:colcon.colcon_core.package_identification:_identify(src) by extensions ['ros']
[2.297s] Level 1:colcon.colcon_core.package_identification:_identify(src) by extension 'ros'
[2.298s] Level 1:colcon.colcon_core.package_identification:_identify(src) by extensions ['cmake', 'python']
[2.298s] Level 1:colcon.colcon_core.package_identification:_identify(src) by extension 'cmake'
[2.298s] Level 1:colcon.colcon_core.package_identification:_identify(src) by extension 'python'
[2.298s] Level 1:colcon.colcon_core.package_identification:_identify(src) by extensions ['python_setup_py']
[2.299s] Level 1:colcon.colcon_core.package_identification:_identify(src) by extension 'python_setup_py'
[2.299s] Level 1:colcon.colcon_core.package_identification:_identify(src/my_first_package) by extensions ['ignore', 'ignore_ament_install']
[2.300s] Level 1:colcon.colcon_core.package_identification:_identify(src/my_first_package) by extension 'ignore'
[2.300s] Level 1:colcon.colcon_core.package_identification:_identify(src/my_first_package) by extension 'ignore_ament_install'
[2.301s] Level 1:colcon.colcon_core.package_identification:_identify(src/my_first_package) by extensions ['colcon_pkg']
[2.301s] Level 1:colcon.colcon_core.package_identification:_identify(src/my_first_package) by extension 'colcon_pkg'
[2.301s] Level 1:colcon.colcon_core.package_identification:_identify(src/my_first_package) by extensions ['colcon_meta']
[2.301s] Level 1:colcon.colcon_core.package_identification:_identify(src/my_first_package) by extension 'colcon_meta'
[2.302s] Level 1:colcon.colcon_core.package_identification:_identify(src/my_first_package) by extensions ['ros']
[2.302s] Level 1:colcon.colcon_core.package_identification:_identify(src/my_first_package) by extension 'ros'
[2.457s] DEBUG:colcon.colcon_core.package_identification:Package 'src/my_first_package' with type 'ros.ament_python' and name 'my_first_package'
[2.457s] Level 1:colcon.colcon_core.package_discovery:discover_packages(recursive) using defaults
[2.458s] Level 1:colcon.colcon_core.package_discovery:discover_packages(ignore) discover
[2.458s] Level 1:colcon.colcon_core.package_discovery:discover_packages(ignore) using defaults
[2.458s] Level 1:colcon.colcon_core.package_discovery:discover_packages(path) discover
[2.458s] Level 1:colcon.colcon_core.package_discovery:discover_packages(path) using defaults
[2.543s] Level 1:colcon.colcon_core.package_discovery:discover_packages(prefix_path) check parameters
[2.544s] Level 1:colcon.colcon_core.package_discovery:discover_packages(prefix_path) discover
[2.554s] DEBUG:colcon.colcon_installed_package_information.package_discovery:Found 0 installed packages in /home/jetson/ws_1/install
[2.568s] DEBUG:colcon.colcon_installed_package_information.package_discovery:Found 257 installed packages in /opt/ros/foxy
[2.621s] Level 1:colcon.colcon_core.package_discovery:discover_packages(prefix_path) using defaults
[3.014s] Level 5:colcon.colcon_core.verb:set package 'my_first_package' build argument 'cmake_args' from command line to 'None'
[3.014s] Level 5:colcon.colcon_core.verb:set package 'my_first_package' build argument 'cmake_target' from command line to 'None'
[3.014s] Level 5:colcon.colcon_core.verb:set package 'my_first_package' build argument 'cmake_target_skip_unavailable' from command line to 'False'
[3.014s] Level 5:colcon.colcon_core.verb:set package 'my_first_package' build argument 'cmake_clean_cache' from command line to 'False'
[3.015s] Level 5:colcon.colcon_core.verb:set package 'my_first_package' build argument 'cmake_clean_first' from command line to 'False'
[3.015s] Level 5:colcon.colcon_core.verb:set package 'my_first_package' build argument 'cmake_force_configure' from command line to 'False'
[3.015s] Level 5:colcon.colcon_core.verb:set package 'my_first_package' build argument 'ament_cmake_args' from command line to 'None'
[3.015s] Level 5:colcon.colcon_core.verb:set package 'my_first_package' build argument 'catkin_cmake_args' from command line to 'None'
[3.016s] Level 5:colcon.colcon_core.verb:set package 'my_first_package' build argument 'catkin_skip_building_tests' from command line to 'False'
[3.016s] DEBUG:colcon.colcon_core.verb:Building package 'my_first_package' with the following arguments: {'ament_cmake_args': None, 'build_base': '/home/jetson/ws_1/build/my_first_package', 'catkin_cmake_args': None, 'catkin_skip_building_tests': False, 'cmake_args': None, 'cmake_clean_cache': False, 'cmake_clean_first': False, 'cmake_force_configure': False, 'cmake_target': None, 'cmake_target_skip_unavailable': False, 'install_base': '/home/jetson/ws_1/install/my_first_package', 'merge_install': False, 'path': '/home/jetson/ws_1/src/my_first_package', 'symlink_install': False, 'test_result_base': None}
[3.017s] INFO:colcon.colcon_core.executor:Executing jobs using 'parallel' executor
[3.022s] DEBUG:colcon.colcon_parallel_executor.executor.parallel:run_until_complete
[3.024s] INFO:colcon.colcon_ros.task.ament_python.build:Building ROS package in '/home/jetson/ws_1/src/my_first_package' with build type 'ament_python'
[3.025s] Level 1:colcon.colcon_core.shell:create_environment_hook('my_first_package', 'ament_prefix_path')
[3.038s] INFO:colcon.colcon_core.plugin_system:Skipping extension 'colcon_core.shell.bat': Not used on non-Windows systems
[3.039s] INFO:colcon.colcon_core.shell:Creating environment hook '/home/jetson/ws_1/install/my_first_package/share/my_first_package/hook/ament_prefix_path.ps1'
[3.182s] INFO:colcon.colcon_core.shell:Creating environment descriptor '/home/jetson/ws_1/install/my_first_package/share/my_first_package/hook/ament_prefix_path.dsv'
[3.185s] INFO:colcon.colcon_core.shell:Creating environment hook '/home/jetson/ws_1/install/my_first_package/share/my_first_package/hook/ament_prefix_path.sh'
[3.191s] INFO:colcon.colcon_core.shell:Skip shell extension 'powershell' for command environment: Not usable outside of PowerShell
[3.191s] DEBUG:colcon.colcon_core.shell:Skip shell extension 'dsv' for command environment
[5.022s] INFO:colcon.colcon_core.task.python.build:Building Python package in '/home/jetson/ws_1/src/my_first_package'
[5.030s] INFO:colcon.colcon_core.shell:Skip shell extension 'powershell' for command environment: Not usable outside of PowerShell
[5.030s] DEBUG:colcon.colcon_core.shell:Skip shell extension 'dsv' for command environment
[9.818s] DEBUG:colcon.colcon_core.event_handler.log_command:Invoking command in '/home/jetson/ws_1/src/my_first_package': PYTHONPATH=/home/jetson/ws_1/build/my_first_package/prefix_override:/usr/lib/python3/dist-packages/colcon_core/task/python/colcon_distutils_commands:/home/jetson/ws_1/install/my_first_package/lib/python3.8/site-packages:${PYTHONPATH} /usr/bin/python3 -W ignore:setup.py install is deprecated -W ignore:easy_install command is deprecated setup.py egg_info --egg-base ../../build/my_first_package build --build-base /home/jetson/ws_1/build/my_first_package/build install --record /home/jetson/ws_1/build/my_first_package/install.log --install-scripts $base/lib/my_first_package --single-version-externally-managed install_data
[12.112s] DEBUG:colcon.colcon_core.event_handler.log_command:Invoked command in '/home/jetson/ws_1/src/my_first_package' returned '0': PYTHONPATH=/home/jetson/ws_1/build/my_first_package/prefix_override:/usr/lib/python3/dist-packages/colcon_core/task/python/colcon_distutils_commands:/home/jetson/ws_1/install/my_first_package/lib/python3.8/site-packages:${PYTHONPATH} /usr/bin/python3 -W ignore:setup.py install is deprecated -W ignore:easy_install command is deprecated setup.py egg_info --egg-base ../../build/my_first_package build --build-base /home/jetson/ws_1/build/my_first_package/build install --record /home/jetson/ws_1/build/my_first_package/install.log --install-scripts $base/lib/my_first_package --single-version-externally-managed install_data
[12.317s] Level 1:colcon.colcon_core.environment:checking '/home/jetson/ws_1/install/my_first_package' for CMake module files
[12.320s] Level 1:colcon.colcon_core.environment:checking '/home/jetson/ws_1/install/my_first_package' for CMake config files
[12.327s] Level 1:colcon.colcon_core.environment:checking '/home/jetson/ws_1/install/my_first_package/lib'
[12.328s] Level 1:colcon.colcon_core.environment:checking '/home/jetson/ws_1/install/my_first_package/bin'
[12.329s] Level 1:colcon.colcon_core.environment:checking '/home/jetson/ws_1/install/my_first_package/lib/pkgconfig/my_first_package.pc'
[12.331s] Level 1:colcon.colcon_core.environment:checking '/home/jetson/ws_1/install/my_first_package/lib/python3.8/site-packages'
[12.332s] Level 1:colcon.colcon_core.shell:create_environment_hook('my_first_package', 'pythonpath')
[12.333s] INFO:colcon.colcon_core.shell:Creating environment hook '/home/jetson/ws_1/install/my_first_package/share/my_first_package/hook/pythonpath.ps1'
[12.338s] INFO:colcon.colcon_core.shell:Creating environment descriptor '/home/jetson/ws_1/install/my_first_package/share/my_first_package/hook/pythonpath.dsv'
[12.340s] INFO:colcon.colcon_core.shell:Creating environment hook '/home/jetson/ws_1/install/my_first_package/share/my_first_package/hook/pythonpath.sh'
[12.345s] Level 1:colcon.colcon_core.environment:checking '/home/jetson/ws_1/install/my_first_package/bin'
[12.345s] Level 1:colcon.colcon_core.environment:create_environment_scripts_only(my_first_package)
[12.347s] INFO:colcon.colcon_core.shell:Creating package script '/home/jetson/ws_1/install/my_first_package/share/my_first_package/package.ps1'
[12.493s] INFO:colcon.colcon_core.shell:Creating package descriptor '/home/jetson/ws_1/install/my_first_package/share/my_first_package/package.dsv'
[12.497s] INFO:colcon.colcon_core.shell:Creating package script '/home/jetson/ws_1/install/my_first_package/share/my_first_package/package.sh'
[12.502s] INFO:colcon.colcon_core.shell:Creating package script '/home/jetson/ws_1/install/my_first_package/share/my_first_package/package.bash'
[12.508s] INFO:colcon.colcon_core.shell:Creating package script '/home/jetson/ws_1/install/my_first_package/share/my_first_package/package.zsh'
[12.512s] Level 1:colcon.colcon_core.environment:create_file_with_runtime_dependencies(/home/jetson/ws_1/install/my_first_package/share/colcon-core/packages/my_first_package)
[12.516s] DEBUG:colcon.colcon_parallel_executor.executor.parallel:closing loop
[12.519s] DEBUG:colcon.colcon_parallel_executor.executor.parallel:loop closed
[12.519s] DEBUG:colcon.colcon_parallel_executor.executor.parallel:run_until_complete finished with '0'
[12.520s] DEBUG:colcon.colcon_core.event_reactor:joining thread
[12.522s] DEBUG:colcon.colcon_core.event_reactor:joined thread
[12.524s] INFO:colcon.colcon_core.shell:Creating prefix script '/home/jetson/ws_1/install/local_setup.ps1'
[12.529s] INFO:colcon.colcon_core.shell:Creating prefix util module '/home/jetson/ws_1/install/_local_setup_util_ps1.py'
[12.541s] INFO:colcon.colcon_core.shell:Creating prefix chain script '/home/jetson/ws_1/install/setup.ps1'
[12.546s] INFO:colcon.colcon_core.shell:Creating prefix script '/home/jetson/ws_1/install/local_setup.sh'
[12.550s] INFO:colcon.colcon_core.shell:Creating prefix util module '/home/jetson/ws_1/install/_local_setup_util_sh.py'
[12.553s] INFO:colcon.colcon_core.shell:Creating prefix chain script '/home/jetson/ws_1/install/setup.sh'
[12.558s] INFO:colcon.colcon_core.shell:Creating prefix script '/home/jetson/ws_1/install/local_setup.bash'
[12.561s] INFO:colcon.colcon_core.shell:Creating prefix chain script '/home/jetson/ws_1/install/setup.bash'
[12.565s] INFO:colcon.colcon_core.shell:Creating prefix script '/home/jetson/ws_1/install/local_setup.zsh'
[12.568s] INFO:colcon.colcon_core.shell:Creating prefix chain script '/home/jetson/ws_1/install/setup.zsh'
