[3.772s] DEBUG:colcon:Command line arguments: ['/usr/bin/colcon', 'build', '--packages-select', 'train_vision']
[3.773s] DEBUG:colcon:Parsed command line arguments: Namespace(allow_overriding=[], ament_cmake_args=None, base_paths=['.'], build_base='build', catkin_cmake_args=None, catkin_skip_building_tests=False, cmake_args=None, cmake_clean_cache=False, cmake_clean_first=False, cmake_force_configure=False, cmake_target=None, cmake_target_skip_unavailable=False, continue_on_error=False, event_handlers=None, executor='parallel', ignore_user_meta=False, install_base='install', log_base=None, log_level=None, main=<bound method BuildVerb.main of <colcon_core.verb.build.BuildVerb object at 0xffffb69d7ee0>>, merge_install=False, metas=['./colcon.meta'], mixin=None, mixin_files=None, mixin_verb=('build',), packages_above=None, packages_above_and_dependencies=None, packages_above_depth=None, packages_end=None, packages_ignore=None, packages_ignore_regex=None, packages_select=['train_vision'], packages_select_build_failed=False, packages_select_by_dep=None, packages_select_regex=None, packages_select_test_failures=False, packages_skip=None, packages_skip_build_finished=False, packages_skip_by_dep=None, packages_skip_regex=None, packages_skip_test_passed=False, packages_skip_up_to=None, packages_start=None, packages_up_to=None, packages_up_to_regex=None, parallel_workers=6, paths=None, symlink_install=False, test_result_base=None, verb_extension=<colcon_core.verb.build.BuildVerb object at 0xffffb69d7ee0>, verb_name='build', verb_parser=<colcon_mixin.mixin.mixin_argument.MixinArgumentDecorator object at 0xffffb6937eb0>)
[6.767s] Level 1:colcon.colcon_core.package_discovery:discover_packages(colcon_meta) check parameters
[6.768s] Level 1:colcon.colcon_core.package_discovery:discover_packages(recursive) check parameters
[6.769s] Level 1:colcon.colcon_core.package_discovery:discover_packages(ignore) check parameters
[6.769s] Level 1:colcon.colcon_core.package_discovery:discover_packages(path) check parameters
[6.769s] Level 1:colcon.colcon_core.package_discovery:discover_packages(colcon_meta) discover
[6.769s] Level 1:colcon.colcon_core.package_discovery:discover_packages(recursive) discover
[6.770s] INFO:colcon.colcon_core.package_discovery:Crawling recursively for packages in '/home/jetson/ws_1'
[6.770s] Level 1:colcon.colcon_core.package_identification:_identify(.) by extensions ['ignore', 'ignore_ament_install']
[6.771s] Level 1:colcon.colcon_core.package_identification:_identify(.) by extension 'ignore'
[6.772s] Level 1:colcon.colcon_core.package_identification:_identify(.) by extension 'ignore_ament_install'
[6.772s] Level 1:colcon.colcon_core.package_identification:_identify(.) by extensions ['colcon_pkg']
[6.772s] Level 1:colcon.colcon_core.package_identification:_identify(.) by extension 'colcon_pkg'
[6.773s] Level 1:colcon.colcon_core.package_identification:_identify(.) by extensions ['colcon_meta']
[6.773s] Level 1:colcon.colcon_core.package_identification:_identify(.) by extension 'colcon_meta'
[6.773s] Level 1:colcon.colcon_core.package_identification:_identify(.) by extensions ['ros']
[6.773s] Level 1:colcon.colcon_core.package_identification:_identify(.) by extension 'ros'
[7.137s] Level 1:colcon.colcon_core.package_identification:_identify(.) by extensions ['cmake', 'python']
[7.137s] Level 1:colcon.colcon_core.package_identification:_identify(.) by extension 'cmake'
[7.138s] Level 1:colcon.colcon_core.package_identification:_identify(.) by extension 'python'
[7.138s] Level 1:colcon.colcon_core.package_identification:_identify(.) by extensions ['python_setup_py']
[7.139s] Level 1:colcon.colcon_core.package_identification:_identify(.) by extension 'python_setup_py'
[7.140s] Level 1:colcon.colcon_core.package_identification:_identify(build) by extensions ['ignore', 'ignore_ament_install']
[7.140s] Level 1:colcon.colcon_core.package_identification:_identify(build) by extension 'ignore'
[7.140s] Level 1:colcon.colcon_core.package_identification:_identify(build) ignored
[7.141s] Level 1:colcon.colcon_core.package_identification:_identify(install) by extensions ['ignore', 'ignore_ament_install']
[7.142s] Level 1:colcon.colcon_core.package_identification:_identify(install) by extension 'ignore'
[7.142s] Level 1:colcon.colcon_core.package_identification:_identify(install) ignored
[7.143s] Level 1:colcon.colcon_core.package_identification:_identify(log) by extensions ['ignore', 'ignore_ament_install']
[7.144s] Level 1:colcon.colcon_core.package_identification:_identify(log) by extension 'ignore'
[7.144s] Level 1:colcon.colcon_core.package_identification:_identify(log) ignored
[7.145s] Level 1:colcon.colcon_core.package_identification:_identify(src) by extensions ['ignore', 'ignore_ament_install']
[7.145s] Level 1:colcon.colcon_core.package_identification:_identify(src) by extension 'ignore'
[7.146s] Level 1:colcon.colcon_core.package_identification:_identify(src) by extension 'ignore_ament_install'
[7.146s] Level 1:colcon.colcon_core.package_identification:_identify(src) by extensions ['colcon_pkg']
[7.146s] Level 1:colcon.colcon_core.package_identification:_identify(src) by extension 'colcon_pkg'
[7.147s] Level 1:colcon.colcon_core.package_identification:_identify(src) by extensions ['colcon_meta']
[7.147s] Level 1:colcon.colcon_core.package_identification:_identify(src) by extension 'colcon_meta'
[7.147s] Level 1:colcon.colcon_core.package_identification:_identify(src) by extensions ['ros']
[7.148s] Level 1:colcon.colcon_core.package_identification:_identify(src) by extension 'ros'
[7.148s] Level 1:colcon.colcon_core.package_identification:_identify(src) by extensions ['cmake', 'python']
[7.149s] Level 1:colcon.colcon_core.package_identification:_identify(src) by extension 'cmake'
[7.149s] Level 1:colcon.colcon_core.package_identification:_identify(src) by extension 'python'
[7.149s] Level 1:colcon.colcon_core.package_identification:_identify(src) by extensions ['python_setup_py']
[7.150s] Level 1:colcon.colcon_core.package_identification:_identify(src) by extension 'python_setup_py'
[7.150s] Level 1:colcon.colcon_core.package_identification:_identify(src/lidar_avoidance) by extensions ['ignore', 'ignore_ament_install']
[7.151s] Level 1:colcon.colcon_core.package_identification:_identify(src/lidar_avoidance) by extension 'ignore'
[7.151s] Level 1:colcon.colcon_core.package_identification:_identify(src/lidar_avoidance) by extension 'ignore_ament_install'
[7.152s] Level 1:colcon.colcon_core.package_identification:_identify(src/lidar_avoidance) by extensions ['colcon_pkg']
[7.152s] Level 1:colcon.colcon_core.package_identification:_identify(src/lidar_avoidance) by extension 'colcon_pkg'
[7.152s] Level 1:colcon.colcon_core.package_identification:_identify(src/lidar_avoidance) by extensions ['colcon_meta']
[7.152s] Level 1:colcon.colcon_core.package_identification:_identify(src/lidar_avoidance) by extension 'colcon_meta'
[7.153s] Level 1:colcon.colcon_core.package_identification:_identify(src/lidar_avoidance) by extensions ['ros']
[7.153s] Level 1:colcon.colcon_core.package_identification:_identify(src/lidar_avoidance) by extension 'ros'
[7.311s] DEBUG:colcon.colcon_core.package_identification:Package 'src/lidar_avoidance' with type 'ros.ament_python' and name 'lidar_avoidance'
[7.312s] Level 1:colcon.colcon_core.package_identification:_identify(src/livox_ros_driver2) by extensions ['ignore', 'ignore_ament_install']
[7.313s] Level 1:colcon.colcon_core.package_identification:_identify(src/livox_ros_driver2) by extension 'ignore'
[7.313s] Level 1:colcon.colcon_core.package_identification:_identify(src/livox_ros_driver2) by extension 'ignore_ament_install'
[7.314s] Level 1:colcon.colcon_core.package_identification:_identify(src/livox_ros_driver2) by extensions ['colcon_pkg']
[7.314s] Level 1:colcon.colcon_core.package_identification:_identify(src/livox_ros_driver2) by extension 'colcon_pkg'
[7.315s] Level 1:colcon.colcon_core.package_identification:_identify(src/livox_ros_driver2) by extensions ['colcon_meta']
[7.315s] Level 1:colcon.colcon_core.package_identification:_identify(src/livox_ros_driver2) by extension 'colcon_meta'
[7.315s] Level 1:colcon.colcon_core.package_identification:_identify(src/livox_ros_driver2) by extensions ['ros']
[7.316s] Level 1:colcon.colcon_core.package_identification:_identify(src/livox_ros_driver2) by extension 'ros'
[7.464s] DEBUG:colcon.colcon_core.package_identification:Package 'src/livox_ros_driver2' with type 'ros.ament_cmake' and name 'livox_ros_driver2'
[7.465s] Level 1:colcon.colcon_core.package_identification:_identify(src/train_control) by extensions ['ignore', 'ignore_ament_install']
[7.465s] Level 1:colcon.colcon_core.package_identification:_identify(src/train_control) by extension 'ignore'
[7.466s] Level 1:colcon.colcon_core.package_identification:_identify(src/train_control) by extension 'ignore_ament_install'
[7.466s] Level 1:colcon.colcon_core.package_identification:_identify(src/train_control) by extensions ['colcon_pkg']
[7.467s] Level 1:colcon.colcon_core.package_identification:_identify(src/train_control) by extension 'colcon_pkg'
[7.467s] Level 1:colcon.colcon_core.package_identification:_identify(src/train_control) by extensions ['colcon_meta']
[7.467s] Level 1:colcon.colcon_core.package_identification:_identify(src/train_control) by extension 'colcon_meta'
[7.468s] Level 1:colcon.colcon_core.package_identification:_identify(src/train_control) by extensions ['ros']
[7.468s] Level 1:colcon.colcon_core.package_identification:_identify(src/train_control) by extension 'ros'
[7.611s] DEBUG:colcon.colcon_core.package_identification:Package 'src/train_control' with type 'ros.ament_python' and name 'train_control'
[7.612s] Level 1:colcon.colcon_core.package_identification:_identify(src/train_vision) by extensions ['ignore', 'ignore_ament_install']
[7.613s] Level 1:colcon.colcon_core.package_identification:_identify(src/train_vision) by extension 'ignore'
[7.613s] Level 1:colcon.colcon_core.package_identification:_identify(src/train_vision) by extension 'ignore_ament_install'
[7.614s] Level 1:colcon.colcon_core.package_identification:_identify(src/train_vision) by extensions ['colcon_pkg']
[7.614s] Level 1:colcon.colcon_core.package_identification:_identify(src/train_vision) by extension 'colcon_pkg'
[7.614s] Level 1:colcon.colcon_core.package_identification:_identify(src/train_vision) by extensions ['colcon_meta']
[7.615s] Level 1:colcon.colcon_core.package_identification:_identify(src/train_vision) by extension 'colcon_meta'
[7.615s] Level 1:colcon.colcon_core.package_identification:_identify(src/train_vision) by extensions ['ros']
[7.615s] Level 1:colcon.colcon_core.package_identification:_identify(src/train_vision) by extension 'ros'
[7.621s] DEBUG:colcon.colcon_core.package_identification:Package 'src/train_vision' with type 'ros.ament_python' and name 'train_vision'
[7.621s] Level 1:colcon.colcon_core.package_discovery:discover_packages(recursive) using defaults
[7.622s] Level 1:colcon.colcon_core.package_discovery:discover_packages(ignore) discover
[7.622s] Level 1:colcon.colcon_core.package_discovery:discover_packages(ignore) using defaults
[7.622s] Level 1:colcon.colcon_core.package_discovery:discover_packages(path) discover
[7.622s] Level 1:colcon.colcon_core.package_discovery:discover_packages(path) using defaults
[8.342s] INFO:colcon.colcon_core.package_selection:Skipping not selected package 'livox_ros_driver2' in 'src/livox_ros_driver2'
[8.343s] INFO:colcon.colcon_core.package_selection:Skipping not selected package 'train_control' in 'src/train_control'
[8.343s] INFO:colcon.colcon_core.package_selection:Skipping not selected package 'lidar_avoidance' in 'src/lidar_avoidance'
[8.484s] Level 1:colcon.colcon_core.package_discovery:discover_packages(prefix_path) check parameters
[8.485s] Level 1:colcon.colcon_core.package_discovery:discover_packages(prefix_path) discover
[8.504s] DEBUG:colcon.colcon_installed_package_information.package_discovery:Found 4 installed packages in /home/jetson/ws_1/install
[8.518s] DEBUG:colcon.colcon_installed_package_information.package_discovery:Found 258 installed packages in /opt/ros/foxy
[8.529s] Level 1:colcon.colcon_core.package_discovery:discover_packages(prefix_path) using defaults
[9.409s] Level 5:colcon.colcon_core.verb:set package 'train_vision' build argument 'cmake_args' from command line to 'None'
[9.410s] Level 5:colcon.colcon_core.verb:set package 'train_vision' build argument 'cmake_target' from command line to 'None'
[9.410s] Level 5:colcon.colcon_core.verb:set package 'train_vision' build argument 'cmake_target_skip_unavailable' from command line to 'False'
[9.410s] Level 5:colcon.colcon_core.verb:set package 'train_vision' build argument 'cmake_clean_cache' from command line to 'False'
[9.411s] Level 5:colcon.colcon_core.verb:set package 'train_vision' build argument 'cmake_clean_first' from command line to 'False'
[9.411s] Level 5:colcon.colcon_core.verb:set package 'train_vision' build argument 'cmake_force_configure' from command line to 'False'
[9.411s] Level 5:colcon.colcon_core.verb:set package 'train_vision' build argument 'ament_cmake_args' from command line to 'None'
[9.411s] Level 5:colcon.colcon_core.verb:set package 'train_vision' build argument 'catkin_cmake_args' from command line to 'None'
[9.412s] Level 5:colcon.colcon_core.verb:set package 'train_vision' build argument 'catkin_skip_building_tests' from command line to 'False'
[9.412s] DEBUG:colcon.colcon_core.verb:Building package 'train_vision' with the following arguments: {'ament_cmake_args': None, 'build_base': '/home/jetson/ws_1/build/train_vision', 'catkin_cmake_args': None, 'catkin_skip_building_tests': False, 'cmake_args': None, 'cmake_clean_cache': False, 'cmake_clean_first': False, 'cmake_force_configure': False, 'cmake_target': None, 'cmake_target_skip_unavailable': False, 'install_base': '/home/jetson/ws_1/install/train_vision', 'merge_install': False, 'path': '/home/jetson/ws_1/src/train_vision', 'symlink_install': False, 'test_result_base': None}
[9.413s] INFO:colcon.colcon_core.executor:Executing jobs using 'parallel' executor
[9.419s] DEBUG:colcon.colcon_parallel_executor.executor.parallel:run_until_complete
[9.421s] INFO:colcon.colcon_ros.task.ament_python.build:Building ROS package in '/home/jetson/ws_1/src/train_vision' with build type 'ament_python'
[9.422s] Level 1:colcon.colcon_core.shell:create_environment_hook('train_vision', 'ament_prefix_path')
[9.587s] INFO:colcon.colcon_core.plugin_system:Skipping extension 'colcon_core.shell.bat': Not used on non-Windows systems
[9.588s] INFO:colcon.colcon_core.shell:Creating environment hook '/home/jetson/ws_1/install/train_vision/share/train_vision/hook/ament_prefix_path.ps1'
[9.593s] INFO:colcon.colcon_core.shell:Creating environment descriptor '/home/jetson/ws_1/install/train_vision/share/train_vision/hook/ament_prefix_path.dsv'
[9.597s] INFO:colcon.colcon_core.shell:Creating environment hook '/home/jetson/ws_1/install/train_vision/share/train_vision/hook/ament_prefix_path.sh'
[9.602s] INFO:colcon.colcon_core.shell:Skip shell extension 'powershell' for command environment: Not usable outside of PowerShell
[9.603s] DEBUG:colcon.colcon_core.shell:Skip shell extension 'dsv' for command environment
[11.883s] INFO:colcon.colcon_core.task.python.build:Building Python package in '/home/jetson/ws_1/src/train_vision'
[11.893s] INFO:colcon.colcon_core.shell:Skip shell extension 'powershell' for command environment: Not usable outside of PowerShell
[11.894s] DEBUG:colcon.colcon_core.shell:Skip shell extension 'dsv' for command environment
[17.614s] DEBUG:colcon.colcon_core.event_handler.log_command:Invoking command in '/home/jetson/ws_1/src/train_vision': PYTHONPATH=/home/jetson/ws_1/build/train_vision/prefix_override:/usr/lib/python3/dist-packages/colcon_core/task/python/colcon_distutils_commands:/home/jetson/ws_1/install/train_vision/lib/python3.8/site-packages:${PYTHONPATH} /usr/bin/python3 -W ignore:setup.py install is deprecated -W ignore:easy_install command is deprecated setup.py egg_info --egg-base ../../build/train_vision build --build-base /home/jetson/ws_1/build/train_vision/build install --record /home/jetson/ws_1/build/train_vision/install.log --install-scripts $base/lib/train_vision --single-version-externally-managed install_data
[20.483s] DEBUG:colcon.colcon_core.event_handler.log_command:Invoked command in '/home/jetson/ws_1/src/train_vision' returned '0': PYTHONPATH=/home/jetson/ws_1/build/train_vision/prefix_override:/usr/lib/python3/dist-packages/colcon_core/task/python/colcon_distutils_commands:/home/jetson/ws_1/install/train_vision/lib/python3.8/site-packages:${PYTHONPATH} /usr/bin/python3 -W ignore:setup.py install is deprecated -W ignore:easy_install command is deprecated setup.py egg_info --egg-base ../../build/train_vision build --build-base /home/jetson/ws_1/build/train_vision/build install --record /home/jetson/ws_1/build/train_vision/install.log --install-scripts $base/lib/train_vision --single-version-externally-managed install_data
[20.662s] Level 1:colcon.colcon_core.environment:checking '/home/jetson/ws_1/install/train_vision' for CMake module files
[20.666s] Level 1:colcon.colcon_core.environment:checking '/home/jetson/ws_1/install/train_vision' for CMake config files
[20.674s] Level 1:colcon.colcon_core.environment:checking '/home/jetson/ws_1/install/train_vision/lib'
[20.675s] Level 1:colcon.colcon_core.environment:checking '/home/jetson/ws_1/install/train_vision/bin'
[20.676s] Level 1:colcon.colcon_core.environment:checking '/home/jetson/ws_1/install/train_vision/lib/pkgconfig/train_vision.pc'
[20.678s] Level 1:colcon.colcon_core.environment:checking '/home/jetson/ws_1/install/train_vision/lib/python3.8/site-packages'
[20.679s] Level 1:colcon.colcon_core.shell:create_environment_hook('train_vision', 'pythonpath')
[20.680s] INFO:colcon.colcon_core.shell:Creating environment hook '/home/jetson/ws_1/install/train_vision/share/train_vision/hook/pythonpath.ps1'
[20.685s] INFO:colcon.colcon_core.shell:Creating environment descriptor '/home/jetson/ws_1/install/train_vision/share/train_vision/hook/pythonpath.dsv'
[20.690s] INFO:colcon.colcon_core.shell:Creating environment hook '/home/jetson/ws_1/install/train_vision/share/train_vision/hook/pythonpath.sh'
[20.694s] Level 1:colcon.colcon_core.environment:checking '/home/jetson/ws_1/install/train_vision/bin'
[20.695s] Level 1:colcon.colcon_core.environment:create_environment_scripts_only(train_vision)
[20.697s] INFO:colcon.colcon_core.shell:Creating package script '/home/jetson/ws_1/install/train_vision/share/train_vision/package.ps1'
[20.831s] INFO:colcon.colcon_core.shell:Creating package descriptor '/home/jetson/ws_1/install/train_vision/share/train_vision/package.dsv'
[20.836s] INFO:colcon.colcon_core.shell:Creating package script '/home/jetson/ws_1/install/train_vision/share/train_vision/package.sh'
[20.841s] INFO:colcon.colcon_core.shell:Creating package script '/home/jetson/ws_1/install/train_vision/share/train_vision/package.bash'
[20.847s] INFO:colcon.colcon_core.shell:Creating package script '/home/jetson/ws_1/install/train_vision/share/train_vision/package.zsh'
[20.853s] Level 1:colcon.colcon_core.environment:create_file_with_runtime_dependencies(/home/jetson/ws_1/install/train_vision/share/colcon-core/packages/train_vision)
[20.857s] DEBUG:colcon.colcon_parallel_executor.executor.parallel:closing loop
[20.859s] DEBUG:colcon.colcon_parallel_executor.executor.parallel:loop closed
[20.860s] DEBUG:colcon.colcon_parallel_executor.executor.parallel:run_until_complete finished with '0'
[20.861s] DEBUG:colcon.colcon_core.event_reactor:joining thread
[20.865s] DEBUG:colcon.colcon_core.event_reactor:joined thread
[20.866s] INFO:colcon.colcon_core.shell:Creating prefix script '/home/jetson/ws_1/install/local_setup.ps1'
[20.873s] INFO:colcon.colcon_core.shell:Creating prefix util module '/home/jetson/ws_1/install/_local_setup_util_ps1.py'
[20.883s] INFO:colcon.colcon_core.shell:Creating prefix chain script '/home/jetson/ws_1/install/setup.ps1'
[20.893s] INFO:colcon.colcon_core.shell:Creating prefix script '/home/jetson/ws_1/install/local_setup.sh'
[20.898s] INFO:colcon.colcon_core.shell:Creating prefix util module '/home/jetson/ws_1/install/_local_setup_util_sh.py'
[20.902s] INFO:colcon.colcon_core.shell:Creating prefix chain script '/home/jetson/ws_1/install/setup.sh'
[20.910s] INFO:colcon.colcon_core.shell:Creating prefix script '/home/jetson/ws_1/install/local_setup.bash'
[20.914s] INFO:colcon.colcon_core.shell:Creating prefix chain script '/home/jetson/ws_1/install/setup.bash'
[20.922s] INFO:colcon.colcon_core.shell:Creating prefix script '/home/jetson/ws_1/install/local_setup.zsh'
[20.925s] INFO:colcon.colcon_core.shell:Creating prefix chain script '/home/jetson/ws_1/install/setup.zsh'
