[8.797s] Invoking command in '/home/jetson/ws_1/build/train_bringup': PYTHONPATH=/home/jetson/ws_1/build/train_bringup/prefix_override:/usr/lib/python3/dist-packages/colcon_core/task/python/colcon_distutils_commands:/home/jetson/ws_1/install/train_bringup/lib/python3.8/site-packages:${PYTHONPATH} /usr/bin/python3 -W ignore:setup.py install is deprecated -W ignore:easy_install command is deprecated setup.py develop --editable --build-directory /home/jetson/ws_1/build/train_bringup/build --no-deps symlink_data --force
[10.684s] running develop
[11.954s] running egg_info
[11.955s] writing train_bringup.egg-info/PKG-INFO
[11.957s] writing dependency_links to train_bringup.egg-info/dependency_links.txt
[11.959s] writing entry points to train_bringup.egg-info/entry_points.txt
[11.961s] writing requirements to train_bringup.egg-info/requires.txt
[11.962s] writing top-level names to train_bringup.egg-info/top_level.txt
[12.217s] reading manifest file 'train_bringup.egg-info/SOURCES.txt'
[12.227s] writing manifest file 'train_bringup.egg-info/SOURCES.txt'
[12.533s] running build_ext
[12.536s] Creating /home/jetson/ws_1/install/train_bringup/lib/python3.8/site-packages/site.py
[12.555s] Creating /home/jetson/ws_1/install/train_bringup/lib/python3.8/site-packages/train-bringup.egg-link (link to .)
[12.561s] 
[12.562s] Installed /home/jetson/ws_1/build/train_bringup
[12.563s] running symlink_data
[12.563s] symbolically linking /home/jetson/ws_1/build/train_bringup/resource/train_bringup -> /home/jetson/ws_1/install/train_bringup/share/ament_index/resource_index/packages
[12.564s] symbolically linking /home/jetson/ws_1/build/train_bringup/package.xml -> /home/jetson/ws_1/install/train_bringup/share/train_bringup
[12.565s] symbolically linking /home/jetson/ws_1/build/train_bringup/launch/full_system.launch.py -> /home/jetson/ws_1/install/train_bringup/share/train_bringup/launch
[12.742s] Invoked command in '/home/jetson/ws_1/build/train_bringup' returned '0': PYTHONPATH=/home/jetson/ws_1/build/train_bringup/prefix_override:/usr/lib/python3/dist-packages/colcon_core/task/python/colcon_distutils_commands:/home/jetson/ws_1/install/train_bringup/lib/python3.8/site-packages:${PYTHONPATH} /usr/bin/python3 -W ignore:setup.py install is deprecated -W ignore:easy_install command is deprecated setup.py develop --editable --build-directory /home/jetson/ws_1/build/train_bringup/build --no-deps symlink_data --force
