[10.606s] Invoking command in '/home/jetson/ws_1/build/train_control': PYTHONPATH=/home/jetson/ws_1/build/train_control/prefix_override:/usr/lib/python3/dist-packages/colcon_core/task/python/colcon_distutils_commands:/home/jetson/ws_1/install/train_control/lib/python3.8/site-packages:${PYTHONPATH} /usr/bin/python3 -W ignore:setup.py install is deprecated -W ignore:easy_install command is deprecated setup.py develop --editable --build-directory /home/jetson/ws_1/build/train_control/build --no-deps symlink_data --force
[12.486s] running develop
[13.563s] running egg_info
[13.568s] writing train_control.egg-info/PKG-INFO
[13.618s] writing dependency_links to train_control.egg-info/dependency_links.txt
[13.704s] writing entry points to train_control.egg-info/entry_points.txt
[13.711s] writing requirements to train_control.egg-info/requires.txt
[13.717s] writing top-level names to train_control.egg-info/top_level.txt
[13.979s] reading manifest file 'train_control.egg-info/SOURCES.txt'
[13.980s] writing manifest file 'train_control.egg-info/SOURCES.txt'
[14.287s] running build_ext
[14.288s] Creating /home/jetson/ws_1/install/train_control/lib/python3.8/site-packages/train-control.egg-link (link to .)
[14.293s] Installing control_manager script to /home/jetson/ws_1/install/train_control/lib/train_control
[14.296s] Installing esp32_wifi script to /home/jetson/ws_1/install/train_control/lib/train_control
[14.299s] 
[14.300s] Installed /home/jetson/ws_1/build/train_control
[14.303s] running symlink_data
[14.308s] symbolically linking /home/jetson/ws_1/build/train_control/resource/train_control -> /home/jetson/ws_1/install/train_control/share/ament_index/resource_index/packages
[14.311s] symbolically linking /home/jetson/ws_1/build/train_control/package.xml -> /home/jetson/ws_1/install/train_control/share/train_control
[14.314s] symbolically linking /home/jetson/ws_1/build/train_control/launch/train_sim.launch.py -> /home/jetson/ws_1/install/train_control/share/train_control/launch
[14.661s] Invoked command in '/home/jetson/ws_1/build/train_control' returned '0': PYTHONPATH=/home/jetson/ws_1/build/train_control/prefix_override:/usr/lib/python3/dist-packages/colcon_core/task/python/colcon_distutils_commands:/home/jetson/ws_1/install/train_control/lib/python3.8/site-packages:${PYTHONPATH} /usr/bin/python3 -W ignore:setup.py install is deprecated -W ignore:easy_install command is deprecated setup.py develop --editable --build-directory /home/jetson/ws_1/build/train_control/build --no-deps symlink_data --force
