[1.321s] DEBUG:colcon:Command line arguments: ['/usr/bin/colcon', 'build', '--packages-select', 'train_bringup']
[1.322s] DEBUG:colcon:Parsed command line arguments: Namespace(allow_overriding=[], ament_cmake_args=None, base_paths=['.'], build_base='build', catkin_cmake_args=None, catkin_skip_building_tests=False, cmake_args=None, cmake_clean_cache=False, cmake_clean_first=False, cmake_force_configure=False, cmake_target=None, cmake_target_skip_unavailable=False, continue_on_error=False, event_handlers=None, executor='parallel', ignore_user_meta=False, install_base='install', log_base=None, log_level=None, main=<bound method BuildVerb.main of <colcon_core.verb.build.BuildVerb object at 0xffffb7f7db50>>, merge_install=False, metas=['./colcon.meta'], mixin=None, mixin_files=None, mixin_verb=('build',), packages_above=None, packages_above_and_dependencies=None, packages_above_depth=None, packages_end=None, packages_ignore=None, packages_ignore_regex=None, packages_select=['train_bringup'], packages_select_build_failed=False, packages_select_by_dep=None, packages_select_regex=None, packages_select_test_failures=False, packages_skip=None, packages_skip_build_finished=False, packages_skip_by_dep=None, packages_skip_regex=None, packages_skip_test_passed=False, packages_skip_up_to=None, packages_start=None, packages_up_to=None, packages_up_to_regex=None, parallel_workers=6, paths=None, symlink_install=False, test_result_base=None, verb_extension=<colcon_core.verb.build.BuildVerb object at 0xffffb7f7db50>, verb_name='build', verb_parser=<colcon_mixin.mixin.mixin_argument.MixinArgumentDecorator object at 0xffffb7f38af0>)
[2.482s] Level 1:colcon.colcon_core.package_discovery:discover_packages(colcon_meta) check parameters
[2.482s] Level 1:colcon.colcon_core.package_discovery:discover_packages(recursive) check parameters
[2.483s] Level 1:colcon.colcon_core.package_discovery:discover_packages(ignore) check parameters
[2.483s] Level 1:colcon.colcon_core.package_discovery:discover_packages(path) check parameters
[2.483s] Level 1:colcon.colcon_core.package_discovery:discover_packages(colcon_meta) discover
[2.484s] Level 1:colcon.colcon_core.package_discovery:discover_packages(recursive) discover
[2.484s] INFO:colcon.colcon_core.package_discovery:Crawling recursively for packages in '/home/jetson/ws_1'
[2.485s] Level 1:colcon.colcon_core.package_identification:_identify(.) by extensions ['ignore', 'ignore_ament_install']
[2.485s] Level 1:colcon.colcon_core.package_identification:_identify(.) by extension 'ignore'
[2.486s] Level 1:colcon.colcon_core.package_identification:_identify(.) by extension 'ignore_ament_install'
[2.486s] Level 1:colcon.colcon_core.package_identification:_identify(.) by extensions ['colcon_pkg']
[2.486s] Level 1:colcon.colcon_core.package_identification:_identify(.) by extension 'colcon_pkg'
[2.487s] Level 1:colcon.colcon_core.package_identification:_identify(.) by extensions ['colcon_meta']
[2.487s] Level 1:colcon.colcon_core.package_identification:_identify(.) by extension 'colcon_meta'
[2.487s] Level 1:colcon.colcon_core.package_identification:_identify(.) by extensions ['ros']
[2.487s] Level 1:colcon.colcon_core.package_identification:_identify(.) by extension 'ros'
[2.562s] Level 1:colcon.colcon_core.package_identification:_identify(.) by extensions ['cmake', 'python']
[2.562s] Level 1:colcon.colcon_core.package_identification:_identify(.) by extension 'cmake'
[2.563s] Level 1:colcon.colcon_core.package_identification:_identify(.) by extension 'python'
[2.563s] Level 1:colcon.colcon_core.package_identification:_identify(.) by extensions ['python_setup_py']
[2.563s] Level 1:colcon.colcon_core.package_identification:_identify(.) by extension 'python_setup_py'
[2.564s] Level 1:colcon.colcon_core.package_identification:_identify(build) by extensions ['ignore', 'ignore_ament_install']
[2.565s] Level 1:colcon.colcon_core.package_identification:_identify(build) by extension 'ignore'
[2.565s] Level 1:colcon.colcon_core.package_identification:_identify(build) ignored
[2.566s] Level 1:colcon.colcon_core.package_identification:_identify(install) by extensions ['ignore', 'ignore_ament_install']
[2.566s] Level 1:colcon.colcon_core.package_identification:_identify(install) by extension 'ignore'
[2.567s] Level 1:colcon.colcon_core.package_identification:_identify(install) ignored
[2.568s] Level 1:colcon.colcon_core.package_identification:_identify(log) by extensions ['ignore', 'ignore_ament_install']
[2.568s] Level 1:colcon.colcon_core.package_identification:_identify(log) by extension 'ignore'
[2.569s] Level 1:colcon.colcon_core.package_identification:_identify(log) ignored
[2.569s] Level 1:colcon.colcon_core.package_identification:_identify(src) by extensions ['ignore', 'ignore_ament_install']
[2.570s] Level 1:colcon.colcon_core.package_identification:_identify(src) by extension 'ignore'
[2.570s] Level 1:colcon.colcon_core.package_identification:_identify(src) by extension 'ignore_ament_install'
[2.571s] Level 1:colcon.colcon_core.package_identification:_identify(src) by extensions ['colcon_pkg']
[2.571s] Level 1:colcon.colcon_core.package_identification:_identify(src) by extension 'colcon_pkg'
[2.571s] Level 1:colcon.colcon_core.package_identification:_identify(src) by extensions ['colcon_meta']
[2.571s] Level 1:colcon.colcon_core.package_identification:_identify(src) by extension 'colcon_meta'
[2.572s] Level 1:colcon.colcon_core.package_identification:_identify(src) by extensions ['ros']
[2.572s] Level 1:colcon.colcon_core.package_identification:_identify(src) by extension 'ros'
[2.573s] Level 1:colcon.colcon_core.package_identification:_identify(src) by extensions ['cmake', 'python']
[2.573s] Level 1:colcon.colcon_core.package_identification:_identify(src) by extension 'cmake'
[2.573s] Level 1:colcon.colcon_core.package_identification:_identify(src) by extension 'python'
[2.573s] Level 1:colcon.colcon_core.package_identification:_identify(src) by extensions ['python_setup_py']
[2.574s] Level 1:colcon.colcon_core.package_identification:_identify(src) by extension 'python_setup_py'
[2.574s] Level 1:colcon.colcon_core.package_identification:_identify(src/lidar_avoidance) by extensions ['ignore', 'ignore_ament_install']
[2.575s] Level 1:colcon.colcon_core.package_identification:_identify(src/lidar_avoidance) by extension 'ignore'
[2.575s] Level 1:colcon.colcon_core.package_identification:_identify(src/lidar_avoidance) by extension 'ignore_ament_install'
[2.576s] Level 1:colcon.colcon_core.package_identification:_identify(src/lidar_avoidance) by extensions ['colcon_pkg']
[2.576s] Level 1:colcon.colcon_core.package_identification:_identify(src/lidar_avoidance) by extension 'colcon_pkg'
[2.576s] Level 1:colcon.colcon_core.package_identification:_identify(src/lidar_avoidance) by extensions ['colcon_meta']
[2.576s] Level 1:colcon.colcon_core.package_identification:_identify(src/lidar_avoidance) by extension 'colcon_meta'
[2.577s] Level 1:colcon.colcon_core.package_identification:_identify(src/lidar_avoidance) by extensions ['ros']
[2.577s] Level 1:colcon.colcon_core.package_identification:_identify(src/lidar_avoidance) by extension 'ros'
[2.591s] DEBUG:colcon.colcon_core.package_identification:Package 'src/lidar_avoidance' with type 'ros.ament_python' and name 'lidar_avoidance'
[2.593s] Level 1:colcon.colcon_core.package_identification:_identify(src/livox_ros_driver2) by extensions ['ignore', 'ignore_ament_install']
[2.594s] Level 1:colcon.colcon_core.package_identification:_identify(src/livox_ros_driver2) by extension 'ignore'
[2.594s] Level 1:colcon.colcon_core.package_identification:_identify(src/livox_ros_driver2) by extension 'ignore_ament_install'
[2.595s] Level 1:colcon.colcon_core.package_identification:_identify(src/livox_ros_driver2) by extensions ['colcon_pkg']
[2.595s] Level 1:colcon.colcon_core.package_identification:_identify(src/livox_ros_driver2) by extension 'colcon_pkg'
[2.595s] Level 1:colcon.colcon_core.package_identification:_identify(src/livox_ros_driver2) by extensions ['colcon_meta']
[2.595s] Level 1:colcon.colcon_core.package_identification:_identify(src/livox_ros_driver2) by extension 'colcon_meta'
[2.596s] Level 1:colcon.colcon_core.package_identification:_identify(src/livox_ros_driver2) by extensions ['ros']
[2.597s] Level 1:colcon.colcon_core.package_identification:_identify(src/livox_ros_driver2) by extension 'ros'
[2.604s] DEBUG:colcon.colcon_core.package_identification:Package 'src/livox_ros_driver2' with type 'ros.ament_cmake' and name 'livox_ros_driver2'
[2.605s] Level 1:colcon.colcon_core.package_identification:_identify(src/train_bringup) by extensions ['ignore', 'ignore_ament_install']
[2.606s] Level 1:colcon.colcon_core.package_identification:_identify(src/train_bringup) by extension 'ignore'
[2.606s] Level 1:colcon.colcon_core.package_identification:_identify(src/train_bringup) by extension 'ignore_ament_install'
[2.606s] Level 1:colcon.colcon_core.package_identification:_identify(src/train_bringup) by extensions ['colcon_pkg']
[2.607s] Level 1:colcon.colcon_core.package_identification:_identify(src/train_bringup) by extension 'colcon_pkg'
[2.607s] Level 1:colcon.colcon_core.package_identification:_identify(src/train_bringup) by extensions ['colcon_meta']
[2.607s] Level 1:colcon.colcon_core.package_identification:_identify(src/train_bringup) by extension 'colcon_meta'
[2.607s] Level 1:colcon.colcon_core.package_identification:_identify(src/train_bringup) by extensions ['ros']
[2.608s] Level 1:colcon.colcon_core.package_identification:_identify(src/train_bringup) by extension 'ros'
[2.611s] DEBUG:colcon.colcon_core.package_identification:Package 'src/train_bringup' with type 'ros.ament_python' and name 'train_bringup'
[2.612s] Level 1:colcon.colcon_core.package_identification:_identify(src/train_control) by extensions ['ignore', 'ignore_ament_install']
[2.612s] Level 1:colcon.colcon_core.package_identification:_identify(src/train_control) by extension 'ignore'
[2.613s] Level 1:colcon.colcon_core.package_identification:_identify(src/train_control) by extension 'ignore_ament_install'
[2.613s] Level 1:colcon.colcon_core.package_identification:_identify(src/train_control) by extensions ['colcon_pkg']
[2.613s] Level 1:colcon.colcon_core.package_identification:_identify(src/train_control) by extension 'colcon_pkg'
[2.613s] Level 1:colcon.colcon_core.package_identification:_identify(src/train_control) by extensions ['colcon_meta']
[2.614s] Level 1:colcon.colcon_core.package_identification:_identify(src/train_control) by extension 'colcon_meta'
[2.614s] Level 1:colcon.colcon_core.package_identification:_identify(src/train_control) by extensions ['ros']
[2.614s] Level 1:colcon.colcon_core.package_identification:_identify(src/train_control) by extension 'ros'
[2.619s] DEBUG:colcon.colcon_core.package_identification:Package 'src/train_control' with type 'ros.ament_python' and name 'train_control'
[2.620s] Level 1:colcon.colcon_core.package_identification:_identify(src/train_vision) by extensions ['ignore', 'ignore_ament_install']
[2.620s] Level 1:colcon.colcon_core.package_identification:_identify(src/train_vision) by extension 'ignore'
[2.620s] Level 1:colcon.colcon_core.package_identification:_identify(src/train_vision) by extension 'ignore_ament_install'
[2.621s] Level 1:colcon.colcon_core.package_identification:_identify(src/train_vision) by extensions ['colcon_pkg']
[2.621s] Level 1:colcon.colcon_core.package_identification:_identify(src/train_vision) by extension 'colcon_pkg'
[2.621s] Level 1:colcon.colcon_core.package_identification:_identify(src/train_vision) by extensions ['colcon_meta']
[2.622s] Level 1:colcon.colcon_core.package_identification:_identify(src/train_vision) by extension 'colcon_meta'
[2.622s] Level 1:colcon.colcon_core.package_identification:_identify(src/train_vision) by extensions ['ros']
[2.622s] Level 1:colcon.colcon_core.package_identification:_identify(src/train_vision) by extension 'ros'
[2.628s] DEBUG:colcon.colcon_core.package_identification:Package 'src/train_vision' with type 'ros.ament_python' and name 'train_vision'
[2.628s] Level 1:colcon.colcon_core.package_discovery:discover_packages(recursive) using defaults
[2.628s] Level 1:colcon.colcon_core.package_discovery:discover_packages(ignore) discover
[2.629s] Level 1:colcon.colcon_core.package_discovery:discover_packages(ignore) using defaults
[2.629s] Level 1:colcon.colcon_core.package_discovery:discover_packages(path) discover
[2.629s] Level 1:colcon.colcon_core.package_discovery:discover_packages(path) using defaults
[2.772s] INFO:colcon.colcon_core.package_selection:Skipping not selected package 'livox_ros_driver2' in 'src/livox_ros_driver2'
[2.773s] INFO:colcon.colcon_core.package_selection:Skipping not selected package 'train_control' in 'src/train_control'
[2.773s] INFO:colcon.colcon_core.package_selection:Skipping not selected package 'train_vision' in 'src/train_vision'
[2.773s] INFO:colcon.colcon_core.package_selection:Skipping not selected package 'lidar_avoidance' in 'src/lidar_avoidance'
[2.776s] Level 1:colcon.colcon_core.package_discovery:discover_packages(prefix_path) check parameters
[2.776s] Level 1:colcon.colcon_core.package_discovery:discover_packages(prefix_path) discover
[2.791s] DEBUG:colcon.colcon_installed_package_information.package_discovery:Found 4 installed packages in /home/jetson/ws_1/install
[2.805s] DEBUG:colcon.colcon_installed_package_information.package_discovery:Found 258 installed packages in /opt/ros/foxy
[2.816s] Level 1:colcon.colcon_core.package_discovery:discover_packages(prefix_path) using defaults
[3.236s] Level 5:colcon.colcon_core.verb:set package 'train_bringup' build argument 'cmake_args' from command line to 'None'
[3.237s] Level 5:colcon.colcon_core.verb:set package 'train_bringup' build argument 'cmake_target' from command line to 'None'
[3.237s] Level 5:colcon.colcon_core.verb:set package 'train_bringup' build argument 'cmake_target_skip_unavailable' from command line to 'False'
[3.237s] Level 5:colcon.colcon_core.verb:set package 'train_bringup' build argument 'cmake_clean_cache' from command line to 'False'
[3.237s] Level 5:colcon.colcon_core.verb:set package 'train_bringup' build argument 'cmake_clean_first' from command line to 'False'
[3.238s] Level 5:colcon.colcon_core.verb:set package 'train_bringup' build argument 'cmake_force_configure' from command line to 'False'
[3.238s] Level 5:colcon.colcon_core.verb:set package 'train_bringup' build argument 'ament_cmake_args' from command line to 'None'
[3.238s] Level 5:colcon.colcon_core.verb:set package 'train_bringup' build argument 'catkin_cmake_args' from command line to 'None'
[3.238s] Level 5:colcon.colcon_core.verb:set package 'train_bringup' build argument 'catkin_skip_building_tests' from command line to 'False'
[3.239s] DEBUG:colcon.colcon_core.verb:Building package 'train_bringup' with the following arguments: {'ament_cmake_args': None, 'build_base': '/home/jetson/ws_1/build/train_bringup', 'catkin_cmake_args': None, 'catkin_skip_building_tests': False, 'cmake_args': None, 'cmake_clean_cache': False, 'cmake_clean_first': False, 'cmake_force_configure': False, 'cmake_target': None, 'cmake_target_skip_unavailable': False, 'install_base': '/home/jetson/ws_1/install/train_bringup', 'merge_install': False, 'path': '/home/jetson/ws_1/src/train_bringup', 'symlink_install': False, 'test_result_base': None}
[3.240s] INFO:colcon.colcon_core.executor:Executing jobs using 'parallel' executor
[3.245s] DEBUG:colcon.colcon_parallel_executor.executor.parallel:run_until_complete
[3.247s] INFO:colcon.colcon_ros.task.ament_python.build:Building ROS package in '/home/jetson/ws_1/src/train_bringup' with build type 'ament_python'
[3.248s] Level 1:colcon.colcon_core.shell:create_environment_hook('train_bringup', 'ament_prefix_path')
[3.264s] INFO:colcon.colcon_core.plugin_system:Skipping extension 'colcon_core.shell.bat': Not used on non-Windows systems
[3.265s] INFO:colcon.colcon_core.shell:Creating environment hook '/home/jetson/ws_1/install/train_bringup/share/train_bringup/hook/ament_prefix_path.ps1'
[3.269s] INFO:colcon.colcon_core.shell:Creating environment descriptor '/home/jetson/ws_1/install/train_bringup/share/train_bringup/hook/ament_prefix_path.dsv'
[3.272s] INFO:colcon.colcon_core.shell:Creating environment hook '/home/jetson/ws_1/install/train_bringup/share/train_bringup/hook/ament_prefix_path.sh'
[3.277s] INFO:colcon.colcon_core.shell:Skip shell extension 'powershell' for command environment: Not usable outside of PowerShell
[3.277s] DEBUG:colcon.colcon_core.shell:Skip shell extension 'dsv' for command environment
[5.059s] INFO:colcon.colcon_core.task.python.build:Building Python package in '/home/jetson/ws_1/src/train_bringup'
[5.068s] INFO:colcon.colcon_core.shell:Skip shell extension 'powershell' for command environment: Not usable outside of PowerShell
[5.068s] DEBUG:colcon.colcon_core.shell:Skip shell extension 'dsv' for command environment
[7.879s] DEBUG:colcon.colcon_core.event_handler.log_command:Invoking command in '/home/jetson/ws_1/src/train_bringup': PYTHONPATH=/home/jetson/ws_1/build/train_bringup/prefix_override:/usr/lib/python3/dist-packages/colcon_core/task/python/colcon_distutils_commands:/home/jetson/ws_1/install/train_bringup/lib/python3.8/site-packages:${PYTHONPATH} /usr/bin/python3 -W ignore:setup.py install is deprecated -W ignore:easy_install command is deprecated setup.py egg_info --egg-base ../../build/train_bringup build --build-base /home/jetson/ws_1/build/train_bringup/build install --record /home/jetson/ws_1/build/train_bringup/install.log --install-scripts $base/lib/train_bringup --single-version-externally-managed install_data
[10.025s] DEBUG:colcon.colcon_core.event_handler.log_command:Invoked command in '/home/jetson/ws_1/src/train_bringup' returned '0': PYTHONPATH=/home/jetson/ws_1/build/train_bringup/prefix_override:/usr/lib/python3/dist-packages/colcon_core/task/python/colcon_distutils_commands:/home/jetson/ws_1/install/train_bringup/lib/python3.8/site-packages:${PYTHONPATH} /usr/bin/python3 -W ignore:setup.py install is deprecated -W ignore:easy_install command is deprecated setup.py egg_info --egg-base ../../build/train_bringup build --build-base /home/jetson/ws_1/build/train_bringup/build install --record /home/jetson/ws_1/build/train_bringup/install.log --install-scripts $base/lib/train_bringup --single-version-externally-managed install_data
[10.049s] Level 1:colcon.colcon_core.environment:checking '/home/jetson/ws_1/install/train_bringup' for CMake module files
[10.053s] Level 1:colcon.colcon_core.environment:checking '/home/jetson/ws_1/install/train_bringup' for CMake config files
[10.061s] Level 1:colcon.colcon_core.environment:checking '/home/jetson/ws_1/install/train_bringup/lib'
[10.062s] Level 1:colcon.colcon_core.environment:checking '/home/jetson/ws_1/install/train_bringup/bin'
[10.063s] Level 1:colcon.colcon_core.environment:checking '/home/jetson/ws_1/install/train_bringup/lib/pkgconfig/train_bringup.pc'
[10.065s] Level 1:colcon.colcon_core.environment:checking '/home/jetson/ws_1/install/train_bringup/lib/python3.8/site-packages'
[10.066s] Level 1:colcon.colcon_core.shell:create_environment_hook('train_bringup', 'pythonpath')
[10.067s] INFO:colcon.colcon_core.shell:Creating environment hook '/home/jetson/ws_1/install/train_bringup/share/train_bringup/hook/pythonpath.ps1'
[10.072s] INFO:colcon.colcon_core.shell:Creating environment descriptor '/home/jetson/ws_1/install/train_bringup/share/train_bringup/hook/pythonpath.dsv'
[10.074s] INFO:colcon.colcon_core.shell:Creating environment hook '/home/jetson/ws_1/install/train_bringup/share/train_bringup/hook/pythonpath.sh'
[10.078s] Level 1:colcon.colcon_core.environment:checking '/home/jetson/ws_1/install/train_bringup/bin'
[10.078s] Level 1:colcon.colcon_core.environment:create_environment_scripts_only(train_bringup)
[10.080s] INFO:colcon.colcon_core.shell:Creating package script '/home/jetson/ws_1/install/train_bringup/share/train_bringup/package.ps1'
[10.087s] INFO:colcon.colcon_core.shell:Creating package descriptor '/home/jetson/ws_1/install/train_bringup/share/train_bringup/package.dsv'
[10.090s] INFO:colcon.colcon_core.shell:Creating package script '/home/jetson/ws_1/install/train_bringup/share/train_bringup/package.sh'
[10.094s] INFO:colcon.colcon_core.shell:Creating package script '/home/jetson/ws_1/install/train_bringup/share/train_bringup/package.bash'
[10.100s] INFO:colcon.colcon_core.shell:Creating package script '/home/jetson/ws_1/install/train_bringup/share/train_bringup/package.zsh'
[10.104s] Level 1:colcon.colcon_core.environment:create_file_with_runtime_dependencies(/home/jetson/ws_1/install/train_bringup/share/colcon-core/packages/train_bringup)
[10.108s] DEBUG:colcon.colcon_parallel_executor.executor.parallel:closing loop
[10.110s] DEBUG:colcon.colcon_parallel_executor.executor.parallel:loop closed
[10.111s] DEBUG:colcon.colcon_parallel_executor.executor.parallel:run_until_complete finished with '0'
[10.112s] DEBUG:colcon.colcon_core.event_reactor:joining thread
[10.118s] DEBUG:colcon.colcon_core.event_reactor:joined thread
[10.120s] INFO:colcon.colcon_core.shell:Creating prefix script '/home/jetson/ws_1/install/local_setup.ps1'
[10.125s] INFO:colcon.colcon_core.shell:Creating prefix util module '/home/jetson/ws_1/install/_local_setup_util_ps1.py'
[10.139s] INFO:colcon.colcon_core.shell:Creating prefix chain script '/home/jetson/ws_1/install/setup.ps1'
[10.147s] INFO:colcon.colcon_core.shell:Creating prefix script '/home/jetson/ws_1/install/local_setup.sh'
[10.151s] INFO:colcon.colcon_core.shell:Creating prefix util module '/home/jetson/ws_1/install/_local_setup_util_sh.py'
[10.155s] INFO:colcon.colcon_core.shell:Creating prefix chain script '/home/jetson/ws_1/install/setup.sh'
[10.163s] INFO:colcon.colcon_core.shell:Creating prefix script '/home/jetson/ws_1/install/local_setup.bash'
[10.166s] INFO:colcon.colcon_core.shell:Creating prefix chain script '/home/jetson/ws_1/install/setup.bash'
[10.173s] INFO:colcon.colcon_core.shell:Creating prefix script '/home/jetson/ws_1/install/local_setup.zsh'
[10.176s] INFO:colcon.colcon_core.shell:Creating prefix chain script '/home/jetson/ws_1/install/setup.zsh'
