[1.760s] Invoking command in '/home/jetson/ws_1/build/livox_ros_driver2': CMAKE_PREFIX_PATH=${CMAKE_PREFIX_PATH}:/home/jetson/ws_1/install/lidar_avoidance:/opt/ros/foxy /usr/bin/cmake --build /home/jetson/ws_1/build/livox_ros_driver2 -- -j6 -l6
[2.333s] [  1%] Built target livox_interfaces2__cpp
[2.366s] [  8%] Built target livox_interfaces2__rosidl_generator_c
[2.420s] [ 12%] Built target livox_ros_driver2_node
[2.582s] [ 19%] Built target livox_interfaces2__rosidl_typesupport_introspection_cpp
[2.601s] [ 26%] Built target livox_interfaces2__rosidl_typesupport_cpp
[2.625s] [ 33%] Built target livox_interfaces2__rosidl_typesupport_fastrtps_cpp
[2.647s] [ 40%] Built target livox_interfaces2__rosidl_typesupport_c
[2.667s] [ 47%] Built target livox_interfaces2__rosidl_typesupport_introspection_c
[2.882s] [ 54%] Built target livox_interfaces2__rosidl_typesupport_fastrtps_c
[3.089s] [ 54%] Built target livox_interfaces2
[3.320s] [ 56%] Built target livox_interfaces2__py
[3.639s] [ 70%] Built target livox_interfaces2__python
[3.642s] [ 89%] Built target livox_ros_driver2
[3.884s] [ 92%] Built target livox_ros_driver2__rosidl_typesupport_c__pyext
[3.891s] [ 96%] Built target livox_ros_driver2__rosidl_typesupport_introspection_c__pyext
[3.899s] [100%] Built target livox_ros_driver2__rosidl_typesupport_fastrtps_c__pyext
[4.186s] Invoked command in '/home/jetson/ws_1/build/livox_ros_driver2' returned '0': CMAKE_PREFIX_PATH=${CMAKE_PREFIX_PATH}:/home/jetson/ws_1/install/lidar_avoidance:/opt/ros/foxy /usr/bin/cmake --build /home/jetson/ws_1/build/livox_ros_driver2 -- -j6 -l6
[4.311s] Invoking command in '/home/jetson/ws_1/build/livox_ros_driver2': CMAKE_PREFIX_PATH=${CMAKE_PREFIX_PATH}:/home/jetson/ws_1/install/lidar_avoidance:/opt/ros/foxy /usr/bin/cmake --install /home/jetson/ws_1/build/livox_ros_driver2
[4.395s] -- Install configuration: ""
[4.396s] -- Up-to-date: /home/jetson/ws_1/install/livox_ros_driver2/share/ament_index/resource_index/rosidl_interfaces/livox_ros_driver2
[4.404s] -- Up-to-date: /home/jetson/ws_1/install/livox_ros_driver2/include/livox_ros_driver2
[4.404s] -- Up-to-date: /home/jetson/ws_1/install/livox_ros_driver2/include/livox_ros_driver2/msg
[4.405s] -- Up-to-date: /home/jetson/ws_1/install/livox_ros_driver2/include/livox_ros_driver2/msg/rosidl_generator_c__visibility_control.h
[4.406s] -- Up-to-date: /home/jetson/ws_1/install/livox_ros_driver2/include/livox_ros_driver2/msg/custom_msg.h
[4.406s] -- Up-to-date: /home/jetson/ws_1/install/livox_ros_driver2/include/livox_ros_driver2/msg/custom_point.h
[4.407s] -- Up-to-date: /home/jetson/ws_1/install/livox_ros_driver2/include/livox_ros_driver2/msg/detail
[4.408s] -- Up-to-date: /home/jetson/ws_1/install/livox_ros_driver2/include/livox_ros_driver2/msg/detail/custom_point__functions.c
[4.408s] -- Up-to-date: /home/jetson/ws_1/install/livox_ros_driver2/include/livox_ros_driver2/msg/detail/custom_msg__struct.h
[4.409s] -- Up-to-date: /home/jetson/ws_1/install/livox_ros_driver2/include/livox_ros_driver2/msg/detail/custom_msg__functions.c
[4.410s] -- Up-to-date: /home/jetson/ws_1/install/livox_ros_driver2/include/livox_ros_driver2/msg/detail/custom_point__type_support.h
[4.411s] -- Up-to-date: /home/jetson/ws_1/install/livox_ros_driver2/include/livox_ros_driver2/msg/detail/custom_point__functions.h
[4.411s] -- Up-to-date: /home/jetson/ws_1/install/livox_ros_driver2/include/livox_ros_driver2/msg/detail/custom_point__struct.h
[4.413s] -- Up-to-date: /home/jetson/ws_1/install/livox_ros_driver2/include/livox_ros_driver2/msg/detail/custom_msg__type_support.h
[4.414s] -- Up-to-date: /home/jetson/ws_1/install/livox_ros_driver2/include/livox_ros_driver2/msg/detail/custom_msg__functions.h
[4.415s] -- Up-to-date: /home/jetson/ws_1/install/livox_ros_driver2/share/livox_ros_driver2/environment/library_path.sh
[4.416s] -- Up-to-date: /home/jetson/ws_1/install/livox_ros_driver2/share/livox_ros_driver2/environment/library_path.dsv
[4.416s] -- Up-to-date: /home/jetson/ws_1/install/livox_ros_driver2/lib/liblivox_ros_driver2__rosidl_generator_c.so
[4.417s] -- Up-to-date: /home/jetson/ws_1/install/livox_ros_driver2/include/livox_ros_driver2
[4.418s] -- Up-to-date: /home/jetson/ws_1/install/livox_ros_driver2/include/livox_ros_driver2/msg
[4.419s] -- Up-to-date: /home/jetson/ws_1/install/livox_ros_driver2/include/livox_ros_driver2/msg/rosidl_typesupport_fastrtps_c__visibility_control.h
[4.420s] -- Up-to-date: /home/jetson/ws_1/install/livox_ros_driver2/include/livox_ros_driver2/msg/detail
[4.420s] -- Up-to-date: /home/jetson/ws_1/install/livox_ros_driver2/include/livox_ros_driver2/msg/detail/custom_point__rosidl_typesupport_fastrtps_c.h
[4.421s] -- Up-to-date: /home/jetson/ws_1/install/livox_ros_driver2/include/livox_ros_driver2/msg/detail/custom_msg__rosidl_typesupport_fastrtps_c.h
[4.422s] -- Up-to-date: /home/jetson/ws_1/install/livox_ros_driver2/lib/liblivox_ros_driver2__rosidl_typesupport_fastrtps_c.so
[4.425s] -- Up-to-date: /home/jetson/ws_1/install/livox_ros_driver2/include/livox_ros_driver2
[4.427s] -- Up-to-date: /home/jetson/ws_1/install/livox_ros_driver2/include/livox_ros_driver2/msg
[4.428s] -- Up-to-date: /home/jetson/ws_1/install/livox_ros_driver2/include/livox_ros_driver2/msg/rosidl_typesupport_fastrtps_cpp__visibility_control.h
[4.428s] -- Up-to-date: /home/jetson/ws_1/install/livox_ros_driver2/include/livox_ros_driver2/msg/detail
[4.429s] -- Up-to-date: /home/jetson/ws_1/install/livox_ros_driver2/include/livox_ros_driver2/msg/detail/custom_point__rosidl_typesupport_fastrtps_cpp.hpp
[4.430s] -- Up-to-date: /home/jetson/ws_1/install/livox_ros_driver2/include/livox_ros_driver2/msg/detail/custom_msg__rosidl_typesupport_fastrtps_cpp.hpp
[4.431s] -- Up-to-date: /home/jetson/ws_1/install/livox_ros_driver2/include/livox_ros_driver2/msg/detail/dds_fastrtps
[4.431s] -- Up-to-date: /home/jetson/ws_1/install/livox_ros_driver2/lib/liblivox_ros_driver2__rosidl_typesupport_fastrtps_cpp.so
[4.436s] -- Up-to-date: /home/jetson/ws_1/install/livox_ros_driver2/include/livox_ros_driver2
[4.439s] -- Up-to-date: /home/jetson/ws_1/install/livox_ros_driver2/include/livox_ros_driver2/msg
[4.440s] -- Up-to-date: /home/jetson/ws_1/install/livox_ros_driver2/include/livox_ros_driver2/msg/rosidl_typesupport_introspection_c__visibility_control.h
[4.441s] -- Up-to-date: /home/jetson/ws_1/install/livox_ros_driver2/include/livox_ros_driver2/msg/detail
[4.442s] -- Up-to-date: /home/jetson/ws_1/install/livox_ros_driver2/include/livox_ros_driver2/msg/detail/custom_msg__rosidl_typesupport_introspection_c.h
[4.443s] -- Up-to-date: /home/jetson/ws_1/install/livox_ros_driver2/include/livox_ros_driver2/msg/detail/custom_msg__type_support.c
[4.443s] -- Up-to-date: /home/jetson/ws_1/install/livox_ros_driver2/include/livox_ros_driver2/msg/detail/custom_point__type_support.c
[4.444s] -- Up-to-date: /home/jetson/ws_1/install/livox_ros_driver2/include/livox_ros_driver2/msg/detail/custom_point__rosidl_typesupport_introspection_c.h
[4.444s] -- Up-to-date: /home/jetson/ws_1/install/livox_ros_driver2/lib/liblivox_ros_driver2__rosidl_typesupport_introspection_c.so
[4.450s] -- Up-to-date: /home/jetson/ws_1/install/livox_ros_driver2/lib/liblivox_ros_driver2__rosidl_typesupport_c.so
[4.453s] -- Up-to-date: /home/jetson/ws_1/install/livox_ros_driver2/include/livox_ros_driver2
[4.454s] -- Up-to-date: /home/jetson/ws_1/install/livox_ros_driver2/include/livox_ros_driver2/msg
[4.455s] -- Up-to-date: /home/jetson/ws_1/install/livox_ros_driver2/include/livox_ros_driver2/msg/custom_msg.hpp
[4.456s] -- Up-to-date: /home/jetson/ws_1/install/livox_ros_driver2/include/livox_ros_driver2/msg/rosidl_generator_cpp__visibility_control.hpp
[4.458s] -- Up-to-date: /home/jetson/ws_1/install/livox_ros_driver2/include/livox_ros_driver2/msg/custom_point.hpp
[4.459s] -- Up-to-date: /home/jetson/ws_1/install/livox_ros_driver2/include/livox_ros_driver2/msg/detail
[4.460s] -- Up-to-date: /home/jetson/ws_1/install/livox_ros_driver2/include/livox_ros_driver2/msg/detail/custom_msg__builder.hpp
[4.462s] -- Up-to-date: /home/jetson/ws_1/install/livox_ros_driver2/include/livox_ros_driver2/msg/detail/custom_point__struct.hpp
[4.463s] -- Up-to-date: /home/jetson/ws_1/install/livox_ros_driver2/include/livox_ros_driver2/msg/detail/custom_msg__traits.hpp
[4.463s] -- Up-to-date: /home/jetson/ws_1/install/livox_ros_driver2/include/livox_ros_driver2/msg/detail/custom_point__builder.hpp
[4.464s] -- Up-to-date: /home/jetson/ws_1/install/livox_ros_driver2/include/livox_ros_driver2/msg/detail/custom_msg__type_support.hpp
[4.464s] -- Up-to-date: /home/jetson/ws_1/install/livox_ros_driver2/include/livox_ros_driver2/msg/detail/custom_point__traits.hpp
[4.465s] -- Up-to-date: /home/jetson/ws_1/install/livox_ros_driver2/include/livox_ros_driver2/msg/detail/custom_point__type_support.hpp
[4.466s] -- Up-to-date: /home/jetson/ws_1/install/livox_ros_driver2/include/livox_ros_driver2/msg/detail/custom_msg__struct.hpp
[4.466s] -- Up-to-date: /home/jetson/ws_1/install/livox_ros_driver2/include/livox_ros_driver2
[4.467s] -- Up-to-date: /home/jetson/ws_1/install/livox_ros_driver2/include/livox_ros_driver2/msg
[4.468s] -- Up-to-date: /home/jetson/ws_1/install/livox_ros_driver2/include/livox_ros_driver2/msg/detail
[4.468s] -- Up-to-date: /home/jetson/ws_1/install/livox_ros_driver2/include/livox_ros_driver2/msg/detail/custom_msg__rosidl_typesupport_introspection_cpp.hpp
[4.469s] -- Up-to-date: /home/jetson/ws_1/install/livox_ros_driver2/include/livox_ros_driver2/msg/detail/custom_point__type_support.cpp
[4.470s] -- Up-to-date: /home/jetson/ws_1/install/livox_ros_driver2/include/livox_ros_driver2/msg/detail/custom_point__rosidl_typesupport_introspection_cpp.hpp
[4.472s] -- Up-to-date: /home/jetson/ws_1/install/livox_ros_driver2/include/livox_ros_driver2/msg/detail/custom_msg__type_support.cpp
[4.472s] -- Up-to-date: /home/jetson/ws_1/install/livox_ros_driver2/lib/liblivox_ros_driver2__rosidl_typesupport_introspection_cpp.so
[4.474s] -- Up-to-date: /home/jetson/ws_1/install/livox_ros_driver2/lib/liblivox_ros_driver2__rosidl_typesupport_cpp.so
[4.478s] -- Up-to-date: /home/jetson/ws_1/install/livox_ros_driver2/share/livox_ros_driver2/environment/pythonpath.sh
[4.479s] -- Up-to-date: /home/jetson/ws_1/install/livox_ros_driver2/share/livox_ros_driver2/environment/pythonpath.dsv
[4.481s] -- Up-to-date: /home/jetson/ws_1/install/livox_ros_driver2/lib/python3.8/site-packages/livox_ros_driver2/__init__.py
[4.738s] -- Up-to-date: /home/jetson/ws_1/install/livox_ros_driver2/lib/python3.8/site-packages/livox_ros_driver2/msg
[4.739s] -- Up-to-date: /home/jetson/ws_1/install/livox_ros_driver2/lib/python3.8/site-packages/livox_ros_driver2/msg/_custom_point_s.c
[4.739s] -- Up-to-date: /home/jetson/ws_1/install/livox_ros_driver2/lib/python3.8/site-packages/livox_ros_driver2/msg/__init__.py
[4.740s] -- Up-to-date: /home/jetson/ws_1/install/livox_ros_driver2/lib/python3.8/site-packages/livox_ros_driver2/msg/_custom_msg.py
[4.740s] -- Up-to-date: /home/jetson/ws_1/install/livox_ros_driver2/lib/python3.8/site-packages/livox_ros_driver2/msg/_custom_msg_s.c
[4.741s] -- Up-to-date: /home/jetson/ws_1/install/livox_ros_driver2/lib/python3.8/site-packages/livox_ros_driver2/msg/_custom_point.py
[4.745s] -- Up-to-date: /home/jetson/ws_1/install/livox_ros_driver2/lib/python3.8/site-packages/livox_ros_driver2/livox_ros_driver2_s__rosidl_typesupport_fastrtps_c.cpython-38-aarch64-linux-gnu.so
[4.752s] -- Up-to-date: /home/jetson/ws_1/install/livox_ros_driver2/lib/python3.8/site-packages/livox_ros_driver2/livox_ros_driver2_s__rosidl_typesupport_introspection_c.cpython-38-aarch64-linux-gnu.so
[4.762s] -- Up-to-date: /home/jetson/ws_1/install/livox_ros_driver2/lib/python3.8/site-packages/livox_ros_driver2/livox_ros_driver2_s__rosidl_typesupport_c.cpython-38-aarch64-linux-gnu.so
[4.771s] -- Up-to-date: /home/jetson/ws_1/install/livox_ros_driver2/lib/liblivox_interfaces2__python.so
[4.775s] -- Up-to-date: /home/jetson/ws_1/install/livox_ros_driver2/share/livox_ros_driver2/msg/CustomPoint.idl
[4.776s] -- Up-to-date: /home/jetson/ws_1/install/livox_ros_driver2/share/livox_ros_driver2/msg/CustomMsg.idl
[4.777s] -- Up-to-date: /home/jetson/ws_1/install/livox_ros_driver2/share/livox_ros_driver2/msg/CustomPoint.msg
[4.778s] -- Up-to-date: /home/jetson/ws_1/install/livox_ros_driver2/share/livox_ros_driver2/msg/CustomMsg.msg
[4.781s] -- Up-to-date: /home/jetson/ws_1/install/livox_ros_driver2/lib/livox_ros_driver2/livox_ros_driver2_node
[4.789s] -- Up-to-date: /home/jetson/ws_1/install/livox_ros_driver2/lib/liblivox_ros_driver2.so
[4.794s] -- Up-to-date: /home/jetson/ws_1/install/livox_ros_driver2/share/livox_ros_driver2/config
[4.795s] -- Up-to-date: /home/jetson/ws_1/install/livox_ros_driver2/share/livox_ros_driver2/config/display_point_cloud_ROS1.rviz
[4.796s] -- Up-to-date: /home/jetson/ws_1/install/livox_ros_driver2/share/livox_ros_driver2/config/display_point_cloud_ROS2.rviz
[4.797s] -- Up-to-date: /home/jetson/ws_1/install/livox_ros_driver2/share/livox_ros_driver2/config/MID360s_config.json
[4.798s] -- Installing: /home/jetson/ws_1/install/livox_ros_driver2/share/livox_ros_driver2/config/MID360_config.json
[4.799s] -- Up-to-date: /home/jetson/ws_1/install/livox_ros_driver2/share/livox_ros_driver2/config/mixed_HAP_MID360_config.json
[4.800s] -- Up-to-date: /home/jetson/ws_1/install/livox_ros_driver2/share/livox_ros_driver2/config/HAP_config.json
[4.800s] -- Up-to-date: /home/jetson/ws_1/install/livox_ros_driver2/share/livox_ros_driver2/launch_ROS2
[4.801s] -- Up-to-date: /home/jetson/ws_1/install/livox_ros_driver2/share/livox_ros_driver2/launch_ROS2/msg_MID360_launch.py
[4.802s] -- Up-to-date: /home/jetson/ws_1/install/livox_ros_driver2/share/livox_ros_driver2/launch_ROS2/rviz_MID360s_launch.py
[4.803s] -- Up-to-date: /home/jetson/ws_1/install/livox_ros_driver2/share/livox_ros_driver2/launch_ROS2/rviz_mixed.py
[4.803s] -- Up-to-date: /home/jetson/ws_1/install/livox_ros_driver2/share/livox_ros_driver2/launch_ROS2/msg_HAP_launch.py
[4.804s] -- Up-to-date: /home/jetson/ws_1/install/livox_ros_driver2/share/livox_ros_driver2/launch_ROS2/rviz_MID360_launch.py
[4.805s] -- Up-to-date: /home/jetson/ws_1/install/livox_ros_driver2/share/livox_ros_driver2/launch_ROS2/rviz_HAP_launch.py
[4.806s] -- Up-to-date: /home/jetson/ws_1/install/livox_ros_driver2/share/livox_ros_driver2/launch_ROS2/msg_MID360s_launch.py
[4.808s] -- Up-to-date: /home/jetson/ws_1/install/livox_ros_driver2/share/ament_index/resource_index/package_run_dependencies/livox_ros_driver2
[4.808s] -- Up-to-date: /home/jetson/ws_1/install/livox_ros_driver2/share/ament_index/resource_index/parent_prefix_path/livox_ros_driver2
[4.809s] -- Up-to-date: /home/jetson/ws_1/install/livox_ros_driver2/share/livox_ros_driver2/environment/ament_prefix_path.sh
[4.810s] -- Up-to-date: /home/jetson/ws_1/install/livox_ros_driver2/share/livox_ros_driver2/environment/ament_prefix_path.dsv
[4.810s] -- Up-to-date: /home/jetson/ws_1/install/livox_ros_driver2/share/livox_ros_driver2/environment/path.sh
[4.811s] -- Up-to-date: /home/jetson/ws_1/install/livox_ros_driver2/share/livox_ros_driver2/environment/path.dsv
[4.812s] -- Up-to-date: /home/jetson/ws_1/install/livox_ros_driver2/share/livox_ros_driver2/local_setup.bash
[4.812s] -- Up-to-date: /home/jetson/ws_1/install/livox_ros_driver2/share/livox_ros_driver2/local_setup.sh
[4.813s] -- Up-to-date: /home/jetson/ws_1/install/livox_ros_driver2/share/livox_ros_driver2/local_setup.zsh
[4.814s] -- Up-to-date: /home/jetson/ws_1/install/livox_ros_driver2/share/livox_ros_driver2/local_setup.dsv
[4.814s] -- Installing: /home/jetson/ws_1/install/livox_ros_driver2/share/livox_ros_driver2/package.dsv
[4.816s] -- Up-to-date: /home/jetson/ws_1/install/livox_ros_driver2/share/ament_index/resource_index/packages/livox_ros_driver2
[4.816s] -- Up-to-date: /home/jetson/ws_1/install/livox_ros_driver2/share/livox_ros_driver2/cmake/livox_interfaces2__rosidl_generator_cExport.cmake
[4.817s] -- Up-to-date: /home/jetson/ws_1/install/livox_ros_driver2/share/livox_ros_driver2/cmake/livox_interfaces2__rosidl_generator_cExport-noconfig.cmake
[4.818s] -- Up-to-date: /home/jetson/ws_1/install/livox_ros_driver2/share/livox_ros_driver2/cmake/livox_interfaces2__rosidl_typesupport_introspection_cExport.cmake
[4.818s] -- Up-to-date: /home/jetson/ws_1/install/livox_ros_driver2/share/livox_ros_driver2/cmake/livox_interfaces2__rosidl_typesupport_introspection_cExport-noconfig.cmake
[4.819s] -- Up-to-date: /home/jetson/ws_1/install/livox_ros_driver2/share/livox_ros_driver2/cmake/livox_interfaces2__rosidl_typesupport_cExport.cmake
[4.820s] -- Up-to-date: /home/jetson/ws_1/install/livox_ros_driver2/share/livox_ros_driver2/cmake/livox_interfaces2__rosidl_typesupport_cExport-noconfig.cmake
[4.820s] -- Up-to-date: /home/jetson/ws_1/install/livox_ros_driver2/share/livox_ros_driver2/cmake/livox_interfaces2__rosidl_generator_cppExport.cmake
[4.822s] -- Up-to-date: /home/jetson/ws_1/install/livox_ros_driver2/share/livox_ros_driver2/cmake/livox_interfaces2__rosidl_typesupport_introspection_cppExport.cmake
[4.823s] -- Up-to-date: /home/jetson/ws_1/install/livox_ros_driver2/share/livox_ros_driver2/cmake/livox_interfaces2__rosidl_typesupport_introspection_cppExport-noconfig.cmake
[4.823s] -- Up-to-date: /home/jetson/ws_1/install/livox_ros_driver2/share/livox_ros_driver2/cmake/livox_interfaces2__rosidl_typesupport_cppExport.cmake
[4.824s] -- Up-to-date: /home/jetson/ws_1/install/livox_ros_driver2/share/livox_ros_driver2/cmake/livox_interfaces2__rosidl_typesupport_cppExport-noconfig.cmake
[4.825s] -- Up-to-date: /home/jetson/ws_1/install/livox_ros_driver2/share/ament_index/resource_index/rclcpp_components/livox_ros_driver2
[4.826s] -- Up-to-date: /home/jetson/ws_1/install/livox_ros_driver2/share/livox_ros_driver2/cmake/rosidl_cmake-extras.cmake
[4.827s] -- Up-to-date: /home/jetson/ws_1/install/livox_ros_driver2/share/livox_ros_driver2/cmake/ament_cmake_export_dependencies-extras.cmake
[4.828s] -- Up-to-date: /home/jetson/ws_1/install/livox_ros_driver2/share/livox_ros_driver2/cmake/ament_cmake_export_libraries-extras.cmake
[4.828s] -- Up-to-date: /home/jetson/ws_1/install/livox_ros_driver2/share/livox_ros_driver2/cmake/ament_cmake_export_targets-extras.cmake
[4.829s] -- Up-to-date: /home/jetson/ws_1/install/livox_ros_driver2/share/livox_ros_driver2/cmake/ament_cmake_export_include_directories-extras.cmake
[4.830s] -- Up-to-date: /home/jetson/ws_1/install/livox_ros_driver2/share/livox_ros_driver2/cmake/rosidl_cmake_export_typesupport_libraries-extras.cmake
[4.831s] -- Up-to-date: /home/jetson/ws_1/install/livox_ros_driver2/share/livox_ros_driver2/cmake/rosidl_cmake_export_typesupport_targets-extras.cmake
[4.832s] -- Up-to-date: /home/jetson/ws_1/install/livox_ros_driver2/share/livox_ros_driver2/cmake/livox_ros_driver2Config.cmake
[4.833s] -- Up-to-date: /home/jetson/ws_1/install/livox_ros_driver2/share/livox_ros_driver2/cmake/livox_ros_driver2Config-version.cmake
[4.833s] -- Up-to-date: /home/jetson/ws_1/install/livox_ros_driver2/share/livox_ros_driver2/package.xml
[4.860s] Invoked command in '/home/jetson/ws_1/build/livox_ros_driver2' returned '0': CMAKE_PREFIX_PATH=${CMAKE_PREFIX_PATH}:/home/jetson/ws_1/install/lidar_avoidance:/opt/ros/foxy /usr/bin/cmake --install /home/jetson/ws_1/build/livox_ros_driver2
