running egg_info
creating ../../build/train_bringup/train_bringup.egg-info
writing ../../build/train_bringup/train_bringup.egg-info/PKG-INFO
writing dependency_links to ../../build/train_bringup/train_bringup.egg-info/dependency_links.txt
writing entry points to ../../build/train_bringup/train_bringup.egg-info/entry_points.txt
writing requirements to ../../build/train_bringup/train_bringup.egg-info/requires.txt
writing top-level names to ../../build/train_bringup/train_bringup.egg-info/top_level.txt
writing manifest file '../../build/train_bringup/train_bringup.egg-info/SOURCES.txt'
reading manifest file '../../build/train_bringup/train_bringup.egg-info/SOURCES.txt'
writing manifest file '../../build/train_bringup/train_bringup.egg-info/SOURCES.txt'
running build
running build_py
creating /home/jetson/ws_1/build/train_bringup/build
creating /home/jetson/ws_1/build/train_bringup/build/lib
creating /home/jetson/ws_1/build/train_bringup/build/lib/train_bringup
copying train_bringup/__init__.py -> /home/jetson/ws_1/build/train_bringup/build/lib/train_bringup
running install
running install_lib
creating /home/jetson/ws_1/install/train_bringup/lib/python3.8/site-packages/train_bringup
copying /home/jetson/ws_1/build/train_bringup/build/lib/train_bringup/__init__.py -> /home/jetson/ws_1/install/train_bringup/lib/python3.8/site-packages/train_bringup
byte-compiling /home/jetson/ws_1/install/train_bringup/lib/python3.8/site-packages/train_bringup/__init__.py to __init__.cpython-38.pyc
running install_data
creating /home/jetson/ws_1/install/train_bringup/share/ament_index
creating /home/jetson/ws_1/install/train_bringup/share/ament_index/resource_index
creating /home/jetson/ws_1/install/train_bringup/share/ament_index/resource_index/packages
copying resource/train_bringup -> /home/jetson/ws_1/install/train_bringup/share/ament_index/resource_index/packages
copying package.xml -> /home/jetson/ws_1/install/train_bringup/share/train_bringup
creating /home/jetson/ws_1/install/train_bringup/share/train_bringup/launch
copying launch/full_system.launch.py -> /home/jetson/ws_1/install/train_bringup/share/train_bringup/launch
running install_egg_info
Copying ../../build/train_bringup/train_bringup.egg-info to /home/jetson/ws_1/install/train_bringup/lib/python3.8/site-packages/train_bringup-0.0.0-py3.8.egg-info
running install_scripts
writing list of installed files to '/home/jetson/ws_1/build/train_bringup/install.log'
