[0.368s] Invoking command in '/home/jetson/ws_1/build/livox_ros_driver2': CMAKE_PREFIX_PATH=${CMAKE_PREFIX_PATH}:/home/jetson/ws_1/install/train_bringup:/home/jetson/ws_1/install/train_vision:/home/jetson/ws_1/install/train_control:/home/jetson/ws_1/install/lidar_avoidance:/opt/ros/foxy /usr/bin/cmake --build /home/jetson/ws_1/build/livox_ros_driver2 -- -j6 -l6
[6.227s] [  1%] Built target livox_interfaces2__cpp
[6.234s] [  8%] Built target livox_interfaces2__rosidl_generator_c
[6.239s] [ 12%] Built target livox_ros_driver2_node
[6.245s] [ 21%] Built target livox_interfaces2__rosidl_typesupport_cpp
[6.248s] [ 26%] Built target livox_interfaces2__rosidl_typesupport_c
[6.250s] [ 33%] Built target livox_interfaces2__rosidl_typesupport_introspection_cpp
[6.252s] [ 40%] Built target livox_interfaces2__rosidl_typesupport_introspection_c
[6.253s] [ 47%] Built target livox_interfaces2__rosidl_typesupport_fastrtps_cpp
[6.255s] [ 54%] Built target livox_interfaces2__rosidl_typesupport_fastrtps_c
[6.256s] [ 54%] Built target livox_interfaces2
[6.258s] [ 56%] Built target livox_interfaces2__py
[6.260s] [ 84%] Built target livox_ros_driver2
[6.261s] [ 89%] Built target livox_interfaces2__python
[6.263s] [ 96%] Built target livox_ros_driver2__rosidl_typesupport_c__pyext
[6.264s] [100%] Built target livox_ros_driver2__rosidl_typesupport_introspection_c__pyext
[6.266s] [ 96%] Built target livox_ros_driver2__rosidl_typesupport_fastrtps_c__pyext
[6.268s] Invoked command in '/home/jetson/ws_1/build/livox_ros_driver2' returned '0': CMAKE_PREFIX_PATH=${CMAKE_PREFIX_PATH}:/home/jetson/ws_1/install/train_bringup:/home/jetson/ws_1/install/train_vision:/home/jetson/ws_1/install/train_control:/home/jetson/ws_1/install/lidar_avoidance:/opt/ros/foxy /usr/bin/cmake --build /home/jetson/ws_1/build/livox_ros_driver2 -- -j6 -l6
[6.462s] Invoking command in '/home/jetson/ws_1/build/livox_ros_driver2': CMAKE_PREFIX_PATH=${CMAKE_PREFIX_PATH}:/home/jetson/ws_1/install/train_bringup:/home/jetson/ws_1/install/train_vision:/home/jetson/ws_1/install/train_control:/home/jetson/ws_1/install/lidar_avoidance:/opt/ros/foxy /usr/bin/cmake --install /home/jetson/ws_1/build/livox_ros_driver2
[6.640s] -- Install configuration: ""
[6.648s] -- Execute custom install script
[6.654s] -- Up-to-date symlink: /home/jetson/ws_1/install/livox_ros_driver2/share/ament_index/resource_index/rosidl_interfaces/livox_ros_driver2
[6.661s] -- Up-to-date symlink: /home/jetson/ws_1/install/livox_ros_driver2/include/livox_ros_driver2/msg/custom_msg.h
[6.665s] -- Up-to-date symlink: /home/jetson/ws_1/install/livox_ros_driver2/include/livox_ros_driver2/msg/custom_point.h
[6.668s] -- Up-to-date symlink: /home/jetson/ws_1/install/livox_ros_driver2/include/livox_ros_driver2/msg/detail/custom_msg__functions.h
[6.670s] -- Up-to-date symlink: /home/jetson/ws_1/install/livox_ros_driver2/include/livox_ros_driver2/msg/detail/custom_msg__struct.h
[6.674s] -- Up-to-date symlink: /home/jetson/ws_1/install/livox_ros_driver2/include/livox_ros_driver2/msg/detail/custom_msg__type_support.h
[6.677s] -- Up-to-date symlink: /home/jetson/ws_1/install/livox_ros_driver2/include/livox_ros_driver2/msg/detail/custom_point__functions.h
[6.679s] -- Up-to-date symlink: /home/jetson/ws_1/install/livox_ros_driver2/include/livox_ros_driver2/msg/detail/custom_point__struct.h
[6.681s] -- Up-to-date symlink: /home/jetson/ws_1/install/livox_ros_driver2/include/livox_ros_driver2/msg/detail/custom_point__type_support.h
[6.685s] -- Up-to-date symlink: /home/jetson/ws_1/install/livox_ros_driver2/include/livox_ros_driver2/msg/rosidl_generator_c__visibility_control.h
[6.690s] -- Up-to-date symlink: /home/jetson/ws_1/install/livox_ros_driver2/share/livox_ros_driver2/environment/library_path.sh
[6.691s] -- Up-to-date symlink: /home/jetson/ws_1/install/livox_ros_driver2/share/livox_ros_driver2/environment/library_path.dsv
[6.708s] -- Up-to-date symlink: /home/jetson/ws_1/install/livox_ros_driver2/include/livox_ros_driver2/msg/detail/custom_msg__rosidl_typesupport_fastrtps_c.h
[6.709s] -- Up-to-date symlink: /home/jetson/ws_1/install/livox_ros_driver2/include/livox_ros_driver2/msg/detail/custom_point__rosidl_typesupport_fastrtps_c.h
[6.710s] -- Up-to-date symlink: /home/jetson/ws_1/install/livox_ros_driver2/include/livox_ros_driver2/msg/rosidl_typesupport_fastrtps_c__visibility_control.h
[6.850s] -- Up-to-date symlink: /home/jetson/ws_1/install/livox_ros_driver2/lib/liblivox_ros_driver2__rosidl_typesupport_fastrtps_c.so
[6.857s] -- Up-to-date symlink: /home/jetson/ws_1/install/livox_ros_driver2/include/livox_ros_driver2/msg/detail/custom_msg__rosidl_typesupport_fastrtps_cpp.hpp
[6.861s] -- Up-to-date symlink: /home/jetson/ws_1/install/livox_ros_driver2/include/livox_ros_driver2/msg/detail/custom_point__rosidl_typesupport_fastrtps_cpp.hpp
[6.864s] -- Up-to-date symlink: /home/jetson/ws_1/install/livox_ros_driver2/include/livox_ros_driver2/msg/rosidl_typesupport_fastrtps_cpp__visibility_control.h
[6.867s] -- Up-to-date symlink: /home/jetson/ws_1/install/livox_ros_driver2/lib/liblivox_ros_driver2__rosidl_typesupport_fastrtps_cpp.so
[6.875s] -- Up-to-date symlink: /home/jetson/ws_1/install/livox_ros_driver2/include/livox_ros_driver2/msg/detail/custom_msg__rosidl_typesupport_introspection_c.h
[6.878s] -- Up-to-date symlink: /home/jetson/ws_1/install/livox_ros_driver2/include/livox_ros_driver2/msg/detail/custom_point__rosidl_typesupport_introspection_c.h
[6.882s] -- Up-to-date symlink: /home/jetson/ws_1/install/livox_ros_driver2/include/livox_ros_driver2/msg/rosidl_typesupport_introspection_c__visibility_control.h
[6.889s] -- Up-to-date symlink: /home/jetson/ws_1/install/livox_ros_driver2/include/livox_ros_driver2/msg/custom_msg.hpp
[6.893s] -- Up-to-date symlink: /home/jetson/ws_1/install/livox_ros_driver2/include/livox_ros_driver2/msg/custom_point.hpp
[6.898s] -- Up-to-date symlink: /home/jetson/ws_1/install/livox_ros_driver2/include/livox_ros_driver2/msg/detail/custom_msg__builder.hpp
[6.898s] -- Up-to-date symlink: /home/jetson/ws_1/install/livox_ros_driver2/include/livox_ros_driver2/msg/detail/custom_msg__struct.hpp
[6.905s] -- Up-to-date symlink: /home/jetson/ws_1/install/livox_ros_driver2/include/livox_ros_driver2/msg/detail/custom_msg__traits.hpp
[6.907s] -- Up-to-date symlink: /home/jetson/ws_1/install/livox_ros_driver2/include/livox_ros_driver2/msg/detail/custom_msg__type_support.hpp
[6.910s] -- Up-to-date symlink: /home/jetson/ws_1/install/livox_ros_driver2/include/livox_ros_driver2/msg/detail/custom_point__builder.hpp
[6.913s] -- Up-to-date symlink: /home/jetson/ws_1/install/livox_ros_driver2/include/livox_ros_driver2/msg/detail/custom_point__struct.hpp
[6.914s] -- Up-to-date symlink: /home/jetson/ws_1/install/livox_ros_driver2/include/livox_ros_driver2/msg/detail/custom_point__traits.hpp
[6.914s] -- Up-to-date symlink: /home/jetson/ws_1/install/livox_ros_driver2/include/livox_ros_driver2/msg/detail/custom_point__type_support.hpp
[6.918s] -- Up-to-date symlink: /home/jetson/ws_1/install/livox_ros_driver2/include/livox_ros_driver2/msg/rosidl_generator_cpp__visibility_control.hpp
[6.925s] -- Up-to-date symlink: /home/jetson/ws_1/install/livox_ros_driver2/include/livox_ros_driver2/msg/detail/custom_msg__rosidl_typesupport_introspection_cpp.hpp
[6.928s] -- Up-to-date symlink: /home/jetson/ws_1/install/livox_ros_driver2/include/livox_ros_driver2/msg/detail/custom_point__rosidl_typesupport_introspection_cpp.hpp
[6.932s] -- Up-to-date symlink: /home/jetson/ws_1/install/livox_ros_driver2/share/livox_ros_driver2/environment/pythonpath.sh
[6.935s] -- Up-to-date symlink: /home/jetson/ws_1/install/livox_ros_driver2/share/livox_ros_driver2/environment/pythonpath.dsv
[6.940s] -- Up-to-date symlink: /home/jetson/ws_1/install/livox_ros_driver2/lib/python3.8/site-packages/livox_ros_driver2/__init__.py
[6.945s] -- Up-to-date symlink: /home/jetson/ws_1/install/livox_ros_driver2/lib/python3.8/site-packages/livox_ros_driver2/msg/__init__.py
[6.948s] -- Up-to-date symlink: /home/jetson/ws_1/install/livox_ros_driver2/lib/python3.8/site-packages/livox_ros_driver2/msg/_custom_msg.py
[6.951s] -- Up-to-date symlink: /home/jetson/ws_1/install/livox_ros_driver2/lib/python3.8/site-packages/livox_ros_driver2/msg/_custom_point.py
[7.062s] -- Up-to-date symlink: /home/jetson/ws_1/install/livox_ros_driver2/lib/python3.8/site-packages/livox_ros_driver2/livox_ros_driver2_s__rosidl_typesupport_fastrtps_c.cpython-38-aarch64-linux-gnu.so
[7.069s] -- Up-to-date symlink: /home/jetson/ws_1/install/livox_ros_driver2/lib/python3.8/site-packages/livox_ros_driver2/livox_ros_driver2_s__rosidl_typesupport_introspection_c.cpython-38-aarch64-linux-gnu.so
[7.076s] -- Up-to-date symlink: /home/jetson/ws_1/install/livox_ros_driver2/lib/python3.8/site-packages/livox_ros_driver2/livox_ros_driver2_s__rosidl_typesupport_c.cpython-38-aarch64-linux-gnu.so
[7.090s] -- Up-to-date symlink: /home/jetson/ws_1/install/livox_ros_driver2/lib/liblivox_interfaces2__python.so
[7.097s] -- Up-to-date symlink: /home/jetson/ws_1/install/livox_ros_driver2/share/livox_ros_driver2/msg/CustomPoint.idl
[7.100s] -- Up-to-date symlink: /home/jetson/ws_1/install/livox_ros_driver2/share/livox_ros_driver2/msg/CustomMsg.idl
[7.104s] -- Up-to-date symlink: /home/jetson/ws_1/install/livox_ros_driver2/share/livox_ros_driver2/msg/CustomPoint.msg
[7.109s] -- Up-to-date symlink: /home/jetson/ws_1/install/livox_ros_driver2/share/livox_ros_driver2/msg/CustomMsg.msg
[7.256s] -- Up-to-date symlink: /home/jetson/ws_1/install/livox_ros_driver2/lib/livox_ros_driver2/livox_ros_driver2_node
[7.261s] -- Up-to-date symlink: /home/jetson/ws_1/install/livox_ros_driver2/lib/liblivox_ros_driver2.so
[7.272s] -- Up-to-date symlink: /home/jetson/ws_1/install/livox_ros_driver2/share/livox_ros_driver2/config/HAP_config.json
[7.275s] -- Up-to-date symlink: /home/jetson/ws_1/install/livox_ros_driver2/share/livox_ros_driver2/config/MID360_config.json
[7.278s] -- Up-to-date symlink: /home/jetson/ws_1/install/livox_ros_driver2/share/livox_ros_driver2/config/MID360s_config.json
[7.281s] -- Symlinking: /home/jetson/ws_1/install/livox_ros_driver2/share/livox_ros_driver2/config/__pycache__/MID360_config.cpython-38.pyc
[7.377s] -- Up-to-date symlink: /home/jetson/ws_1/install/livox_ros_driver2/share/livox_ros_driver2/config/display_point_cloud_ROS1.rviz
[7.382s] -- Up-to-date symlink: /home/jetson/ws_1/install/livox_ros_driver2/share/livox_ros_driver2/config/display_point_cloud_ROS2.rviz
[7.386s] -- Up-to-date symlink: /home/jetson/ws_1/install/livox_ros_driver2/share/livox_ros_driver2/config/mixed_HAP_MID360_config.json
[7.395s] -- Up-to-date symlink: /home/jetson/ws_1/install/livox_ros_driver2/share/livox_ros_driver2/launch_ROS2/msg_HAP_launch.py
[7.399s] -- Up-to-date symlink: /home/jetson/ws_1/install/livox_ros_driver2/share/livox_ros_driver2/launch_ROS2/msg_MID360_launch.py
[7.401s] -- Up-to-date symlink: /home/jetson/ws_1/install/livox_ros_driver2/share/livox_ros_driver2/launch_ROS2/msg_MID360s_launch.py
[7.409s] -- Up-to-date symlink: /home/jetson/ws_1/install/livox_ros_driver2/share/livox_ros_driver2/launch_ROS2/rviz_HAP_launch.py
[7.410s] -- Up-to-date symlink: /home/jetson/ws_1/install/livox_ros_driver2/share/livox_ros_driver2/launch_ROS2/rviz_MID360_launch.py
[7.412s] -- Up-to-date symlink: /home/jetson/ws_1/install/livox_ros_driver2/share/livox_ros_driver2/launch_ROS2/rviz_MID360s_launch.py
[7.415s] -- Up-to-date symlink: /home/jetson/ws_1/install/livox_ros_driver2/share/livox_ros_driver2/launch_ROS2/rviz_mixed.py
[7.423s] -- Up-to-date symlink: /home/jetson/ws_1/install/livox_ros_driver2/share/ament_index/resource_index/package_run_dependencies/livox_ros_driver2
[7.433s] -- Up-to-date symlink: /home/jetson/ws_1/install/livox_ros_driver2/share/ament_index/resource_index/parent_prefix_path/livox_ros_driver2
[7.437s] -- Up-to-date symlink: /home/jetson/ws_1/install/livox_ros_driver2/share/livox_ros_driver2/environment/ament_prefix_path.sh
[7.441s] -- Up-to-date symlink: /home/jetson/ws_1/install/livox_ros_driver2/share/livox_ros_driver2/environment/ament_prefix_path.dsv
[7.443s] -- Up-to-date symlink: /home/jetson/ws_1/install/livox_ros_driver2/share/livox_ros_driver2/environment/path.sh
[7.447s] -- Up-to-date symlink: /home/jetson/ws_1/install/livox_ros_driver2/share/livox_ros_driver2/environment/path.dsv
[7.452s] -- Up-to-date symlink: /home/jetson/ws_1/install/livox_ros_driver2/share/livox_ros_driver2/local_setup.bash
[7.455s] -- Up-to-date symlink: /home/jetson/ws_1/install/livox_ros_driver2/share/livox_ros_driver2/local_setup.sh
[7.459s] -- Up-to-date symlink: /home/jetson/ws_1/install/livox_ros_driver2/share/livox_ros_driver2/local_setup.zsh
[7.464s] -- Up-to-date symlink: /home/jetson/ws_1/install/livox_ros_driver2/share/livox_ros_driver2/local_setup.dsv
[7.466s] -- Symlinking: /home/jetson/ws_1/install/livox_ros_driver2/share/livox_ros_driver2/package.dsv
[7.714s] -- Up-to-date symlink: /home/jetson/ws_1/install/livox_ros_driver2/share/ament_index/resource_index/packages/livox_ros_driver2
[7.719s] -- Up-to-date symlink: /home/jetson/ws_1/install/livox_ros_driver2/share/ament_index/resource_index/rclcpp_components/livox_ros_driver2
[7.722s] -- Up-to-date symlink: /home/jetson/ws_1/install/livox_ros_driver2/share/livox_ros_driver2/cmake/rosidl_cmake-extras.cmake
[7.726s] -- Up-to-date symlink: /home/jetson/ws_1/install/livox_ros_driver2/share/livox_ros_driver2/cmake/ament_cmake_export_dependencies-extras.cmake
[7.730s] -- Up-to-date symlink: /home/jetson/ws_1/install/livox_ros_driver2/share/livox_ros_driver2/cmake/ament_cmake_export_libraries-extras.cmake
[7.732s] -- Up-to-date symlink: /home/jetson/ws_1/install/livox_ros_driver2/share/livox_ros_driver2/cmake/ament_cmake_export_targets-extras.cmake
[7.736s] -- Up-to-date symlink: /home/jetson/ws_1/install/livox_ros_driver2/share/livox_ros_driver2/cmake/ament_cmake_export_include_directories-extras.cmake
[7.739s] -- Up-to-date symlink: /home/jetson/ws_1/install/livox_ros_driver2/share/livox_ros_driver2/cmake/rosidl_cmake_export_typesupport_libraries-extras.cmake
[7.744s] -- Up-to-date symlink: /home/jetson/ws_1/install/livox_ros_driver2/share/livox_ros_driver2/cmake/rosidl_cmake_export_typesupport_targets-extras.cmake
[7.748s] -- Up-to-date symlink: /home/jetson/ws_1/install/livox_ros_driver2/share/livox_ros_driver2/cmake/livox_ros_driver2Config.cmake
[7.749s] -- Up-to-date symlink: /home/jetson/ws_1/install/livox_ros_driver2/share/livox_ros_driver2/cmake/livox_ros_driver2Config-version.cmake
[7.752s] -- Up-to-date symlink: /home/jetson/ws_1/install/livox_ros_driver2/share/livox_ros_driver2/package.xml
[7.758s] -- Up-to-date: /home/jetson/ws_1/install/livox_ros_driver2/lib/liblivox_ros_driver2__rosidl_generator_c.so
[7.764s] -- Up-to-date: /home/jetson/ws_1/install/livox_ros_driver2/lib/liblivox_ros_driver2__rosidl_typesupport_introspection_c.so
[7.771s] -- Up-to-date: /home/jetson/ws_1/install/livox_ros_driver2/lib/liblivox_ros_driver2__rosidl_typesupport_c.so
[7.779s] -- Up-to-date: /home/jetson/ws_1/install/livox_ros_driver2/lib/liblivox_ros_driver2__rosidl_typesupport_introspection_cpp.so
[7.786s] -- Up-to-date: /home/jetson/ws_1/install/livox_ros_driver2/lib/liblivox_ros_driver2__rosidl_typesupport_cpp.so
[8.400s] -- Up-to-date: /home/jetson/ws_1/install/livox_ros_driver2/share/livox_ros_driver2/cmake/livox_interfaces2__rosidl_generator_cExport.cmake
[8.401s] -- Up-to-date: /home/jetson/ws_1/install/livox_ros_driver2/share/livox_ros_driver2/cmake/livox_interfaces2__rosidl_generator_cExport-noconfig.cmake
[8.403s] -- Up-to-date: /home/jetson/ws_1/install/livox_ros_driver2/share/livox_ros_driver2/cmake/livox_interfaces2__rosidl_typesupport_introspection_cExport.cmake
[8.403s] -- Up-to-date: /home/jetson/ws_1/install/livox_ros_driver2/share/livox_ros_driver2/cmake/livox_interfaces2__rosidl_typesupport_introspection_cExport-noconfig.cmake
[8.408s] -- Up-to-date: /home/jetson/ws_1/install/livox_ros_driver2/share/livox_ros_driver2/cmake/livox_interfaces2__rosidl_typesupport_cExport.cmake
[8.409s] -- Up-to-date: /home/jetson/ws_1/install/livox_ros_driver2/share/livox_ros_driver2/cmake/livox_interfaces2__rosidl_typesupport_cExport-noconfig.cmake
[8.411s] -- Up-to-date: /home/jetson/ws_1/install/livox_ros_driver2/share/livox_ros_driver2/cmake/livox_interfaces2__rosidl_generator_cppExport.cmake
[8.412s] -- Up-to-date: /home/jetson/ws_1/install/livox_ros_driver2/share/livox_ros_driver2/cmake/livox_interfaces2__rosidl_typesupport_introspection_cppExport.cmake
[8.414s] -- Up-to-date: /home/jetson/ws_1/install/livox_ros_driver2/share/livox_ros_driver2/cmake/livox_interfaces2__rosidl_typesupport_introspection_cppExport-noconfig.cmake
[8.416s] -- Up-to-date: /home/jetson/ws_1/install/livox_ros_driver2/share/livox_ros_driver2/cmake/livox_interfaces2__rosidl_typesupport_cppExport.cmake
[8.417s] -- Up-to-date: /home/jetson/ws_1/install/livox_ros_driver2/share/livox_ros_driver2/cmake/livox_interfaces2__rosidl_typesupport_cppExport-noconfig.cmake
[8.446s] Invoked command in '/home/jetson/ws_1/build/livox_ros_driver2' returned '0': CMAKE_PREFIX_PATH=${CMAKE_PREFIX_PATH}:/home/jetson/ws_1/install/train_bringup:/home/jetson/ws_1/install/train_vision:/home/jetson/ws_1/install/train_control:/home/jetson/ws_1/install/lidar_avoidance:/opt/ros/foxy /usr/bin/cmake --install /home/jetson/ws_1/build/livox_ros_driver2
