[8.141s] Invoking command in '/home/jetson/ws_1/src/train_vision': PYTHONPATH=/home/jetson/ws_1/build/train_vision/prefix_override:/usr/lib/python3/dist-packages/colcon_core/task/python/colcon_distutils_commands:/home/jetson/ws_1/install/train_vision/lib/python3.8/site-packages:${PYTHONPATH} /usr/bin/python3 -W ignore:setup.py install is deprecated -W ignore:easy_install command is deprecated setup.py egg_info --egg-base ../../build/train_vision build --build-base /home/jetson/ws_1/build/train_vision/build install --record /home/jetson/ws_1/build/train_vision/install.log --install-scripts $base/lib/train_vision --single-version-externally-managed install_data
[9.915s] running egg_info
[9.917s] writing ../../build/train_vision/train_vision.egg-info/PKG-INFO
[9.919s] writing dependency_links to ../../build/train_vision/train_vision.egg-info/dependency_links.txt
[9.921s] writing entry points to ../../build/train_vision/train_vision.egg-info/entry_points.txt
[9.925s] writing requirements to ../../build/train_vision/train_vision.egg-info/requires.txt
[9.925s] writing top-level names to ../../build/train_vision/train_vision.egg-info/top_level.txt
[10.282s] reading manifest file '../../build/train_vision/train_vision.egg-info/SOURCES.txt'
[10.428s] writing manifest file '../../build/train_vision/train_vision.egg-info/SOURCES.txt'
[10.431s] running build
[10.433s] running build_py
[10.435s] copying train_vision/pose_node.py -> /home/jetson/ws_1/build/train_vision/build/lib/train_vision
[10.437s] running install
[10.437s] running install_lib
[10.445s] copying /home/jetson/ws_1/build/train_vision/build/lib/train_vision/pose_node.py -> /home/jetson/ws_1/install/train_vision/lib/python3.8/site-packages/train_vision
[10.448s] byte-compiling /home/jetson/ws_1/install/train_vision/lib/python3.8/site-packages/train_vision/pose_node.py to pose_node.cpython-38.pyc
[10.462s] running install_data
[10.466s] running install_egg_info
[10.475s] removing '/home/jetson/ws_1/install/train_vision/lib/python3.8/site-packages/train_vision-0.0.0-py3.8.egg-info' (and everything under it)
[10.478s] Copying ../../build/train_vision/train_vision.egg-info to /home/jetson/ws_1/install/train_vision/lib/python3.8/site-packages/train_vision-0.0.0-py3.8.egg-info
[10.605s] running install_scripts
[10.717s] Installing camera script to /home/jetson/ws_1/install/train_vision/lib/train_vision
[10.718s] Installing pose script to /home/jetson/ws_1/install/train_vision/lib/train_vision
[10.722s] writing list of installed files to '/home/jetson/ws_1/build/train_vision/install.log'
[10.847s] Invoked command in '/home/jetson/ws_1/src/train_vision' returned '0': PYTHONPATH=/home/jetson/ws_1/build/train_vision/prefix_override:/usr/lib/python3/dist-packages/colcon_core/task/python/colcon_distutils_commands:/home/jetson/ws_1/install/train_vision/lib/python3.8/site-packages:${PYTHONPATH} /usr/bin/python3 -W ignore:setup.py install is deprecated -W ignore:easy_install command is deprecated setup.py egg_info --egg-base ../../build/train_vision build --build-base /home/jetson/ws_1/build/train_vision/build install --record /home/jetson/ws_1/build/train_vision/install.log --install-scripts $base/lib/train_vision --single-version-externally-managed install_data
