[1.540s] DEBUG:colcon:Command line arguments: ['/usr/bin/colcon', 'build', '--symlink-install']
[1.541s] DEBUG:colcon:Parsed command line arguments: Namespace(allow_overriding=[], ament_cmake_args=None, base_paths=['.'], build_base='build', catkin_cmake_args=None, catkin_skip_building_tests=False, cmake_args=None, cmake_clean_cache=False, cmake_clean_first=False, cmake_force_configure=False, cmake_target=None, cmake_target_skip_unavailable=False, continue_on_error=False, event_handlers=None, executor='parallel', ignore_user_meta=False, install_base='install', log_base=None, log_level=None, main=<bound method BuildVerb.main of <colcon_core.verb.build.BuildVerb object at 0xffff82cf2ca0>>, merge_install=False, metas=['./colcon.meta'], mixin=None, mixin_files=None, mixin_verb=('build',), packages_above=None, packages_above_and_dependencies=None, packages_above_depth=None, packages_end=None, packages_ignore=None, packages_ignore_regex=None, packages_select=None, packages_select_build_failed=False, packages_select_by_dep=None, packages_select_regex=None, packages_select_test_failures=False, packages_skip=None, packages_skip_build_finished=False, packages_skip_by_dep=None, packages_skip_regex=None, packages_skip_test_passed=False, packages_skip_up_to=None, packages_start=None, packages_up_to=None, packages_up_to_regex=None, parallel_workers=6, paths=None, symlink_install=True, test_result_base=None, verb_extension=<colcon_core.verb.build.BuildVerb object at 0xffff82cf2ca0>, verb_name='build', verb_parser=<colcon_mixin.mixin.mixin_argument.MixinArgumentDecorator object at 0xffff82c46c40>)
[2.736s] Level 1:colcon.colcon_core.package_discovery:discover_packages(colcon_meta) check parameters
[2.737s] Level 1:colcon.colcon_core.package_discovery:discover_packages(recursive) check parameters
[2.737s] Level 1:colcon.colcon_core.package_discovery:discover_packages(ignore) check parameters
[2.737s] Level 1:colcon.colcon_core.package_discovery:discover_packages(path) check parameters
[2.738s] Level 1:colcon.colcon_core.package_discovery:discover_packages(colcon_meta) discover
[2.738s] Level 1:colcon.colcon_core.package_discovery:discover_packages(recursive) discover
[2.738s] INFO:colcon.colcon_core.package_discovery:Crawling recursively for packages in '/home/jetson/ws_1'
[2.739s] Level 1:colcon.colcon_core.package_identification:_identify(.) by extensions ['ignore', 'ignore_ament_install']
[2.740s] Level 1:colcon.colcon_core.package_identification:_identify(.) by extension 'ignore'
[2.740s] Level 1:colcon.colcon_core.package_identification:_identify(.) by extension 'ignore_ament_install'
[2.741s] Level 1:colcon.colcon_core.package_identification:_identify(.) by extensions ['colcon_pkg']
[2.741s] Level 1:colcon.colcon_core.package_identification:_identify(.) by extension 'colcon_pkg'
[2.742s] Level 1:colcon.colcon_core.package_identification:_identify(.) by extensions ['colcon_meta']
[2.742s] Level 1:colcon.colcon_core.package_identification:_identify(.) by extension 'colcon_meta'
[2.742s] Level 1:colcon.colcon_core.package_identification:_identify(.) by extensions ['ros']
[2.743s] Level 1:colcon.colcon_core.package_identification:_identify(.) by extension 'ros'
[2.823s] Level 1:colcon.colcon_core.package_identification:_identify(.) by extensions ['cmake', 'python']
[2.823s] Level 1:colcon.colcon_core.package_identification:_identify(.) by extension 'cmake'
[2.824s] Level 1:colcon.colcon_core.package_identification:_identify(.) by extension 'python'
[2.824s] Level 1:colcon.colcon_core.package_identification:_identify(.) by extensions ['python_setup_py']
[2.824s] Level 1:colcon.colcon_core.package_identification:_identify(.) by extension 'python_setup_py'
[2.825s] Level 1:colcon.colcon_core.package_identification:_identify(build) by extensions ['ignore', 'ignore_ament_install']
[2.826s] Level 1:colcon.colcon_core.package_identification:_identify(build) by extension 'ignore'
[2.826s] Level 1:colcon.colcon_core.package_identification:_identify(build) ignored
[2.827s] Level 1:colcon.colcon_core.package_identification:_identify(install) by extensions ['ignore', 'ignore_ament_install']
[2.828s] Level 1:colcon.colcon_core.package_identification:_identify(install) by extension 'ignore'
[2.828s] Level 1:colcon.colcon_core.package_identification:_identify(install) ignored
[2.829s] Level 1:colcon.colcon_core.package_identification:_identify(log) by extensions ['ignore', 'ignore_ament_install']
[2.830s] Level 1:colcon.colcon_core.package_identification:_identify(log) by extension 'ignore'
[2.830s] Level 1:colcon.colcon_core.package_identification:_identify(log) ignored
[2.831s] Level 1:colcon.colcon_core.package_identification:_identify(src) by extensions ['ignore', 'ignore_ament_install']
[2.832s] Level 1:colcon.colcon_core.package_identification:_identify(src) by extension 'ignore'
[2.832s] Level 1:colcon.colcon_core.package_identification:_identify(src) by extension 'ignore_ament_install'
[2.832s] Level 1:colcon.colcon_core.package_identification:_identify(src) by extensions ['colcon_pkg']
[2.833s] Level 1:colcon.colcon_core.package_identification:_identify(src) by extension 'colcon_pkg'
[2.833s] Level 1:colcon.colcon_core.package_identification:_identify(src) by extensions ['colcon_meta']
[2.833s] Level 1:colcon.colcon_core.package_identification:_identify(src) by extension 'colcon_meta'
[2.834s] Level 1:colcon.colcon_core.package_identification:_identify(src) by extensions ['ros']
[2.834s] Level 1:colcon.colcon_core.package_identification:_identify(src) by extension 'ros'
[2.834s] Level 1:colcon.colcon_core.package_identification:_identify(src) by extensions ['cmake', 'python']
[2.835s] Level 1:colcon.colcon_core.package_identification:_identify(src) by extension 'cmake'
[2.835s] Level 1:colcon.colcon_core.package_identification:_identify(src) by extension 'python'
[2.835s] Level 1:colcon.colcon_core.package_identification:_identify(src) by extensions ['python_setup_py']
[2.835s] Level 1:colcon.colcon_core.package_identification:_identify(src) by extension 'python_setup_py'
[2.836s] Level 1:colcon.colcon_core.package_identification:_identify(src/lidar_avoidance) by extensions ['ignore', 'ignore_ament_install']
[2.837s] Level 1:colcon.colcon_core.package_identification:_identify(src/lidar_avoidance) by extension 'ignore'
[2.837s] Level 1:colcon.colcon_core.package_identification:_identify(src/lidar_avoidance) by extension 'ignore_ament_install'
[2.838s] Level 1:colcon.colcon_core.package_identification:_identify(src/lidar_avoidance) by extensions ['colcon_pkg']
[2.838s] Level 1:colcon.colcon_core.package_identification:_identify(src/lidar_avoidance) by extension 'colcon_pkg'
[2.838s] Level 1:colcon.colcon_core.package_identification:_identify(src/lidar_avoidance) by extensions ['colcon_meta']
[2.838s] Level 1:colcon.colcon_core.package_identification:_identify(src/lidar_avoidance) by extension 'colcon_meta'
[2.839s] Level 1:colcon.colcon_core.package_identification:_identify(src/lidar_avoidance) by extensions ['ros']
[2.839s] Level 1:colcon.colcon_core.package_identification:_identify(src/lidar_avoidance) by extension 'ros'
[2.853s] DEBUG:colcon.colcon_core.package_identification:Package 'src/lidar_avoidance' with type 'ros.ament_python' and name 'lidar_avoidance'
[2.855s] Level 1:colcon.colcon_core.package_identification:_identify(src/livox_ros_driver2) by extensions ['ignore', 'ignore_ament_install']
[2.855s] Level 1:colcon.colcon_core.package_identification:_identify(src/livox_ros_driver2) by extension 'ignore'
[2.856s] Level 1:colcon.colcon_core.package_identification:_identify(src/livox_ros_driver2) by extension 'ignore_ament_install'
[2.856s] Level 1:colcon.colcon_core.package_identification:_identify(src/livox_ros_driver2) by extensions ['colcon_pkg']
[2.856s] Level 1:colcon.colcon_core.package_identification:_identify(src/livox_ros_driver2) by extension 'colcon_pkg'
[2.856s] Level 1:colcon.colcon_core.package_identification:_identify(src/livox_ros_driver2) by extensions ['colcon_meta']
[2.857s] Level 1:colcon.colcon_core.package_identification:_identify(src/livox_ros_driver2) by extension 'colcon_meta'
[2.857s] Level 1:colcon.colcon_core.package_identification:_identify(src/livox_ros_driver2) by extensions ['ros']
[2.858s] Level 1:colcon.colcon_core.package_identification:_identify(src/livox_ros_driver2) by extension 'ros'
[2.866s] DEBUG:colcon.colcon_core.package_identification:Package 'src/livox_ros_driver2' with type 'ros.ament_cmake' and name 'livox_ros_driver2'
[2.867s] Level 1:colcon.colcon_core.package_identification:_identify(src/train_bringup) by extensions ['ignore', 'ignore_ament_install']
[2.867s] Level 1:colcon.colcon_core.package_identification:_identify(src/train_bringup) by extension 'ignore'
[2.868s] Level 1:colcon.colcon_core.package_identification:_identify(src/train_bringup) by extension 'ignore_ament_install'
[2.868s] Level 1:colcon.colcon_core.package_identification:_identify(src/train_bringup) by extensions ['colcon_pkg']
[2.869s] Level 1:colcon.colcon_core.package_identification:_identify(src/train_bringup) by extension 'colcon_pkg'
[2.869s] Level 1:colcon.colcon_core.package_identification:_identify(src/train_bringup) by extensions ['colcon_meta']
[2.869s] Level 1:colcon.colcon_core.package_identification:_identify(src/train_bringup) by extension 'colcon_meta'
[2.870s] Level 1:colcon.colcon_core.package_identification:_identify(src/train_bringup) by extensions ['ros']
[2.870s] Level 1:colcon.colcon_core.package_identification:_identify(src/train_bringup) by extension 'ros'
[2.873s] DEBUG:colcon.colcon_core.package_identification:Package 'src/train_bringup' with type 'ros.ament_python' and name 'train_bringup'
[2.874s] Level 1:colcon.colcon_core.package_identification:_identify(src/train_control) by extensions ['ignore', 'ignore_ament_install']
[2.874s] Level 1:colcon.colcon_core.package_identification:_identify(src/train_control) by extension 'ignore'
[2.875s] Level 1:colcon.colcon_core.package_identification:_identify(src/train_control) by extension 'ignore_ament_install'
[2.875s] Level 1:colcon.colcon_core.package_identification:_identify(src/train_control) by extensions ['colcon_pkg']
[2.875s] Level 1:colcon.colcon_core.package_identification:_identify(src/train_control) by extension 'colcon_pkg'
[2.876s] Level 1:colcon.colcon_core.package_identification:_identify(src/train_control) by extensions ['colcon_meta']
[2.876s] Level 1:colcon.colcon_core.package_identification:_identify(src/train_control) by extension 'colcon_meta'
[2.876s] Level 1:colcon.colcon_core.package_identification:_identify(src/train_control) by extensions ['ros']
[2.877s] Level 1:colcon.colcon_core.package_identification:_identify(src/train_control) by extension 'ros'
[2.881s] DEBUG:colcon.colcon_core.package_identification:Package 'src/train_control' with type 'ros.ament_python' and name 'train_control'
[2.881s] Level 1:colcon.colcon_core.package_identification:_identify(src/train_vision) by extensions ['ignore', 'ignore_ament_install']
[2.882s] Level 1:colcon.colcon_core.package_identification:_identify(src/train_vision) by extension 'ignore'
[2.882s] Level 1:colcon.colcon_core.package_identification:_identify(src/train_vision) by extension 'ignore_ament_install'
[2.883s] Level 1:colcon.colcon_core.package_identification:_identify(src/train_vision) by extensions ['colcon_pkg']
[2.883s] Level 1:colcon.colcon_core.package_identification:_identify(src/train_vision) by extension 'colcon_pkg'
[2.883s] Level 1:colcon.colcon_core.package_identification:_identify(src/train_vision) by extensions ['colcon_meta']
[2.883s] Level 1:colcon.colcon_core.package_identification:_identify(src/train_vision) by extension 'colcon_meta'
[2.884s] Level 1:colcon.colcon_core.package_identification:_identify(src/train_vision) by extensions ['ros']
[2.884s] Level 1:colcon.colcon_core.package_identification:_identify(src/train_vision) by extension 'ros'
[2.889s] DEBUG:colcon.colcon_core.package_identification:Package 'src/train_vision' with type 'ros.ament_python' and name 'train_vision'
[2.889s] Level 1:colcon.colcon_core.package_discovery:discover_packages(recursive) using defaults
[2.889s] Level 1:colcon.colcon_core.package_discovery:discover_packages(ignore) discover
[2.890s] Level 1:colcon.colcon_core.package_discovery:discover_packages(ignore) using defaults
[2.890s] Level 1:colcon.colcon_core.package_discovery:discover_packages(path) discover
[2.890s] Level 1:colcon.colcon_core.package_discovery:discover_packages(path) using defaults
[3.045s] Level 1:colcon.colcon_core.package_discovery:discover_packages(prefix_path) check parameters
[3.045s] Level 1:colcon.colcon_core.package_discovery:discover_packages(prefix_path) discover
[3.060s] DEBUG:colcon.colcon_installed_package_information.package_discovery:Found 5 installed packages in /home/jetson/ws_1/install
[3.076s] DEBUG:colcon.colcon_installed_package_information.package_discovery:Found 258 installed packages in /opt/ros/foxy
[3.087s] Level 1:colcon.colcon_core.package_discovery:discover_packages(prefix_path) using defaults
[3.484s] Level 5:colcon.colcon_core.verb:set package 'livox_ros_driver2' build argument 'cmake_args' from command line to 'None'
[3.484s] Level 5:colcon.colcon_core.verb:set package 'livox_ros_driver2' build argument 'cmake_target' from command line to 'None'
[3.485s] Level 5:colcon.colcon_core.verb:set package 'livox_ros_driver2' build argument 'cmake_target_skip_unavailable' from command line to 'False'
[3.485s] Level 5:colcon.colcon_core.verb:set package 'livox_ros_driver2' build argument 'cmake_clean_cache' from command line to 'False'
[3.485s] Level 5:colcon.colcon_core.verb:set package 'livox_ros_driver2' build argument 'cmake_clean_first' from command line to 'False'
[3.485s] Level 5:colcon.colcon_core.verb:set package 'livox_ros_driver2' build argument 'cmake_force_configure' from command line to 'False'
[3.485s] Level 5:colcon.colcon_core.verb:set package 'livox_ros_driver2' build argument 'ament_cmake_args' from command line to 'None'
[3.486s] Level 5:colcon.colcon_core.verb:set package 'livox_ros_driver2' build argument 'catkin_cmake_args' from command line to 'None'
[3.486s] Level 5:colcon.colcon_core.verb:set package 'livox_ros_driver2' build argument 'catkin_skip_building_tests' from command line to 'False'
[3.486s] DEBUG:colcon.colcon_core.verb:Building package 'livox_ros_driver2' with the following arguments: {'ament_cmake_args': None, 'build_base': '/home/jetson/ws_1/build/livox_ros_driver2', 'catkin_cmake_args': None, 'catkin_skip_building_tests': False, 'cmake_args': None, 'cmake_clean_cache': False, 'cmake_clean_first': False, 'cmake_force_configure': False, 'cmake_target': None, 'cmake_target_skip_unavailable': False, 'install_base': '/home/jetson/ws_1/install/livox_ros_driver2', 'merge_install': False, 'path': '/home/jetson/ws_1/src/livox_ros_driver2', 'symlink_install': True, 'test_result_base': None}
[3.488s] Level 5:colcon.colcon_core.verb:set package 'train_bringup' build argument 'cmake_args' from command line to 'None'
[3.489s] Level 5:colcon.colcon_core.verb:set package 'train_bringup' build argument 'cmake_target' from command line to 'None'
[3.489s] Level 5:colcon.colcon_core.verb:set package 'train_bringup' build argument 'cmake_target_skip_unavailable' from command line to 'False'
[3.489s] Level 5:colcon.colcon_core.verb:set package 'train_bringup' build argument 'cmake_clean_cache' from command line to 'False'
[3.489s] Level 5:colcon.colcon_core.verb:set package 'train_bringup' build argument 'cmake_clean_first' from command line to 'False'
[3.489s] Level 5:colcon.colcon_core.verb:set package 'train_bringup' build argument 'cmake_force_configure' from command line to 'False'
[3.490s] Level 5:colcon.colcon_core.verb:set package 'train_bringup' build argument 'ament_cmake_args' from command line to 'None'
[3.490s] Level 5:colcon.colcon_core.verb:set package 'train_bringup' build argument 'catkin_cmake_args' from command line to 'None'
[3.490s] Level 5:colcon.colcon_core.verb:set package 'train_bringup' build argument 'catkin_skip_building_tests' from command line to 'False'
[3.490s] DEBUG:colcon.colcon_core.verb:Building package 'train_bringup' with the following arguments: {'ament_cmake_args': None, 'build_base': '/home/jetson/ws_1/build/train_bringup', 'catkin_cmake_args': None, 'catkin_skip_building_tests': False, 'cmake_args': None, 'cmake_clean_cache': False, 'cmake_clean_first': False, 'cmake_force_configure': False, 'cmake_target': None, 'cmake_target_skip_unavailable': False, 'install_base': '/home/jetson/ws_1/install/train_bringup', 'merge_install': False, 'path': '/home/jetson/ws_1/src/train_bringup', 'symlink_install': True, 'test_result_base': None}
[3.492s] Level 5:colcon.colcon_core.verb:set package 'train_control' build argument 'cmake_args' from command line to 'None'
[3.493s] Level 5:colcon.colcon_core.verb:set package 'train_control' build argument 'cmake_target' from command line to 'None'
[3.493s] Level 5:colcon.colcon_core.verb:set package 'train_control' build argument 'cmake_target_skip_unavailable' from command line to 'False'
[3.493s] Level 5:colcon.colcon_core.verb:set package 'train_control' build argument 'cmake_clean_cache' from command line to 'False'
[3.493s] Level 5:colcon.colcon_core.verb:set package 'train_control' build argument 'cmake_clean_first' from command line to 'False'
[3.493s] Level 5:colcon.colcon_core.verb:set package 'train_control' build argument 'cmake_force_configure' from command line to 'False'
[3.494s] Level 5:colcon.colcon_core.verb:set package 'train_control' build argument 'ament_cmake_args' from command line to 'None'
[3.494s] Level 5:colcon.colcon_core.verb:set package 'train_control' build argument 'catkin_cmake_args' from command line to 'None'
[3.494s] Level 5:colcon.colcon_core.verb:set package 'train_control' build argument 'catkin_skip_building_tests' from command line to 'False'
[3.494s] DEBUG:colcon.colcon_core.verb:Building package 'train_control' with the following arguments: {'ament_cmake_args': None, 'build_base': '/home/jetson/ws_1/build/train_control', 'catkin_cmake_args': None, 'catkin_skip_building_tests': False, 'cmake_args': None, 'cmake_clean_cache': False, 'cmake_clean_first': False, 'cmake_force_configure': False, 'cmake_target': None, 'cmake_target_skip_unavailable': False, 'install_base': '/home/jetson/ws_1/install/train_control', 'merge_install': False, 'path': '/home/jetson/ws_1/src/train_control', 'symlink_install': True, 'test_result_base': None}
[3.497s] Level 5:colcon.colcon_core.verb:set package 'train_vision' build argument 'cmake_args' from command line to 'None'
[3.497s] Level 5:colcon.colcon_core.verb:set package 'train_vision' build argument 'cmake_target' from command line to 'None'
[3.497s] Level 5:colcon.colcon_core.verb:set package 'train_vision' build argument 'cmake_target_skip_unavailable' from command line to 'False'
[3.498s] Level 5:colcon.colcon_core.verb:set package 'train_vision' build argument 'cmake_clean_cache' from command line to 'False'
[3.498s] Level 5:colcon.colcon_core.verb:set package 'train_vision' build argument 'cmake_clean_first' from command line to 'False'
[3.498s] Level 5:colcon.colcon_core.verb:set package 'train_vision' build argument 'cmake_force_configure' from command line to 'False'
[3.498s] Level 5:colcon.colcon_core.verb:set package 'train_vision' build argument 'ament_cmake_args' from command line to 'None'
[3.498s] Level 5:colcon.colcon_core.verb:set package 'train_vision' build argument 'catkin_cmake_args' from command line to 'None'
[3.499s] Level 5:colcon.colcon_core.verb:set package 'train_vision' build argument 'catkin_skip_building_tests' from command line to 'False'
[3.499s] DEBUG:colcon.colcon_core.verb:Building package 'train_vision' with the following arguments: {'ament_cmake_args': None, 'build_base': '/home/jetson/ws_1/build/train_vision', 'catkin_cmake_args': None, 'catkin_skip_building_tests': False, 'cmake_args': None, 'cmake_clean_cache': False, 'cmake_clean_first': False, 'cmake_force_configure': False, 'cmake_target': None, 'cmake_target_skip_unavailable': False, 'install_base': '/home/jetson/ws_1/install/train_vision', 'merge_install': False, 'path': '/home/jetson/ws_1/src/train_vision', 'symlink_install': True, 'test_result_base': None}
[3.502s] Level 5:colcon.colcon_core.verb:set package 'lidar_avoidance' build argument 'cmake_args' from command line to 'None'
[3.502s] Level 5:colcon.colcon_core.verb:set package 'lidar_avoidance' build argument 'cmake_target' from command line to 'None'
[3.502s] Level 5:colcon.colcon_core.verb:set package 'lidar_avoidance' build argument 'cmake_target_skip_unavailable' from command line to 'False'
[3.502s] Level 5:colcon.colcon_core.verb:set package 'lidar_avoidance' build argument 'cmake_clean_cache' from command line to 'False'
[3.503s] Level 5:colcon.colcon_core.verb:set package 'lidar_avoidance' build argument 'cmake_clean_first' from command line to 'False'
[3.503s] Level 5:colcon.colcon_core.verb:set package 'lidar_avoidance' build argument 'cmake_force_configure' from command line to 'False'
[3.503s] Level 5:colcon.colcon_core.verb:set package 'lidar_avoidance' build argument 'ament_cmake_args' from command line to 'None'
[3.503s] Level 5:colcon.colcon_core.verb:set package 'lidar_avoidance' build argument 'catkin_cmake_args' from command line to 'None'
[3.504s] Level 5:colcon.colcon_core.verb:set package 'lidar_avoidance' build argument 'catkin_skip_building_tests' from command line to 'False'
[3.504s] DEBUG:colcon.colcon_core.verb:Building package 'lidar_avoidance' with the following arguments: {'ament_cmake_args': None, 'build_base': '/home/jetson/ws_1/build/lidar_avoidance', 'catkin_cmake_args': None, 'catkin_skip_building_tests': False, 'cmake_args': None, 'cmake_clean_cache': False, 'cmake_clean_first': False, 'cmake_force_configure': False, 'cmake_target': None, 'cmake_target_skip_unavailable': False, 'install_base': '/home/jetson/ws_1/install/lidar_avoidance', 'merge_install': False, 'path': '/home/jetson/ws_1/src/lidar_avoidance', 'symlink_install': True, 'test_result_base': None}
[3.505s] INFO:colcon.colcon_core.executor:Executing jobs using 'parallel' executor
[3.511s] DEBUG:colcon.colcon_parallel_executor.executor.parallel:run_until_complete
[3.512s] INFO:colcon.colcon_ros.task.ament_cmake.build:Building ROS package in '/home/jetson/ws_1/src/livox_ros_driver2' with build type 'ament_cmake'
[3.513s] INFO:colcon.colcon_cmake.task.cmake.build:Building CMake package in '/home/jetson/ws_1/src/livox_ros_driver2'
[3.527s] INFO:colcon.colcon_core.plugin_system:Skipping extension 'colcon_core.shell.bat': Not used on non-Windows systems
[3.528s] INFO:colcon.colcon_core.shell:Skip shell extension 'powershell' for command environment: Not usable outside of PowerShell
[3.529s] DEBUG:colcon.colcon_core.shell:Skip shell extension 'dsv' for command environment
[3.576s] INFO:colcon.colcon_ros.task.ament_python.build:Building ROS package in '/home/jetson/ws_1/src/train_bringup' with build type 'ament_python'
[3.584s] Level 1:colcon.colcon_core.shell:create_environment_hook('train_bringup', 'ament_prefix_path')
[3.590s] INFO:colcon.colcon_core.shell:Creating environment hook '/home/jetson/ws_1/install/train_bringup/share/train_bringup/hook/ament_prefix_path.ps1'
[3.598s] INFO:colcon.colcon_core.shell:Creating environment descriptor '/home/jetson/ws_1/install/train_bringup/share/train_bringup/hook/ament_prefix_path.dsv'
[3.601s] INFO:colcon.colcon_core.shell:Creating environment hook '/home/jetson/ws_1/install/train_bringup/share/train_bringup/hook/ament_prefix_path.sh'
[3.606s] INFO:colcon.colcon_core.shell:Skip shell extension 'powershell' for command environment: Not usable outside of PowerShell
[3.606s] DEBUG:colcon.colcon_core.shell:Skip shell extension 'dsv' for command environment
[3.656s] INFO:colcon.colcon_ros.task.ament_python.build:Building ROS package in '/home/jetson/ws_1/src/train_control' with build type 'ament_python'
[3.664s] Level 1:colcon.colcon_core.shell:create_environment_hook('train_control', 'ament_prefix_path')
[3.672s] INFO:colcon.colcon_core.shell:Creating environment hook '/home/jetson/ws_1/install/train_control/share/train_control/hook/ament_prefix_path.ps1'
[3.680s] INFO:colcon.colcon_core.shell:Creating environment descriptor '/home/jetson/ws_1/install/train_control/share/train_control/hook/ament_prefix_path.dsv'
[3.683s] INFO:colcon.colcon_core.shell:Creating environment hook '/home/jetson/ws_1/install/train_control/share/train_control/hook/ament_prefix_path.sh'
[3.687s] INFO:colcon.colcon_core.shell:Skip shell extension 'powershell' for command environment: Not usable outside of PowerShell
[3.688s] DEBUG:colcon.colcon_core.shell:Skip shell extension 'dsv' for command environment
[3.737s] INFO:colcon.colcon_ros.task.ament_python.build:Building ROS package in '/home/jetson/ws_1/src/train_vision' with build type 'ament_python'
[3.743s] Level 1:colcon.colcon_core.shell:create_environment_hook('train_vision', 'ament_prefix_path')
[3.750s] INFO:colcon.colcon_core.shell:Creating environment hook '/home/jetson/ws_1/install/train_vision/share/train_vision/hook/ament_prefix_path.ps1'
[3.759s] INFO:colcon.colcon_core.shell:Creating environment descriptor '/home/jetson/ws_1/install/train_vision/share/train_vision/hook/ament_prefix_path.dsv'
[3.762s] INFO:colcon.colcon_core.shell:Creating environment hook '/home/jetson/ws_1/install/train_vision/share/train_vision/hook/ament_prefix_path.sh'
[3.766s] INFO:colcon.colcon_core.shell:Skip shell extension 'powershell' for command environment: Not usable outside of PowerShell
[3.767s] DEBUG:colcon.colcon_core.shell:Skip shell extension 'dsv' for command environment
[3.890s] DEBUG:colcon.colcon_core.event_handler.log_command:Invoking command in '/home/jetson/ws_1/build/livox_ros_driver2': CMAKE_PREFIX_PATH=${CMAKE_PREFIX_PATH}:/home/jetson/ws_1/install/train_bringup:/home/jetson/ws_1/install/train_vision:/home/jetson/ws_1/install/train_control:/home/jetson/ws_1/install/lidar_avoidance:/opt/ros/foxy /usr/bin/cmake --build /home/jetson/ws_1/build/livox_ros_driver2 -- -j6 -l6
[5.802s] INFO:colcon.colcon_core.task.python.build:Building Python package in '/home/jetson/ws_1/src/train_bringup'
[5.810s] INFO:colcon.colcon_core.shell:Skip shell extension 'powershell' for command environment: Not usable outside of PowerShell
[5.811s] DEBUG:colcon.colcon_core.shell:Skip shell extension 'dsv' for command environment
[7.750s] INFO:colcon.colcon_core.task.python.build:Building Python package in '/home/jetson/ws_1/src/train_control'
[7.758s] INFO:colcon.colcon_core.shell:Skip shell extension 'powershell' for command environment: Not usable outside of PowerShell
[7.759s] DEBUG:colcon.colcon_core.shell:Skip shell extension 'dsv' for command environment
[9.644s] INFO:colcon.colcon_core.task.python.build:Building Python package in '/home/jetson/ws_1/src/train_vision'
[9.659s] INFO:colcon.colcon_core.shell:Skip shell extension 'powershell' for command environment: Not usable outside of PowerShell
[9.660s] DEBUG:colcon.colcon_core.shell:Skip shell extension 'dsv' for command environment
[9.784s] DEBUG:colcon.colcon_core.event_handler.log_command:Invoked command in '/home/jetson/ws_1/build/livox_ros_driver2' returned '0': CMAKE_PREFIX_PATH=${CMAKE_PREFIX_PATH}:/home/jetson/ws_1/install/train_bringup:/home/jetson/ws_1/install/train_vision:/home/jetson/ws_1/install/train_control:/home/jetson/ws_1/install/lidar_avoidance:/opt/ros/foxy /usr/bin/cmake --build /home/jetson/ws_1/build/livox_ros_driver2 -- -j6 -l6
[9.987s] DEBUG:colcon.colcon_core.event_handler.log_command:Invoking command in '/home/jetson/ws_1/build/livox_ros_driver2': CMAKE_PREFIX_PATH=${CMAKE_PREFIX_PATH}:/home/jetson/ws_1/install/train_bringup:/home/jetson/ws_1/install/train_vision:/home/jetson/ws_1/install/train_control:/home/jetson/ws_1/install/lidar_avoidance:/opt/ros/foxy /usr/bin/cmake --install /home/jetson/ws_1/build/livox_ros_driver2
[11.952s] Level 1:colcon.colcon_core.environment:create_environment_scripts_only(livox_ros_driver2)
[11.962s] DEBUG:colcon.colcon_core.event_handler.log_command:Invoked command in '/home/jetson/ws_1/build/livox_ros_driver2' returned '0': CMAKE_PREFIX_PATH=${CMAKE_PREFIX_PATH}:/home/jetson/ws_1/install/train_bringup:/home/jetson/ws_1/install/train_vision:/home/jetson/ws_1/install/train_control:/home/jetson/ws_1/install/lidar_avoidance:/opt/ros/foxy /usr/bin/cmake --install /home/jetson/ws_1/build/livox_ros_driver2
[11.984s] Level 1:colcon.colcon_core.environment:checking '/home/jetson/ws_1/install/livox_ros_driver2' for CMake module files
[11.991s] Level 1:colcon.colcon_core.environment:checking '/home/jetson/ws_1/install/livox_ros_driver2' for CMake config files
[11.996s] Level 1:colcon.colcon_core.shell:create_environment_hook('livox_ros_driver2', 'cmake_prefix_path')
[11.998s] INFO:colcon.colcon_core.shell:Creating environment hook '/home/jetson/ws_1/install/livox_ros_driver2/share/livox_ros_driver2/hook/cmake_prefix_path.ps1'
[12.004s] INFO:colcon.colcon_core.shell:Creating environment descriptor '/home/jetson/ws_1/install/livox_ros_driver2/share/livox_ros_driver2/hook/cmake_prefix_path.dsv'
[12.011s] INFO:colcon.colcon_core.shell:Creating environment hook '/home/jetson/ws_1/install/livox_ros_driver2/share/livox_ros_driver2/hook/cmake_prefix_path.sh'
[12.017s] Level 1:colcon.colcon_core.environment:checking '/home/jetson/ws_1/install/livox_ros_driver2/lib'
[12.018s] Level 1:colcon.colcon_core.shell:create_environment_hook('livox_ros_driver2', 'ld_library_path_lib')
[12.020s] INFO:colcon.colcon_core.shell:Creating environment hook '/home/jetson/ws_1/install/livox_ros_driver2/share/livox_ros_driver2/hook/ld_library_path_lib.ps1'
[12.024s] INFO:colcon.colcon_core.shell:Creating environment descriptor '/home/jetson/ws_1/install/livox_ros_driver2/share/livox_ros_driver2/hook/ld_library_path_lib.dsv'
[12.030s] INFO:colcon.colcon_core.shell:Creating environment hook '/home/jetson/ws_1/install/livox_ros_driver2/share/livox_ros_driver2/hook/ld_library_path_lib.sh'
[12.035s] Level 1:colcon.colcon_core.environment:checking '/home/jetson/ws_1/install/livox_ros_driver2/bin'
[12.036s] Level 1:colcon.colcon_core.environment:checking '/home/jetson/ws_1/install/livox_ros_driver2/lib/pkgconfig/livox_ros_driver2.pc'
[12.038s] Level 1:colcon.colcon_core.environment:checking '/home/jetson/ws_1/install/livox_ros_driver2/lib/python3.8/site-packages'
[12.039s] Level 1:colcon.colcon_core.shell:create_environment_hook('livox_ros_driver2', 'pythonpath')
[12.042s] INFO:colcon.colcon_core.shell:Creating environment hook '/home/jetson/ws_1/install/livox_ros_driver2/share/livox_ros_driver2/hook/pythonpath.ps1'
[12.046s] INFO:colcon.colcon_core.shell:Creating environment descriptor '/home/jetson/ws_1/install/livox_ros_driver2/share/livox_ros_driver2/hook/pythonpath.dsv'
[12.052s] INFO:colcon.colcon_core.shell:Creating environment hook '/home/jetson/ws_1/install/livox_ros_driver2/share/livox_ros_driver2/hook/pythonpath.sh'
[12.057s] Level 1:colcon.colcon_core.environment:checking '/home/jetson/ws_1/install/livox_ros_driver2/bin'
[12.059s] INFO:colcon.colcon_core.shell:Creating package script '/home/jetson/ws_1/install/livox_ros_driver2/share/livox_ros_driver2/package.ps1'
[12.068s] INFO:colcon.colcon_core.shell:Creating package descriptor '/home/jetson/ws_1/install/livox_ros_driver2/share/livox_ros_driver2/package.dsv'
[12.073s] INFO:colcon.colcon_core.shell:Creating package script '/home/jetson/ws_1/install/livox_ros_driver2/share/livox_ros_driver2/package.sh'
[12.078s] INFO:colcon.colcon_core.shell:Creating package script '/home/jetson/ws_1/install/livox_ros_driver2/share/livox_ros_driver2/package.bash'
[12.083s] INFO:colcon.colcon_core.shell:Creating package script '/home/jetson/ws_1/install/livox_ros_driver2/share/livox_ros_driver2/package.zsh'
[12.088s] Level 1:colcon.colcon_core.environment:create_file_with_runtime_dependencies(/home/jetson/ws_1/install/livox_ros_driver2/share/colcon-core/packages/livox_ros_driver2)
[12.095s] Level 1:colcon.colcon_core.environment:create_environment_scripts_only(livox_ros_driver2)
[12.097s] Level 1:colcon.colcon_core.environment:checking '/home/jetson/ws_1/install/livox_ros_driver2' for CMake module files
[12.102s] Level 1:colcon.colcon_core.environment:checking '/home/jetson/ws_1/install/livox_ros_driver2' for CMake config files
[12.106s] Level 1:colcon.colcon_core.shell:create_environment_hook('livox_ros_driver2', 'cmake_prefix_path')
[12.111s] INFO:colcon.colcon_core.shell:Creating environment hook '/home/jetson/ws_1/install/livox_ros_driver2/share/livox_ros_driver2/hook/cmake_prefix_path.ps1'
[12.146s] INFO:colcon.colcon_core.shell:Creating environment descriptor '/home/jetson/ws_1/install/livox_ros_driver2/share/livox_ros_driver2/hook/cmake_prefix_path.dsv'
[12.151s] INFO:colcon.colcon_core.shell:Creating environment hook '/home/jetson/ws_1/install/livox_ros_driver2/share/livox_ros_driver2/hook/cmake_prefix_path.sh'
[12.158s] Level 1:colcon.colcon_core.environment:checking '/home/jetson/ws_1/install/livox_ros_driver2/lib'
[12.159s] Level 1:colcon.colcon_core.shell:create_environment_hook('livox_ros_driver2', 'ld_library_path_lib')
[12.160s] INFO:colcon.colcon_core.shell:Creating environment hook '/home/jetson/ws_1/install/livox_ros_driver2/share/livox_ros_driver2/hook/ld_library_path_lib.ps1'
[12.163s] INFO:colcon.colcon_core.shell:Creating environment descriptor '/home/jetson/ws_1/install/livox_ros_driver2/share/livox_ros_driver2/hook/ld_library_path_lib.dsv'
[12.166s] INFO:colcon.colcon_core.shell:Creating environment hook '/home/jetson/ws_1/install/livox_ros_driver2/share/livox_ros_driver2/hook/ld_library_path_lib.sh'
[12.169s] Level 1:colcon.colcon_core.environment:checking '/home/jetson/ws_1/install/livox_ros_driver2/bin'
[12.169s] Level 1:colcon.colcon_core.environment:checking '/home/jetson/ws_1/install/livox_ros_driver2/lib/pkgconfig/livox_ros_driver2.pc'
[12.170s] Level 1:colcon.colcon_core.environment:checking '/home/jetson/ws_1/install/livox_ros_driver2/lib/python3.8/site-packages'
[12.171s] Level 1:colcon.colcon_core.shell:create_environment_hook('livox_ros_driver2', 'pythonpath')
[12.172s] INFO:colcon.colcon_core.shell:Creating environment hook '/home/jetson/ws_1/install/livox_ros_driver2/share/livox_ros_driver2/hook/pythonpath.ps1'
[12.175s] INFO:colcon.colcon_core.shell:Creating environment descriptor '/home/jetson/ws_1/install/livox_ros_driver2/share/livox_ros_driver2/hook/pythonpath.dsv'
[12.178s] INFO:colcon.colcon_core.shell:Creating environment hook '/home/jetson/ws_1/install/livox_ros_driver2/share/livox_ros_driver2/hook/pythonpath.sh'
[12.182s] Level 1:colcon.colcon_core.environment:checking '/home/jetson/ws_1/install/livox_ros_driver2/bin'
[12.184s] INFO:colcon.colcon_core.shell:Creating package script '/home/jetson/ws_1/install/livox_ros_driver2/share/livox_ros_driver2/package.ps1'
[12.190s] INFO:colcon.colcon_core.shell:Creating package descriptor '/home/jetson/ws_1/install/livox_ros_driver2/share/livox_ros_driver2/package.dsv'
[12.196s] INFO:colcon.colcon_core.shell:Creating package script '/home/jetson/ws_1/install/livox_ros_driver2/share/livox_ros_driver2/package.sh'
[12.200s] INFO:colcon.colcon_core.shell:Creating package script '/home/jetson/ws_1/install/livox_ros_driver2/share/livox_ros_driver2/package.bash'
[12.203s] INFO:colcon.colcon_core.shell:Creating package script '/home/jetson/ws_1/install/livox_ros_driver2/share/livox_ros_driver2/package.zsh'
[12.207s] Level 1:colcon.colcon_core.environment:create_file_with_runtime_dependencies(/home/jetson/ws_1/install/livox_ros_driver2/share/colcon-core/packages/livox_ros_driver2)
[12.210s] INFO:colcon.colcon_ros.task.ament_python.build:Building ROS package in '/home/jetson/ws_1/src/lidar_avoidance' with build type 'ament_python'
[12.214s] Level 1:colcon.colcon_core.shell:create_environment_hook('lidar_avoidance', 'ament_prefix_path')
[12.217s] INFO:colcon.colcon_core.shell:Creating environment hook '/home/jetson/ws_1/install/lidar_avoidance/share/lidar_avoidance/hook/ament_prefix_path.ps1'
[12.225s] INFO:colcon.colcon_core.shell:Creating environment descriptor '/home/jetson/ws_1/install/lidar_avoidance/share/lidar_avoidance/hook/ament_prefix_path.dsv'
[12.228s] INFO:colcon.colcon_core.shell:Creating environment hook '/home/jetson/ws_1/install/lidar_avoidance/share/lidar_avoidance/hook/ament_prefix_path.sh'
[12.232s] INFO:colcon.colcon_core.shell:Skip shell extension 'powershell' for command environment: Not usable outside of PowerShell
[12.233s] DEBUG:colcon.colcon_core.shell:Skip shell extension 'dsv' for command environment
[14.074s] INFO:colcon.colcon_core.task.python.build:Building Python package in '/home/jetson/ws_1/src/lidar_avoidance'
[14.081s] INFO:colcon.colcon_core.shell:Skip shell extension 'powershell' for command environment: Not usable outside of PowerShell
[14.082s] DEBUG:colcon.colcon_core.shell:Skip shell extension 'dsv' for command environment
[14.156s] DEBUG:colcon.colcon_core.task.python.build:While undoing a previous installation files outside the Python library path are being ignored: /home/jetson/ws_1/install/train_control/share/ament_index/resource_index/packages/train_control
[14.157s] DEBUG:colcon.colcon_core.task.python.build:While undoing a previous installation files outside the Python library path are being ignored: /home/jetson/ws_1/install/train_control/share/train_control/package.xml
[14.158s] DEBUG:colcon.colcon_core.task.python.build:While undoing a previous installation files outside the Python library path are being ignored: /home/jetson/ws_1/install/train_control/share/train_control/launch/train_sim.launch.py
[14.164s] DEBUG:colcon.colcon_core.task.python.build:While undoing a previous installation files outside the Python library path are being ignored: /home/jetson/ws_1/install/train_control/lib/train_control/control_manager
[14.165s] DEBUG:colcon.colcon_core.task.python.build:While undoing a previous installation files outside the Python library path are being ignored: /home/jetson/ws_1/install/train_control/lib/train_control/esp32_wifi
[14.267s] DEBUG:colcon.colcon_core.event_handler.log_command:Invoking command in '/home/jetson/ws_1/build/train_control': PYTHONPATH=/home/jetson/ws_1/build/train_control/prefix_override:/usr/lib/python3/dist-packages/colcon_core/task/python/colcon_distutils_commands:/home/jetson/ws_1/install/train_control/lib/python3.8/site-packages:${PYTHONPATH} /usr/bin/python3 -W ignore:setup.py install is deprecated -W ignore:easy_install command is deprecated setup.py develop --editable --build-directory /home/jetson/ws_1/build/train_control/build --no-deps symlink_data --force
[14.281s] DEBUG:colcon.colcon_core.event_handler.log_command:Invoking command in '/home/jetson/ws_1/build/train_bringup': PYTHONPATH=/home/jetson/ws_1/build/train_bringup/prefix_override:/usr/lib/python3/dist-packages/colcon_core/task/python/colcon_distutils_commands:/home/jetson/ws_1/install/train_bringup/lib/python3.8/site-packages:${PYTHONPATH} /usr/bin/python3 -W ignore:setup.py install is deprecated -W ignore:easy_install command is deprecated setup.py develop --editable --build-directory /home/jetson/ws_1/build/train_bringup/build --no-deps symlink_data
[14.287s] DEBUG:colcon.colcon_core.event_handler.log_command:Invoking command in '/home/jetson/ws_1/build/train_vision': PYTHONPATH=/home/jetson/ws_1/build/train_vision/prefix_override:/usr/lib/python3/dist-packages/colcon_core/task/python/colcon_distutils_commands:/home/jetson/ws_1/install/train_vision/lib/python3.8/site-packages:${PYTHONPATH} /usr/bin/python3 -W ignore:setup.py install is deprecated -W ignore:easy_install command is deprecated setup.py develop --editable --build-directory /home/jetson/ws_1/build/train_vision/build --no-deps symlink_data
[17.419s] DEBUG:colcon.colcon_core.event_handler.log_command:Invoking command in '/home/jetson/ws_1/build/lidar_avoidance': LD_LIBRARY_PATH=/home/jetson/ws_1/install/livox_ros_driver2/lib:/usr/local/cuda-11.4/lib64:/opt/ros/foxy/opt/yaml_cpp_vendor/lib:/opt/ros/foxy/opt/rviz_ogre_vendor/lib:/opt/ros/foxy/lib/aarch64-linux-gnu:/opt/ros/foxy/lib:/usr/local/cuda-11.4/lib64 PYTHONPATH=/home/jetson/ws_1/build/lidar_avoidance/prefix_override:/usr/lib/python3/dist-packages/colcon_core/task/python/colcon_distutils_commands:/home/jetson/ws_1/install/lidar_avoidance/lib/python3.8/site-packages:/home/jetson/ws_1/install/livox_ros_driver2/lib/python3.8/site-packages:/home/jetson/ws_1/build/train_control:/home/jetson/ws_1/build/train_bringup:/home/jetson/ws_1/install/train_bringup/lib/python3.8/site-packages:/home/jetson/ws_1/build/lidar_avoidance:/home/jetson/ws_1/build/train_vision:/home/jetson/ws_1/install/train_vision/lib/python3.8/site-packages:/home/jetson/ws_1/install/train_control/lib/python3.8/site-packages:/home/jetson/ws_1/install/lidar_avoidance/lib/python3.8/site-packages:/opt/ros/foxy/lib/python3.8/site-packages /usr/bin/python3 -W ignore:setup.py install is deprecated -W ignore:easy_install command is deprecated setup.py develop --editable --build-directory /home/jetson/ws_1/build/lidar_avoidance/build --no-deps symlink_data
[18.102s] Level 1:colcon.colcon_core.shell:create_environment_hook('train_bringup', 'pythonpath_develop')
[18.111s] DEBUG:colcon.colcon_core.event_handler.log_command:Invoked command in '/home/jetson/ws_1/build/train_bringup' returned '0': PYTHONPATH=/home/jetson/ws_1/build/train_bringup/prefix_override:/usr/lib/python3/dist-packages/colcon_core/task/python/colcon_distutils_commands:/home/jetson/ws_1/install/train_bringup/lib/python3.8/site-packages:${PYTHONPATH} /usr/bin/python3 -W ignore:setup.py install is deprecated -W ignore:easy_install command is deprecated setup.py develop --editable --build-directory /home/jetson/ws_1/build/train_bringup/build --no-deps symlink_data
[18.113s] INFO:colcon.colcon_core.shell:Creating environment hook '/home/jetson/ws_1/build/train_bringup/share/train_bringup/hook/pythonpath_develop.ps1'
[18.124s] INFO:colcon.colcon_core.shell:Creating environment descriptor '/home/jetson/ws_1/build/train_bringup/share/train_bringup/hook/pythonpath_develop.dsv'
[18.147s] INFO:colcon.colcon_core.shell:Creating environment hook '/home/jetson/ws_1/build/train_bringup/share/train_bringup/hook/pythonpath_develop.sh'
[18.154s] Level 1:colcon.colcon_core.environment:checking '/home/jetson/ws_1/install/train_bringup' for CMake module files
[18.159s] Level 1:colcon.colcon_core.environment:checking '/home/jetson/ws_1/install/train_bringup' for CMake config files
[18.167s] Level 1:colcon.colcon_core.environment:checking '/home/jetson/ws_1/install/train_bringup/lib'
[18.168s] Level 1:colcon.colcon_core.environment:checking '/home/jetson/ws_1/install/train_bringup/bin'
[18.168s] Level 1:colcon.colcon_core.environment:checking '/home/jetson/ws_1/install/train_bringup/lib/pkgconfig/train_bringup.pc'
[18.171s] Level 1:colcon.colcon_core.environment:checking '/home/jetson/ws_1/install/train_bringup/lib/python3.8/site-packages'
[18.172s] Level 1:colcon.colcon_core.shell:create_environment_hook('train_bringup', 'pythonpath')
[18.174s] INFO:colcon.colcon_core.shell:Creating environment hook '/home/jetson/ws_1/install/train_bringup/share/train_bringup/hook/pythonpath.ps1'
[18.179s] INFO:colcon.colcon_core.shell:Creating environment descriptor '/home/jetson/ws_1/install/train_bringup/share/train_bringup/hook/pythonpath.dsv'
[18.182s] INFO:colcon.colcon_core.shell:Creating environment hook '/home/jetson/ws_1/install/train_bringup/share/train_bringup/hook/pythonpath.sh'
[18.186s] Level 1:colcon.colcon_core.environment:checking '/home/jetson/ws_1/install/train_bringup/bin'
[18.187s] Level 1:colcon.colcon_core.environment:create_environment_scripts_only(train_bringup)
[18.190s] INFO:colcon.colcon_core.shell:Creating package script '/home/jetson/ws_1/install/train_bringup/share/train_bringup/package.ps1'
[18.196s] INFO:colcon.colcon_core.shell:Creating package descriptor '/home/jetson/ws_1/install/train_bringup/share/train_bringup/package.dsv'
[18.200s] INFO:colcon.colcon_core.shell:Creating package script '/home/jetson/ws_1/install/train_bringup/share/train_bringup/package.sh'
[18.212s] INFO:colcon.colcon_core.shell:Creating package script '/home/jetson/ws_1/install/train_bringup/share/train_bringup/package.bash'
[18.217s] INFO:colcon.colcon_core.shell:Creating package script '/home/jetson/ws_1/install/train_bringup/share/train_bringup/package.zsh'
[18.222s] Level 1:colcon.colcon_core.environment:create_file_with_runtime_dependencies(/home/jetson/ws_1/install/train_bringup/share/colcon-core/packages/train_bringup)
[18.236s] Level 1:colcon.colcon_core.shell:create_environment_hook('train_vision', 'pythonpath_develop')
[18.238s] DEBUG:colcon.colcon_core.event_handler.log_command:Invoked command in '/home/jetson/ws_1/build/train_vision' returned '0': PYTHONPATH=/home/jetson/ws_1/build/train_vision/prefix_override:/usr/lib/python3/dist-packages/colcon_core/task/python/colcon_distutils_commands:/home/jetson/ws_1/install/train_vision/lib/python3.8/site-packages:${PYTHONPATH} /usr/bin/python3 -W ignore:setup.py install is deprecated -W ignore:easy_install command is deprecated setup.py develop --editable --build-directory /home/jetson/ws_1/build/train_vision/build --no-deps symlink_data
[18.240s] INFO:colcon.colcon_core.shell:Creating environment hook '/home/jetson/ws_1/build/train_vision/share/train_vision/hook/pythonpath_develop.ps1'
[18.244s] INFO:colcon.colcon_core.shell:Creating environment descriptor '/home/jetson/ws_1/build/train_vision/share/train_vision/hook/pythonpath_develop.dsv'
[18.247s] INFO:colcon.colcon_core.shell:Creating environment hook '/home/jetson/ws_1/build/train_vision/share/train_vision/hook/pythonpath_develop.sh'
[18.251s] Level 1:colcon.colcon_core.environment:checking '/home/jetson/ws_1/install/train_vision' for CMake module files
[18.255s] Level 1:colcon.colcon_core.environment:checking '/home/jetson/ws_1/install/train_vision' for CMake config files
[18.262s] Level 1:colcon.colcon_core.environment:checking '/home/jetson/ws_1/install/train_vision/lib'
[18.263s] Level 1:colcon.colcon_core.environment:checking '/home/jetson/ws_1/install/train_vision/bin'
[18.264s] Level 1:colcon.colcon_core.environment:checking '/home/jetson/ws_1/install/train_vision/lib/pkgconfig/train_vision.pc'
[18.266s] Level 1:colcon.colcon_core.environment:checking '/home/jetson/ws_1/install/train_vision/lib/python3.8/site-packages'
[18.266s] Level 1:colcon.colcon_core.shell:create_environment_hook('train_vision', 'pythonpath')
[18.269s] INFO:colcon.colcon_core.shell:Creating environment hook '/home/jetson/ws_1/install/train_vision/share/train_vision/hook/pythonpath.ps1'
[18.274s] INFO:colcon.colcon_core.shell:Creating environment descriptor '/home/jetson/ws_1/install/train_vision/share/train_vision/hook/pythonpath.dsv'
[18.278s] INFO:colcon.colcon_core.shell:Creating environment hook '/home/jetson/ws_1/install/train_vision/share/train_vision/hook/pythonpath.sh'
[18.284s] Level 1:colcon.colcon_core.environment:checking '/home/jetson/ws_1/install/train_vision/bin'
[18.284s] Level 1:colcon.colcon_core.environment:create_environment_scripts_only(train_vision)
[18.287s] INFO:colcon.colcon_core.shell:Creating package script '/home/jetson/ws_1/install/train_vision/share/train_vision/package.ps1'
[18.293s] INFO:colcon.colcon_core.shell:Creating package descriptor '/home/jetson/ws_1/install/train_vision/share/train_vision/package.dsv'
[18.298s] INFO:colcon.colcon_core.shell:Creating package script '/home/jetson/ws_1/install/train_vision/share/train_vision/package.sh'
[18.302s] INFO:colcon.colcon_core.shell:Creating package script '/home/jetson/ws_1/install/train_vision/share/train_vision/package.bash'
[18.306s] INFO:colcon.colcon_core.shell:Creating package script '/home/jetson/ws_1/install/train_vision/share/train_vision/package.zsh'
[18.310s] Level 1:colcon.colcon_core.environment:create_file_with_runtime_dependencies(/home/jetson/ws_1/install/train_vision/share/colcon-core/packages/train_vision)
[18.313s] Level 1:colcon.colcon_core.shell:create_environment_hook('train_control', 'pythonpath_develop')
[18.317s] INFO:colcon.colcon_core.shell:Creating environment hook '/home/jetson/ws_1/build/train_control/share/train_control/hook/pythonpath_develop.ps1'
[18.320s] DEBUG:colcon.colcon_core.event_handler.log_command:Invoked command in '/home/jetson/ws_1/build/train_control' returned '0': PYTHONPATH=/home/jetson/ws_1/build/train_control/prefix_override:/usr/lib/python3/dist-packages/colcon_core/task/python/colcon_distutils_commands:/home/jetson/ws_1/install/train_control/lib/python3.8/site-packages:${PYTHONPATH} /usr/bin/python3 -W ignore:setup.py install is deprecated -W ignore:easy_install command is deprecated setup.py develop --editable --build-directory /home/jetson/ws_1/build/train_control/build --no-deps symlink_data --force
[18.324s] INFO:colcon.colcon_core.shell:Creating environment descriptor '/home/jetson/ws_1/build/train_control/share/train_control/hook/pythonpath_develop.dsv'
[18.328s] INFO:colcon.colcon_core.shell:Creating environment hook '/home/jetson/ws_1/build/train_control/share/train_control/hook/pythonpath_develop.sh'
[18.334s] Level 1:colcon.colcon_core.environment:checking '/home/jetson/ws_1/install/train_control' for CMake module files
[18.337s] Level 1:colcon.colcon_core.environment:checking '/home/jetson/ws_1/install/train_control' for CMake config files
[18.343s] Level 1:colcon.colcon_core.environment:checking '/home/jetson/ws_1/install/train_control/lib'
[18.343s] Level 1:colcon.colcon_core.environment:checking '/home/jetson/ws_1/install/train_control/bin'
[18.344s] Level 1:colcon.colcon_core.environment:checking '/home/jetson/ws_1/install/train_control/lib/pkgconfig/train_control.pc'
[18.345s] Level 1:colcon.colcon_core.environment:checking '/home/jetson/ws_1/install/train_control/lib/python3.8/site-packages'
[18.346s] Level 1:colcon.colcon_core.shell:create_environment_hook('train_control', 'pythonpath')
[18.348s] INFO:colcon.colcon_core.shell:Creating environment hook '/home/jetson/ws_1/install/train_control/share/train_control/hook/pythonpath.ps1'
[18.352s] INFO:colcon.colcon_core.shell:Creating environment descriptor '/home/jetson/ws_1/install/train_control/share/train_control/hook/pythonpath.dsv'
[18.360s] INFO:colcon.colcon_core.shell:Creating environment hook '/home/jetson/ws_1/install/train_control/share/train_control/hook/pythonpath.sh'
[18.366s] Level 1:colcon.colcon_core.environment:checking '/home/jetson/ws_1/install/train_control/bin'
[18.366s] Level 1:colcon.colcon_core.environment:create_environment_scripts_only(train_control)
[18.369s] INFO:colcon.colcon_core.shell:Creating package script '/home/jetson/ws_1/install/train_control/share/train_control/package.ps1'
[18.377s] INFO:colcon.colcon_core.shell:Creating package descriptor '/home/jetson/ws_1/install/train_control/share/train_control/package.dsv'
[18.385s] INFO:colcon.colcon_core.shell:Creating package script '/home/jetson/ws_1/install/train_control/share/train_control/package.sh'
[18.390s] INFO:colcon.colcon_core.shell:Creating package script '/home/jetson/ws_1/install/train_control/share/train_control/package.bash'
[18.394s] INFO:colcon.colcon_core.shell:Creating package script '/home/jetson/ws_1/install/train_control/share/train_control/package.zsh'
[18.397s] Level 1:colcon.colcon_core.environment:create_file_with_runtime_dependencies(/home/jetson/ws_1/install/train_control/share/colcon-core/packages/train_control)
[20.981s] Level 1:colcon.colcon_core.shell:create_environment_hook('lidar_avoidance', 'pythonpath_develop')
[20.983s] INFO:colcon.colcon_core.shell:Creating environment hook '/home/jetson/ws_1/build/lidar_avoidance/share/lidar_avoidance/hook/pythonpath_develop.ps1'
[20.986s] DEBUG:colcon.colcon_core.event_handler.log_command:Invoked command in '/home/jetson/ws_1/build/lidar_avoidance' returned '0': LD_LIBRARY_PATH=/home/jetson/ws_1/install/livox_ros_driver2/lib:/usr/local/cuda-11.4/lib64:/opt/ros/foxy/opt/yaml_cpp_vendor/lib:/opt/ros/foxy/opt/rviz_ogre_vendor/lib:/opt/ros/foxy/lib/aarch64-linux-gnu:/opt/ros/foxy/lib:/usr/local/cuda-11.4/lib64 PYTHONPATH=/home/jetson/ws_1/build/lidar_avoidance/prefix_override:/usr/lib/python3/dist-packages/colcon_core/task/python/colcon_distutils_commands:/home/jetson/ws_1/install/lidar_avoidance/lib/python3.8/site-packages:/home/jetson/ws_1/install/livox_ros_driver2/lib/python3.8/site-packages:/home/jetson/ws_1/build/train_control:/home/jetson/ws_1/build/train_bringup:/home/jetson/ws_1/install/train_bringup/lib/python3.8/site-packages:/home/jetson/ws_1/build/lidar_avoidance:/home/jetson/ws_1/build/train_vision:/home/jetson/ws_1/install/train_vision/lib/python3.8/site-packages:/home/jetson/ws_1/install/train_control/lib/python3.8/site-packages:/home/jetson/ws_1/install/lidar_avoidance/lib/python3.8/site-packages:/opt/ros/foxy/lib/python3.8/site-packages /usr/bin/python3 -W ignore:setup.py install is deprecated -W ignore:easy_install command is deprecated setup.py develop --editable --build-directory /home/jetson/ws_1/build/lidar_avoidance/build --no-deps symlink_data
[20.995s] INFO:colcon.colcon_core.shell:Creating environment descriptor '/home/jetson/ws_1/build/lidar_avoidance/share/lidar_avoidance/hook/pythonpath_develop.dsv'
[21.003s] INFO:colcon.colcon_core.shell:Creating environment hook '/home/jetson/ws_1/build/lidar_avoidance/share/lidar_avoidance/hook/pythonpath_develop.sh'
[21.009s] Level 1:colcon.colcon_core.environment:checking '/home/jetson/ws_1/install/lidar_avoidance' for CMake module files
[21.013s] Level 1:colcon.colcon_core.environment:checking '/home/jetson/ws_1/install/lidar_avoidance' for CMake config files
[21.019s] Level 1:colcon.colcon_core.environment:checking '/home/jetson/ws_1/install/lidar_avoidance/lib'
[21.020s] Level 1:colcon.colcon_core.environment:checking '/home/jetson/ws_1/install/lidar_avoidance/bin'
[21.021s] Level 1:colcon.colcon_core.environment:checking '/home/jetson/ws_1/install/lidar_avoidance/lib/pkgconfig/lidar_avoidance.pc'
[21.022s] Level 1:colcon.colcon_core.environment:checking '/home/jetson/ws_1/install/lidar_avoidance/lib/python3.8/site-packages'
[21.023s] Level 1:colcon.colcon_core.shell:create_environment_hook('lidar_avoidance', 'pythonpath')
[21.025s] INFO:colcon.colcon_core.shell:Creating environment hook '/home/jetson/ws_1/install/lidar_avoidance/share/lidar_avoidance/hook/pythonpath.ps1'
[21.030s] INFO:colcon.colcon_core.shell:Creating environment descriptor '/home/jetson/ws_1/install/lidar_avoidance/share/lidar_avoidance/hook/pythonpath.dsv'
[21.034s] INFO:colcon.colcon_core.shell:Creating environment hook '/home/jetson/ws_1/install/lidar_avoidance/share/lidar_avoidance/hook/pythonpath.sh'
[21.039s] Level 1:colcon.colcon_core.environment:checking '/home/jetson/ws_1/install/lidar_avoidance/bin'
[21.040s] Level 1:colcon.colcon_core.environment:create_environment_scripts_only(lidar_avoidance)
[21.044s] INFO:colcon.colcon_core.shell:Creating package script '/home/jetson/ws_1/install/lidar_avoidance/share/lidar_avoidance/package.ps1'
[21.050s] INFO:colcon.colcon_core.shell:Creating package descriptor '/home/jetson/ws_1/install/lidar_avoidance/share/lidar_avoidance/package.dsv'
[21.054s] INFO:colcon.colcon_core.shell:Creating package script '/home/jetson/ws_1/install/lidar_avoidance/share/lidar_avoidance/package.sh'
[21.058s] INFO:colcon.colcon_core.shell:Creating package script '/home/jetson/ws_1/install/lidar_avoidance/share/lidar_avoidance/package.bash'
[21.061s] INFO:colcon.colcon_core.shell:Creating package script '/home/jetson/ws_1/install/lidar_avoidance/share/lidar_avoidance/package.zsh'
[21.064s] Level 1:colcon.colcon_core.environment:create_file_with_runtime_dependencies(/home/jetson/ws_1/install/lidar_avoidance/share/colcon-core/packages/lidar_avoidance)
[21.067s] DEBUG:colcon.colcon_parallel_executor.executor.parallel:closing loop
[21.070s] DEBUG:colcon.colcon_parallel_executor.executor.parallel:loop closed
[21.072s] DEBUG:colcon.colcon_parallel_executor.executor.parallel:run_until_complete finished with '0'
[21.073s] DEBUG:colcon.colcon_core.event_reactor:joining thread
[21.079s] DEBUG:colcon.colcon_core.event_reactor:joined thread
[21.081s] INFO:colcon.colcon_core.shell:Creating prefix script '/home/jetson/ws_1/install/local_setup.ps1'
[21.087s] INFO:colcon.colcon_core.shell:Creating prefix util module '/home/jetson/ws_1/install/_local_setup_util_ps1.py'
[21.096s] INFO:colcon.colcon_core.shell:Creating prefix chain script '/home/jetson/ws_1/install/setup.ps1'
[21.106s] INFO:colcon.colcon_core.shell:Creating prefix script '/home/jetson/ws_1/install/local_setup.sh'
[21.111s] INFO:colcon.colcon_core.shell:Creating prefix util module '/home/jetson/ws_1/install/_local_setup_util_sh.py'
[21.115s] INFO:colcon.colcon_core.shell:Creating prefix chain script '/home/jetson/ws_1/install/setup.sh'
[21.125s] INFO:colcon.colcon_core.shell:Creating prefix script '/home/jetson/ws_1/install/local_setup.bash'
[21.129s] INFO:colcon.colcon_core.shell:Creating prefix chain script '/home/jetson/ws_1/install/setup.bash'
[21.139s] INFO:colcon.colcon_core.shell:Creating prefix script '/home/jetson/ws_1/install/local_setup.zsh'
[21.143s] INFO:colcon.colcon_core.shell:Creating prefix chain script '/home/jetson/ws_1/install/setup.zsh'
