[4.230s] Invoking command in '/home/jetson/ws_1/src/train_vision': PYTHONPATH=/home/jetson/ws_1/build/train_vision/prefix_override:/usr/lib/python3/dist-packages/colcon_core/task/python/colcon_distutils_commands:/home/jetson/ws_1/install/train_vision/lib/python3.8/site-packages:${PYTHONPATH} /usr/bin/python3 -W ignore:setup.py install is deprecated -W ignore:easy_install command is deprecated setup.py egg_info --egg-base ../../build/train_vision build --build-base /home/jetson/ws_1/build/train_vision/build install --record /home/jetson/ws_1/build/train_vision/install.log --install-scripts $base/lib/train_vision --single-version-externally-managed install_data
[5.771s] running egg_info
[5.773s] writing ../../build/train_vision/train_vision.egg-info/PKG-INFO
[5.774s] writing dependency_links to ../../build/train_vision/train_vision.egg-info/dependency_links.txt
[5.776s] writing entry points to ../../build/train_vision/train_vision.egg-info/entry_points.txt
[5.779s] writing requirements to ../../build/train_vision/train_vision.egg-info/requires.txt
[5.779s] writing top-level names to ../../build/train_vision/train_vision.egg-info/top_level.txt
[5.984s] reading manifest file '../../build/train_vision/train_vision.egg-info/SOURCES.txt'
[5.990s] writing manifest file '../../build/train_vision/train_vision.egg-info/SOURCES.txt'
[5.991s] running build
[5.992s] running build_py
[5.995s] copying train_vision/pose_node.py -> /home/jetson/ws_1/build/train_vision/build/lib/train_vision
[5.998s] running install
[6.003s] running install_lib
[6.008s] copying /home/jetson/ws_1/build/train_vision/build/lib/train_vision/pose_node.py -> /home/jetson/ws_1/install/train_vision/lib/python3.8/site-packages/train_vision
[6.013s] byte-compiling /home/jetson/ws_1/install/train_vision/lib/python3.8/site-packages/train_vision/pose_node.py to pose_node.cpython-38.pyc
[6.025s] running install_data
[6.026s] running install_egg_info
[6.034s] removing '/home/jetson/ws_1/install/train_vision/lib/python3.8/site-packages/train_vision-0.0.0-py3.8.egg-info' (and everything under it)
[6.036s] Copying ../../build/train_vision/train_vision.egg-info to /home/jetson/ws_1/install/train_vision/lib/python3.8/site-packages/train_vision-0.0.0-py3.8.egg-info
[6.044s] running install_scripts
[6.135s] Installing camera script to /home/jetson/ws_1/install/train_vision/lib/train_vision
[6.136s] Installing pose script to /home/jetson/ws_1/install/train_vision/lib/train_vision
[6.138s] writing list of installed files to '/home/jetson/ws_1/build/train_vision/install.log'
[6.259s] Invoked command in '/home/jetson/ws_1/src/train_vision' returned '0': PYTHONPATH=/home/jetson/ws_1/build/train_vision/prefix_override:/usr/lib/python3/dist-packages/colcon_core/task/python/colcon_distutils_commands:/home/jetson/ws_1/install/train_vision/lib/python3.8/site-packages:${PYTHONPATH} /usr/bin/python3 -W ignore:setup.py install is deprecated -W ignore:easy_install command is deprecated setup.py egg_info --egg-base ../../build/train_vision build --build-base /home/jetson/ws_1/build/train_vision/build install --record /home/jetson/ws_1/build/train_vision/install.log --install-scripts $base/lib/train_vision --single-version-externally-managed install_data
