[11.087s] Invoking command in '/home/jetson/ws_1/src/train_control': PYTHONPATH=/home/jetson/ws_1/build/train_control/prefix_override:/usr/lib/python3/dist-packages/colcon_core/task/python/colcon_distutils_commands:/home/jetson/ws_1/install/train_control/lib/python3.8/site-packages:${PYTHONPATH} /usr/bin/python3 -W ignore:setup.py install is deprecated -W ignore:easy_install command is deprecated setup.py egg_info --egg-base ../../build/train_control build --build-base /home/jetson/ws_1/build/train_control/build install --record /home/jetson/ws_1/build/train_control/install.log --install-scripts $base/lib/train_control --single-version-externally-managed install_data
[13.812s] running egg_info
[13.815s] writing ../../build/train_control/train_control.egg-info/PKG-INFO
[13.815s] writing dependency_links to ../../build/train_control/train_control.egg-info/dependency_links.txt
[13.860s] writing entry points to ../../build/train_control/train_control.egg-info/entry_points.txt
[13.861s] writing requirements to ../../build/train_control/train_control.egg-info/requires.txt
[13.862s] writing top-level names to ../../build/train_control/train_control.egg-info/top_level.txt
[14.090s] reading manifest file '../../build/train_control/train_control.egg-info/SOURCES.txt'
[14.108s] writing manifest file '../../build/train_control/train_control.egg-info/SOURCES.txt'
[14.109s] running build
[14.109s] running build_py
[14.137s] running install
[14.151s] running install_lib
[14.159s] running install_data
[14.171s] running install_egg_info
[14.185s] removing '/home/jetson/ws_1/install/train_control/lib/python3.8/site-packages/train_control-0.0.0-py3.8.egg-info' (and everything under it)
[14.185s] Copying ../../build/train_control/train_control.egg-info to /home/jetson/ws_1/install/train_control/lib/python3.8/site-packages/train_control-0.0.0-py3.8.egg-info
[14.186s] running install_scripts
[14.342s] Installing control_manager script to /home/jetson/ws_1/install/train_control/lib/train_control
[14.357s] Installing esp32_wifi script to /home/jetson/ws_1/install/train_control/lib/train_control
[14.399s] writing list of installed files to '/home/jetson/ws_1/build/train_control/install.log'
[14.532s] Invoked command in '/home/jetson/ws_1/src/train_control' returned '0': PYTHONPATH=/home/jetson/ws_1/build/train_control/prefix_override:/usr/lib/python3/dist-packages/colcon_core/task/python/colcon_distutils_commands:/home/jetson/ws_1/install/train_control/lib/python3.8/site-packages:${PYTHONPATH} /usr/bin/python3 -W ignore:setup.py install is deprecated -W ignore:easy_install command is deprecated setup.py egg_info --egg-base ../../build/train_control build --build-base /home/jetson/ws_1/build/train_control/build install --record /home/jetson/ws_1/build/train_control/install.log --install-scripts $base/lib/train_control --single-version-externally-managed install_data
