[1.287s] DEBUG:colcon:Command line arguments: ['/usr/bin/colcon', 'build', '--packages-select', 'train_vision']
[1.288s] DEBUG:colcon:Parsed command line arguments: Namespace(allow_overriding=[], ament_cmake_args=None, base_paths=['.'], build_base='build', catkin_cmake_args=None, catkin_skip_building_tests=False, cmake_args=None, cmake_clean_cache=False, cmake_clean_first=False, cmake_force_configure=False, cmake_target=None, cmake_target_skip_unavailable=False, continue_on_error=False, event_handlers=None, executor='parallel', ignore_user_meta=False, install_base='install', log_base=None, log_level=None, main=<bound method BuildVerb.main of <colcon_core.verb.build.BuildVerb object at 0xffff913aaa60>>, merge_install=False, metas=['./colcon.meta'], mixin=None, mixin_files=None, mixin_verb=('build',), packages_above=None, packages_above_and_dependencies=None, packages_above_depth=None, packages_end=None, packages_ignore=None, packages_ignore_regex=None, packages_select=['train_vision'], packages_select_build_failed=False, packages_select_by_dep=None, packages_select_regex=None, packages_select_test_failures=False, packages_skip=None, packages_skip_build_finished=False, packages_skip_by_dep=None, packages_skip_regex=None, packages_skip_test_passed=False, packages_skip_up_to=None, packages_start=None, packages_up_to=None, packages_up_to_regex=None, parallel_workers=6, paths=None, symlink_install=False, test_result_base=None, verb_extension=<colcon_core.verb.build.BuildVerb object at 0xffff913aaa60>, verb_name='build', verb_parser=<colcon_mixin.mixin.mixin_argument.MixinArgumentDecorator object at 0xffff9131b3a0>)
[2.383s] Level 1:colcon.colcon_core.package_discovery:discover_packages(colcon_meta) check parameters
[2.384s] Level 1:colcon.colcon_core.package_discovery:discover_packages(recursive) check parameters
[2.384s] Level 1:colcon.colcon_core.package_discovery:discover_packages(ignore) check parameters
[2.384s] Level 1:colcon.colcon_core.package_discovery:discover_packages(path) check parameters
[2.385s] Level 1:colcon.colcon_core.package_discovery:discover_packages(colcon_meta) discover
[2.385s] Level 1:colcon.colcon_core.package_discovery:discover_packages(recursive) discover
[2.385s] INFO:colcon.colcon_core.package_discovery:Crawling recursively for packages in '/home/jetson/ws_1'
[2.386s] Level 1:colcon.colcon_core.package_identification:_identify(.) by extensions ['ignore', 'ignore_ament_install']
[2.387s] Level 1:colcon.colcon_core.package_identification:_identify(.) by extension 'ignore'
[2.387s] Level 1:colcon.colcon_core.package_identification:_identify(.) by extension 'ignore_ament_install'
[2.388s] Level 1:colcon.colcon_core.package_identification:_identify(.) by extensions ['colcon_pkg']
[2.388s] Level 1:colcon.colcon_core.package_identification:_identify(.) by extension 'colcon_pkg'
[2.388s] Level 1:colcon.colcon_core.package_identification:_identify(.) by extensions ['colcon_meta']
[2.388s] Level 1:colcon.colcon_core.package_identification:_identify(.) by extension 'colcon_meta'
[2.389s] Level 1:colcon.colcon_core.package_identification:_identify(.) by extensions ['ros']
[2.389s] Level 1:colcon.colcon_core.package_identification:_identify(.) by extension 'ros'
[2.459s] Level 1:colcon.colcon_core.package_identification:_identify(.) by extensions ['cmake', 'python']
[2.460s] Level 1:colcon.colcon_core.package_identification:_identify(.) by extension 'cmake'
[2.460s] Level 1:colcon.colcon_core.package_identification:_identify(.) by extension 'python'
[2.461s] Level 1:colcon.colcon_core.package_identification:_identify(.) by extensions ['python_setup_py']
[2.461s] Level 1:colcon.colcon_core.package_identification:_identify(.) by extension 'python_setup_py'
[2.462s] Level 1:colcon.colcon_core.package_identification:_identify(build) by extensions ['ignore', 'ignore_ament_install']
[2.462s] Level 1:colcon.colcon_core.package_identification:_identify(build) by extension 'ignore'
[2.463s] Level 1:colcon.colcon_core.package_identification:_identify(build) ignored
[2.464s] Level 1:colcon.colcon_core.package_identification:_identify(install) by extensions ['ignore', 'ignore_ament_install']
[2.464s] Level 1:colcon.colcon_core.package_identification:_identify(install) by extension 'ignore'
[2.464s] Level 1:colcon.colcon_core.package_identification:_identify(install) ignored
[2.465s] Level 1:colcon.colcon_core.package_identification:_identify(log) by extensions ['ignore', 'ignore_ament_install']
[2.466s] Level 1:colcon.colcon_core.package_identification:_identify(log) by extension 'ignore'
[2.466s] Level 1:colcon.colcon_core.package_identification:_identify(log) ignored
[2.467s] Level 1:colcon.colcon_core.package_identification:_identify(src) by extensions ['ignore', 'ignore_ament_install']
[2.467s] Level 1:colcon.colcon_core.package_identification:_identify(src) by extension 'ignore'
[2.468s] Level 1:colcon.colcon_core.package_identification:_identify(src) by extension 'ignore_ament_install'
[2.468s] Level 1:colcon.colcon_core.package_identification:_identify(src) by extensions ['colcon_pkg']
[2.468s] Level 1:colcon.colcon_core.package_identification:_identify(src) by extension 'colcon_pkg'
[2.469s] Level 1:colcon.colcon_core.package_identification:_identify(src) by extensions ['colcon_meta']
[2.469s] Level 1:colcon.colcon_core.package_identification:_identify(src) by extension 'colcon_meta'
[2.469s] Level 1:colcon.colcon_core.package_identification:_identify(src) by extensions ['ros']
[2.470s] Level 1:colcon.colcon_core.package_identification:_identify(src) by extension 'ros'
[2.470s] Level 1:colcon.colcon_core.package_identification:_identify(src) by extensions ['cmake', 'python']
[2.471s] Level 1:colcon.colcon_core.package_identification:_identify(src) by extension 'cmake'
[2.471s] Level 1:colcon.colcon_core.package_identification:_identify(src) by extension 'python'
[2.471s] Level 1:colcon.colcon_core.package_identification:_identify(src) by extensions ['python_setup_py']
[2.471s] Level 1:colcon.colcon_core.package_identification:_identify(src) by extension 'python_setup_py'
[2.472s] Level 1:colcon.colcon_core.package_identification:_identify(src/lidar_avoidance) by extensions ['ignore', 'ignore_ament_install']
[2.473s] Level 1:colcon.colcon_core.package_identification:_identify(src/lidar_avoidance) by extension 'ignore'
[2.473s] Level 1:colcon.colcon_core.package_identification:_identify(src/lidar_avoidance) by extension 'ignore_ament_install'
[2.473s] Level 1:colcon.colcon_core.package_identification:_identify(src/lidar_avoidance) by extensions ['colcon_pkg']
[2.474s] Level 1:colcon.colcon_core.package_identification:_identify(src/lidar_avoidance) by extension 'colcon_pkg'
[2.474s] Level 1:colcon.colcon_core.package_identification:_identify(src/lidar_avoidance) by extensions ['colcon_meta']
[2.474s] Level 1:colcon.colcon_core.package_identification:_identify(src/lidar_avoidance) by extension 'colcon_meta'
[2.475s] Level 1:colcon.colcon_core.package_identification:_identify(src/lidar_avoidance) by extensions ['ros']
[2.475s] Level 1:colcon.colcon_core.package_identification:_identify(src/lidar_avoidance) by extension 'ros'
[2.491s] DEBUG:colcon.colcon_core.package_identification:Package 'src/lidar_avoidance' with type 'ros.ament_python' and name 'lidar_avoidance'
[2.492s] Level 1:colcon.colcon_core.package_identification:_identify(src/livox_ros_driver2) by extensions ['ignore', 'ignore_ament_install']
[2.492s] Level 1:colcon.colcon_core.package_identification:_identify(src/livox_ros_driver2) by extension 'ignore'
[2.493s] Level 1:colcon.colcon_core.package_identification:_identify(src/livox_ros_driver2) by extension 'ignore_ament_install'
[2.493s] Level 1:colcon.colcon_core.package_identification:_identify(src/livox_ros_driver2) by extensions ['colcon_pkg']
[2.494s] Level 1:colcon.colcon_core.package_identification:_identify(src/livox_ros_driver2) by extension 'colcon_pkg'
[2.494s] Level 1:colcon.colcon_core.package_identification:_identify(src/livox_ros_driver2) by extensions ['colcon_meta']
[2.494s] Level 1:colcon.colcon_core.package_identification:_identify(src/livox_ros_driver2) by extension 'colcon_meta'
[2.495s] Level 1:colcon.colcon_core.package_identification:_identify(src/livox_ros_driver2) by extensions ['ros']
[2.495s] Level 1:colcon.colcon_core.package_identification:_identify(src/livox_ros_driver2) by extension 'ros'
[2.506s] DEBUG:colcon.colcon_core.package_identification:Package 'src/livox_ros_driver2' with type 'ros.ament_cmake' and name 'livox_ros_driver2'
[2.507s] Level 1:colcon.colcon_core.package_identification:_identify(src/train_control) by extensions ['ignore', 'ignore_ament_install']
[2.508s] Level 1:colcon.colcon_core.package_identification:_identify(src/train_control) by extension 'ignore'
[2.508s] Level 1:colcon.colcon_core.package_identification:_identify(src/train_control) by extension 'ignore_ament_install'
[2.508s] Level 1:colcon.colcon_core.package_identification:_identify(src/train_control) by extensions ['colcon_pkg']
[2.509s] Level 1:colcon.colcon_core.package_identification:_identify(src/train_control) by extension 'colcon_pkg'
[2.509s] Level 1:colcon.colcon_core.package_identification:_identify(src/train_control) by extensions ['colcon_meta']
[2.509s] Level 1:colcon.colcon_core.package_identification:_identify(src/train_control) by extension 'colcon_meta'
[2.510s] Level 1:colcon.colcon_core.package_identification:_identify(src/train_control) by extensions ['ros']
[2.510s] Level 1:colcon.colcon_core.package_identification:_identify(src/train_control) by extension 'ros'
[2.516s] DEBUG:colcon.colcon_core.package_identification:Package 'src/train_control' with type 'ros.ament_python' and name 'train_control'
[2.517s] Level 1:colcon.colcon_core.package_identification:_identify(src/train_vision) by extensions ['ignore', 'ignore_ament_install']
[2.518s] Level 1:colcon.colcon_core.package_identification:_identify(src/train_vision) by extension 'ignore'
[2.518s] Level 1:colcon.colcon_core.package_identification:_identify(src/train_vision) by extension 'ignore_ament_install'
[2.519s] Level 1:colcon.colcon_core.package_identification:_identify(src/train_vision) by extensions ['colcon_pkg']
[2.519s] Level 1:colcon.colcon_core.package_identification:_identify(src/train_vision) by extension 'colcon_pkg'
[2.519s] Level 1:colcon.colcon_core.package_identification:_identify(src/train_vision) by extensions ['colcon_meta']
[2.520s] Level 1:colcon.colcon_core.package_identification:_identify(src/train_vision) by extension 'colcon_meta'
[2.520s] Level 1:colcon.colcon_core.package_identification:_identify(src/train_vision) by extensions ['ros']
[2.520s] Level 1:colcon.colcon_core.package_identification:_identify(src/train_vision) by extension 'ros'
[2.526s] DEBUG:colcon.colcon_core.package_identification:Package 'src/train_vision' with type 'ros.ament_python' and name 'train_vision'
[2.527s] Level 1:colcon.colcon_core.package_discovery:discover_packages(recursive) using defaults
[2.527s] Level 1:colcon.colcon_core.package_discovery:discover_packages(ignore) discover
[2.528s] Level 1:colcon.colcon_core.package_discovery:discover_packages(ignore) using defaults
[2.528s] Level 1:colcon.colcon_core.package_discovery:discover_packages(path) discover
[2.528s] Level 1:colcon.colcon_core.package_discovery:discover_packages(path) using defaults
[2.624s] INFO:colcon.colcon_core.package_selection:Skipping not selected package 'livox_ros_driver2' in 'src/livox_ros_driver2'
[2.624s] INFO:colcon.colcon_core.package_selection:Skipping not selected package 'train_control' in 'src/train_control'
[2.625s] INFO:colcon.colcon_core.package_selection:Skipping not selected package 'lidar_avoidance' in 'src/lidar_avoidance'
[2.627s] Level 1:colcon.colcon_core.package_discovery:discover_packages(prefix_path) check parameters
[2.627s] Level 1:colcon.colcon_core.package_discovery:discover_packages(prefix_path) discover
[2.639s] DEBUG:colcon.colcon_installed_package_information.package_discovery:Found 4 installed packages in /home/jetson/ws_1/install
[2.653s] DEBUG:colcon.colcon_installed_package_information.package_discovery:Found 258 installed packages in /opt/ros/foxy
[2.701s] Level 1:colcon.colcon_core.package_discovery:discover_packages(prefix_path) using defaults
[3.102s] Level 5:colcon.colcon_core.verb:set package 'train_vision' build argument 'cmake_args' from command line to 'None'
[3.103s] Level 5:colcon.colcon_core.verb:set package 'train_vision' build argument 'cmake_target' from command line to 'None'
[3.104s] Level 5:colcon.colcon_core.verb:set package 'train_vision' build argument 'cmake_target_skip_unavailable' from command line to 'False'
[3.104s] Level 5:colcon.colcon_core.verb:set package 'train_vision' build argument 'cmake_clean_cache' from command line to 'False'
[3.105s] Level 5:colcon.colcon_core.verb:set package 'train_vision' build argument 'cmake_clean_first' from command line to 'False'
[3.105s] Level 5:colcon.colcon_core.verb:set package 'train_vision' build argument 'cmake_force_configure' from command line to 'False'
[3.106s] Level 5:colcon.colcon_core.verb:set package 'train_vision' build argument 'ament_cmake_args' from command line to 'None'
[3.106s] Level 5:colcon.colcon_core.verb:set package 'train_vision' build argument 'catkin_cmake_args' from command line to 'None'
[3.107s] Level 5:colcon.colcon_core.verb:set package 'train_vision' build argument 'catkin_skip_building_tests' from command line to 'False'
[3.107s] DEBUG:colcon.colcon_core.verb:Building package 'train_vision' with the following arguments: {'ament_cmake_args': None, 'build_base': '/home/jetson/ws_1/build/train_vision', 'catkin_cmake_args': None, 'catkin_skip_building_tests': False, 'cmake_args': None, 'cmake_clean_cache': False, 'cmake_clean_first': False, 'cmake_force_configure': False, 'cmake_target': None, 'cmake_target_skip_unavailable': False, 'install_base': '/home/jetson/ws_1/install/train_vision', 'merge_install': False, 'path': '/home/jetson/ws_1/src/train_vision', 'symlink_install': False, 'test_result_base': None}
[3.108s] INFO:colcon.colcon_core.executor:Executing jobs using 'parallel' executor
[3.115s] DEBUG:colcon.colcon_parallel_executor.executor.parallel:run_until_complete
[3.117s] INFO:colcon.colcon_ros.task.ament_python.build:Building ROS package in '/home/jetson/ws_1/src/train_vision' with build type 'ament_python'
[3.118s] Level 1:colcon.colcon_core.shell:create_environment_hook('train_vision', 'ament_prefix_path')
[3.134s] INFO:colcon.colcon_core.plugin_system:Skipping extension 'colcon_core.shell.bat': Not used on non-Windows systems
[3.135s] INFO:colcon.colcon_core.shell:Creating environment hook '/home/jetson/ws_1/install/train_vision/share/train_vision/hook/ament_prefix_path.ps1'
[3.140s] INFO:colcon.colcon_core.shell:Creating environment descriptor '/home/jetson/ws_1/install/train_vision/share/train_vision/hook/ament_prefix_path.dsv'
[3.152s] INFO:colcon.colcon_core.shell:Creating environment hook '/home/jetson/ws_1/install/train_vision/share/train_vision/hook/ament_prefix_path.sh'
[3.163s] INFO:colcon.colcon_core.shell:Skip shell extension 'powershell' for command environment: Not usable outside of PowerShell
[3.165s] DEBUG:colcon.colcon_core.shell:Skip shell extension 'dsv' for command environment
[4.887s] INFO:colcon.colcon_core.task.python.build:Building Python package in '/home/jetson/ws_1/src/train_vision'
[4.895s] INFO:colcon.colcon_core.shell:Skip shell extension 'powershell' for command environment: Not usable outside of PowerShell
[4.895s] DEBUG:colcon.colcon_core.shell:Skip shell extension 'dsv' for command environment
[7.538s] DEBUG:colcon.colcon_core.event_handler.log_command:Invoking command in '/home/jetson/ws_1/src/train_vision': PYTHONPATH=/home/jetson/ws_1/build/train_vision/prefix_override:/usr/lib/python3/dist-packages/colcon_core/task/python/colcon_distutils_commands:/home/jetson/ws_1/install/train_vision/lib/python3.8/site-packages:${PYTHONPATH} /usr/bin/python3 -W ignore:setup.py install is deprecated -W ignore:easy_install command is deprecated setup.py egg_info --egg-base ../../build/train_vision build --build-base /home/jetson/ws_1/build/train_vision/build install --record /home/jetson/ws_1/build/train_vision/install.log --install-scripts $base/lib/train_vision --single-version-externally-managed install_data
[9.604s] DEBUG:colcon.colcon_core.event_handler.log_command:Invoked command in '/home/jetson/ws_1/src/train_vision' returned '0': PYTHONPATH=/home/jetson/ws_1/build/train_vision/prefix_override:/usr/lib/python3/dist-packages/colcon_core/task/python/colcon_distutils_commands:/home/jetson/ws_1/install/train_vision/lib/python3.8/site-packages:${PYTHONPATH} /usr/bin/python3 -W ignore:setup.py install is deprecated -W ignore:easy_install command is deprecated setup.py egg_info --egg-base ../../build/train_vision build --build-base /home/jetson/ws_1/build/train_vision/build install --record /home/jetson/ws_1/build/train_vision/install.log --install-scripts $base/lib/train_vision --single-version-externally-managed install_data
[9.628s] Level 1:colcon.colcon_core.environment:checking '/home/jetson/ws_1/install/train_vision' for CMake module files
[9.634s] Level 1:colcon.colcon_core.environment:checking '/home/jetson/ws_1/install/train_vision' for CMake config files
[9.642s] Level 1:colcon.colcon_core.environment:checking '/home/jetson/ws_1/install/train_vision/lib'
[9.643s] Level 1:colcon.colcon_core.environment:checking '/home/jetson/ws_1/install/train_vision/bin'
[9.644s] Level 1:colcon.colcon_core.environment:checking '/home/jetson/ws_1/install/train_vision/lib/pkgconfig/train_vision.pc'
[9.646s] Level 1:colcon.colcon_core.environment:checking '/home/jetson/ws_1/install/train_vision/lib/python3.8/site-packages'
[9.647s] Level 1:colcon.colcon_core.shell:create_environment_hook('train_vision', 'pythonpath')
[9.649s] INFO:colcon.colcon_core.shell:Creating environment hook '/home/jetson/ws_1/install/train_vision/share/train_vision/hook/pythonpath.ps1'
[9.654s] INFO:colcon.colcon_core.shell:Creating environment descriptor '/home/jetson/ws_1/install/train_vision/share/train_vision/hook/pythonpath.dsv'
[9.687s] INFO:colcon.colcon_core.shell:Creating environment hook '/home/jetson/ws_1/install/train_vision/share/train_vision/hook/pythonpath.sh'
[9.692s] Level 1:colcon.colcon_core.environment:checking '/home/jetson/ws_1/install/train_vision/bin'
[9.692s] Level 1:colcon.colcon_core.environment:create_environment_scripts_only(train_vision)
[9.695s] INFO:colcon.colcon_core.shell:Creating package script '/home/jetson/ws_1/install/train_vision/share/train_vision/package.ps1'
[9.702s] INFO:colcon.colcon_core.shell:Creating package descriptor '/home/jetson/ws_1/install/train_vision/share/train_vision/package.dsv'
[9.707s] INFO:colcon.colcon_core.shell:Creating package script '/home/jetson/ws_1/install/train_vision/share/train_vision/package.sh'
[9.713s] INFO:colcon.colcon_core.shell:Creating package script '/home/jetson/ws_1/install/train_vision/share/train_vision/package.bash'
[9.719s] INFO:colcon.colcon_core.shell:Creating package script '/home/jetson/ws_1/install/train_vision/share/train_vision/package.zsh'
[9.724s] Level 1:colcon.colcon_core.environment:create_file_with_runtime_dependencies(/home/jetson/ws_1/install/train_vision/share/colcon-core/packages/train_vision)
[9.728s] DEBUG:colcon.colcon_parallel_executor.executor.parallel:closing loop
[9.731s] DEBUG:colcon.colcon_parallel_executor.executor.parallel:loop closed
[9.732s] DEBUG:colcon.colcon_parallel_executor.executor.parallel:run_until_complete finished with '0'
[9.732s] DEBUG:colcon.colcon_core.event_reactor:joining thread
[9.845s] INFO:colcon.colcon_core.plugin_system:Skipping extension 'colcon_notification.desktop_notification.terminal_notifier': Not used on non-Darwin systems
[9.846s] INFO:colcon.colcon_core.plugin_system:Skipping extension 'colcon_notification.desktop_notification.win32': Not used on non-Windows systems
[9.846s] INFO:colcon.colcon_notification.desktop_notification:Sending desktop notification using 'notify2'
[9.960s] DEBUG:colcon.colcon_core.event_reactor:joined thread
[9.962s] INFO:colcon.colcon_core.shell:Creating prefix script '/home/jetson/ws_1/install/local_setup.ps1'
[9.967s] INFO:colcon.colcon_core.shell:Creating prefix util module '/home/jetson/ws_1/install/_local_setup_util_ps1.py'
[9.975s] INFO:colcon.colcon_core.shell:Creating prefix chain script '/home/jetson/ws_1/install/setup.ps1'
[9.984s] INFO:colcon.colcon_core.shell:Creating prefix script '/home/jetson/ws_1/install/local_setup.sh'
[9.989s] INFO:colcon.colcon_core.shell:Creating prefix util module '/home/jetson/ws_1/install/_local_setup_util_sh.py'
[9.993s] INFO:colcon.colcon_core.shell:Creating prefix chain script '/home/jetson/ws_1/install/setup.sh'
[10.000s] INFO:colcon.colcon_core.shell:Creating prefix script '/home/jetson/ws_1/install/local_setup.bash'
[10.003s] INFO:colcon.colcon_core.shell:Creating prefix chain script '/home/jetson/ws_1/install/setup.bash'
[10.010s] INFO:colcon.colcon_core.shell:Creating prefix script '/home/jetson/ws_1/install/local_setup.zsh'
[10.013s] INFO:colcon.colcon_core.shell:Creating prefix chain script '/home/jetson/ws_1/install/setup.zsh'
