[4.747s] Invoking command in '/home/jetson/ws_1/src/lidar_avoidance': PYTHONPATH=/home/jetson/ws_1/build/lidar_avoidance/prefix_override:/usr/lib/python3/dist-packages/colcon_core/task/python/colcon_distutils_commands:/home/jetson/ws_1/install/lidar_avoidance/lib/python3.8/site-packages:${PYTHONPATH} /usr/bin/python3 -W ignore:setup.py install is deprecated -W ignore:easy_install command is deprecated setup.py egg_info --egg-base ../../build/lidar_avoidance build --build-base /home/jetson/ws_1/build/lidar_avoidance/build install --record /home/jetson/ws_1/build/lidar_avoidance/install.log --install-scripts $base/lib/lidar_avoidance --single-version-externally-managed install_data
[6.554s] running egg_info
[6.557s] writing ../../build/lidar_avoidance/lidar_avoidance.egg-info/PKG-INFO
[6.559s] writing dependency_links to ../../build/lidar_avoidance/lidar_avoidance.egg-info/dependency_links.txt
[6.561s] writing entry points to ../../build/lidar_avoidance/lidar_avoidance.egg-info/entry_points.txt
[6.564s] writing requirements to ../../build/lidar_avoidance/lidar_avoidance.egg-info/requires.txt
[6.565s] writing top-level names to ../../build/lidar_avoidance/lidar_avoidance.egg-info/top_level.txt
[6.786s] reading manifest file '../../build/lidar_avoidance/lidar_avoidance.egg-info/SOURCES.txt'
[6.792s] writing manifest file '../../build/lidar_avoidance/lidar_avoidance.egg-info/SOURCES.txt'
[6.793s] running build
[6.794s] running build_py
[6.798s] copying lidar_avoidance/avoidance_node.py -> /home/jetson/ws_1/build/lidar_avoidance/build/lib/lidar_avoidance
[6.804s] running install
[6.809s] running install_lib
[6.816s] copying /home/jetson/ws_1/build/lidar_avoidance/build/lib/lidar_avoidance/avoidance_node.py -> /home/jetson/ws_1/install/lidar_avoidance/lib/python3.8/site-packages/lidar_avoidance
[6.820s] byte-compiling /home/jetson/ws_1/install/lidar_avoidance/lib/python3.8/site-packages/lidar_avoidance/avoidance_node.py to avoidance_node.cpython-38.pyc
[6.830s] running install_data
[6.832s] running install_egg_info
[6.844s] removing '/home/jetson/ws_1/install/lidar_avoidance/lib/python3.8/site-packages/lidar_avoidance-0.0.0-py3.8.egg-info' (and everything under it)
[6.846s] Copying ../../build/lidar_avoidance/lidar_avoidance.egg-info to /home/jetson/ws_1/install/lidar_avoidance/lib/python3.8/site-packages/lidar_avoidance-0.0.0-py3.8.egg-info
[6.855s] running install_scripts
[6.965s] Installing avoidance script to /home/jetson/ws_1/install/lidar_avoidance/lib/lidar_avoidance
[6.968s] writing list of installed files to '/home/jetson/ws_1/build/lidar_avoidance/install.log'
[7.120s] Invoked command in '/home/jetson/ws_1/src/lidar_avoidance' returned '0': PYTHONPATH=/home/jetson/ws_1/build/lidar_avoidance/prefix_override:/usr/lib/python3/dist-packages/colcon_core/task/python/colcon_distutils_commands:/home/jetson/ws_1/install/lidar_avoidance/lib/python3.8/site-packages:${PYTHONPATH} /usr/bin/python3 -W ignore:setup.py install is deprecated -W ignore:easy_install command is deprecated setup.py egg_info --egg-base ../../build/lidar_avoidance build --build-base /home/jetson/ws_1/build/lidar_avoidance/build install --record /home/jetson/ws_1/build/lidar_avoidance/install.log --install-scripts $base/lib/lidar_avoidance --single-version-externally-managed install_data
