[6.791s] Invoking command in '/home/jetson/ws_1/src/my_first_package': PYTHONPATH=/home/jetson/ws_1/build/my_first_package/prefix_override:/usr/lib/python3/dist-packages/colcon_core/task/python/colcon_distutils_commands:/home/jetson/ws_1/install/my_first_package/lib/python3.8/site-packages:${PYTHONPATH} /usr/bin/python3 -W ignore:setup.py install is deprecated -W ignore:easy_install command is deprecated setup.py egg_info --egg-base ../../build/my_first_package build --build-base /home/jetson/ws_1/build/my_first_package/build install --record /home/jetson/ws_1/build/my_first_package/install.log --install-scripts $base/lib/my_first_package --single-version-externally-managed install_data
[8.447s] running egg_info
[8.449s] creating ../../build/my_first_package/my_first_package.egg-info
[8.450s] writing ../../build/my_first_package/my_first_package.egg-info/PKG-INFO
[8.451s] writing dependency_links to ../../build/my_first_package/my_first_package.egg-info/dependency_links.txt
[8.452s] writing entry points to ../../build/my_first_package/my_first_package.egg-info/entry_points.txt
[8.452s] writing requirements to ../../build/my_first_package/my_first_package.egg-info/requires.txt
[8.453s] writing top-level names to ../../build/my_first_package/my_first_package.egg-info/top_level.txt
[8.465s] writing manifest file '../../build/my_first_package/my_first_package.egg-info/SOURCES.txt'
[8.813s] reading manifest file '../../build/my_first_package/my_first_package.egg-info/SOURCES.txt'
[8.818s] writing manifest file '../../build/my_first_package/my_first_package.egg-info/SOURCES.txt'
[8.821s] running build
[8.822s] running build_py
[8.823s] creating /home/jetson/ws_1/build/my_first_package/build
[8.824s] creating /home/jetson/ws_1/build/my_first_package/build/lib
[8.824s] creating /home/jetson/ws_1/build/my_first_package/build/lib/my_first_package
[8.825s] copying my_first_package/__init__.py -> /home/jetson/ws_1/build/my_first_package/build/lib/my_first_package
[8.825s] running install
[8.829s] running install_lib
[8.835s] creating /home/jetson/ws_1/install/my_first_package/lib/python3.8/site-packages/my_first_package
[8.836s] copying /home/jetson/ws_1/build/my_first_package/build/lib/my_first_package/__init__.py -> /home/jetson/ws_1/install/my_first_package/lib/python3.8/site-packages/my_first_package
[8.839s] byte-compiling /home/jetson/ws_1/install/my_first_package/lib/python3.8/site-packages/my_first_package/__init__.py to __init__.cpython-38.pyc
[8.845s] running install_data
[8.846s] creating /home/jetson/ws_1/install/my_first_package/share/ament_index
[8.846s] creating /home/jetson/ws_1/install/my_first_package/share/ament_index/resource_index
[8.847s] creating /home/jetson/ws_1/install/my_first_package/share/ament_index/resource_index/packages
[8.848s] copying resource/my_first_package -> /home/jetson/ws_1/install/my_first_package/share/ament_index/resource_index/packages
[8.848s] copying package.xml -> /home/jetson/ws_1/install/my_first_package/share/my_first_package
[8.849s] running install_egg_info
[8.858s] Copying ../../build/my_first_package/my_first_package.egg-info to /home/jetson/ws_1/install/my_first_package/lib/python3.8/site-packages/my_first_package-0.0.0-py3.8.egg-info
[8.867s] running install_scripts
[8.962s] writing list of installed files to '/home/jetson/ws_1/build/my_first_package/install.log'
[9.085s] Invoked command in '/home/jetson/ws_1/src/my_first_package' returned '0': PYTHONPATH=/home/jetson/ws_1/build/my_first_package/prefix_override:/usr/lib/python3/dist-packages/colcon_core/task/python/colcon_distutils_commands:/home/jetson/ws_1/install/my_first_package/lib/python3.8/site-packages:${PYTHONPATH} /usr/bin/python3 -W ignore:setup.py install is deprecated -W ignore:easy_install command is deprecated setup.py egg_info --egg-base ../../build/my_first_package build --build-base /home/jetson/ws_1/build/my_first_package/build install --record /home/jetson/ws_1/build/my_first_package/install.log --install-scripts $base/lib/my_first_package --single-version-externally-managed install_data
