[1.180s] DEBUG:colcon:Command line arguments: ['/usr/bin/colcon', 'build']
[1.180s] DEBUG:colcon:Parsed command line arguments: Namespace(allow_overriding=[], ament_cmake_args=None, base_paths=['.'], build_base='build', catkin_cmake_args=None, catkin_skip_building_tests=False, cmake_args=None, cmake_clean_cache=False, cmake_clean_first=False, cmake_force_configure=False, cmake_target=None, cmake_target_skip_unavailable=False, continue_on_error=False, event_handlers=None, executor='parallel', ignore_user_meta=False, install_base='install', log_base=None, log_level=None, main=<bound method BuildVerb.main of <colcon_core.verb.build.BuildVerb object at 0xffff91b20a60>>, merge_install=False, metas=['./colcon.meta'], mixin=None, mixin_files=None, mixin_verb=('build',), packages_above=None, packages_above_and_dependencies=None, packages_above_depth=None, packages_end=None, packages_ignore=None, packages_ignore_regex=None, packages_select=None, packages_select_build_failed=False, packages_select_by_dep=None, packages_select_regex=None, packages_select_test_failures=False, packages_skip=None, packages_skip_build_finished=False, packages_skip_by_dep=None, packages_skip_regex=None, packages_skip_test_passed=False, packages_skip_up_to=None, packages_start=None, packages_up_to=None, packages_up_to_regex=None, parallel_workers=6, paths=None, symlink_install=False, test_result_base=None, verb_extension=<colcon_core.verb.build.BuildVerb object at 0xffff91b20a60>, verb_name='build', verb_parser=<colcon_mixin.mixin.mixin_argument.MixinArgumentDecorator object at 0xffff91a7da00>)
[2.200s] Level 1:colcon.colcon_core.package_discovery:discover_packages(colcon_meta) check parameters
[2.201s] Level 1:colcon.colcon_core.package_discovery:discover_packages(recursive) check parameters
[2.201s] Level 1:colcon.colcon_core.package_discovery:discover_packages(ignore) check parameters
[2.201s] Level 1:colcon.colcon_core.package_discovery:discover_packages(path) check parameters
[2.201s] Level 1:colcon.colcon_core.package_discovery:discover_packages(colcon_meta) discover
[2.202s] Level 1:colcon.colcon_core.package_discovery:discover_packages(recursive) discover
[2.202s] INFO:colcon.colcon_core.package_discovery:Crawling recursively for packages in '/home/jetson/ws_1'
[2.203s] Level 1:colcon.colcon_core.package_identification:_identify(.) by extensions ['ignore', 'ignore_ament_install']
[2.203s] Level 1:colcon.colcon_core.package_identification:_identify(.) by extension 'ignore'
[2.204s] Level 1:colcon.colcon_core.package_identification:_identify(.) by extension 'ignore_ament_install'
[2.204s] Level 1:colcon.colcon_core.package_identification:_identify(.) by extensions ['colcon_pkg']
[2.204s] Level 1:colcon.colcon_core.package_identification:_identify(.) by extension 'colcon_pkg'
[2.204s] Level 1:colcon.colcon_core.package_identification:_identify(.) by extensions ['colcon_meta']
[2.205s] Level 1:colcon.colcon_core.package_identification:_identify(.) by extension 'colcon_meta'
[2.205s] Level 1:colcon.colcon_core.package_identification:_identify(.) by extensions ['ros']
[2.205s] Level 1:colcon.colcon_core.package_identification:_identify(.) by extension 'ros'
[2.273s] Level 1:colcon.colcon_core.package_identification:_identify(.) by extensions ['cmake', 'python']
[2.274s] Level 1:colcon.colcon_core.package_identification:_identify(.) by extension 'cmake'
[2.274s] Level 1:colcon.colcon_core.package_identification:_identify(.) by extension 'python'
[2.274s] Level 1:colcon.colcon_core.package_identification:_identify(.) by extensions ['python_setup_py']
[2.275s] Level 1:colcon.colcon_core.package_identification:_identify(.) by extension 'python_setup_py'
[2.276s] Level 1:colcon.colcon_core.package_identification:_identify(build) by extensions ['ignore', 'ignore_ament_install']
[2.276s] Level 1:colcon.colcon_core.package_identification:_identify(build) by extension 'ignore'
[2.276s] Level 1:colcon.colcon_core.package_identification:_identify(build) ignored
[2.277s] Level 1:colcon.colcon_core.package_identification:_identify(install) by extensions ['ignore', 'ignore_ament_install']
[2.278s] Level 1:colcon.colcon_core.package_identification:_identify(install) by extension 'ignore'
[2.278s] Level 1:colcon.colcon_core.package_identification:_identify(install) ignored
[2.279s] Level 1:colcon.colcon_core.package_identification:_identify(log) by extensions ['ignore', 'ignore_ament_install']
[2.279s] Level 1:colcon.colcon_core.package_identification:_identify(log) by extension 'ignore'
[2.280s] Level 1:colcon.colcon_core.package_identification:_identify(log) ignored
[2.280s] Level 1:colcon.colcon_core.package_identification:_identify(src) by extensions ['ignore', 'ignore_ament_install']
[2.281s] Level 1:colcon.colcon_core.package_identification:_identify(src) by extension 'ignore'
[2.281s] Level 1:colcon.colcon_core.package_identification:_identify(src) by extension 'ignore_ament_install'
[2.281s] Level 1:colcon.colcon_core.package_identification:_identify(src) by extensions ['colcon_pkg']
[2.282s] Level 1:colcon.colcon_core.package_identification:_identify(src) by extension 'colcon_pkg'
[2.282s] Level 1:colcon.colcon_core.package_identification:_identify(src) by extensions ['colcon_meta']
[2.282s] Level 1:colcon.colcon_core.package_identification:_identify(src) by extension 'colcon_meta'
[2.283s] Level 1:colcon.colcon_core.package_identification:_identify(src) by extensions ['ros']
[2.283s] Level 1:colcon.colcon_core.package_identification:_identify(src) by extension 'ros'
[2.284s] Level 1:colcon.colcon_core.package_identification:_identify(src) by extensions ['cmake', 'python']
[2.284s] Level 1:colcon.colcon_core.package_identification:_identify(src) by extension 'cmake'
[2.284s] Level 1:colcon.colcon_core.package_identification:_identify(src) by extension 'python'
[2.285s] Level 1:colcon.colcon_core.package_identification:_identify(src) by extensions ['python_setup_py']
[2.285s] Level 1:colcon.colcon_core.package_identification:_identify(src) by extension 'python_setup_py'
[2.286s] Level 1:colcon.colcon_core.package_identification:_identify(src/lidar_avoidance) by extensions ['ignore', 'ignore_ament_install']
[2.286s] Level 1:colcon.colcon_core.package_identification:_identify(src/lidar_avoidance) by extension 'ignore'
[2.286s] Level 1:colcon.colcon_core.package_identification:_identify(src/lidar_avoidance) by extension 'ignore_ament_install'
[2.287s] Level 1:colcon.colcon_core.package_identification:_identify(src/lidar_avoidance) by extensions ['colcon_pkg']
[2.287s] Level 1:colcon.colcon_core.package_identification:_identify(src/lidar_avoidance) by extension 'colcon_pkg'
[2.287s] Level 1:colcon.colcon_core.package_identification:_identify(src/lidar_avoidance) by extensions ['colcon_meta']
[2.288s] Level 1:colcon.colcon_core.package_identification:_identify(src/lidar_avoidance) by extension 'colcon_meta'
[2.288s] Level 1:colcon.colcon_core.package_identification:_identify(src/lidar_avoidance) by extensions ['ros']
[2.288s] Level 1:colcon.colcon_core.package_identification:_identify(src/lidar_avoidance) by extension 'ros'
[2.302s] DEBUG:colcon.colcon_core.package_identification:Package 'src/lidar_avoidance' with type 'ros.ament_python' and name 'lidar_avoidance'
[2.304s] Level 1:colcon.colcon_core.package_identification:_identify(src/livox_ros_driver2) by extensions ['ignore', 'ignore_ament_install']
[2.304s] Level 1:colcon.colcon_core.package_identification:_identify(src/livox_ros_driver2) by extension 'ignore'
[2.304s] Level 1:colcon.colcon_core.package_identification:_identify(src/livox_ros_driver2) by extension 'ignore_ament_install'
[2.305s] Level 1:colcon.colcon_core.package_identification:_identify(src/livox_ros_driver2) by extensions ['colcon_pkg']
[2.305s] Level 1:colcon.colcon_core.package_identification:_identify(src/livox_ros_driver2) by extension 'colcon_pkg'
[2.305s] Level 1:colcon.colcon_core.package_identification:_identify(src/livox_ros_driver2) by extensions ['colcon_meta']
[2.306s] Level 1:colcon.colcon_core.package_identification:_identify(src/livox_ros_driver2) by extension 'colcon_meta'
[2.306s] Level 1:colcon.colcon_core.package_identification:_identify(src/livox_ros_driver2) by extensions ['ros']
[2.306s] Level 1:colcon.colcon_core.package_identification:_identify(src/livox_ros_driver2) by extension 'ros'
[2.314s] DEBUG:colcon.colcon_core.package_identification:Package 'src/livox_ros_driver2' with type 'ros.ament_cmake' and name 'livox_ros_driver2'
[2.314s] Level 1:colcon.colcon_core.package_discovery:discover_packages(recursive) using defaults
[2.314s] Level 1:colcon.colcon_core.package_discovery:discover_packages(ignore) discover
[2.315s] Level 1:colcon.colcon_core.package_discovery:discover_packages(ignore) using defaults
[2.315s] Level 1:colcon.colcon_core.package_discovery:discover_packages(path) discover
[2.315s] Level 1:colcon.colcon_core.package_discovery:discover_packages(path) using defaults
[2.403s] Level 1:colcon.colcon_core.package_discovery:discover_packages(prefix_path) check parameters
[2.404s] Level 1:colcon.colcon_core.package_discovery:discover_packages(prefix_path) discover
[2.419s] DEBUG:colcon.colcon_installed_package_information.package_discovery:Found 2 installed packages in /home/jetson/ws_1/install
[2.432s] DEBUG:colcon.colcon_installed_package_information.package_discovery:Found 258 installed packages in /opt/ros/foxy
[2.481s] Level 1:colcon.colcon_core.package_discovery:discover_packages(prefix_path) using defaults
[2.878s] Level 5:colcon.colcon_core.verb:set package 'livox_ros_driver2' build argument 'cmake_args' from command line to 'None'
[2.878s] Level 5:colcon.colcon_core.verb:set package 'livox_ros_driver2' build argument 'cmake_target' from command line to 'None'
[2.879s] Level 5:colcon.colcon_core.verb:set package 'livox_ros_driver2' build argument 'cmake_target_skip_unavailable' from command line to 'False'
[2.879s] Level 5:colcon.colcon_core.verb:set package 'livox_ros_driver2' build argument 'cmake_clean_cache' from command line to 'False'
[2.879s] Level 5:colcon.colcon_core.verb:set package 'livox_ros_driver2' build argument 'cmake_clean_first' from command line to 'False'
[2.879s] Level 5:colcon.colcon_core.verb:set package 'livox_ros_driver2' build argument 'cmake_force_configure' from command line to 'False'
[2.879s] Level 5:colcon.colcon_core.verb:set package 'livox_ros_driver2' build argument 'ament_cmake_args' from command line to 'None'
[2.880s] Level 5:colcon.colcon_core.verb:set package 'livox_ros_driver2' build argument 'catkin_cmake_args' from command line to 'None'
[2.880s] Level 5:colcon.colcon_core.verb:set package 'livox_ros_driver2' build argument 'catkin_skip_building_tests' from command line to 'False'
[2.880s] DEBUG:colcon.colcon_core.verb:Building package 'livox_ros_driver2' with the following arguments: {'ament_cmake_args': None, 'build_base': '/home/jetson/ws_1/build/livox_ros_driver2', 'catkin_cmake_args': None, 'catkin_skip_building_tests': False, 'cmake_args': None, 'cmake_clean_cache': False, 'cmake_clean_first': False, 'cmake_force_configure': False, 'cmake_target': None, 'cmake_target_skip_unavailable': False, 'install_base': '/home/jetson/ws_1/install/livox_ros_driver2', 'merge_install': False, 'path': '/home/jetson/ws_1/src/livox_ros_driver2', 'symlink_install': False, 'test_result_base': None}
[2.882s] Level 5:colcon.colcon_core.verb:set package 'lidar_avoidance' build argument 'cmake_args' from command line to 'None'
[2.883s] Level 5:colcon.colcon_core.verb:set package 'lidar_avoidance' build argument 'cmake_target' from command line to 'None'
[2.883s] Level 5:colcon.colcon_core.verb:set package 'lidar_avoidance' build argument 'cmake_target_skip_unavailable' from command line to 'False'
[2.883s] Level 5:colcon.colcon_core.verb:set package 'lidar_avoidance' build argument 'cmake_clean_cache' from command line to 'False'
[2.883s] Level 5:colcon.colcon_core.verb:set package 'lidar_avoidance' build argument 'cmake_clean_first' from command line to 'False'
[2.884s] Level 5:colcon.colcon_core.verb:set package 'lidar_avoidance' build argument 'cmake_force_configure' from command line to 'False'
[2.884s] Level 5:colcon.colcon_core.verb:set package 'lidar_avoidance' build argument 'ament_cmake_args' from command line to 'None'
[2.884s] Level 5:colcon.colcon_core.verb:set package 'lidar_avoidance' build argument 'catkin_cmake_args' from command line to 'None'
[2.884s] Level 5:colcon.colcon_core.verb:set package 'lidar_avoidance' build argument 'catkin_skip_building_tests' from command line to 'False'
[2.884s] DEBUG:colcon.colcon_core.verb:Building package 'lidar_avoidance' with the following arguments: {'ament_cmake_args': None, 'build_base': '/home/jetson/ws_1/build/lidar_avoidance', 'catkin_cmake_args': None, 'catkin_skip_building_tests': False, 'cmake_args': None, 'cmake_clean_cache': False, 'cmake_clean_first': False, 'cmake_force_configure': False, 'cmake_target': None, 'cmake_target_skip_unavailable': False, 'install_base': '/home/jetson/ws_1/install/lidar_avoidance', 'merge_install': False, 'path': '/home/jetson/ws_1/src/lidar_avoidance', 'symlink_install': False, 'test_result_base': None}
[2.885s] INFO:colcon.colcon_core.executor:Executing jobs using 'parallel' executor
[2.891s] DEBUG:colcon.colcon_parallel_executor.executor.parallel:run_until_complete
[2.893s] INFO:colcon.colcon_ros.task.ament_cmake.build:Building ROS package in '/home/jetson/ws_1/src/livox_ros_driver2' with build type 'ament_cmake'
[2.893s] INFO:colcon.colcon_cmake.task.cmake.build:Building CMake package in '/home/jetson/ws_1/src/livox_ros_driver2'
[2.905s] INFO:colcon.colcon_core.plugin_system:Skipping extension 'colcon_core.shell.bat': Not used on non-Windows systems
[2.906s] INFO:colcon.colcon_core.shell:Skip shell extension 'powershell' for command environment: Not usable outside of PowerShell
[2.906s] DEBUG:colcon.colcon_core.shell:Skip shell extension 'dsv' for command environment
[3.005s] DEBUG:colcon.colcon_core.event_handler.log_command:Invoking command in '/home/jetson/ws_1/build/livox_ros_driver2': CMAKE_PREFIX_PATH=${CMAKE_PREFIX_PATH}:/home/jetson/ws_1/install/lidar_avoidance:/opt/ros/foxy /usr/bin/cmake --build /home/jetson/ws_1/build/livox_ros_driver2 -- -j6 -l6
[5.193s] DEBUG:colcon.colcon_core.event_handler.log_command:Invoked command in '/home/jetson/ws_1/build/livox_ros_driver2' returned '0': CMAKE_PREFIX_PATH=${CMAKE_PREFIX_PATH}:/home/jetson/ws_1/install/lidar_avoidance:/opt/ros/foxy /usr/bin/cmake --build /home/jetson/ws_1/build/livox_ros_driver2 -- -j6 -l6
[5.327s] DEBUG:colcon.colcon_core.event_handler.log_command:Invoking command in '/home/jetson/ws_1/build/livox_ros_driver2': CMAKE_PREFIX_PATH=${CMAKE_PREFIX_PATH}:/home/jetson/ws_1/install/lidar_avoidance:/opt/ros/foxy /usr/bin/cmake --install /home/jetson/ws_1/build/livox_ros_driver2
[5.801s] Level 1:colcon.colcon_core.environment:create_environment_scripts_only(livox_ros_driver2)
[5.813s] DEBUG:colcon.colcon_core.event_handler.log_command:Invoked command in '/home/jetson/ws_1/build/livox_ros_driver2' returned '0': CMAKE_PREFIX_PATH=${CMAKE_PREFIX_PATH}:/home/jetson/ws_1/install/lidar_avoidance:/opt/ros/foxy /usr/bin/cmake --install /home/jetson/ws_1/build/livox_ros_driver2
[5.840s] Level 1:colcon.colcon_core.environment:checking '/home/jetson/ws_1/install/livox_ros_driver2' for CMake module files
[5.848s] Level 1:colcon.colcon_core.environment:checking '/home/jetson/ws_1/install/livox_ros_driver2' for CMake config files
[5.852s] Level 1:colcon.colcon_core.shell:create_environment_hook('livox_ros_driver2', 'cmake_prefix_path')
[5.855s] INFO:colcon.colcon_core.shell:Creating environment hook '/home/jetson/ws_1/install/livox_ros_driver2/share/livox_ros_driver2/hook/cmake_prefix_path.ps1'
[5.862s] INFO:colcon.colcon_core.shell:Creating environment descriptor '/home/jetson/ws_1/install/livox_ros_driver2/share/livox_ros_driver2/hook/cmake_prefix_path.dsv'
[5.865s] INFO:colcon.colcon_core.shell:Creating environment hook '/home/jetson/ws_1/install/livox_ros_driver2/share/livox_ros_driver2/hook/cmake_prefix_path.sh'
[5.874s] Level 1:colcon.colcon_core.environment:checking '/home/jetson/ws_1/install/livox_ros_driver2/lib'
[5.875s] Level 1:colcon.colcon_core.shell:create_environment_hook('livox_ros_driver2', 'ld_library_path_lib')
[5.877s] INFO:colcon.colcon_core.shell:Creating environment hook '/home/jetson/ws_1/install/livox_ros_driver2/share/livox_ros_driver2/hook/ld_library_path_lib.ps1'
[5.882s] INFO:colcon.colcon_core.shell:Creating environment descriptor '/home/jetson/ws_1/install/livox_ros_driver2/share/livox_ros_driver2/hook/ld_library_path_lib.dsv'
[5.887s] INFO:colcon.colcon_core.shell:Creating environment hook '/home/jetson/ws_1/install/livox_ros_driver2/share/livox_ros_driver2/hook/ld_library_path_lib.sh'
[5.893s] Level 1:colcon.colcon_core.environment:checking '/home/jetson/ws_1/install/livox_ros_driver2/bin'
[5.894s] Level 1:colcon.colcon_core.environment:checking '/home/jetson/ws_1/install/livox_ros_driver2/lib/pkgconfig/livox_ros_driver2.pc'
[5.901s] Level 1:colcon.colcon_core.environment:checking '/home/jetson/ws_1/install/livox_ros_driver2/lib/python3.8/site-packages'
[5.902s] Level 1:colcon.colcon_core.shell:create_environment_hook('livox_ros_driver2', 'pythonpath')
[5.906s] INFO:colcon.colcon_core.shell:Creating environment hook '/home/jetson/ws_1/install/livox_ros_driver2/share/livox_ros_driver2/hook/pythonpath.ps1'
[5.912s] INFO:colcon.colcon_core.shell:Creating environment descriptor '/home/jetson/ws_1/install/livox_ros_driver2/share/livox_ros_driver2/hook/pythonpath.dsv'
[5.916s] INFO:colcon.colcon_core.shell:Creating environment hook '/home/jetson/ws_1/install/livox_ros_driver2/share/livox_ros_driver2/hook/pythonpath.sh'
[5.921s] Level 1:colcon.colcon_core.environment:checking '/home/jetson/ws_1/install/livox_ros_driver2/bin'
[5.924s] INFO:colcon.colcon_core.shell:Creating package script '/home/jetson/ws_1/install/livox_ros_driver2/share/livox_ros_driver2/package.ps1'
[5.932s] INFO:colcon.colcon_core.shell:Creating package descriptor '/home/jetson/ws_1/install/livox_ros_driver2/share/livox_ros_driver2/package.dsv'
[5.937s] INFO:colcon.colcon_core.shell:Creating package script '/home/jetson/ws_1/install/livox_ros_driver2/share/livox_ros_driver2/package.sh'
[5.943s] INFO:colcon.colcon_core.shell:Creating package script '/home/jetson/ws_1/install/livox_ros_driver2/share/livox_ros_driver2/package.bash'
[5.948s] INFO:colcon.colcon_core.shell:Creating package script '/home/jetson/ws_1/install/livox_ros_driver2/share/livox_ros_driver2/package.zsh'
[5.954s] Level 1:colcon.colcon_core.environment:create_file_with_runtime_dependencies(/home/jetson/ws_1/install/livox_ros_driver2/share/colcon-core/packages/livox_ros_driver2)
[5.960s] Level 1:colcon.colcon_core.environment:create_environment_scripts_only(livox_ros_driver2)
[5.962s] Level 1:colcon.colcon_core.environment:checking '/home/jetson/ws_1/install/livox_ros_driver2' for CMake module files
[5.967s] Level 1:colcon.colcon_core.environment:checking '/home/jetson/ws_1/install/livox_ros_driver2' for CMake config files
[5.970s] Level 1:colcon.colcon_core.shell:create_environment_hook('livox_ros_driver2', 'cmake_prefix_path')
[5.972s] INFO:colcon.colcon_core.shell:Creating environment hook '/home/jetson/ws_1/install/livox_ros_driver2/share/livox_ros_driver2/hook/cmake_prefix_path.ps1'
[5.975s] INFO:colcon.colcon_core.shell:Creating environment descriptor '/home/jetson/ws_1/install/livox_ros_driver2/share/livox_ros_driver2/hook/cmake_prefix_path.dsv'
[5.981s] INFO:colcon.colcon_core.shell:Creating environment hook '/home/jetson/ws_1/install/livox_ros_driver2/share/livox_ros_driver2/hook/cmake_prefix_path.sh'
[5.984s] Level 1:colcon.colcon_core.environment:checking '/home/jetson/ws_1/install/livox_ros_driver2/lib'
[5.985s] Level 1:colcon.colcon_core.shell:create_environment_hook('livox_ros_driver2', 'ld_library_path_lib')
[5.986s] INFO:colcon.colcon_core.shell:Creating environment hook '/home/jetson/ws_1/install/livox_ros_driver2/share/livox_ros_driver2/hook/ld_library_path_lib.ps1'
[5.989s] INFO:colcon.colcon_core.shell:Creating environment descriptor '/home/jetson/ws_1/install/livox_ros_driver2/share/livox_ros_driver2/hook/ld_library_path_lib.dsv'
[5.991s] INFO:colcon.colcon_core.shell:Creating environment hook '/home/jetson/ws_1/install/livox_ros_driver2/share/livox_ros_driver2/hook/ld_library_path_lib.sh'
[5.994s] Level 1:colcon.colcon_core.environment:checking '/home/jetson/ws_1/install/livox_ros_driver2/bin'
[5.994s] Level 1:colcon.colcon_core.environment:checking '/home/jetson/ws_1/install/livox_ros_driver2/lib/pkgconfig/livox_ros_driver2.pc'
[5.996s] Level 1:colcon.colcon_core.environment:checking '/home/jetson/ws_1/install/livox_ros_driver2/lib/python3.8/site-packages'
[5.996s] Level 1:colcon.colcon_core.shell:create_environment_hook('livox_ros_driver2', 'pythonpath')
[5.997s] INFO:colcon.colcon_core.shell:Creating environment hook '/home/jetson/ws_1/install/livox_ros_driver2/share/livox_ros_driver2/hook/pythonpath.ps1'
[6.000s] INFO:colcon.colcon_core.shell:Creating environment descriptor '/home/jetson/ws_1/install/livox_ros_driver2/share/livox_ros_driver2/hook/pythonpath.dsv'
[6.002s] INFO:colcon.colcon_core.shell:Creating environment hook '/home/jetson/ws_1/install/livox_ros_driver2/share/livox_ros_driver2/hook/pythonpath.sh'
[6.006s] Level 1:colcon.colcon_core.environment:checking '/home/jetson/ws_1/install/livox_ros_driver2/bin'
[6.008s] INFO:colcon.colcon_core.shell:Creating package script '/home/jetson/ws_1/install/livox_ros_driver2/share/livox_ros_driver2/package.ps1'
[6.013s] INFO:colcon.colcon_core.shell:Creating package descriptor '/home/jetson/ws_1/install/livox_ros_driver2/share/livox_ros_driver2/package.dsv'
[6.018s] INFO:colcon.colcon_core.shell:Creating package script '/home/jetson/ws_1/install/livox_ros_driver2/share/livox_ros_driver2/package.sh'
[6.021s] INFO:colcon.colcon_core.shell:Creating package script '/home/jetson/ws_1/install/livox_ros_driver2/share/livox_ros_driver2/package.bash'
[6.024s] INFO:colcon.colcon_core.shell:Creating package script '/home/jetson/ws_1/install/livox_ros_driver2/share/livox_ros_driver2/package.zsh'
[6.027s] Level 1:colcon.colcon_core.environment:create_file_with_runtime_dependencies(/home/jetson/ws_1/install/livox_ros_driver2/share/colcon-core/packages/livox_ros_driver2)
[6.030s] INFO:colcon.colcon_ros.task.ament_python.build:Building ROS package in '/home/jetson/ws_1/src/lidar_avoidance' with build type 'ament_python'
[6.031s] Level 1:colcon.colcon_core.shell:create_environment_hook('lidar_avoidance', 'ament_prefix_path')
[6.033s] INFO:colcon.colcon_core.shell:Creating environment hook '/home/jetson/ws_1/install/lidar_avoidance/share/lidar_avoidance/hook/ament_prefix_path.ps1'
[6.038s] INFO:colcon.colcon_core.shell:Creating environment descriptor '/home/jetson/ws_1/install/lidar_avoidance/share/lidar_avoidance/hook/ament_prefix_path.dsv'
[6.042s] INFO:colcon.colcon_core.shell:Creating environment hook '/home/jetson/ws_1/install/lidar_avoidance/share/lidar_avoidance/hook/ament_prefix_path.sh'
[6.046s] INFO:colcon.colcon_core.shell:Skip shell extension 'powershell' for command environment: Not usable outside of PowerShell
[6.046s] DEBUG:colcon.colcon_core.shell:Skip shell extension 'dsv' for command environment
[7.694s] INFO:colcon.colcon_core.task.python.build:Building Python package in '/home/jetson/ws_1/src/lidar_avoidance'
[7.740s] INFO:colcon.colcon_core.shell:Skip shell extension 'powershell' for command environment: Not usable outside of PowerShell
[7.741s] DEBUG:colcon.colcon_core.shell:Skip shell extension 'dsv' for command environment
[10.422s] DEBUG:colcon.colcon_core.event_handler.log_command:Invoking command in '/home/jetson/ws_1/src/lidar_avoidance': LD_LIBRARY_PATH=/home/jetson/ws_1/install/livox_ros_driver2/lib:/opt/ros/foxy/opt/yaml_cpp_vendor/lib:/opt/ros/foxy/opt/rviz_ogre_vendor/lib:/opt/ros/foxy/lib/aarch64-linux-gnu:/opt/ros/foxy/lib:/usr/local/cuda-11.4/lib64 PYTHONPATH=/home/jetson/ws_1/build/lidar_avoidance/prefix_override:/usr/lib/python3/dist-packages/colcon_core/task/python/colcon_distutils_commands:/home/jetson/ws_1/install/lidar_avoidance/lib/python3.8/site-packages:${PYTHONPATH} /usr/bin/python3 -W ignore:setup.py install is deprecated -W ignore:easy_install command is deprecated setup.py egg_info --egg-base ../../build/lidar_avoidance build --build-base /home/jetson/ws_1/build/lidar_avoidance/build install --record /home/jetson/ws_1/build/lidar_avoidance/install.log --install-scripts $base/lib/lidar_avoidance --single-version-externally-managed install_data
[12.337s] Level 1:colcon.colcon_core.environment:checking '/home/jetson/ws_1/install/lidar_avoidance' for CMake module files
[12.339s] DEBUG:colcon.colcon_core.event_handler.log_command:Invoked command in '/home/jetson/ws_1/src/lidar_avoidance' returned '0': LD_LIBRARY_PATH=/home/jetson/ws_1/install/livox_ros_driver2/lib:/opt/ros/foxy/opt/yaml_cpp_vendor/lib:/opt/ros/foxy/opt/rviz_ogre_vendor/lib:/opt/ros/foxy/lib/aarch64-linux-gnu:/opt/ros/foxy/lib:/usr/local/cuda-11.4/lib64 PYTHONPATH=/home/jetson/ws_1/build/lidar_avoidance/prefix_override:/usr/lib/python3/dist-packages/colcon_core/task/python/colcon_distutils_commands:/home/jetson/ws_1/install/lidar_avoidance/lib/python3.8/site-packages:${PYTHONPATH} /usr/bin/python3 -W ignore:setup.py install is deprecated -W ignore:easy_install command is deprecated setup.py egg_info --egg-base ../../build/lidar_avoidance build --build-base /home/jetson/ws_1/build/lidar_avoidance/build install --record /home/jetson/ws_1/build/lidar_avoidance/install.log --install-scripts $base/lib/lidar_avoidance --single-version-externally-managed install_data
[12.346s] Level 1:colcon.colcon_core.environment:checking '/home/jetson/ws_1/install/lidar_avoidance' for CMake config files
[12.353s] Level 1:colcon.colcon_core.environment:checking '/home/jetson/ws_1/install/lidar_avoidance/lib'
[12.354s] Level 1:colcon.colcon_core.environment:checking '/home/jetson/ws_1/install/lidar_avoidance/bin'
[12.355s] Level 1:colcon.colcon_core.environment:checking '/home/jetson/ws_1/install/lidar_avoidance/lib/pkgconfig/lidar_avoidance.pc'
[12.358s] Level 1:colcon.colcon_core.environment:checking '/home/jetson/ws_1/install/lidar_avoidance/lib/python3.8/site-packages'
[12.359s] Level 1:colcon.colcon_core.shell:create_environment_hook('lidar_avoidance', 'pythonpath')
[12.362s] INFO:colcon.colcon_core.shell:Creating environment hook '/home/jetson/ws_1/install/lidar_avoidance/share/lidar_avoidance/hook/pythonpath.ps1'
[12.368s] INFO:colcon.colcon_core.shell:Creating environment descriptor '/home/jetson/ws_1/install/lidar_avoidance/share/lidar_avoidance/hook/pythonpath.dsv'
[12.375s] INFO:colcon.colcon_core.shell:Creating environment hook '/home/jetson/ws_1/install/lidar_avoidance/share/lidar_avoidance/hook/pythonpath.sh'
[12.379s] Level 1:colcon.colcon_core.environment:checking '/home/jetson/ws_1/install/lidar_avoidance/bin'
[12.380s] Level 1:colcon.colcon_core.environment:create_environment_scripts_only(lidar_avoidance)
[12.382s] INFO:colcon.colcon_core.shell:Creating package script '/home/jetson/ws_1/install/lidar_avoidance/share/lidar_avoidance/package.ps1'
[12.388s] INFO:colcon.colcon_core.shell:Creating package descriptor '/home/jetson/ws_1/install/lidar_avoidance/share/lidar_avoidance/package.dsv'
[12.391s] INFO:colcon.colcon_core.shell:Creating package script '/home/jetson/ws_1/install/lidar_avoidance/share/lidar_avoidance/package.sh'
[12.394s] INFO:colcon.colcon_core.shell:Creating package script '/home/jetson/ws_1/install/lidar_avoidance/share/lidar_avoidance/package.bash'
[12.397s] INFO:colcon.colcon_core.shell:Creating package script '/home/jetson/ws_1/install/lidar_avoidance/share/lidar_avoidance/package.zsh'
[12.400s] Level 1:colcon.colcon_core.environment:create_file_with_runtime_dependencies(/home/jetson/ws_1/install/lidar_avoidance/share/colcon-core/packages/lidar_avoidance)
[12.404s] DEBUG:colcon.colcon_parallel_executor.executor.parallel:closing loop
[12.407s] DEBUG:colcon.colcon_parallel_executor.executor.parallel:loop closed
[12.408s] DEBUG:colcon.colcon_parallel_executor.executor.parallel:run_until_complete finished with '0'
[12.410s] DEBUG:colcon.colcon_core.event_reactor:joining thread
[12.461s] INFO:colcon.colcon_core.plugin_system:Skipping extension 'colcon_notification.desktop_notification.terminal_notifier': Not used on non-Darwin systems
[12.462s] INFO:colcon.colcon_core.plugin_system:Skipping extension 'colcon_notification.desktop_notification.win32': Not used on non-Windows systems
[12.463s] INFO:colcon.colcon_notification.desktop_notification:Sending desktop notification using 'notify2'
[12.577s] DEBUG:colcon.colcon_core.event_reactor:joined thread
[12.579s] INFO:colcon.colcon_core.shell:Creating prefix script '/home/jetson/ws_1/install/local_setup.ps1'
[12.715s] INFO:colcon.colcon_core.shell:Creating prefix util module '/home/jetson/ws_1/install/_local_setup_util_ps1.py'
[12.723s] INFO:colcon.colcon_core.shell:Creating prefix chain script '/home/jetson/ws_1/install/setup.ps1'
[12.731s] INFO:colcon.colcon_core.shell:Creating prefix script '/home/jetson/ws_1/install/local_setup.sh'
[12.735s] INFO:colcon.colcon_core.shell:Creating prefix util module '/home/jetson/ws_1/install/_local_setup_util_sh.py'
[12.740s] INFO:colcon.colcon_core.shell:Creating prefix chain script '/home/jetson/ws_1/install/setup.sh'
[12.747s] INFO:colcon.colcon_core.shell:Creating prefix script '/home/jetson/ws_1/install/local_setup.bash'
[12.751s] INFO:colcon.colcon_core.shell:Creating prefix chain script '/home/jetson/ws_1/install/setup.bash'
[12.758s] INFO:colcon.colcon_core.shell:Creating prefix script '/home/jetson/ws_1/install/local_setup.zsh'
[12.761s] INFO:colcon.colcon_core.shell:Creating prefix chain script '/home/jetson/ws_1/install/setup.zsh'
