[4.213s] Invoking command in '/home/jetson/ws_1/src/my_first_package': PYTHONPATH=/home/jetson/ws_1/build/my_first_package/prefix_override:/usr/lib/python3/dist-packages/colcon_core/task/python/colcon_distutils_commands:/home/jetson/ws_1/install/my_first_package/lib/python3.8/site-packages:${PYTHONPATH} /usr/bin/python3 -W ignore:setup.py install is deprecated -W ignore:easy_install command is deprecated setup.py egg_info --egg-base ../../build/my_first_package build --build-base /home/jetson/ws_1/build/my_first_package/build install --record /home/jetson/ws_1/build/my_first_package/install.log --install-scripts $base/lib/my_first_package --single-version-externally-managed install_data
[5.755s] running egg_info
[5.758s] writing ../../build/my_first_package/my_first_package.egg-info/PKG-INFO
[5.759s] writing dependency_links to ../../build/my_first_package/my_first_package.egg-info/dependency_links.txt
[5.761s] writing entry points to ../../build/my_first_package/my_first_package.egg-info/entry_points.txt
[5.761s] writing requirements to ../../build/my_first_package/my_first_package.egg-info/requires.txt
[5.762s] writing top-level names to ../../build/my_first_package/my_first_package.egg-info/top_level.txt
[5.957s] reading manifest file '../../build/my_first_package/my_first_package.egg-info/SOURCES.txt'
[5.962s] writing manifest file '../../build/my_first_package/my_first_package.egg-info/SOURCES.txt'
[5.963s] running build
[5.963s] running build_py
[5.969s] copying my_first_package/my_first_node.py -> /home/jetson/ws_1/build/my_first_package/build/lib/my_first_package
[5.971s] running install
[5.976s] running install_lib
[5.982s] copying /home/jetson/ws_1/build/my_first_package/build/lib/my_first_package/my_first_node.py -> /home/jetson/ws_1/install/my_first_package/lib/python3.8/site-packages/my_first_package
[5.986s] byte-compiling /home/jetson/ws_1/install/my_first_package/lib/python3.8/site-packages/my_first_package/my_first_node.py to my_first_node.cpython-38.pyc
[5.997s] running install_data
[5.998s] running install_egg_info
[6.008s] removing '/home/jetson/ws_1/install/my_first_package/lib/python3.8/site-packages/my_first_package-0.0.0-py3.8.egg-info' (and everything under it)
[6.011s] Copying ../../build/my_first_package/my_first_package.egg-info to /home/jetson/ws_1/install/my_first_package/lib/python3.8/site-packages/my_first_package-0.0.0-py3.8.egg-info
[6.020s] running install_scripts
[6.116s] Installing my_node script to /home/jetson/ws_1/install/my_first_package/lib/my_first_package
[6.118s] writing list of installed files to '/home/jetson/ws_1/build/my_first_package/install.log'
[6.271s] Invoked command in '/home/jetson/ws_1/src/my_first_package' returned '0': PYTHONPATH=/home/jetson/ws_1/build/my_first_package/prefix_override:/usr/lib/python3/dist-packages/colcon_core/task/python/colcon_distutils_commands:/home/jetson/ws_1/install/my_first_package/lib/python3.8/site-packages:${PYTHONPATH} /usr/bin/python3 -W ignore:setup.py install is deprecated -W ignore:easy_install command is deprecated setup.py egg_info --egg-base ../../build/my_first_package build --build-base /home/jetson/ws_1/build/my_first_package/build install --record /home/jetson/ws_1/build/my_first_package/install.log --install-scripts $base/lib/my_first_package --single-version-externally-managed install_data
