[7.564s] Invoking command in '/home/jetson/ws_1/src/train_vision': PYTHONPATH=/home/jetson/ws_1/build/train_vision/prefix_override:/usr/lib/python3/dist-packages/colcon_core/task/python/colcon_distutils_commands:/home/jetson/ws_1/install/train_vision/lib/python3.8/site-packages:${PYTHONPATH} /usr/bin/python3 -W ignore:setup.py install is deprecated -W ignore:easy_install command is deprecated setup.py egg_info --egg-base ../../build/train_vision build --build-base /home/jetson/ws_1/build/train_vision/build install --record /home/jetson/ws_1/build/train_vision/install.log --install-scripts $base/lib/train_vision --single-version-externally-managed install_data
[9.305s] running egg_info
[9.307s] creating ../../build/train_vision/train_vision.egg-info
[9.308s] writing ../../build/train_vision/train_vision.egg-info/PKG-INFO
[9.310s] writing dependency_links to ../../build/train_vision/train_vision.egg-info/dependency_links.txt
[9.311s] writing entry points to ../../build/train_vision/train_vision.egg-info/entry_points.txt
[9.312s] writing requirements to ../../build/train_vision/train_vision.egg-info/requires.txt
[9.313s] writing top-level names to ../../build/train_vision/train_vision.egg-info/top_level.txt
[9.464s] writing manifest file '../../build/train_vision/train_vision.egg-info/SOURCES.txt'
[9.667s] reading manifest file '../../build/train_vision/train_vision.egg-info/SOURCES.txt'
[9.819s] writing manifest file '../../build/train_vision/train_vision.egg-info/SOURCES.txt'
[9.822s] running build
[9.822s] running build_py
[9.823s] creating /home/jetson/ws_1/build/train_vision/build
[9.825s] creating /home/jetson/ws_1/build/train_vision/build/lib
[9.825s] creating /home/jetson/ws_1/build/train_vision/build/lib/train_vision
[9.826s] copying train_vision/__init__.py -> /home/jetson/ws_1/build/train_vision/build/lib/train_vision
[9.827s] copying train_vision/camera_node.py -> /home/jetson/ws_1/build/train_vision/build/lib/train_vision
[9.830s] running install
[9.830s] running install_lib
[9.836s] creating /home/jetson/ws_1/install/train_vision/lib/python3.8/site-packages/train_vision
[9.838s] copying /home/jetson/ws_1/build/train_vision/build/lib/train_vision/__init__.py -> /home/jetson/ws_1/install/train_vision/lib/python3.8/site-packages/train_vision
[9.839s] copying /home/jetson/ws_1/build/train_vision/build/lib/train_vision/camera_node.py -> /home/jetson/ws_1/install/train_vision/lib/python3.8/site-packages/train_vision
[9.841s] byte-compiling /home/jetson/ws_1/install/train_vision/lib/python3.8/site-packages/train_vision/__init__.py to __init__.cpython-38.pyc
[9.849s] byte-compiling /home/jetson/ws_1/install/train_vision/lib/python3.8/site-packages/train_vision/camera_node.py to camera_node.cpython-38.pyc
[9.852s] running install_data
[9.853s] creating /home/jetson/ws_1/install/train_vision/share/ament_index
[9.854s] creating /home/jetson/ws_1/install/train_vision/share/ament_index/resource_index
[9.855s] creating /home/jetson/ws_1/install/train_vision/share/ament_index/resource_index/packages
[9.857s] copying resource/train_vision -> /home/jetson/ws_1/install/train_vision/share/ament_index/resource_index/packages
[9.857s] copying package.xml -> /home/jetson/ws_1/install/train_vision/share/train_vision
[9.858s] running install_egg_info
[9.868s] Copying ../../build/train_vision/train_vision.egg-info to /home/jetson/ws_1/install/train_vision/lib/python3.8/site-packages/train_vision-0.0.0-py3.8.egg-info
[9.877s] running install_scripts
[9.974s] Installing camera script to /home/jetson/ws_1/install/train_vision/lib/train_vision
[9.976s] writing list of installed files to '/home/jetson/ws_1/build/train_vision/install.log'
[10.114s] Invoked command in '/home/jetson/ws_1/src/train_vision' returned '0': PYTHONPATH=/home/jetson/ws_1/build/train_vision/prefix_override:/usr/lib/python3/dist-packages/colcon_core/task/python/colcon_distutils_commands:/home/jetson/ws_1/install/train_vision/lib/python3.8/site-packages:${PYTHONPATH} /usr/bin/python3 -W ignore:setup.py install is deprecated -W ignore:easy_install command is deprecated setup.py egg_info --egg-base ../../build/train_vision build --build-base /home/jetson/ws_1/build/train_vision/build install --record /home/jetson/ws_1/build/train_vision/install.log --install-scripts $base/lib/train_vision --single-version-externally-managed install_data
