[4.551s] Invoking command in '/home/jetson/ws_1/src/train_control': PYTHONPATH=/home/jetson/ws_1/build/train_control/prefix_override:/usr/lib/python3/dist-packages/colcon_core/task/python/colcon_distutils_commands:/home/jetson/ws_1/install/train_control/lib/python3.8/site-packages:${PYTHONPATH} /usr/bin/python3 -W ignore:setup.py install is deprecated -W ignore:easy_install command is deprecated setup.py egg_info --egg-base ../../build/train_control build --build-base /home/jetson/ws_1/build/train_control/build install --record /home/jetson/ws_1/build/train_control/install.log --install-scripts $base/lib/train_control --single-version-externally-managed install_data
[6.164s] running egg_info
[6.168s] writing ../../build/train_control/train_control.egg-info/PKG-INFO
[6.169s] writing dependency_links to ../../build/train_control/train_control.egg-info/dependency_links.txt
[6.171s] writing entry points to ../../build/train_control/train_control.egg-info/entry_points.txt
[6.172s] writing requirements to ../../build/train_control/train_control.egg-info/requires.txt
[6.172s] writing top-level names to ../../build/train_control/train_control.egg-info/top_level.txt
[6.370s] reading manifest file '../../build/train_control/train_control.egg-info/SOURCES.txt'
[6.376s] writing manifest file '../../build/train_control/train_control.egg-info/SOURCES.txt'
[6.377s] running build
[6.377s] running build_py
[6.385s] running install
[6.391s] running install_lib
[6.400s] running install_data
[6.401s] running install_egg_info
[6.411s] removing '/home/jetson/ws_1/install/train_control/lib/python3.8/site-packages/train_control-0.0.0-py3.8.egg-info' (and everything under it)
[6.413s] Copying ../../build/train_control/train_control.egg-info to /home/jetson/ws_1/install/train_control/lib/python3.8/site-packages/train_control-0.0.0-py3.8.egg-info
[6.423s] running install_scripts
[6.518s] Installing control_manager script to /home/jetson/ws_1/install/train_control/lib/train_control
[6.519s] Installing esp32_serial script to /home/jetson/ws_1/install/train_control/lib/train_control
[6.522s] writing list of installed files to '/home/jetson/ws_1/build/train_control/install.log'
[6.650s] Invoked command in '/home/jetson/ws_1/src/train_control' returned '0': PYTHONPATH=/home/jetson/ws_1/build/train_control/prefix_override:/usr/lib/python3/dist-packages/colcon_core/task/python/colcon_distutils_commands:/home/jetson/ws_1/install/train_control/lib/python3.8/site-packages:${PYTHONPATH} /usr/bin/python3 -W ignore:setup.py install is deprecated -W ignore:easy_install command is deprecated setup.py egg_info --egg-base ../../build/train_control build --build-base /home/jetson/ws_1/build/train_control/build install --record /home/jetson/ws_1/build/train_control/install.log --install-scripts $base/lib/train_control --single-version-externally-managed install_data
