running develop
Removing /home/jetson/ws_1/install/train_control/lib/python3.8/site-packages/train-control.egg-link (link to .)
running egg_info
writing ../../build/train_control/train_control.egg-info/PKG-INFO
writing dependency_links to ../../build/train_control/train_control.egg-info/dependency_links.txt
writing entry points to ../../build/train_control/train_control.egg-info/entry_points.txt
writing requirements to ../../build/train_control/train_control.egg-info/requires.txt
writing top-level names to ../../build/train_control/train_control.egg-info/top_level.txt
reading manifest file '../../build/train_control/train_control.egg-info/SOURCES.txt'
writing manifest file '../../build/train_control/train_control.egg-info/SOURCES.txt'
running build
running build_py
copying train_control/control_manager_node.py -> /home/jetson/ws_1/build/train_control/build/lib/train_control
running install
running install_lib
creating /home/jetson/ws_1/install/train_control/lib/python3.8/site-packages/train_control
copying /home/jetson/ws_1/build/train_control/build/lib/train_control/control_manager_node.py -> /home/jetson/ws_1/install/train_control/lib/python3.8/site-packages/train_control
copying /home/jetson/ws_1/build/train_control/build/lib/train_control/esp32_motor_node.py -> /home/jetson/ws_1/install/train_control/lib/python3.8/site-packages/train_control
copying /home/jetson/ws_1/build/train_control/build/lib/train_control/__init__.py -> /home/jetson/ws_1/install/train_control/lib/python3.8/site-packages/train_control
copying /home/jetson/ws_1/build/train_control/build/lib/train_control/esp32_serial_node.py -> /home/jetson/ws_1/install/train_control/lib/python3.8/site-packages/train_control
copying /home/jetson/ws_1/build/train_control/build/lib/train_control/esp32_wifi_node.py -> /home/jetson/ws_1/install/train_control/lib/python3.8/site-packages/train_control
byte-compiling /home/jetson/ws_1/install/train_control/lib/python3.8/site-packages/train_control/control_manager_node.py to control_manager_node.cpython-38.pyc
byte-compiling /home/jetson/ws_1/install/train_control/lib/python3.8/site-packages/train_control/esp32_motor_node.py to esp32_motor_node.cpython-38.pyc
byte-compiling /home/jetson/ws_1/install/train_control/lib/python3.8/site-packages/train_control/__init__.py to __init__.cpython-38.pyc
byte-compiling /home/jetson/ws_1/install/train_control/lib/python3.8/site-packages/train_control/esp32_serial_node.py to esp32_serial_node.cpython-38.pyc
byte-compiling /home/jetson/ws_1/install/train_control/lib/python3.8/site-packages/train_control/esp32_wifi_node.py to esp32_wifi_node.cpython-38.pyc
running install_data
copying resource/train_control -> /home/jetson/ws_1/install/train_control/share/ament_index/resource_index/packages
copying package.xml -> /home/jetson/ws_1/install/train_control/share/train_control
copying launch/train_sim.launch.py -> /home/jetson/ws_1/install/train_control/share/train_control/launch
running install_egg_info
Copying ../../build/train_control/train_control.egg-info to /home/jetson/ws_1/install/train_control/lib/python3.8/site-packages/train_control-0.0.0-py3.8.egg-info
running install_scripts
Installing control_manager script to /home/jetson/ws_1/install/train_control/lib/train_control
Installing esp32_wifi script to /home/jetson/ws_1/install/train_control/lib/train_control
writing list of installed files to '/home/jetson/ws_1/build/train_control/install.log'
