[1.703s] Invoking command in '/home/jetson/ws_1/build/livox_ros_driver2': CMAKE_PREFIX_PATH=${CMAKE_PREFIX_PATH}:/home/jetson/ws_1/install/lidar_avoidance:/opt/ros/foxy /usr/bin/cmake --build /home/jetson/ws_1/build/livox_ros_driver2 -- -j6 -l6
[2.283s] [  1%] Built target livox_interfaces2__cpp
[2.297s] [  8%] Built target livox_interfaces2__rosidl_generator_c
[2.382s] [ 12%] Built target livox_ros_driver2_node
[2.561s] [ 19%] Built target livox_interfaces2__rosidl_typesupport_cpp
[2.562s] [ 26%] Built target livox_interfaces2__rosidl_typesupport_introspection_cpp
[2.577s] [ 33%] Built target livox_interfaces2__rosidl_typesupport_fastrtps_cpp
[2.611s] [ 40%] Built target livox_interfaces2__rosidl_typesupport_c
[2.673s] [ 47%] Built target livox_interfaces2__rosidl_typesupport_introspection_c
[2.827s] [ 54%] Built target livox_interfaces2__rosidl_typesupport_fastrtps_c
[3.035s] [ 54%] Built target livox_interfaces2
[3.283s] [ 56%] Built target livox_interfaces2__py
[3.469s] [ 84%] Built target livox_ros_driver2
[3.523s] [ 89%] Built target livox_interfaces2__python
[3.765s] [ 92%] Built target livox_ros_driver2__rosidl_typesupport_fastrtps_c__pyext
[3.779s] [ 96%] Built target livox_ros_driver2__rosidl_typesupport_c__pyext
[3.793s] [100%] Built target livox_ros_driver2__rosidl_typesupport_introspection_c__pyext
[3.915s] Invoked command in '/home/jetson/ws_1/build/livox_ros_driver2' returned '0': CMAKE_PREFIX_PATH=${CMAKE_PREFIX_PATH}:/home/jetson/ws_1/install/lidar_avoidance:/opt/ros/foxy /usr/bin/cmake --build /home/jetson/ws_1/build/livox_ros_driver2 -- -j6 -l6
[4.037s] Invoking command in '/home/jetson/ws_1/build/livox_ros_driver2': CMAKE_PREFIX_PATH=${CMAKE_PREFIX_PATH}:/home/jetson/ws_1/install/lidar_avoidance:/opt/ros/foxy /usr/bin/cmake --install /home/jetson/ws_1/build/livox_ros_driver2
[4.124s] -- Install configuration: ""
[4.126s] -- Up-to-date: /home/jetson/ws_1/install/livox_ros_driver2/share/ament_index/resource_index/rosidl_interfaces/livox_ros_driver2
[4.127s] -- Up-to-date: /home/jetson/ws_1/install/livox_ros_driver2/include/livox_ros_driver2
[4.128s] -- Up-to-date: /home/jetson/ws_1/install/livox_ros_driver2/include/livox_ros_driver2/msg
[4.132s] -- Up-to-date: /home/jetson/ws_1/install/livox_ros_driver2/include/livox_ros_driver2/msg/rosidl_generator_c__visibility_control.h
[4.133s] -- Up-to-date: /home/jetson/ws_1/install/livox_ros_driver2/include/livox_ros_driver2/msg/custom_msg.h
[4.135s] -- Up-to-date: /home/jetson/ws_1/install/livox_ros_driver2/include/livox_ros_driver2/msg/custom_point.h
[4.135s] -- Up-to-date: /home/jetson/ws_1/install/livox_ros_driver2/include/livox_ros_driver2/msg/detail
[4.136s] -- Up-to-date: /home/jetson/ws_1/install/livox_ros_driver2/include/livox_ros_driver2/msg/detail/custom_point__functions.c
[4.137s] -- Up-to-date: /home/jetson/ws_1/install/livox_ros_driver2/include/livox_ros_driver2/msg/detail/custom_msg__struct.h
[4.138s] -- Up-to-date: /home/jetson/ws_1/install/livox_ros_driver2/include/livox_ros_driver2/msg/detail/custom_msg__functions.c
[4.138s] -- Up-to-date: /home/jetson/ws_1/install/livox_ros_driver2/include/livox_ros_driver2/msg/detail/custom_point__type_support.h
[4.139s] -- Up-to-date: /home/jetson/ws_1/install/livox_ros_driver2/include/livox_ros_driver2/msg/detail/custom_point__functions.h
[4.140s] -- Up-to-date: /home/jetson/ws_1/install/livox_ros_driver2/include/livox_ros_driver2/msg/detail/custom_point__struct.h
[4.140s] -- Up-to-date: /home/jetson/ws_1/install/livox_ros_driver2/include/livox_ros_driver2/msg/detail/custom_msg__type_support.h
[4.142s] -- Up-to-date: /home/jetson/ws_1/install/livox_ros_driver2/include/livox_ros_driver2/msg/detail/custom_msg__functions.h
[4.143s] -- Up-to-date: /home/jetson/ws_1/install/livox_ros_driver2/share/livox_ros_driver2/environment/library_path.sh
[4.144s] -- Up-to-date: /home/jetson/ws_1/install/livox_ros_driver2/share/livox_ros_driver2/environment/library_path.dsv
[4.145s] -- Up-to-date: /home/jetson/ws_1/install/livox_ros_driver2/lib/liblivox_ros_driver2__rosidl_generator_c.so
[4.145s] -- Up-to-date: /home/jetson/ws_1/install/livox_ros_driver2/include/livox_ros_driver2
[4.146s] -- Up-to-date: /home/jetson/ws_1/install/livox_ros_driver2/include/livox_ros_driver2/msg
[4.147s] -- Up-to-date: /home/jetson/ws_1/install/livox_ros_driver2/include/livox_ros_driver2/msg/rosidl_typesupport_fastrtps_c__visibility_control.h
[4.148s] -- Up-to-date: /home/jetson/ws_1/install/livox_ros_driver2/include/livox_ros_driver2/msg/detail
[4.148s] -- Up-to-date: /home/jetson/ws_1/install/livox_ros_driver2/include/livox_ros_driver2/msg/detail/custom_point__rosidl_typesupport_fastrtps_c.h
[4.149s] -- Up-to-date: /home/jetson/ws_1/install/livox_ros_driver2/include/livox_ros_driver2/msg/detail/custom_msg__rosidl_typesupport_fastrtps_c.h
[4.150s] -- Up-to-date: /home/jetson/ws_1/install/livox_ros_driver2/lib/liblivox_ros_driver2__rosidl_typesupport_fastrtps_c.so
[4.152s] -- Up-to-date: /home/jetson/ws_1/install/livox_ros_driver2/include/livox_ros_driver2
[4.154s] -- Up-to-date: /home/jetson/ws_1/install/livox_ros_driver2/include/livox_ros_driver2/msg
[4.154s] -- Up-to-date: /home/jetson/ws_1/install/livox_ros_driver2/include/livox_ros_driver2/msg/rosidl_typesupport_fastrtps_cpp__visibility_control.h
[4.155s] -- Up-to-date: /home/jetson/ws_1/install/livox_ros_driver2/include/livox_ros_driver2/msg/detail
[4.156s] -- Up-to-date: /home/jetson/ws_1/install/livox_ros_driver2/include/livox_ros_driver2/msg/detail/custom_point__rosidl_typesupport_fastrtps_cpp.hpp
[4.156s] -- Up-to-date: /home/jetson/ws_1/install/livox_ros_driver2/include/livox_ros_driver2/msg/detail/custom_msg__rosidl_typesupport_fastrtps_cpp.hpp
[4.157s] -- Up-to-date: /home/jetson/ws_1/install/livox_ros_driver2/include/livox_ros_driver2/msg/detail/dds_fastrtps
[4.158s] -- Up-to-date: /home/jetson/ws_1/install/livox_ros_driver2/lib/liblivox_ros_driver2__rosidl_typesupport_fastrtps_cpp.so
[4.163s] -- Up-to-date: /home/jetson/ws_1/install/livox_ros_driver2/include/livox_ros_driver2
[4.164s] -- Up-to-date: /home/jetson/ws_1/install/livox_ros_driver2/include/livox_ros_driver2/msg
[4.165s] -- Up-to-date: /home/jetson/ws_1/install/livox_ros_driver2/include/livox_ros_driver2/msg/rosidl_typesupport_introspection_c__visibility_control.h
[4.166s] -- Up-to-date: /home/jetson/ws_1/install/livox_ros_driver2/include/livox_ros_driver2/msg/detail
[4.167s] -- Up-to-date: /home/jetson/ws_1/install/livox_ros_driver2/include/livox_ros_driver2/msg/detail/custom_msg__rosidl_typesupport_introspection_c.h
[4.168s] -- Up-to-date: /home/jetson/ws_1/install/livox_ros_driver2/include/livox_ros_driver2/msg/detail/custom_msg__type_support.c
[4.169s] -- Up-to-date: /home/jetson/ws_1/install/livox_ros_driver2/include/livox_ros_driver2/msg/detail/custom_point__type_support.c
[4.170s] -- Up-to-date: /home/jetson/ws_1/install/livox_ros_driver2/include/livox_ros_driver2/msg/detail/custom_point__rosidl_typesupport_introspection_c.h
[4.171s] -- Up-to-date: /home/jetson/ws_1/install/livox_ros_driver2/lib/liblivox_ros_driver2__rosidl_typesupport_introspection_c.so
[4.176s] -- Up-to-date: /home/jetson/ws_1/install/livox_ros_driver2/lib/liblivox_ros_driver2__rosidl_typesupport_c.so
[4.180s] -- Up-to-date: /home/jetson/ws_1/install/livox_ros_driver2/include/livox_ros_driver2
[4.181s] -- Up-to-date: /home/jetson/ws_1/install/livox_ros_driver2/include/livox_ros_driver2/msg
[4.183s] -- Up-to-date: /home/jetson/ws_1/install/livox_ros_driver2/include/livox_ros_driver2/msg/custom_msg.hpp
[4.187s] -- Up-to-date: /home/jetson/ws_1/install/livox_ros_driver2/include/livox_ros_driver2/msg/rosidl_generator_cpp__visibility_control.hpp
[4.188s] -- Up-to-date: /home/jetson/ws_1/install/livox_ros_driver2/include/livox_ros_driver2/msg/custom_point.hpp
[4.189s] -- Up-to-date: /home/jetson/ws_1/install/livox_ros_driver2/include/livox_ros_driver2/msg/detail
[4.190s] -- Up-to-date: /home/jetson/ws_1/install/livox_ros_driver2/include/livox_ros_driver2/msg/detail/custom_msg__builder.hpp
[4.191s] -- Up-to-date: /home/jetson/ws_1/install/livox_ros_driver2/include/livox_ros_driver2/msg/detail/custom_point__struct.hpp
[4.192s] -- Up-to-date: /home/jetson/ws_1/install/livox_ros_driver2/include/livox_ros_driver2/msg/detail/custom_msg__traits.hpp
[4.193s] -- Up-to-date: /home/jetson/ws_1/install/livox_ros_driver2/include/livox_ros_driver2/msg/detail/custom_point__builder.hpp
[4.194s] -- Up-to-date: /home/jetson/ws_1/install/livox_ros_driver2/include/livox_ros_driver2/msg/detail/custom_msg__type_support.hpp
[4.195s] -- Up-to-date: /home/jetson/ws_1/install/livox_ros_driver2/include/livox_ros_driver2/msg/detail/custom_point__traits.hpp
[4.195s] -- Up-to-date: /home/jetson/ws_1/install/livox_ros_driver2/include/livox_ros_driver2/msg/detail/custom_point__type_support.hpp
[4.196s] -- Up-to-date: /home/jetson/ws_1/install/livox_ros_driver2/include/livox_ros_driver2/msg/detail/custom_msg__struct.hpp
[4.197s] -- Up-to-date: /home/jetson/ws_1/install/livox_ros_driver2/include/livox_ros_driver2
[4.198s] -- Up-to-date: /home/jetson/ws_1/install/livox_ros_driver2/include/livox_ros_driver2/msg
[4.199s] -- Up-to-date: /home/jetson/ws_1/install/livox_ros_driver2/include/livox_ros_driver2/msg/detail
[4.200s] -- Up-to-date: /home/jetson/ws_1/install/livox_ros_driver2/include/livox_ros_driver2/msg/detail/custom_msg__rosidl_typesupport_introspection_cpp.hpp
[4.201s] -- Up-to-date: /home/jetson/ws_1/install/livox_ros_driver2/include/livox_ros_driver2/msg/detail/custom_point__type_support.cpp
[4.202s] -- Up-to-date: /home/jetson/ws_1/install/livox_ros_driver2/include/livox_ros_driver2/msg/detail/custom_point__rosidl_typesupport_introspection_cpp.hpp
[4.203s] -- Up-to-date: /home/jetson/ws_1/install/livox_ros_driver2/include/livox_ros_driver2/msg/detail/custom_msg__type_support.cpp
[4.205s] -- Up-to-date: /home/jetson/ws_1/install/livox_ros_driver2/lib/liblivox_ros_driver2__rosidl_typesupport_introspection_cpp.so
[4.205s] -- Up-to-date: /home/jetson/ws_1/install/livox_ros_driver2/lib/liblivox_ros_driver2__rosidl_typesupport_cpp.so
[4.206s] -- Up-to-date: /home/jetson/ws_1/install/livox_ros_driver2/share/livox_ros_driver2/environment/pythonpath.sh
[4.207s] -- Up-to-date: /home/jetson/ws_1/install/livox_ros_driver2/share/livox_ros_driver2/environment/pythonpath.dsv
[4.208s] -- Up-to-date: /home/jetson/ws_1/install/livox_ros_driver2/lib/python3.8/site-packages/livox_ros_driver2/__init__.py
[4.454s] -- Up-to-date: /home/jetson/ws_1/install/livox_ros_driver2/lib/python3.8/site-packages/livox_ros_driver2/msg
[4.456s] -- Up-to-date: /home/jetson/ws_1/install/livox_ros_driver2/lib/python3.8/site-packages/livox_ros_driver2/msg/_custom_point_s.c
[4.457s] -- Up-to-date: /home/jetson/ws_1/install/livox_ros_driver2/lib/python3.8/site-packages/livox_ros_driver2/msg/__init__.py
[4.457s] -- Up-to-date: /home/jetson/ws_1/install/livox_ros_driver2/lib/python3.8/site-packages/livox_ros_driver2/msg/_custom_msg.py
[4.458s] -- Up-to-date: /home/jetson/ws_1/install/livox_ros_driver2/lib/python3.8/site-packages/livox_ros_driver2/msg/_custom_msg_s.c
[4.459s] -- Up-to-date: /home/jetson/ws_1/install/livox_ros_driver2/lib/python3.8/site-packages/livox_ros_driver2/msg/_custom_point.py
[4.462s] -- Up-to-date: /home/jetson/ws_1/install/livox_ros_driver2/lib/python3.8/site-packages/livox_ros_driver2/livox_ros_driver2_s__rosidl_typesupport_fastrtps_c.cpython-38-aarch64-linux-gnu.so
[4.470s] -- Up-to-date: /home/jetson/ws_1/install/livox_ros_driver2/lib/python3.8/site-packages/livox_ros_driver2/livox_ros_driver2_s__rosidl_typesupport_introspection_c.cpython-38-aarch64-linux-gnu.so
[4.478s] -- Up-to-date: /home/jetson/ws_1/install/livox_ros_driver2/lib/python3.8/site-packages/livox_ros_driver2/livox_ros_driver2_s__rosidl_typesupport_c.cpython-38-aarch64-linux-gnu.so
[4.488s] -- Up-to-date: /home/jetson/ws_1/install/livox_ros_driver2/lib/liblivox_interfaces2__python.so
[4.495s] -- Up-to-date: /home/jetson/ws_1/install/livox_ros_driver2/share/livox_ros_driver2/msg/CustomPoint.idl
[4.520s] -- Up-to-date: /home/jetson/ws_1/install/livox_ros_driver2/share/livox_ros_driver2/msg/CustomMsg.idl
[4.540s] -- Up-to-date: /home/jetson/ws_1/install/livox_ros_driver2/share/livox_ros_driver2/msg/CustomPoint.msg
[4.546s] -- Up-to-date: /home/jetson/ws_1/install/livox_ros_driver2/share/livox_ros_driver2/msg/CustomMsg.msg
[4.549s] -- Up-to-date: /home/jetson/ws_1/install/livox_ros_driver2/lib/livox_ros_driver2/livox_ros_driver2_node
[4.562s] -- Up-to-date: /home/jetson/ws_1/install/livox_ros_driver2/lib/liblivox_ros_driver2.so
[4.565s] -- Up-to-date: /home/jetson/ws_1/install/livox_ros_driver2/share/livox_ros_driver2/config
[4.574s] -- Up-to-date: /home/jetson/ws_1/install/livox_ros_driver2/share/livox_ros_driver2/config/display_point_cloud_ROS1.rviz
[4.577s] -- Up-to-date: /home/jetson/ws_1/install/livox_ros_driver2/share/livox_ros_driver2/config/display_point_cloud_ROS2.rviz
[4.579s] -- Up-to-date: /home/jetson/ws_1/install/livox_ros_driver2/share/livox_ros_driver2/config/MID360s_config.json
[4.582s] -- Up-to-date: /home/jetson/ws_1/install/livox_ros_driver2/share/livox_ros_driver2/config/MID360_config.json
[4.586s] -- Up-to-date: /home/jetson/ws_1/install/livox_ros_driver2/share/livox_ros_driver2/config/mixed_HAP_MID360_config.json
[4.589s] -- Up-to-date: /home/jetson/ws_1/install/livox_ros_driver2/share/livox_ros_driver2/config/HAP_config.json
[4.591s] -- Up-to-date: /home/jetson/ws_1/install/livox_ros_driver2/share/livox_ros_driver2/launch_ROS2
[4.593s] -- Up-to-date: /home/jetson/ws_1/install/livox_ros_driver2/share/livox_ros_driver2/launch_ROS2/msg_MID360_launch.py
[4.595s] -- Up-to-date: /home/jetson/ws_1/install/livox_ros_driver2/share/livox_ros_driver2/launch_ROS2/rviz_MID360s_launch.py
[4.596s] -- Up-to-date: /home/jetson/ws_1/install/livox_ros_driver2/share/livox_ros_driver2/launch_ROS2/rviz_mixed.py
[4.597s] -- Up-to-date: /home/jetson/ws_1/install/livox_ros_driver2/share/livox_ros_driver2/launch_ROS2/msg_HAP_launch.py
[4.598s] -- Up-to-date: /home/jetson/ws_1/install/livox_ros_driver2/share/livox_ros_driver2/launch_ROS2/rviz_MID360_launch.py
[4.600s] -- Up-to-date: /home/jetson/ws_1/install/livox_ros_driver2/share/livox_ros_driver2/launch_ROS2/rviz_HAP_launch.py
[4.601s] -- Up-to-date: /home/jetson/ws_1/install/livox_ros_driver2/share/livox_ros_driver2/launch_ROS2/msg_MID360s_launch.py
[4.602s] -- Up-to-date: /home/jetson/ws_1/install/livox_ros_driver2/share/ament_index/resource_index/package_run_dependencies/livox_ros_driver2
[4.609s] -- Up-to-date: /home/jetson/ws_1/install/livox_ros_driver2/share/ament_index/resource_index/parent_prefix_path/livox_ros_driver2
[4.610s] -- Up-to-date: /home/jetson/ws_1/install/livox_ros_driver2/share/livox_ros_driver2/environment/ament_prefix_path.sh
[4.611s] -- Up-to-date: /home/jetson/ws_1/install/livox_ros_driver2/share/livox_ros_driver2/environment/ament_prefix_path.dsv
[4.616s] -- Up-to-date: /home/jetson/ws_1/install/livox_ros_driver2/share/livox_ros_driver2/environment/path.sh
[4.618s] -- Up-to-date: /home/jetson/ws_1/install/livox_ros_driver2/share/livox_ros_driver2/environment/path.dsv
[4.621s] -- Up-to-date: /home/jetson/ws_1/install/livox_ros_driver2/share/livox_ros_driver2/local_setup.bash
[4.622s] -- Up-to-date: /home/jetson/ws_1/install/livox_ros_driver2/share/livox_ros_driver2/local_setup.sh
[4.623s] -- Up-to-date: /home/jetson/ws_1/install/livox_ros_driver2/share/livox_ros_driver2/local_setup.zsh
[4.624s] -- Up-to-date: /home/jetson/ws_1/install/livox_ros_driver2/share/livox_ros_driver2/local_setup.dsv
[4.625s] -- Installing: /home/jetson/ws_1/install/livox_ros_driver2/share/livox_ros_driver2/package.dsv
[4.626s] -- Up-to-date: /home/jetson/ws_1/install/livox_ros_driver2/share/ament_index/resource_index/packages/livox_ros_driver2
[4.627s] -- Up-to-date: /home/jetson/ws_1/install/livox_ros_driver2/share/livox_ros_driver2/cmake/livox_interfaces2__rosidl_generator_cExport.cmake
[4.628s] -- Up-to-date: /home/jetson/ws_1/install/livox_ros_driver2/share/livox_ros_driver2/cmake/livox_interfaces2__rosidl_generator_cExport-noconfig.cmake
[4.629s] -- Up-to-date: /home/jetson/ws_1/install/livox_ros_driver2/share/livox_ros_driver2/cmake/livox_interfaces2__rosidl_typesupport_introspection_cExport.cmake
[4.631s] -- Up-to-date: /home/jetson/ws_1/install/livox_ros_driver2/share/livox_ros_driver2/cmake/livox_interfaces2__rosidl_typesupport_introspection_cExport-noconfig.cmake
[4.632s] -- Up-to-date: /home/jetson/ws_1/install/livox_ros_driver2/share/livox_ros_driver2/cmake/livox_interfaces2__rosidl_typesupport_cExport.cmake
[4.633s] -- Up-to-date: /home/jetson/ws_1/install/livox_ros_driver2/share/livox_ros_driver2/cmake/livox_interfaces2__rosidl_typesupport_cExport-noconfig.cmake
[4.634s] -- Up-to-date: /home/jetson/ws_1/install/livox_ros_driver2/share/livox_ros_driver2/cmake/livox_interfaces2__rosidl_generator_cppExport.cmake
[4.635s] -- Up-to-date: /home/jetson/ws_1/install/livox_ros_driver2/share/livox_ros_driver2/cmake/livox_interfaces2__rosidl_typesupport_introspection_cppExport.cmake
[4.636s] -- Up-to-date: /home/jetson/ws_1/install/livox_ros_driver2/share/livox_ros_driver2/cmake/livox_interfaces2__rosidl_typesupport_introspection_cppExport-noconfig.cmake
[4.637s] -- Up-to-date: /home/jetson/ws_1/install/livox_ros_driver2/share/livox_ros_driver2/cmake/livox_interfaces2__rosidl_typesupport_cppExport.cmake
[4.639s] -- Up-to-date: /home/jetson/ws_1/install/livox_ros_driver2/share/livox_ros_driver2/cmake/livox_interfaces2__rosidl_typesupport_cppExport-noconfig.cmake
[4.643s] -- Up-to-date: /home/jetson/ws_1/install/livox_ros_driver2/share/ament_index/resource_index/rclcpp_components/livox_ros_driver2
[4.647s] -- Up-to-date: /home/jetson/ws_1/install/livox_ros_driver2/share/livox_ros_driver2/cmake/rosidl_cmake-extras.cmake
[4.649s] -- Up-to-date: /home/jetson/ws_1/install/livox_ros_driver2/share/livox_ros_driver2/cmake/ament_cmake_export_dependencies-extras.cmake
[4.651s] -- Up-to-date: /home/jetson/ws_1/install/livox_ros_driver2/share/livox_ros_driver2/cmake/ament_cmake_export_libraries-extras.cmake
[4.653s] -- Up-to-date: /home/jetson/ws_1/install/livox_ros_driver2/share/livox_ros_driver2/cmake/ament_cmake_export_targets-extras.cmake
[4.654s] -- Up-to-date: /home/jetson/ws_1/install/livox_ros_driver2/share/livox_ros_driver2/cmake/ament_cmake_export_include_directories-extras.cmake
[4.656s] -- Up-to-date: /home/jetson/ws_1/install/livox_ros_driver2/share/livox_ros_driver2/cmake/rosidl_cmake_export_typesupport_libraries-extras.cmake
[4.657s] -- Up-to-date: /home/jetson/ws_1/install/livox_ros_driver2/share/livox_ros_driver2/cmake/rosidl_cmake_export_typesupport_targets-extras.cmake
[4.660s] -- Up-to-date: /home/jetson/ws_1/install/livox_ros_driver2/share/livox_ros_driver2/cmake/livox_ros_driver2Config.cmake
[4.666s] -- Up-to-date: /home/jetson/ws_1/install/livox_ros_driver2/share/livox_ros_driver2/cmake/livox_ros_driver2Config-version.cmake
[4.672s] -- Up-to-date: /home/jetson/ws_1/install/livox_ros_driver2/share/livox_ros_driver2/package.xml
[4.675s] Invoked command in '/home/jetson/ws_1/build/livox_ros_driver2' returned '0': CMAKE_PREFIX_PATH=${CMAKE_PREFIX_PATH}:/home/jetson/ws_1/install/lidar_avoidance:/opt/ros/foxy /usr/bin/cmake --install /home/jetson/ws_1/build/livox_ros_driver2
