[3.428s] DEBUG:colcon:Command line arguments: ['/usr/bin/colcon', 'build', '--packages-select', 'train_vision', '--symlink-install']
[3.429s] DEBUG:colcon:Parsed command line arguments: Namespace(allow_overriding=[], ament_cmake_args=None, base_paths=['.'], build_base='build', catkin_cmake_args=None, catkin_skip_building_tests=False, cmake_args=None, cmake_clean_cache=False, cmake_clean_first=False, cmake_force_configure=False, cmake_target=None, cmake_target_skip_unavailable=False, continue_on_error=False, event_handlers=None, executor='parallel', ignore_user_meta=False, install_base='install', log_base=None, log_level=None, main=<bound method BuildVerb.main of <colcon_core.verb.build.BuildVerb object at 0xffff86049c10>>, merge_install=False, metas=['./colcon.meta'], mixin=None, mixin_files=None, mixin_verb=('build',), packages_above=None, packages_above_and_dependencies=None, packages_above_depth=None, packages_end=None, packages_ignore=None, packages_ignore_regex=None, packages_select=['train_vision'], packages_select_build_failed=False, packages_select_by_dep=None, packages_select_regex=None, packages_select_test_failures=False, packages_skip=None, packages_skip_build_finished=False, packages_skip_by_dep=None, packages_skip_regex=None, packages_skip_test_passed=False, packages_skip_up_to=None, packages_start=None, packages_up_to=None, packages_up_to_regex=None, parallel_workers=6, paths=None, symlink_install=True, test_result_base=None, verb_extension=<colcon_core.verb.build.BuildVerb object at 0xffff86049c10>, verb_name='build', verb_parser=<colcon_mixin.mixin.mixin_argument.MixinArgumentDecorator object at 0xffff86005bb0>)
[5.725s] Level 1:colcon.colcon_core.package_discovery:discover_packages(colcon_meta) check parameters
[5.726s] Level 1:colcon.colcon_core.package_discovery:discover_packages(recursive) check parameters
[5.727s] Level 1:colcon.colcon_core.package_discovery:discover_packages(ignore) check parameters
[5.727s] Level 1:colcon.colcon_core.package_discovery:discover_packages(path) check parameters
[5.727s] Level 1:colcon.colcon_core.package_discovery:discover_packages(colcon_meta) discover
[5.727s] Level 1:colcon.colcon_core.package_discovery:discover_packages(recursive) discover
[5.728s] INFO:colcon.colcon_core.package_discovery:Crawling recursively for packages in '/home/jetson/ws_1'
[5.729s] Level 1:colcon.colcon_core.package_identification:_identify(.) by extensions ['ignore', 'ignore_ament_install']
[5.729s] Level 1:colcon.colcon_core.package_identification:_identify(.) by extension 'ignore'
[5.730s] Level 1:colcon.colcon_core.package_identification:_identify(.) by extension 'ignore_ament_install'
[5.730s] Level 1:colcon.colcon_core.package_identification:_identify(.) by extensions ['colcon_pkg']
[5.730s] Level 1:colcon.colcon_core.package_identification:_identify(.) by extension 'colcon_pkg'
[5.731s] Level 1:colcon.colcon_core.package_identification:_identify(.) by extensions ['colcon_meta']
[5.731s] Level 1:colcon.colcon_core.package_identification:_identify(.) by extension 'colcon_meta'
[5.731s] Level 1:colcon.colcon_core.package_identification:_identify(.) by extensions ['ros']
[5.731s] Level 1:colcon.colcon_core.package_identification:_identify(.) by extension 'ros'
[6.085s] Level 1:colcon.colcon_core.package_identification:_identify(.) by extensions ['cmake', 'python']
[6.085s] Level 1:colcon.colcon_core.package_identification:_identify(.) by extension 'cmake'
[6.086s] Level 1:colcon.colcon_core.package_identification:_identify(.) by extension 'python'
[6.086s] Level 1:colcon.colcon_core.package_identification:_identify(.) by extensions ['python_setup_py']
[6.086s] Level 1:colcon.colcon_core.package_identification:_identify(.) by extension 'python_setup_py'
[6.087s] Level 1:colcon.colcon_core.package_identification:_identify(build) by extensions ['ignore', 'ignore_ament_install']
[6.088s] Level 1:colcon.colcon_core.package_identification:_identify(build) by extension 'ignore'
[6.088s] Level 1:colcon.colcon_core.package_identification:_identify(build) ignored
[6.089s] Level 1:colcon.colcon_core.package_identification:_identify(install) by extensions ['ignore', 'ignore_ament_install']
[6.089s] Level 1:colcon.colcon_core.package_identification:_identify(install) by extension 'ignore'
[6.090s] Level 1:colcon.colcon_core.package_identification:_identify(install) ignored
[6.091s] Level 1:colcon.colcon_core.package_identification:_identify(log) by extensions ['ignore', 'ignore_ament_install']
[6.091s] Level 1:colcon.colcon_core.package_identification:_identify(log) by extension 'ignore'
[6.092s] Level 1:colcon.colcon_core.package_identification:_identify(log) ignored
[6.092s] Level 1:colcon.colcon_core.package_identification:_identify(src) by extensions ['ignore', 'ignore_ament_install']
[6.093s] Level 1:colcon.colcon_core.package_identification:_identify(src) by extension 'ignore'
[6.093s] Level 1:colcon.colcon_core.package_identification:_identify(src) by extension 'ignore_ament_install'
[6.093s] Level 1:colcon.colcon_core.package_identification:_identify(src) by extensions ['colcon_pkg']
[6.094s] Level 1:colcon.colcon_core.package_identification:_identify(src) by extension 'colcon_pkg'
[6.094s] Level 1:colcon.colcon_core.package_identification:_identify(src) by extensions ['colcon_meta']
[6.094s] Level 1:colcon.colcon_core.package_identification:_identify(src) by extension 'colcon_meta'
[6.095s] Level 1:colcon.colcon_core.package_identification:_identify(src) by extensions ['ros']
[6.095s] Level 1:colcon.colcon_core.package_identification:_identify(src) by extension 'ros'
[6.096s] Level 1:colcon.colcon_core.package_identification:_identify(src) by extensions ['cmake', 'python']
[6.096s] Level 1:colcon.colcon_core.package_identification:_identify(src) by extension 'cmake'
[6.096s] Level 1:colcon.colcon_core.package_identification:_identify(src) by extension 'python'
[6.096s] Level 1:colcon.colcon_core.package_identification:_identify(src) by extensions ['python_setup_py']
[6.097s] Level 1:colcon.colcon_core.package_identification:_identify(src) by extension 'python_setup_py'
[6.097s] Level 1:colcon.colcon_core.package_identification:_identify(src/lidar_avoidance) by extensions ['ignore', 'ignore_ament_install']
[6.098s] Level 1:colcon.colcon_core.package_identification:_identify(src/lidar_avoidance) by extension 'ignore'
[6.098s] Level 1:colcon.colcon_core.package_identification:_identify(src/lidar_avoidance) by extension 'ignore_ament_install'
[6.098s] Level 1:colcon.colcon_core.package_identification:_identify(src/lidar_avoidance) by extensions ['colcon_pkg']
[6.099s] Level 1:colcon.colcon_core.package_identification:_identify(src/lidar_avoidance) by extension 'colcon_pkg'
[6.099s] Level 1:colcon.colcon_core.package_identification:_identify(src/lidar_avoidance) by extensions ['colcon_meta']
[6.099s] Level 1:colcon.colcon_core.package_identification:_identify(src/lidar_avoidance) by extension 'colcon_meta'
[6.100s] Level 1:colcon.colcon_core.package_identification:_identify(src/lidar_avoidance) by extensions ['ros']
[6.100s] Level 1:colcon.colcon_core.package_identification:_identify(src/lidar_avoidance) by extension 'ros'
[6.255s] DEBUG:colcon.colcon_core.package_identification:Package 'src/lidar_avoidance' with type 'ros.ament_python' and name 'lidar_avoidance'
[6.256s] Level 1:colcon.colcon_core.package_identification:_identify(src/livox_ros_driver2) by extensions ['ignore', 'ignore_ament_install']
[6.256s] Level 1:colcon.colcon_core.package_identification:_identify(src/livox_ros_driver2) by extension 'ignore'
[6.256s] Level 1:colcon.colcon_core.package_identification:_identify(src/livox_ros_driver2) by extension 'ignore_ament_install'
[6.257s] Level 1:colcon.colcon_core.package_identification:_identify(src/livox_ros_driver2) by extensions ['colcon_pkg']
[6.257s] Level 1:colcon.colcon_core.package_identification:_identify(src/livox_ros_driver2) by extension 'colcon_pkg'
[6.257s] Level 1:colcon.colcon_core.package_identification:_identify(src/livox_ros_driver2) by extensions ['colcon_meta']
[6.258s] Level 1:colcon.colcon_core.package_identification:_identify(src/livox_ros_driver2) by extension 'colcon_meta'
[6.258s] Level 1:colcon.colcon_core.package_identification:_identify(src/livox_ros_driver2) by extensions ['ros']
[6.258s] Level 1:colcon.colcon_core.package_identification:_identify(src/livox_ros_driver2) by extension 'ros'
[6.267s] DEBUG:colcon.colcon_core.package_identification:Package 'src/livox_ros_driver2' with type 'ros.ament_cmake' and name 'livox_ros_driver2'
[6.267s] Level 1:colcon.colcon_core.package_identification:_identify(src/train_bringup) by extensions ['ignore', 'ignore_ament_install']
[6.268s] Level 1:colcon.colcon_core.package_identification:_identify(src/train_bringup) by extension 'ignore'
[6.268s] Level 1:colcon.colcon_core.package_identification:_identify(src/train_bringup) by extension 'ignore_ament_install'
[6.269s] Level 1:colcon.colcon_core.package_identification:_identify(src/train_bringup) by extensions ['colcon_pkg']
[6.269s] Level 1:colcon.colcon_core.package_identification:_identify(src/train_bringup) by extension 'colcon_pkg'
[6.269s] Level 1:colcon.colcon_core.package_identification:_identify(src/train_bringup) by extensions ['colcon_meta']
[6.269s] Level 1:colcon.colcon_core.package_identification:_identify(src/train_bringup) by extension 'colcon_meta'
[6.270s] Level 1:colcon.colcon_core.package_identification:_identify(src/train_bringup) by extensions ['ros']
[6.270s] Level 1:colcon.colcon_core.package_identification:_identify(src/train_bringup) by extension 'ros'
[6.273s] DEBUG:colcon.colcon_core.package_identification:Package 'src/train_bringup' with type 'ros.ament_python' and name 'train_bringup'
[6.274s] Level 1:colcon.colcon_core.package_identification:_identify(src/train_control) by extensions ['ignore', 'ignore_ament_install']
[6.275s] Level 1:colcon.colcon_core.package_identification:_identify(src/train_control) by extension 'ignore'
[6.275s] Level 1:colcon.colcon_core.package_identification:_identify(src/train_control) by extension 'ignore_ament_install'
[6.275s] Level 1:colcon.colcon_core.package_identification:_identify(src/train_control) by extensions ['colcon_pkg']
[6.276s] Level 1:colcon.colcon_core.package_identification:_identify(src/train_control) by extension 'colcon_pkg'
[6.276s] Level 1:colcon.colcon_core.package_identification:_identify(src/train_control) by extensions ['colcon_meta']
[6.276s] Level 1:colcon.colcon_core.package_identification:_identify(src/train_control) by extension 'colcon_meta'
[6.277s] Level 1:colcon.colcon_core.package_identification:_identify(src/train_control) by extensions ['ros']
[6.277s] Level 1:colcon.colcon_core.package_identification:_identify(src/train_control) by extension 'ros'
[6.281s] DEBUG:colcon.colcon_core.package_identification:Package 'src/train_control' with type 'ros.ament_python' and name 'train_control'
[6.282s] Level 1:colcon.colcon_core.package_identification:_identify(src/train_vision) by extensions ['ignore', 'ignore_ament_install']
[6.283s] Level 1:colcon.colcon_core.package_identification:_identify(src/train_vision) by extension 'ignore'
[6.283s] Level 1:colcon.colcon_core.package_identification:_identify(src/train_vision) by extension 'ignore_ament_install'
[6.283s] Level 1:colcon.colcon_core.package_identification:_identify(src/train_vision) by extensions ['colcon_pkg']
[6.284s] Level 1:colcon.colcon_core.package_identification:_identify(src/train_vision) by extension 'colcon_pkg'
[6.284s] Level 1:colcon.colcon_core.package_identification:_identify(src/train_vision) by extensions ['colcon_meta']
[6.284s] Level 1:colcon.colcon_core.package_identification:_identify(src/train_vision) by extension 'colcon_meta'
[6.284s] Level 1:colcon.colcon_core.package_identification:_identify(src/train_vision) by extensions ['ros']
[6.285s] Level 1:colcon.colcon_core.package_identification:_identify(src/train_vision) by extension 'ros'
[6.290s] DEBUG:colcon.colcon_core.package_identification:Package 'src/train_vision' with type 'ros.ament_python' and name 'train_vision'
[6.290s] Level 1:colcon.colcon_core.package_discovery:discover_packages(recursive) using defaults
[6.290s] Level 1:colcon.colcon_core.package_discovery:discover_packages(ignore) discover
[6.290s] Level 1:colcon.colcon_core.package_discovery:discover_packages(ignore) using defaults
[6.291s] Level 1:colcon.colcon_core.package_discovery:discover_packages(path) discover
[6.291s] Level 1:colcon.colcon_core.package_discovery:discover_packages(path) using defaults
[6.997s] INFO:colcon.colcon_core.package_selection:Skipping not selected package 'livox_ros_driver2' in 'src/livox_ros_driver2'
[6.998s] INFO:colcon.colcon_core.package_selection:Skipping not selected package 'train_bringup' in 'src/train_bringup'
[6.998s] INFO:colcon.colcon_core.package_selection:Skipping not selected package 'train_control' in 'src/train_control'
[6.998s] INFO:colcon.colcon_core.package_selection:Skipping not selected package 'lidar_avoidance' in 'src/lidar_avoidance'
[7.001s] Level 1:colcon.colcon_core.package_discovery:discover_packages(prefix_path) check parameters
[7.002s] Level 1:colcon.colcon_core.package_discovery:discover_packages(prefix_path) discover
[7.020s] DEBUG:colcon.colcon_installed_package_information.package_discovery:Found 5 installed packages in /home/jetson/ws_1/install
[7.035s] DEBUG:colcon.colcon_installed_package_information.package_discovery:Found 258 installed packages in /opt/ros/foxy
[7.045s] Level 1:colcon.colcon_core.package_discovery:discover_packages(prefix_path) using defaults
[8.017s] Level 5:colcon.colcon_core.verb:set package 'train_vision' build argument 'cmake_args' from command line to 'None'
[8.017s] Level 5:colcon.colcon_core.verb:set package 'train_vision' build argument 'cmake_target' from command line to 'None'
[8.018s] Level 5:colcon.colcon_core.verb:set package 'train_vision' build argument 'cmake_target_skip_unavailable' from command line to 'False'
[8.018s] Level 5:colcon.colcon_core.verb:set package 'train_vision' build argument 'cmake_clean_cache' from command line to 'False'
[8.018s] Level 5:colcon.colcon_core.verb:set package 'train_vision' build argument 'cmake_clean_first' from command line to 'False'
[8.018s] Level 5:colcon.colcon_core.verb:set package 'train_vision' build argument 'cmake_force_configure' from command line to 'False'
[8.018s] Level 5:colcon.colcon_core.verb:set package 'train_vision' build argument 'ament_cmake_args' from command line to 'None'
[8.019s] Level 5:colcon.colcon_core.verb:set package 'train_vision' build argument 'catkin_cmake_args' from command line to 'None'
[8.019s] Level 5:colcon.colcon_core.verb:set package 'train_vision' build argument 'catkin_skip_building_tests' from command line to 'False'
[8.019s] DEBUG:colcon.colcon_core.verb:Building package 'train_vision' with the following arguments: {'ament_cmake_args': None, 'build_base': '/home/jetson/ws_1/build/train_vision', 'catkin_cmake_args': None, 'catkin_skip_building_tests': False, 'cmake_args': None, 'cmake_clean_cache': False, 'cmake_clean_first': False, 'cmake_force_configure': False, 'cmake_target': None, 'cmake_target_skip_unavailable': False, 'install_base': '/home/jetson/ws_1/install/train_vision', 'merge_install': False, 'path': '/home/jetson/ws_1/src/train_vision', 'symlink_install': True, 'test_result_base': None}
[8.020s] INFO:colcon.colcon_core.executor:Executing jobs using 'parallel' executor
[8.028s] DEBUG:colcon.colcon_parallel_executor.executor.parallel:run_until_complete
[8.029s] INFO:colcon.colcon_ros.task.ament_python.build:Building ROS package in '/home/jetson/ws_1/src/train_vision' with build type 'ament_python'
[8.031s] Level 1:colcon.colcon_core.shell:create_environment_hook('train_vision', 'ament_prefix_path')
[8.196s] INFO:colcon.colcon_core.plugin_system:Skipping extension 'colcon_core.shell.bat': Not used on non-Windows systems
[8.197s] INFO:colcon.colcon_core.shell:Creating environment hook '/home/jetson/ws_1/install/train_vision/share/train_vision/hook/ament_prefix_path.ps1'
[8.201s] INFO:colcon.colcon_core.shell:Creating environment descriptor '/home/jetson/ws_1/install/train_vision/share/train_vision/hook/ament_prefix_path.dsv'
[8.222s] INFO:colcon.colcon_core.shell:Creating environment hook '/home/jetson/ws_1/install/train_vision/share/train_vision/hook/ament_prefix_path.sh'
[8.245s] INFO:colcon.colcon_core.shell:Skip shell extension 'powershell' for command environment: Not usable outside of PowerShell
[8.246s] DEBUG:colcon.colcon_core.shell:Skip shell extension 'dsv' for command environment
[10.228s] INFO:colcon.colcon_core.task.python.build:Building Python package in '/home/jetson/ws_1/src/train_vision'
[10.236s] INFO:colcon.colcon_core.shell:Skip shell extension 'powershell' for command environment: Not usable outside of PowerShell
[10.236s] DEBUG:colcon.colcon_core.shell:Skip shell extension 'dsv' for command environment
[15.927s] DEBUG:colcon.colcon_core.event_handler.log_command:Invoking command in '/home/jetson/ws_1/build/train_vision': PYTHONPATH=/home/jetson/ws_1/build/train_vision/prefix_override:/usr/lib/python3/dist-packages/colcon_core/task/python/colcon_distutils_commands:/home/jetson/ws_1/install/train_vision/lib/python3.8/site-packages:${PYTHONPATH} /usr/bin/python3 -W ignore:setup.py install is deprecated -W ignore:easy_install command is deprecated setup.py develop --editable --build-directory /home/jetson/ws_1/build/train_vision/build --no-deps symlink_data
[20.084s] Level 1:colcon.colcon_core.shell:create_environment_hook('train_vision', 'pythonpath_develop')
[20.101s] INFO:colcon.colcon_core.shell:Creating environment hook '/home/jetson/ws_1/build/train_vision/share/train_vision/hook/pythonpath_develop.ps1'
[20.102s] DEBUG:colcon.colcon_core.event_handler.log_command:Invoked command in '/home/jetson/ws_1/build/train_vision' returned '0': PYTHONPATH=/home/jetson/ws_1/build/train_vision/prefix_override:/usr/lib/python3/dist-packages/colcon_core/task/python/colcon_distutils_commands:/home/jetson/ws_1/install/train_vision/lib/python3.8/site-packages:${PYTHONPATH} /usr/bin/python3 -W ignore:setup.py install is deprecated -W ignore:easy_install command is deprecated setup.py develop --editable --build-directory /home/jetson/ws_1/build/train_vision/build --no-deps symlink_data
[20.115s] INFO:colcon.colcon_core.shell:Creating environment descriptor '/home/jetson/ws_1/build/train_vision/share/train_vision/hook/pythonpath_develop.dsv'
[20.119s] INFO:colcon.colcon_core.shell:Creating environment hook '/home/jetson/ws_1/build/train_vision/share/train_vision/hook/pythonpath_develop.sh'
[20.337s] Level 1:colcon.colcon_core.environment:checking '/home/jetson/ws_1/install/train_vision' for CMake module files
[20.342s] Level 1:colcon.colcon_core.environment:checking '/home/jetson/ws_1/install/train_vision' for CMake config files
[20.355s] Level 1:colcon.colcon_core.environment:checking '/home/jetson/ws_1/install/train_vision/lib'
[20.359s] Level 1:colcon.colcon_core.environment:checking '/home/jetson/ws_1/install/train_vision/bin'
[20.359s] Level 1:colcon.colcon_core.environment:checking '/home/jetson/ws_1/install/train_vision/lib/pkgconfig/train_vision.pc'
[20.362s] Level 1:colcon.colcon_core.environment:checking '/home/jetson/ws_1/install/train_vision/lib/python3.8/site-packages'
[20.362s] Level 1:colcon.colcon_core.shell:create_environment_hook('train_vision', 'pythonpath')
[20.363s] INFO:colcon.colcon_core.shell:Creating environment hook '/home/jetson/ws_1/install/train_vision/share/train_vision/hook/pythonpath.ps1'
[20.366s] INFO:colcon.colcon_core.shell:Creating environment descriptor '/home/jetson/ws_1/install/train_vision/share/train_vision/hook/pythonpath.dsv'
[20.372s] INFO:colcon.colcon_core.shell:Creating environment hook '/home/jetson/ws_1/install/train_vision/share/train_vision/hook/pythonpath.sh'
[20.377s] Level 1:colcon.colcon_core.environment:checking '/home/jetson/ws_1/install/train_vision/bin'
[20.377s] Level 1:colcon.colcon_core.environment:create_environment_scripts_only(train_vision)
[20.379s] INFO:colcon.colcon_core.shell:Creating package script '/home/jetson/ws_1/install/train_vision/share/train_vision/package.ps1'
[20.530s] INFO:colcon.colcon_core.shell:Creating package descriptor '/home/jetson/ws_1/install/train_vision/share/train_vision/package.dsv'
[20.566s] INFO:colcon.colcon_core.shell:Creating package script '/home/jetson/ws_1/install/train_vision/share/train_vision/package.sh'
[20.723s] INFO:colcon.colcon_core.shell:Creating package script '/home/jetson/ws_1/install/train_vision/share/train_vision/package.bash'
[20.763s] INFO:colcon.colcon_core.shell:Creating package script '/home/jetson/ws_1/install/train_vision/share/train_vision/package.zsh'
[20.788s] Level 1:colcon.colcon_core.environment:create_file_with_runtime_dependencies(/home/jetson/ws_1/install/train_vision/share/colcon-core/packages/train_vision)
[20.792s] DEBUG:colcon.colcon_parallel_executor.executor.parallel:closing loop
[20.794s] DEBUG:colcon.colcon_parallel_executor.executor.parallel:loop closed
[20.796s] DEBUG:colcon.colcon_parallel_executor.executor.parallel:run_until_complete finished with '0'
[20.797s] DEBUG:colcon.colcon_core.event_reactor:joining thread
[20.800s] DEBUG:colcon.colcon_core.event_reactor:joined thread
[20.802s] INFO:colcon.colcon_core.shell:Creating prefix script '/home/jetson/ws_1/install/local_setup.ps1'
[20.831s] INFO:colcon.colcon_core.shell:Creating prefix util module '/home/jetson/ws_1/install/_local_setup_util_ps1.py'
[20.874s] INFO:colcon.colcon_core.shell:Creating prefix chain script '/home/jetson/ws_1/install/setup.ps1'
[20.898s] INFO:colcon.colcon_core.shell:Creating prefix script '/home/jetson/ws_1/install/local_setup.sh'
[20.921s] INFO:colcon.colcon_core.shell:Creating prefix util module '/home/jetson/ws_1/install/_local_setup_util_sh.py'
[20.926s] INFO:colcon.colcon_core.shell:Creating prefix chain script '/home/jetson/ws_1/install/setup.sh'
[20.966s] INFO:colcon.colcon_core.shell:Creating prefix script '/home/jetson/ws_1/install/local_setup.bash'
[20.987s] INFO:colcon.colcon_core.shell:Creating prefix chain script '/home/jetson/ws_1/install/setup.bash'
[20.995s] INFO:colcon.colcon_core.shell:Creating prefix script '/home/jetson/ws_1/install/local_setup.zsh'
[20.999s] INFO:colcon.colcon_core.shell:Creating prefix chain script '/home/jetson/ws_1/install/setup.zsh'
