[4.329s] Invoking command in '/home/jetson/ws_1/src/lidar_avoidance': LD_LIBRARY_PATH=/home/jetson/ws_1/install/livox_ros_driver2/lib:/usr/local/cuda-11.4/lib64:/opt/ros/foxy/opt/yaml_cpp_vendor/lib:/opt/ros/foxy/opt/rviz_ogre_vendor/lib:/opt/ros/foxy/lib/aarch64-linux-gnu:/opt/ros/foxy/lib:/usr/local/cuda-11.4/lib64 PYTHONPATH=/home/jetson/ws_1/build/lidar_avoidance/prefix_override:/usr/lib/python3/dist-packages/colcon_core/task/python/colcon_distutils_commands:/home/jetson/ws_1/install/lidar_avoidance/lib/python3.8/site-packages:${PYTHONPATH} /usr/bin/python3 -W ignore:setup.py install is deprecated -W ignore:easy_install command is deprecated setup.py egg_info --egg-base ../../build/lidar_avoidance build --build-base /home/jetson/ws_1/build/lidar_avoidance/build install --record /home/jetson/ws_1/build/lidar_avoidance/install.log --install-scripts $base/lib/lidar_avoidance --single-version-externally-managed install_data
[5.760s] running egg_info
[5.764s] writing ../../build/lidar_avoidance/lidar_avoidance.egg-info/PKG-INFO
[5.766s] writing dependency_links to ../../build/lidar_avoidance/lidar_avoidance.egg-info/dependency_links.txt
[5.768s] writing entry points to ../../build/lidar_avoidance/lidar_avoidance.egg-info/entry_points.txt
[5.770s] writing requirements to ../../build/lidar_avoidance/lidar_avoidance.egg-info/requires.txt
[5.771s] writing top-level names to ../../build/lidar_avoidance/lidar_avoidance.egg-info/top_level.txt
[5.967s] reading manifest file '../../build/lidar_avoidance/lidar_avoidance.egg-info/SOURCES.txt'
[5.973s] writing manifest file '../../build/lidar_avoidance/lidar_avoidance.egg-info/SOURCES.txt'
[5.974s] running build
[5.975s] running build_py
[5.983s] running install
[5.987s] running install_lib
[5.997s] running install_data
[5.998s] copying launch/full_system.launch.py -> /home/jetson/ws_1/install/lidar_avoidance/share/lidar_avoidance/launch
[5.999s] running install_egg_info
[6.008s] removing '/home/jetson/ws_1/install/lidar_avoidance/lib/python3.8/site-packages/lidar_avoidance-0.0.0-py3.8.egg-info' (and everything under it)
[6.011s] Copying ../../build/lidar_avoidance/lidar_avoidance.egg-info to /home/jetson/ws_1/install/lidar_avoidance/lib/python3.8/site-packages/lidar_avoidance-0.0.0-py3.8.egg-info
[6.019s] running install_scripts
[6.110s] Installing avoidance script to /home/jetson/ws_1/install/lidar_avoidance/lib/lidar_avoidance
[6.113s] writing list of installed files to '/home/jetson/ws_1/build/lidar_avoidance/install.log'
[6.233s] Invoked command in '/home/jetson/ws_1/src/lidar_avoidance' returned '0': LD_LIBRARY_PATH=/home/jetson/ws_1/install/livox_ros_driver2/lib:/usr/local/cuda-11.4/lib64:/opt/ros/foxy/opt/yaml_cpp_vendor/lib:/opt/ros/foxy/opt/rviz_ogre_vendor/lib:/opt/ros/foxy/lib/aarch64-linux-gnu:/opt/ros/foxy/lib:/usr/local/cuda-11.4/lib64 PYTHONPATH=/home/jetson/ws_1/build/lidar_avoidance/prefix_override:/usr/lib/python3/dist-packages/colcon_core/task/python/colcon_distutils_commands:/home/jetson/ws_1/install/lidar_avoidance/lib/python3.8/site-packages:${PYTHONPATH} /usr/bin/python3 -W ignore:setup.py install is deprecated -W ignore:easy_install command is deprecated setup.py egg_info --egg-base ../../build/lidar_avoidance build --build-base /home/jetson/ws_1/build/lidar_avoidance/build install --record /home/jetson/ws_1/build/lidar_avoidance/install.log --install-scripts $base/lib/lidar_avoidance --single-version-externally-managed install_data
