[6.192s] Invoking command in '/home/jetson/ws_1/src/train_vision': PYTHONPATH=/home/jetson/ws_1/build/train_vision/prefix_override:/usr/lib/python3/dist-packages/colcon_core/task/python/colcon_distutils_commands:/home/jetson/ws_1/install/train_vision/lib/python3.8/site-packages:${PYTHONPATH} /usr/bin/python3 -W ignore:setup.py install is deprecated -W ignore:easy_install command is deprecated setup.py egg_info --egg-base ../../build/train_vision build --build-base /home/jetson/ws_1/build/train_vision/build install --record /home/jetson/ws_1/build/train_vision/install.log --install-scripts $base/lib/train_vision --single-version-externally-managed install_data
[7.888s] running egg_info
[7.889s] writing ../../build/train_vision/train_vision.egg-info/PKG-INFO
[7.892s] writing dependency_links to ../../build/train_vision/train_vision.egg-info/dependency_links.txt
[7.893s] writing entry points to ../../build/train_vision/train_vision.egg-info/entry_points.txt
[7.895s] writing requirements to ../../build/train_vision/train_vision.egg-info/requires.txt
[7.897s] writing top-level names to ../../build/train_vision/train_vision.egg-info/top_level.txt
[8.225s] reading manifest file '../../build/train_vision/train_vision.egg-info/SOURCES.txt'
[8.230s] writing manifest file '../../build/train_vision/train_vision.egg-info/SOURCES.txt'
[8.232s] running build
[8.232s] running build_py
[8.234s] copying train_vision/pose_node.py -> /home/jetson/ws_1/build/train_vision/build/lib/train_vision
[8.238s] running install
[8.243s] running install_lib
[8.250s] copying /home/jetson/ws_1/build/train_vision/build/lib/train_vision/pose_node.py -> /home/jetson/ws_1/install/train_vision/lib/python3.8/site-packages/train_vision
[8.255s] byte-compiling /home/jetson/ws_1/install/train_vision/lib/python3.8/site-packages/train_vision/pose_node.py to pose_node.cpython-38.pyc
[8.269s] running install_data
[8.270s] running install_egg_info
[8.279s] removing '/home/jetson/ws_1/install/train_vision/lib/python3.8/site-packages/train_vision-0.0.0-py3.8.egg-info' (and everything under it)
[8.282s] Copying ../../build/train_vision/train_vision.egg-info to /home/jetson/ws_1/install/train_vision/lib/python3.8/site-packages/train_vision-0.0.0-py3.8.egg-info
[8.291s] running install_scripts
[8.384s] Installing camera script to /home/jetson/ws_1/install/train_vision/lib/train_vision
[8.385s] Installing pose script to /home/jetson/ws_1/install/train_vision/lib/train_vision
[8.390s] writing list of installed files to '/home/jetson/ws_1/build/train_vision/install.log'
[8.511s] Invoked command in '/home/jetson/ws_1/src/train_vision' returned '0': PYTHONPATH=/home/jetson/ws_1/build/train_vision/prefix_override:/usr/lib/python3/dist-packages/colcon_core/task/python/colcon_distutils_commands:/home/jetson/ws_1/install/train_vision/lib/python3.8/site-packages:${PYTHONPATH} /usr/bin/python3 -W ignore:setup.py install is deprecated -W ignore:easy_install command is deprecated setup.py egg_info --egg-base ../../build/train_vision build --build-base /home/jetson/ws_1/build/train_vision/build install --record /home/jetson/ws_1/build/train_vision/install.log --install-scripts $base/lib/train_vision --single-version-externally-managed install_data
