running egg_info
writing ../../build/train_vision/train_vision.egg-info/PKG-INFO
writing dependency_links to ../../build/train_vision/train_vision.egg-info/dependency_links.txt
writing entry points to ../../build/train_vision/train_vision.egg-info/entry_points.txt
writing requirements to ../../build/train_vision/train_vision.egg-info/requires.txt
writing top-level names to ../../build/train_vision/train_vision.egg-info/top_level.txt
reading manifest file '../../build/train_vision/train_vision.egg-info/SOURCES.txt'
writing manifest file '../../build/train_vision/train_vision.egg-info/SOURCES.txt'
running build
running build_py
running install
running install_lib
running install_data
running install_egg_info
removing '/home/jetson/ws_1/install/train_vision/lib/python3.8/site-packages/train_vision-0.0.0-py3.8.egg-info' (and everything under it)
Copying ../../build/train_vision/train_vision.egg-info to /home/jetson/ws_1/install/train_vision/lib/python3.8/site-packages/train_vision-0.0.0-py3.8.egg-info
running install_scripts
Installing camera script to /home/jetson/ws_1/install/train_vision/lib/train_vision
Installing pose script to /home/jetson/ws_1/install/train_vision/lib/train_vision
writing list of installed files to '/home/jetson/ws_1/build/train_vision/install.log'
