[1.228s] DEBUG:colcon:Command line arguments: ['/usr/bin/colcon', 'build']
[1.229s] DEBUG:colcon:Parsed command line arguments: Namespace(allow_overriding=[], ament_cmake_args=None, base_paths=['.'], build_base='build', catkin_cmake_args=None, catkin_skip_building_tests=False, cmake_args=None, cmake_clean_cache=False, cmake_clean_first=False, cmake_force_configure=False, cmake_target=None, cmake_target_skip_unavailable=False, continue_on_error=False, event_handlers=None, executor='parallel', ignore_user_meta=False, install_base='install', log_base=None, log_level=None, main=<bound method BuildVerb.main of <colcon_core.verb.build.BuildVerb object at 0xffffa1655b50>>, merge_install=False, metas=['./colcon.meta'], mixin=None, mixin_files=None, mixin_verb=('build',), packages_above=None, packages_above_and_dependencies=None, packages_above_depth=None, packages_end=None, packages_ignore=None, packages_ignore_regex=None, packages_select=None, packages_select_build_failed=False, packages_select_by_dep=None, packages_select_regex=None, packages_select_test_failures=False, packages_skip=None, packages_skip_build_finished=False, packages_skip_by_dep=None, packages_skip_regex=None, packages_skip_test_passed=False, packages_skip_up_to=None, packages_start=None, packages_up_to=None, packages_up_to_regex=None, parallel_workers=6, paths=None, symlink_install=False, test_result_base=None, verb_extension=<colcon_core.verb.build.BuildVerb object at 0xffffa1655b50>, verb_name='build', verb_parser=<colcon_mixin.mixin.mixin_argument.MixinArgumentDecorator object at 0xffffa15c8490>)
[2.249s] Level 1:colcon.colcon_core.package_discovery:discover_packages(colcon_meta) check parameters
[2.250s] Level 1:colcon.colcon_core.package_discovery:discover_packages(recursive) check parameters
[2.250s] Level 1:colcon.colcon_core.package_discovery:discover_packages(ignore) check parameters
[2.250s] Level 1:colcon.colcon_core.package_discovery:discover_packages(path) check parameters
[2.251s] Level 1:colcon.colcon_core.package_discovery:discover_packages(colcon_meta) discover
[2.251s] Level 1:colcon.colcon_core.package_discovery:discover_packages(recursive) discover
[2.252s] INFO:colcon.colcon_core.package_discovery:Crawling recursively for packages in '/home/jetson/ws_1'
[2.252s] Level 1:colcon.colcon_core.package_identification:_identify(.) by extensions ['ignore', 'ignore_ament_install']
[2.253s] Level 1:colcon.colcon_core.package_identification:_identify(.) by extension 'ignore'
[2.253s] Level 1:colcon.colcon_core.package_identification:_identify(.) by extension 'ignore_ament_install'
[2.254s] Level 1:colcon.colcon_core.package_identification:_identify(.) by extensions ['colcon_pkg']
[2.254s] Level 1:colcon.colcon_core.package_identification:_identify(.) by extension 'colcon_pkg'
[2.254s] Level 1:colcon.colcon_core.package_identification:_identify(.) by extensions ['colcon_meta']
[2.254s] Level 1:colcon.colcon_core.package_identification:_identify(.) by extension 'colcon_meta'
[2.255s] Level 1:colcon.colcon_core.package_identification:_identify(.) by extensions ['ros']
[2.255s] Level 1:colcon.colcon_core.package_identification:_identify(.) by extension 'ros'
[2.327s] Level 1:colcon.colcon_core.package_identification:_identify(.) by extensions ['cmake', 'python']
[2.328s] Level 1:colcon.colcon_core.package_identification:_identify(.) by extension 'cmake'
[2.328s] Level 1:colcon.colcon_core.package_identification:_identify(.) by extension 'python'
[2.328s] Level 1:colcon.colcon_core.package_identification:_identify(.) by extensions ['python_setup_py']
[2.328s] Level 1:colcon.colcon_core.package_identification:_identify(.) by extension 'python_setup_py'
[2.329s] Level 1:colcon.colcon_core.package_identification:_identify(build) by extensions ['ignore', 'ignore_ament_install']
[2.330s] Level 1:colcon.colcon_core.package_identification:_identify(build) by extension 'ignore'
[2.330s] Level 1:colcon.colcon_core.package_identification:_identify(build) ignored
[2.331s] Level 1:colcon.colcon_core.package_identification:_identify(install) by extensions ['ignore', 'ignore_ament_install']
[2.332s] Level 1:colcon.colcon_core.package_identification:_identify(install) by extension 'ignore'
[2.332s] Level 1:colcon.colcon_core.package_identification:_identify(install) ignored
[2.333s] Level 1:colcon.colcon_core.package_identification:_identify(log) by extensions ['ignore', 'ignore_ament_install']
[2.333s] Level 1:colcon.colcon_core.package_identification:_identify(log) by extension 'ignore'
[2.333s] Level 1:colcon.colcon_core.package_identification:_identify(log) ignored
[2.334s] Level 1:colcon.colcon_core.package_identification:_identify(src) by extensions ['ignore', 'ignore_ament_install']
[2.335s] Level 1:colcon.colcon_core.package_identification:_identify(src) by extension 'ignore'
[2.335s] Level 1:colcon.colcon_core.package_identification:_identify(src) by extension 'ignore_ament_install'
[2.335s] Level 1:colcon.colcon_core.package_identification:_identify(src) by extensions ['colcon_pkg']
[2.336s] Level 1:colcon.colcon_core.package_identification:_identify(src) by extension 'colcon_pkg'
[2.336s] Level 1:colcon.colcon_core.package_identification:_identify(src) by extensions ['colcon_meta']
[2.336s] Level 1:colcon.colcon_core.package_identification:_identify(src) by extension 'colcon_meta'
[2.337s] Level 1:colcon.colcon_core.package_identification:_identify(src) by extensions ['ros']
[2.337s] Level 1:colcon.colcon_core.package_identification:_identify(src) by extension 'ros'
[2.337s] Level 1:colcon.colcon_core.package_identification:_identify(src) by extensions ['cmake', 'python']
[2.338s] Level 1:colcon.colcon_core.package_identification:_identify(src) by extension 'cmake'
[2.338s] Level 1:colcon.colcon_core.package_identification:_identify(src) by extension 'python'
[2.338s] Level 1:colcon.colcon_core.package_identification:_identify(src) by extensions ['python_setup_py']
[2.338s] Level 1:colcon.colcon_core.package_identification:_identify(src) by extension 'python_setup_py'
[2.339s] Level 1:colcon.colcon_core.package_identification:_identify(src/lidar_avoidance) by extensions ['ignore', 'ignore_ament_install']
[2.340s] Level 1:colcon.colcon_core.package_identification:_identify(src/lidar_avoidance) by extension 'ignore'
[2.340s] Level 1:colcon.colcon_core.package_identification:_identify(src/lidar_avoidance) by extension 'ignore_ament_install'
[2.341s] Level 1:colcon.colcon_core.package_identification:_identify(src/lidar_avoidance) by extensions ['colcon_pkg']
[2.341s] Level 1:colcon.colcon_core.package_identification:_identify(src/lidar_avoidance) by extension 'colcon_pkg'
[2.341s] Level 1:colcon.colcon_core.package_identification:_identify(src/lidar_avoidance) by extensions ['colcon_meta']
[2.341s] Level 1:colcon.colcon_core.package_identification:_identify(src/lidar_avoidance) by extension 'colcon_meta'
[2.342s] Level 1:colcon.colcon_core.package_identification:_identify(src/lidar_avoidance) by extensions ['ros']
[2.342s] Level 1:colcon.colcon_core.package_identification:_identify(src/lidar_avoidance) by extension 'ros'
[2.356s] DEBUG:colcon.colcon_core.package_identification:Package 'src/lidar_avoidance' with type 'ros.ament_python' and name 'lidar_avoidance'
[2.357s] Level 1:colcon.colcon_core.package_identification:_identify(src/livox_ros_driver2) by extensions ['ignore', 'ignore_ament_install']
[2.357s] Level 1:colcon.colcon_core.package_identification:_identify(src/livox_ros_driver2) by extension 'ignore'
[2.358s] Level 1:colcon.colcon_core.package_identification:_identify(src/livox_ros_driver2) by extension 'ignore_ament_install'
[2.358s] Level 1:colcon.colcon_core.package_identification:_identify(src/livox_ros_driver2) by extensions ['colcon_pkg']
[2.358s] Level 1:colcon.colcon_core.package_identification:_identify(src/livox_ros_driver2) by extension 'colcon_pkg'
[2.359s] Level 1:colcon.colcon_core.package_identification:_identify(src/livox_ros_driver2) by extensions ['colcon_meta']
[2.359s] Level 1:colcon.colcon_core.package_identification:_identify(src/livox_ros_driver2) by extension 'colcon_meta'
[2.359s] Level 1:colcon.colcon_core.package_identification:_identify(src/livox_ros_driver2) by extensions ['ros']
[2.360s] Level 1:colcon.colcon_core.package_identification:_identify(src/livox_ros_driver2) by extension 'ros'
[2.368s] DEBUG:colcon.colcon_core.package_identification:Package 'src/livox_ros_driver2' with type 'ros.ament_cmake' and name 'livox_ros_driver2'
[2.368s] Level 1:colcon.colcon_core.package_discovery:discover_packages(recursive) using defaults
[2.368s] Level 1:colcon.colcon_core.package_discovery:discover_packages(ignore) discover
[2.369s] Level 1:colcon.colcon_core.package_discovery:discover_packages(ignore) using defaults
[2.369s] Level 1:colcon.colcon_core.package_discovery:discover_packages(path) discover
[2.369s] Level 1:colcon.colcon_core.package_discovery:discover_packages(path) using defaults
[2.457s] Level 1:colcon.colcon_core.package_discovery:discover_packages(prefix_path) check parameters
[2.457s] Level 1:colcon.colcon_core.package_discovery:discover_packages(prefix_path) discover
[2.473s] DEBUG:colcon.colcon_installed_package_information.package_discovery:Found 2 installed packages in /home/jetson/ws_1/install
[2.487s] DEBUG:colcon.colcon_installed_package_information.package_discovery:Found 258 installed packages in /opt/ros/foxy
[2.536s] Level 1:colcon.colcon_core.package_discovery:discover_packages(prefix_path) using defaults
[2.919s] Level 5:colcon.colcon_core.verb:set package 'lidar_avoidance' build argument 'cmake_args' from command line to 'None'
[2.920s] Level 5:colcon.colcon_core.verb:set package 'lidar_avoidance' build argument 'cmake_target' from command line to 'None'
[2.920s] Level 5:colcon.colcon_core.verb:set package 'lidar_avoidance' build argument 'cmake_target_skip_unavailable' from command line to 'False'
[2.920s] Level 5:colcon.colcon_core.verb:set package 'lidar_avoidance' build argument 'cmake_clean_cache' from command line to 'False'
[2.921s] Level 5:colcon.colcon_core.verb:set package 'lidar_avoidance' build argument 'cmake_clean_first' from command line to 'False'
[2.921s] Level 5:colcon.colcon_core.verb:set package 'lidar_avoidance' build argument 'cmake_force_configure' from command line to 'False'
[2.921s] Level 5:colcon.colcon_core.verb:set package 'lidar_avoidance' build argument 'ament_cmake_args' from command line to 'None'
[2.921s] Level 5:colcon.colcon_core.verb:set package 'lidar_avoidance' build argument 'catkin_cmake_args' from command line to 'None'
[2.922s] Level 5:colcon.colcon_core.verb:set package 'lidar_avoidance' build argument 'catkin_skip_building_tests' from command line to 'False'
[2.922s] DEBUG:colcon.colcon_core.verb:Building package 'lidar_avoidance' with the following arguments: {'ament_cmake_args': None, 'build_base': '/home/jetson/ws_1/build/lidar_avoidance', 'catkin_cmake_args': None, 'catkin_skip_building_tests': False, 'cmake_args': None, 'cmake_clean_cache': False, 'cmake_clean_first': False, 'cmake_force_configure': False, 'cmake_target': None, 'cmake_target_skip_unavailable': False, 'install_base': '/home/jetson/ws_1/install/lidar_avoidance', 'merge_install': False, 'path': '/home/jetson/ws_1/src/lidar_avoidance', 'symlink_install': False, 'test_result_base': None}
[2.924s] Level 5:colcon.colcon_core.verb:set package 'livox_ros_driver2' build argument 'cmake_args' from command line to 'None'
[2.924s] Level 5:colcon.colcon_core.verb:set package 'livox_ros_driver2' build argument 'cmake_target' from command line to 'None'
[2.925s] Level 5:colcon.colcon_core.verb:set package 'livox_ros_driver2' build argument 'cmake_target_skip_unavailable' from command line to 'False'
[2.925s] Level 5:colcon.colcon_core.verb:set package 'livox_ros_driver2' build argument 'cmake_clean_cache' from command line to 'False'
[2.925s] Level 5:colcon.colcon_core.verb:set package 'livox_ros_driver2' build argument 'cmake_clean_first' from command line to 'False'
[2.925s] Level 5:colcon.colcon_core.verb:set package 'livox_ros_driver2' build argument 'cmake_force_configure' from command line to 'False'
[2.925s] Level 5:colcon.colcon_core.verb:set package 'livox_ros_driver2' build argument 'ament_cmake_args' from command line to 'None'
[2.926s] Level 5:colcon.colcon_core.verb:set package 'livox_ros_driver2' build argument 'catkin_cmake_args' from command line to 'None'
[2.926s] Level 5:colcon.colcon_core.verb:set package 'livox_ros_driver2' build argument 'catkin_skip_building_tests' from command line to 'False'
[2.926s] DEBUG:colcon.colcon_core.verb:Building package 'livox_ros_driver2' with the following arguments: {'ament_cmake_args': None, 'build_base': '/home/jetson/ws_1/build/livox_ros_driver2', 'catkin_cmake_args': None, 'catkin_skip_building_tests': False, 'cmake_args': None, 'cmake_clean_cache': False, 'cmake_clean_first': False, 'cmake_force_configure': False, 'cmake_target': None, 'cmake_target_skip_unavailable': False, 'install_base': '/home/jetson/ws_1/install/livox_ros_driver2', 'merge_install': False, 'path': '/home/jetson/ws_1/src/livox_ros_driver2', 'symlink_install': False, 'test_result_base': None}
[2.927s] INFO:colcon.colcon_core.executor:Executing jobs using 'parallel' executor
[2.933s] DEBUG:colcon.colcon_parallel_executor.executor.parallel:run_until_complete
[2.934s] INFO:colcon.colcon_ros.task.ament_python.build:Building ROS package in '/home/jetson/ws_1/src/lidar_avoidance' with build type 'ament_python'
[2.935s] Level 1:colcon.colcon_core.shell:create_environment_hook('lidar_avoidance', 'ament_prefix_path')
[2.948s] INFO:colcon.colcon_core.plugin_system:Skipping extension 'colcon_core.shell.bat': Not used on non-Windows systems
[2.949s] INFO:colcon.colcon_core.shell:Creating environment hook '/home/jetson/ws_1/install/lidar_avoidance/share/lidar_avoidance/hook/ament_prefix_path.ps1'
[2.952s] INFO:colcon.colcon_core.shell:Creating environment descriptor '/home/jetson/ws_1/install/lidar_avoidance/share/lidar_avoidance/hook/ament_prefix_path.dsv'
[2.962s] INFO:colcon.colcon_core.shell:Creating environment hook '/home/jetson/ws_1/install/lidar_avoidance/share/lidar_avoidance/hook/ament_prefix_path.sh'
[2.967s] INFO:colcon.colcon_core.shell:Skip shell extension 'powershell' for command environment: Not usable outside of PowerShell
[2.968s] DEBUG:colcon.colcon_core.shell:Skip shell extension 'dsv' for command environment
[3.010s] INFO:colcon.colcon_ros.task.ament_cmake.build:Building ROS package in '/home/jetson/ws_1/src/livox_ros_driver2' with build type 'ament_cmake'
[3.019s] INFO:colcon.colcon_cmake.task.cmake.build:Building CMake package in '/home/jetson/ws_1/src/livox_ros_driver2'
[3.027s] INFO:colcon.colcon_core.shell:Skip shell extension 'powershell' for command environment: Not usable outside of PowerShell
[3.028s] DEBUG:colcon.colcon_core.shell:Skip shell extension 'dsv' for command environment
[4.650s] INFO:colcon.colcon_core.task.python.build:Building Python package in '/home/jetson/ws_1/src/lidar_avoidance'
[4.658s] INFO:colcon.colcon_core.shell:Skip shell extension 'powershell' for command environment: Not usable outside of PowerShell
[4.658s] DEBUG:colcon.colcon_core.shell:Skip shell extension 'dsv' for command environment
[4.747s] DEBUG:colcon.colcon_core.event_handler.log_command:Invoking command in '/home/jetson/ws_1/build/livox_ros_driver2': CMAKE_PREFIX_PATH=${CMAKE_PREFIX_PATH}:/home/jetson/ws_1/install/lidar_avoidance:/opt/ros/foxy /usr/bin/cmake --build /home/jetson/ws_1/build/livox_ros_driver2 -- -j6 -l6
[6.956s] DEBUG:colcon.colcon_core.event_handler.log_command:Invoked command in '/home/jetson/ws_1/build/livox_ros_driver2' returned '0': CMAKE_PREFIX_PATH=${CMAKE_PREFIX_PATH}:/home/jetson/ws_1/install/lidar_avoidance:/opt/ros/foxy /usr/bin/cmake --build /home/jetson/ws_1/build/livox_ros_driver2 -- -j6 -l6
[7.078s] DEBUG:colcon.colcon_core.event_handler.log_command:Invoking command in '/home/jetson/ws_1/build/livox_ros_driver2': CMAKE_PREFIX_PATH=${CMAKE_PREFIX_PATH}:/home/jetson/ws_1/install/lidar_avoidance:/opt/ros/foxy /usr/bin/cmake --install /home/jetson/ws_1/build/livox_ros_driver2
[7.552s] Level 1:colcon.colcon_core.environment:create_environment_scripts_only(livox_ros_driver2)
[7.559s] DEBUG:colcon.colcon_core.event_handler.log_command:Invoked command in '/home/jetson/ws_1/build/livox_ros_driver2' returned '0': CMAKE_PREFIX_PATH=${CMAKE_PREFIX_PATH}:/home/jetson/ws_1/install/lidar_avoidance:/opt/ros/foxy /usr/bin/cmake --install /home/jetson/ws_1/build/livox_ros_driver2
[7.582s] Level 1:colcon.colcon_core.environment:checking '/home/jetson/ws_1/install/livox_ros_driver2' for CMake module files
[7.589s] Level 1:colcon.colcon_core.environment:checking '/home/jetson/ws_1/install/livox_ros_driver2' for CMake config files
[7.592s] Level 1:colcon.colcon_core.shell:create_environment_hook('livox_ros_driver2', 'cmake_prefix_path')
[7.594s] INFO:colcon.colcon_core.shell:Creating environment hook '/home/jetson/ws_1/install/livox_ros_driver2/share/livox_ros_driver2/hook/cmake_prefix_path.ps1'
[7.599s] INFO:colcon.colcon_core.shell:Creating environment descriptor '/home/jetson/ws_1/install/livox_ros_driver2/share/livox_ros_driver2/hook/cmake_prefix_path.dsv'
[7.602s] INFO:colcon.colcon_core.shell:Creating environment hook '/home/jetson/ws_1/install/livox_ros_driver2/share/livox_ros_driver2/hook/cmake_prefix_path.sh'
[7.608s] Level 1:colcon.colcon_core.environment:checking '/home/jetson/ws_1/install/livox_ros_driver2/lib'
[7.609s] Level 1:colcon.colcon_core.shell:create_environment_hook('livox_ros_driver2', 'ld_library_path_lib')
[7.611s] INFO:colcon.colcon_core.shell:Creating environment hook '/home/jetson/ws_1/install/livox_ros_driver2/share/livox_ros_driver2/hook/ld_library_path_lib.ps1'
[7.614s] INFO:colcon.colcon_core.shell:Creating environment descriptor '/home/jetson/ws_1/install/livox_ros_driver2/share/livox_ros_driver2/hook/ld_library_path_lib.dsv'
[7.616s] INFO:colcon.colcon_core.shell:Creating environment hook '/home/jetson/ws_1/install/livox_ros_driver2/share/livox_ros_driver2/hook/ld_library_path_lib.sh'
[7.619s] Level 1:colcon.colcon_core.environment:checking '/home/jetson/ws_1/install/livox_ros_driver2/bin'
[7.619s] Level 1:colcon.colcon_core.environment:checking '/home/jetson/ws_1/install/livox_ros_driver2/lib/pkgconfig/livox_ros_driver2.pc'
[7.622s] Level 1:colcon.colcon_core.environment:checking '/home/jetson/ws_1/install/livox_ros_driver2/lib/python3.8/site-packages'
[7.622s] Level 1:colcon.colcon_core.shell:create_environment_hook('livox_ros_driver2', 'pythonpath')
[7.624s] INFO:colcon.colcon_core.shell:Creating environment hook '/home/jetson/ws_1/install/livox_ros_driver2/share/livox_ros_driver2/hook/pythonpath.ps1'
[7.626s] INFO:colcon.colcon_core.shell:Creating environment descriptor '/home/jetson/ws_1/install/livox_ros_driver2/share/livox_ros_driver2/hook/pythonpath.dsv'
[7.629s] INFO:colcon.colcon_core.shell:Creating environment hook '/home/jetson/ws_1/install/livox_ros_driver2/share/livox_ros_driver2/hook/pythonpath.sh'
[7.633s] Level 1:colcon.colcon_core.environment:checking '/home/jetson/ws_1/install/livox_ros_driver2/bin'
[7.635s] INFO:colcon.colcon_core.shell:Creating package script '/home/jetson/ws_1/install/livox_ros_driver2/share/livox_ros_driver2/package.ps1'
[7.644s] INFO:colcon.colcon_core.shell:Creating package descriptor '/home/jetson/ws_1/install/livox_ros_driver2/share/livox_ros_driver2/package.dsv'
[7.648s] INFO:colcon.colcon_core.shell:Creating package script '/home/jetson/ws_1/install/livox_ros_driver2/share/livox_ros_driver2/package.sh'
[7.654s] INFO:colcon.colcon_core.shell:Creating package script '/home/jetson/ws_1/install/livox_ros_driver2/share/livox_ros_driver2/package.bash'
[7.658s] INFO:colcon.colcon_core.shell:Creating package script '/home/jetson/ws_1/install/livox_ros_driver2/share/livox_ros_driver2/package.zsh'
[7.661s] Level 1:colcon.colcon_core.environment:create_file_with_runtime_dependencies(/home/jetson/ws_1/install/livox_ros_driver2/share/colcon-core/packages/livox_ros_driver2)
[7.667s] Level 1:colcon.colcon_core.environment:create_environment_scripts_only(livox_ros_driver2)
[7.668s] Level 1:colcon.colcon_core.environment:checking '/home/jetson/ws_1/install/livox_ros_driver2' for CMake module files
[7.673s] Level 1:colcon.colcon_core.environment:checking '/home/jetson/ws_1/install/livox_ros_driver2' for CMake config files
[7.676s] Level 1:colcon.colcon_core.shell:create_environment_hook('livox_ros_driver2', 'cmake_prefix_path')
[7.677s] INFO:colcon.colcon_core.shell:Creating environment hook '/home/jetson/ws_1/install/livox_ros_driver2/share/livox_ros_driver2/hook/cmake_prefix_path.ps1'
[7.681s] INFO:colcon.colcon_core.shell:Creating environment descriptor '/home/jetson/ws_1/install/livox_ros_driver2/share/livox_ros_driver2/hook/cmake_prefix_path.dsv'
[7.683s] INFO:colcon.colcon_core.shell:Creating environment hook '/home/jetson/ws_1/install/livox_ros_driver2/share/livox_ros_driver2/hook/cmake_prefix_path.sh'
[7.687s] Level 1:colcon.colcon_core.environment:checking '/home/jetson/ws_1/install/livox_ros_driver2/lib'
[7.687s] Level 1:colcon.colcon_core.shell:create_environment_hook('livox_ros_driver2', 'ld_library_path_lib')
[7.689s] INFO:colcon.colcon_core.shell:Creating environment hook '/home/jetson/ws_1/install/livox_ros_driver2/share/livox_ros_driver2/hook/ld_library_path_lib.ps1'
[7.694s] INFO:colcon.colcon_core.shell:Creating environment descriptor '/home/jetson/ws_1/install/livox_ros_driver2/share/livox_ros_driver2/hook/ld_library_path_lib.dsv'
[7.696s] INFO:colcon.colcon_core.shell:Creating environment hook '/home/jetson/ws_1/install/livox_ros_driver2/share/livox_ros_driver2/hook/ld_library_path_lib.sh'
[7.699s] Level 1:colcon.colcon_core.environment:checking '/home/jetson/ws_1/install/livox_ros_driver2/bin'
[7.699s] Level 1:colcon.colcon_core.environment:checking '/home/jetson/ws_1/install/livox_ros_driver2/lib/pkgconfig/livox_ros_driver2.pc'
[7.700s] Level 1:colcon.colcon_core.environment:checking '/home/jetson/ws_1/install/livox_ros_driver2/lib/python3.8/site-packages'
[7.701s] Level 1:colcon.colcon_core.shell:create_environment_hook('livox_ros_driver2', 'pythonpath')
[7.702s] INFO:colcon.colcon_core.shell:Creating environment hook '/home/jetson/ws_1/install/livox_ros_driver2/share/livox_ros_driver2/hook/pythonpath.ps1'
[7.704s] INFO:colcon.colcon_core.shell:Creating environment descriptor '/home/jetson/ws_1/install/livox_ros_driver2/share/livox_ros_driver2/hook/pythonpath.dsv'
[7.706s] INFO:colcon.colcon_core.shell:Creating environment hook '/home/jetson/ws_1/install/livox_ros_driver2/share/livox_ros_driver2/hook/pythonpath.sh'
[7.710s] Level 1:colcon.colcon_core.environment:checking '/home/jetson/ws_1/install/livox_ros_driver2/bin'
[7.712s] INFO:colcon.colcon_core.shell:Creating package script '/home/jetson/ws_1/install/livox_ros_driver2/share/livox_ros_driver2/package.ps1'
[7.717s] INFO:colcon.colcon_core.shell:Creating package descriptor '/home/jetson/ws_1/install/livox_ros_driver2/share/livox_ros_driver2/package.dsv'
[7.720s] INFO:colcon.colcon_core.shell:Creating package script '/home/jetson/ws_1/install/livox_ros_driver2/share/livox_ros_driver2/package.sh'
[7.723s] INFO:colcon.colcon_core.shell:Creating package script '/home/jetson/ws_1/install/livox_ros_driver2/share/livox_ros_driver2/package.bash'
[7.726s] INFO:colcon.colcon_core.shell:Creating package script '/home/jetson/ws_1/install/livox_ros_driver2/share/livox_ros_driver2/package.zsh'
[7.729s] Level 1:colcon.colcon_core.environment:create_file_with_runtime_dependencies(/home/jetson/ws_1/install/livox_ros_driver2/share/colcon-core/packages/livox_ros_driver2)
[7.777s] DEBUG:colcon.colcon_core.event_handler.log_command:Invoking command in '/home/jetson/ws_1/src/lidar_avoidance': PYTHONPATH=/home/jetson/ws_1/build/lidar_avoidance/prefix_override:/usr/lib/python3/dist-packages/colcon_core/task/python/colcon_distutils_commands:/home/jetson/ws_1/install/lidar_avoidance/lib/python3.8/site-packages:${PYTHONPATH} /usr/bin/python3 -W ignore:setup.py install is deprecated -W ignore:easy_install command is deprecated setup.py egg_info --egg-base ../../build/lidar_avoidance build --build-base /home/jetson/ws_1/build/lidar_avoidance/build install --record /home/jetson/ws_1/build/lidar_avoidance/install.log --install-scripts $base/lib/lidar_avoidance --single-version-externally-managed install_data
[9.698s] Level 1:colcon.colcon_core.environment:checking '/home/jetson/ws_1/install/lidar_avoidance' for CMake module files
[9.701s] DEBUG:colcon.colcon_core.event_handler.log_command:Invoked command in '/home/jetson/ws_1/src/lidar_avoidance' returned '0': PYTHONPATH=/home/jetson/ws_1/build/lidar_avoidance/prefix_override:/usr/lib/python3/dist-packages/colcon_core/task/python/colcon_distutils_commands:/home/jetson/ws_1/install/lidar_avoidance/lib/python3.8/site-packages:${PYTHONPATH} /usr/bin/python3 -W ignore:setup.py install is deprecated -W ignore:easy_install command is deprecated setup.py egg_info --egg-base ../../build/lidar_avoidance build --build-base /home/jetson/ws_1/build/lidar_avoidance/build install --record /home/jetson/ws_1/build/lidar_avoidance/install.log --install-scripts $base/lib/lidar_avoidance --single-version-externally-managed install_data
[9.704s] Level 1:colcon.colcon_core.environment:checking '/home/jetson/ws_1/install/lidar_avoidance' for CMake config files
[9.710s] Level 1:colcon.colcon_core.environment:checking '/home/jetson/ws_1/install/lidar_avoidance/lib'
[9.711s] Level 1:colcon.colcon_core.environment:checking '/home/jetson/ws_1/install/lidar_avoidance/bin'
[9.711s] Level 1:colcon.colcon_core.environment:checking '/home/jetson/ws_1/install/lidar_avoidance/lib/pkgconfig/lidar_avoidance.pc'
[9.714s] Level 1:colcon.colcon_core.environment:checking '/home/jetson/ws_1/install/lidar_avoidance/lib/python3.8/site-packages'
[9.714s] Level 1:colcon.colcon_core.shell:create_environment_hook('lidar_avoidance', 'pythonpath')
[9.717s] INFO:colcon.colcon_core.shell:Creating environment hook '/home/jetson/ws_1/install/lidar_avoidance/share/lidar_avoidance/hook/pythonpath.ps1'
[9.722s] INFO:colcon.colcon_core.shell:Creating environment descriptor '/home/jetson/ws_1/install/lidar_avoidance/share/lidar_avoidance/hook/pythonpath.dsv'
[9.725s] INFO:colcon.colcon_core.shell:Creating environment hook '/home/jetson/ws_1/install/lidar_avoidance/share/lidar_avoidance/hook/pythonpath.sh'
[9.729s] Level 1:colcon.colcon_core.environment:checking '/home/jetson/ws_1/install/lidar_avoidance/bin'
[9.729s] Level 1:colcon.colcon_core.environment:create_environment_scripts_only(lidar_avoidance)
[9.731s] INFO:colcon.colcon_core.shell:Creating package script '/home/jetson/ws_1/install/lidar_avoidance/share/lidar_avoidance/package.ps1'
[9.736s] INFO:colcon.colcon_core.shell:Creating package descriptor '/home/jetson/ws_1/install/lidar_avoidance/share/lidar_avoidance/package.dsv'
[9.739s] INFO:colcon.colcon_core.shell:Creating package script '/home/jetson/ws_1/install/lidar_avoidance/share/lidar_avoidance/package.sh'
[9.742s] INFO:colcon.colcon_core.shell:Creating package script '/home/jetson/ws_1/install/lidar_avoidance/share/lidar_avoidance/package.bash'
[9.745s] INFO:colcon.colcon_core.shell:Creating package script '/home/jetson/ws_1/install/lidar_avoidance/share/lidar_avoidance/package.zsh'
[9.748s] Level 1:colcon.colcon_core.environment:create_file_with_runtime_dependencies(/home/jetson/ws_1/install/lidar_avoidance/share/colcon-core/packages/lidar_avoidance)
[9.751s] DEBUG:colcon.colcon_parallel_executor.executor.parallel:closing loop
[9.754s] DEBUG:colcon.colcon_parallel_executor.executor.parallel:loop closed
[9.755s] DEBUG:colcon.colcon_parallel_executor.executor.parallel:run_until_complete finished with '0'
[9.756s] DEBUG:colcon.colcon_core.event_reactor:joining thread
[9.760s] DEBUG:colcon.colcon_core.event_reactor:joined thread
[9.762s] INFO:colcon.colcon_core.shell:Creating prefix script '/home/jetson/ws_1/install/local_setup.ps1'
[9.767s] INFO:colcon.colcon_core.shell:Creating prefix util module '/home/jetson/ws_1/install/_local_setup_util_ps1.py'
[9.774s] INFO:colcon.colcon_core.shell:Creating prefix chain script '/home/jetson/ws_1/install/setup.ps1'
[9.781s] INFO:colcon.colcon_core.shell:Creating prefix script '/home/jetson/ws_1/install/local_setup.sh'
[9.784s] INFO:colcon.colcon_core.shell:Creating prefix util module '/home/jetson/ws_1/install/_local_setup_util_sh.py'
[9.788s] INFO:colcon.colcon_core.shell:Creating prefix chain script '/home/jetson/ws_1/install/setup.sh'
[9.794s] INFO:colcon.colcon_core.shell:Creating prefix script '/home/jetson/ws_1/install/local_setup.bash'
[9.797s] INFO:colcon.colcon_core.shell:Creating prefix chain script '/home/jetson/ws_1/install/setup.bash'
[9.804s] INFO:colcon.colcon_core.shell:Creating prefix script '/home/jetson/ws_1/install/local_setup.zsh'
[9.807s] INFO:colcon.colcon_core.shell:Creating prefix chain script '/home/jetson/ws_1/install/setup.zsh'
