[1.282s] DEBUG:colcon:Command line arguments: ['/usr/bin/colcon', 'build', '--packages-select', 'train_control']
[1.283s] DEBUG:colcon:Parsed command line arguments: Namespace(allow_overriding=[], ament_cmake_args=None, base_paths=['.'], build_base='build', catkin_cmake_args=None, catkin_skip_building_tests=False, cmake_args=None, cmake_clean_cache=False, cmake_clean_first=False, cmake_force_configure=False, cmake_target=None, cmake_target_skip_unavailable=False, continue_on_error=False, event_handlers=None, executor='parallel', ignore_user_meta=False, install_base='install', log_base=None, log_level=None, main=<bound method BuildVerb.main of <colcon_core.verb.build.BuildVerb object at 0xffffafdaeca0>>, merge_install=False, metas=['./colcon.meta'], mixin=None, mixin_files=None, mixin_verb=('build',), packages_above=None, packages_above_and_dependencies=None, packages_above_depth=None, packages_end=None, packages_ignore=None, packages_ignore_regex=None, packages_select=['train_control'], packages_select_build_failed=False, packages_select_by_dep=None, packages_select_regex=None, packages_select_test_failures=False, packages_skip=None, packages_skip_build_finished=False, packages_skip_by_dep=None, packages_skip_regex=None, packages_skip_test_passed=False, packages_skip_up_to=None, packages_start=None, packages_up_to=None, packages_up_to_regex=None, parallel_workers=6, paths=None, symlink_install=False, test_result_base=None, verb_extension=<colcon_core.verb.build.BuildVerb object at 0xffffafdaeca0>, verb_name='build', verb_parser=<colcon_mixin.mixin.mixin_argument.MixinArgumentDecorator object at 0xffffafd02c40>)
[2.342s] Level 1:colcon.colcon_core.package_discovery:discover_packages(colcon_meta) check parameters
[2.343s] Level 1:colcon.colcon_core.package_discovery:discover_packages(recursive) check parameters
[2.343s] Level 1:colcon.colcon_core.package_discovery:discover_packages(ignore) check parameters
[2.343s] Level 1:colcon.colcon_core.package_discovery:discover_packages(path) check parameters
[2.344s] Level 1:colcon.colcon_core.package_discovery:discover_packages(colcon_meta) discover
[2.344s] Level 1:colcon.colcon_core.package_discovery:discover_packages(recursive) discover
[2.344s] INFO:colcon.colcon_core.package_discovery:Crawling recursively for packages in '/home/jetson/ws_1'
[2.345s] Level 1:colcon.colcon_core.package_identification:_identify(.) by extensions ['ignore', 'ignore_ament_install']
[2.346s] Level 1:colcon.colcon_core.package_identification:_identify(.) by extension 'ignore'
[2.346s] Level 1:colcon.colcon_core.package_identification:_identify(.) by extension 'ignore_ament_install'
[2.346s] Level 1:colcon.colcon_core.package_identification:_identify(.) by extensions ['colcon_pkg']
[2.347s] Level 1:colcon.colcon_core.package_identification:_identify(.) by extension 'colcon_pkg'
[2.347s] Level 1:colcon.colcon_core.package_identification:_identify(.) by extensions ['colcon_meta']
[2.347s] Level 1:colcon.colcon_core.package_identification:_identify(.) by extension 'colcon_meta'
[2.347s] Level 1:colcon.colcon_core.package_identification:_identify(.) by extensions ['ros']
[2.348s] Level 1:colcon.colcon_core.package_identification:_identify(.) by extension 'ros'
[2.417s] Level 1:colcon.colcon_core.package_identification:_identify(.) by extensions ['cmake', 'python']
[2.418s] Level 1:colcon.colcon_core.package_identification:_identify(.) by extension 'cmake'
[2.418s] Level 1:colcon.colcon_core.package_identification:_identify(.) by extension 'python'
[2.418s] Level 1:colcon.colcon_core.package_identification:_identify(.) by extensions ['python_setup_py']
[2.419s] Level 1:colcon.colcon_core.package_identification:_identify(.) by extension 'python_setup_py'
[2.420s] Level 1:colcon.colcon_core.package_identification:_identify(build) by extensions ['ignore', 'ignore_ament_install']
[2.420s] Level 1:colcon.colcon_core.package_identification:_identify(build) by extension 'ignore'
[2.421s] Level 1:colcon.colcon_core.package_identification:_identify(build) ignored
[2.422s] Level 1:colcon.colcon_core.package_identification:_identify(install) by extensions ['ignore', 'ignore_ament_install']
[2.422s] Level 1:colcon.colcon_core.package_identification:_identify(install) by extension 'ignore'
[2.423s] Level 1:colcon.colcon_core.package_identification:_identify(install) ignored
[2.424s] Level 1:colcon.colcon_core.package_identification:_identify(log) by extensions ['ignore', 'ignore_ament_install']
[2.425s] Level 1:colcon.colcon_core.package_identification:_identify(log) by extension 'ignore'
[2.425s] Level 1:colcon.colcon_core.package_identification:_identify(log) ignored
[2.426s] Level 1:colcon.colcon_core.package_identification:_identify(src) by extensions ['ignore', 'ignore_ament_install']
[2.426s] Level 1:colcon.colcon_core.package_identification:_identify(src) by extension 'ignore'
[2.427s] Level 1:colcon.colcon_core.package_identification:_identify(src) by extension 'ignore_ament_install'
[2.427s] Level 1:colcon.colcon_core.package_identification:_identify(src) by extensions ['colcon_pkg']
[2.427s] Level 1:colcon.colcon_core.package_identification:_identify(src) by extension 'colcon_pkg'
[2.428s] Level 1:colcon.colcon_core.package_identification:_identify(src) by extensions ['colcon_meta']
[2.428s] Level 1:colcon.colcon_core.package_identification:_identify(src) by extension 'colcon_meta'
[2.428s] Level 1:colcon.colcon_core.package_identification:_identify(src) by extensions ['ros']
[2.429s] Level 1:colcon.colcon_core.package_identification:_identify(src) by extension 'ros'
[2.429s] Level 1:colcon.colcon_core.package_identification:_identify(src) by extensions ['cmake', 'python']
[2.429s] Level 1:colcon.colcon_core.package_identification:_identify(src) by extension 'cmake'
[2.430s] Level 1:colcon.colcon_core.package_identification:_identify(src) by extension 'python'
[2.431s] Level 1:colcon.colcon_core.package_identification:_identify(src) by extensions ['python_setup_py']
[2.431s] Level 1:colcon.colcon_core.package_identification:_identify(src) by extension 'python_setup_py'
[2.432s] Level 1:colcon.colcon_core.package_identification:_identify(src/lidar_avoidance) by extensions ['ignore', 'ignore_ament_install']
[2.432s] Level 1:colcon.colcon_core.package_identification:_identify(src/lidar_avoidance) by extension 'ignore'
[2.433s] Level 1:colcon.colcon_core.package_identification:_identify(src/lidar_avoidance) by extension 'ignore_ament_install'
[2.433s] Level 1:colcon.colcon_core.package_identification:_identify(src/lidar_avoidance) by extensions ['colcon_pkg']
[2.433s] Level 1:colcon.colcon_core.package_identification:_identify(src/lidar_avoidance) by extension 'colcon_pkg'
[2.434s] Level 1:colcon.colcon_core.package_identification:_identify(src/lidar_avoidance) by extensions ['colcon_meta']
[2.434s] Level 1:colcon.colcon_core.package_identification:_identify(src/lidar_avoidance) by extension 'colcon_meta'
[2.435s] Level 1:colcon.colcon_core.package_identification:_identify(src/lidar_avoidance) by extensions ['ros']
[2.435s] Level 1:colcon.colcon_core.package_identification:_identify(src/lidar_avoidance) by extension 'ros'
[2.449s] DEBUG:colcon.colcon_core.package_identification:Package 'src/lidar_avoidance' with type 'ros.ament_python' and name 'lidar_avoidance'
[2.450s] Level 1:colcon.colcon_core.package_identification:_identify(src/livox_ros_driver2) by extensions ['ignore', 'ignore_ament_install']
[2.451s] Level 1:colcon.colcon_core.package_identification:_identify(src/livox_ros_driver2) by extension 'ignore'
[2.451s] Level 1:colcon.colcon_core.package_identification:_identify(src/livox_ros_driver2) by extension 'ignore_ament_install'
[2.452s] Level 1:colcon.colcon_core.package_identification:_identify(src/livox_ros_driver2) by extensions ['colcon_pkg']
[2.452s] Level 1:colcon.colcon_core.package_identification:_identify(src/livox_ros_driver2) by extension 'colcon_pkg'
[2.452s] Level 1:colcon.colcon_core.package_identification:_identify(src/livox_ros_driver2) by extensions ['colcon_meta']
[2.453s] Level 1:colcon.colcon_core.package_identification:_identify(src/livox_ros_driver2) by extension 'colcon_meta'
[2.453s] Level 1:colcon.colcon_core.package_identification:_identify(src/livox_ros_driver2) by extensions ['ros']
[2.453s] Level 1:colcon.colcon_core.package_identification:_identify(src/livox_ros_driver2) by extension 'ros'
[2.461s] DEBUG:colcon.colcon_core.package_identification:Package 'src/livox_ros_driver2' with type 'ros.ament_cmake' and name 'livox_ros_driver2'
[2.462s] Level 1:colcon.colcon_core.package_identification:_identify(src/train_bringup) by extensions ['ignore', 'ignore_ament_install']
[2.463s] Level 1:colcon.colcon_core.package_identification:_identify(src/train_bringup) by extension 'ignore'
[2.463s] Level 1:colcon.colcon_core.package_identification:_identify(src/train_bringup) by extension 'ignore_ament_install'
[2.463s] Level 1:colcon.colcon_core.package_identification:_identify(src/train_bringup) by extensions ['colcon_pkg']
[2.464s] Level 1:colcon.colcon_core.package_identification:_identify(src/train_bringup) by extension 'colcon_pkg'
[2.464s] Level 1:colcon.colcon_core.package_identification:_identify(src/train_bringup) by extensions ['colcon_meta']
[2.464s] Level 1:colcon.colcon_core.package_identification:_identify(src/train_bringup) by extension 'colcon_meta'
[2.465s] Level 1:colcon.colcon_core.package_identification:_identify(src/train_bringup) by extensions ['ros']
[2.465s] Level 1:colcon.colcon_core.package_identification:_identify(src/train_bringup) by extension 'ros'
[2.468s] DEBUG:colcon.colcon_core.package_identification:Package 'src/train_bringup' with type 'ros.ament_python' and name 'train_bringup'
[2.469s] Level 1:colcon.colcon_core.package_identification:_identify(src/train_control) by extensions ['ignore', 'ignore_ament_install']
[2.469s] Level 1:colcon.colcon_core.package_identification:_identify(src/train_control) by extension 'ignore'
[2.470s] Level 1:colcon.colcon_core.package_identification:_identify(src/train_control) by extension 'ignore_ament_install'
[2.470s] Level 1:colcon.colcon_core.package_identification:_identify(src/train_control) by extensions ['colcon_pkg']
[2.471s] Level 1:colcon.colcon_core.package_identification:_identify(src/train_control) by extension 'colcon_pkg'
[2.471s] Level 1:colcon.colcon_core.package_identification:_identify(src/train_control) by extensions ['colcon_meta']
[2.471s] Level 1:colcon.colcon_core.package_identification:_identify(src/train_control) by extension 'colcon_meta'
[2.472s] Level 1:colcon.colcon_core.package_identification:_identify(src/train_control) by extensions ['ros']
[2.472s] Level 1:colcon.colcon_core.package_identification:_identify(src/train_control) by extension 'ros'
[2.476s] DEBUG:colcon.colcon_core.package_identification:Package 'src/train_control' with type 'ros.ament_python' and name 'train_control'
[2.477s] Level 1:colcon.colcon_core.package_identification:_identify(src/train_vision) by extensions ['ignore', 'ignore_ament_install']
[2.478s] Level 1:colcon.colcon_core.package_identification:_identify(src/train_vision) by extension 'ignore'
[2.478s] Level 1:colcon.colcon_core.package_identification:_identify(src/train_vision) by extension 'ignore_ament_install'
[2.479s] Level 1:colcon.colcon_core.package_identification:_identify(src/train_vision) by extensions ['colcon_pkg']
[2.479s] Level 1:colcon.colcon_core.package_identification:_identify(src/train_vision) by extension 'colcon_pkg'
[2.479s] Level 1:colcon.colcon_core.package_identification:_identify(src/train_vision) by extensions ['colcon_meta']
[2.480s] Level 1:colcon.colcon_core.package_identification:_identify(src/train_vision) by extension 'colcon_meta'
[2.480s] Level 1:colcon.colcon_core.package_identification:_identify(src/train_vision) by extensions ['ros']
[2.480s] Level 1:colcon.colcon_core.package_identification:_identify(src/train_vision) by extension 'ros'
[2.485s] DEBUG:colcon.colcon_core.package_identification:Package 'src/train_vision' with type 'ros.ament_python' and name 'train_vision'
[2.485s] Level 1:colcon.colcon_core.package_discovery:discover_packages(recursive) using defaults
[2.486s] Level 1:colcon.colcon_core.package_discovery:discover_packages(ignore) discover
[2.486s] Level 1:colcon.colcon_core.package_discovery:discover_packages(ignore) using defaults
[2.486s] Level 1:colcon.colcon_core.package_discovery:discover_packages(path) discover
[2.487s] Level 1:colcon.colcon_core.package_discovery:discover_packages(path) using defaults
[2.629s] INFO:colcon.colcon_core.package_selection:Skipping not selected package 'livox_ros_driver2' in 'src/livox_ros_driver2'
[2.629s] INFO:colcon.colcon_core.package_selection:Skipping not selected package 'train_bringup' in 'src/train_bringup'
[2.629s] INFO:colcon.colcon_core.package_selection:Skipping not selected package 'train_vision' in 'src/train_vision'
[2.630s] INFO:colcon.colcon_core.package_selection:Skipping not selected package 'lidar_avoidance' in 'src/lidar_avoidance'
[2.632s] Level 1:colcon.colcon_core.package_discovery:discover_packages(prefix_path) check parameters
[2.632s] Level 1:colcon.colcon_core.package_discovery:discover_packages(prefix_path) discover
[2.646s] DEBUG:colcon.colcon_installed_package_information.package_discovery:Found 5 installed packages in /home/jetson/ws_1/install
[2.659s] DEBUG:colcon.colcon_installed_package_information.package_discovery:Found 258 installed packages in /opt/ros/foxy
[2.669s] Level 1:colcon.colcon_core.package_discovery:discover_packages(prefix_path) using defaults
[3.049s] Level 5:colcon.colcon_core.verb:set package 'train_control' build argument 'cmake_args' from command line to 'None'
[3.049s] Level 5:colcon.colcon_core.verb:set package 'train_control' build argument 'cmake_target' from command line to 'None'
[3.049s] Level 5:colcon.colcon_core.verb:set package 'train_control' build argument 'cmake_target_skip_unavailable' from command line to 'False'
[3.050s] Level 5:colcon.colcon_core.verb:set package 'train_control' build argument 'cmake_clean_cache' from command line to 'False'
[3.050s] Level 5:colcon.colcon_core.verb:set package 'train_control' build argument 'cmake_clean_first' from command line to 'False'
[3.050s] Level 5:colcon.colcon_core.verb:set package 'train_control' build argument 'cmake_force_configure' from command line to 'False'
[3.051s] Level 5:colcon.colcon_core.verb:set package 'train_control' build argument 'ament_cmake_args' from command line to 'None'
[3.051s] Level 5:colcon.colcon_core.verb:set package 'train_control' build argument 'catkin_cmake_args' from command line to 'None'
[3.051s] Level 5:colcon.colcon_core.verb:set package 'train_control' build argument 'catkin_skip_building_tests' from command line to 'False'
[3.051s] DEBUG:colcon.colcon_core.verb:Building package 'train_control' with the following arguments: {'ament_cmake_args': None, 'build_base': '/home/jetson/ws_1/build/train_control', 'catkin_cmake_args': None, 'catkin_skip_building_tests': False, 'cmake_args': None, 'cmake_clean_cache': False, 'cmake_clean_first': False, 'cmake_force_configure': False, 'cmake_target': None, 'cmake_target_skip_unavailable': False, 'install_base': '/home/jetson/ws_1/install/train_control', 'merge_install': False, 'path': '/home/jetson/ws_1/src/train_control', 'symlink_install': False, 'test_result_base': None}
[3.052s] INFO:colcon.colcon_core.executor:Executing jobs using 'parallel' executor
[3.058s] DEBUG:colcon.colcon_parallel_executor.executor.parallel:run_until_complete
[3.060s] INFO:colcon.colcon_ros.task.ament_python.build:Building ROS package in '/home/jetson/ws_1/src/train_control' with build type 'ament_python'
[3.061s] Level 1:colcon.colcon_core.shell:create_environment_hook('train_control', 'ament_prefix_path')
[3.081s] INFO:colcon.colcon_core.plugin_system:Skipping extension 'colcon_core.shell.bat': Not used on non-Windows systems
[3.082s] INFO:colcon.colcon_core.shell:Creating environment hook '/home/jetson/ws_1/install/train_control/share/train_control/hook/ament_prefix_path.ps1'
[3.086s] INFO:colcon.colcon_core.shell:Creating environment descriptor '/home/jetson/ws_1/install/train_control/share/train_control/hook/ament_prefix_path.dsv'
[3.097s] INFO:colcon.colcon_core.shell:Creating environment hook '/home/jetson/ws_1/install/train_control/share/train_control/hook/ament_prefix_path.sh'
[3.102s] INFO:colcon.colcon_core.shell:Skip shell extension 'powershell' for command environment: Not usable outside of PowerShell
[3.103s] DEBUG:colcon.colcon_core.shell:Skip shell extension 'dsv' for command environment
[4.952s] INFO:colcon.colcon_core.task.python.build:Building Python package in '/home/jetson/ws_1/src/train_control'
[4.960s] INFO:colcon.colcon_core.shell:Skip shell extension 'powershell' for command environment: Not usable outside of PowerShell
[4.960s] DEBUG:colcon.colcon_core.shell:Skip shell extension 'dsv' for command environment
[7.910s] DEBUG:colcon.colcon_core.event_handler.log_command:Invoking command in '/home/jetson/ws_1/build/train_control': PYTHONPATH=/home/jetson/ws_1/build/train_control/prefix_override:/usr/lib/python3/dist-packages/colcon_core/task/python/colcon_distutils_commands:/home/jetson/ws_1/install/train_control/lib/python3.8/site-packages:${PYTHONPATH} /usr/bin/python3 -W ignore:setup.py install is deprecated -W ignore:easy_install command is deprecated setup.py develop --uninstall --editable --build-directory /home/jetson/ws_1/build/train_control/build
[10.751s] DEBUG:colcon.colcon_core.event_handler.log_command:Invoked command in '/home/jetson/ws_1/build/train_control' returned '0': PYTHONPATH=/home/jetson/ws_1/build/train_control/prefix_override:/usr/lib/python3/dist-packages/colcon_core/task/python/colcon_distutils_commands:/home/jetson/ws_1/install/train_control/lib/python3.8/site-packages:${PYTHONPATH} /usr/bin/python3 -W ignore:setup.py install is deprecated -W ignore:easy_install command is deprecated setup.py develop --uninstall --editable --build-directory /home/jetson/ws_1/build/train_control/build
[10.957s] DEBUG:colcon.colcon_core.event_handler.log_command:Invoking command in '/home/jetson/ws_1/src/train_control': PYTHONPATH=/home/jetson/ws_1/build/train_control/prefix_override:/usr/lib/python3/dist-packages/colcon_core/task/python/colcon_distutils_commands:/home/jetson/ws_1/install/train_control/lib/python3.8/site-packages:${PYTHONPATH} /usr/bin/python3 -W ignore:setup.py install is deprecated -W ignore:easy_install command is deprecated setup.py egg_info --egg-base ../../build/train_control build --build-base /home/jetson/ws_1/build/train_control/build install --record /home/jetson/ws_1/build/train_control/install.log --install-scripts $base/lib/train_control --single-version-externally-managed install_data --force
[13.475s] DEBUG:colcon.colcon_core.event_handler.log_command:Invoked command in '/home/jetson/ws_1/src/train_control' returned '0': PYTHONPATH=/home/jetson/ws_1/build/train_control/prefix_override:/usr/lib/python3/dist-packages/colcon_core/task/python/colcon_distutils_commands:/home/jetson/ws_1/install/train_control/lib/python3.8/site-packages:${PYTHONPATH} /usr/bin/python3 -W ignore:setup.py install is deprecated -W ignore:easy_install command is deprecated setup.py egg_info --egg-base ../../build/train_control build --build-base /home/jetson/ws_1/build/train_control/build install --record /home/jetson/ws_1/build/train_control/install.log --install-scripts $base/lib/train_control --single-version-externally-managed install_data --force
[13.501s] Level 1:colcon.colcon_core.environment:checking '/home/jetson/ws_1/install/train_control' for CMake module files
[13.506s] Level 1:colcon.colcon_core.environment:checking '/home/jetson/ws_1/install/train_control' for CMake config files
[13.515s] Level 1:colcon.colcon_core.environment:checking '/home/jetson/ws_1/install/train_control/lib'
[13.517s] Level 1:colcon.colcon_core.environment:checking '/home/jetson/ws_1/install/train_control/bin'
[13.517s] Level 1:colcon.colcon_core.environment:checking '/home/jetson/ws_1/install/train_control/lib/pkgconfig/train_control.pc'
[13.520s] Level 1:colcon.colcon_core.environment:checking '/home/jetson/ws_1/install/train_control/lib/python3.8/site-packages'
[13.521s] Level 1:colcon.colcon_core.shell:create_environment_hook('train_control', 'pythonpath')
[13.523s] INFO:colcon.colcon_core.shell:Creating environment hook '/home/jetson/ws_1/install/train_control/share/train_control/hook/pythonpath.ps1'
[13.529s] INFO:colcon.colcon_core.shell:Creating environment descriptor '/home/jetson/ws_1/install/train_control/share/train_control/hook/pythonpath.dsv'
[13.532s] INFO:colcon.colcon_core.shell:Creating environment hook '/home/jetson/ws_1/install/train_control/share/train_control/hook/pythonpath.sh'
[13.536s] Level 1:colcon.colcon_core.environment:checking '/home/jetson/ws_1/install/train_control/bin'
[13.537s] Level 1:colcon.colcon_core.environment:create_environment_scripts_only(train_control)
[13.540s] INFO:colcon.colcon_core.shell:Creating package script '/home/jetson/ws_1/install/train_control/share/train_control/package.ps1'
[13.549s] INFO:colcon.colcon_core.shell:Creating package descriptor '/home/jetson/ws_1/install/train_control/share/train_control/package.dsv'
[13.553s] INFO:colcon.colcon_core.shell:Creating package script '/home/jetson/ws_1/install/train_control/share/train_control/package.sh'
[13.558s] INFO:colcon.colcon_core.shell:Creating package script '/home/jetson/ws_1/install/train_control/share/train_control/package.bash'
[13.563s] INFO:colcon.colcon_core.shell:Creating package script '/home/jetson/ws_1/install/train_control/share/train_control/package.zsh'
[13.567s] Level 1:colcon.colcon_core.environment:create_file_with_runtime_dependencies(/home/jetson/ws_1/install/train_control/share/colcon-core/packages/train_control)
[13.571s] DEBUG:colcon.colcon_parallel_executor.executor.parallel:closing loop
[13.573s] DEBUG:colcon.colcon_parallel_executor.executor.parallel:loop closed
[13.575s] DEBUG:colcon.colcon_parallel_executor.executor.parallel:run_until_complete finished with '0'
[13.576s] DEBUG:colcon.colcon_core.event_reactor:joining thread
[13.579s] DEBUG:colcon.colcon_core.event_reactor:joined thread
[13.581s] INFO:colcon.colcon_core.shell:Creating prefix script '/home/jetson/ws_1/install/local_setup.ps1'
[13.587s] INFO:colcon.colcon_core.shell:Creating prefix util module '/home/jetson/ws_1/install/_local_setup_util_ps1.py'
[13.594s] INFO:colcon.colcon_core.shell:Creating prefix chain script '/home/jetson/ws_1/install/setup.ps1'
[13.603s] INFO:colcon.colcon_core.shell:Creating prefix script '/home/jetson/ws_1/install/local_setup.sh'
[13.607s] INFO:colcon.colcon_core.shell:Creating prefix util module '/home/jetson/ws_1/install/_local_setup_util_sh.py'
[13.611s] INFO:colcon.colcon_core.shell:Creating prefix chain script '/home/jetson/ws_1/install/setup.sh'
[13.619s] INFO:colcon.colcon_core.shell:Creating prefix script '/home/jetson/ws_1/install/local_setup.bash'
[13.622s] INFO:colcon.colcon_core.shell:Creating prefix chain script '/home/jetson/ws_1/install/setup.bash'
[13.630s] INFO:colcon.colcon_core.shell:Creating prefix script '/home/jetson/ws_1/install/local_setup.zsh'
[13.633s] INFO:colcon.colcon_core.shell:Creating prefix chain script '/home/jetson/ws_1/install/setup.zsh'
