[1.303s] DEBUG:colcon:Command line arguments: ['/usr/bin/colcon', 'build', '--packages-select', 'train_bringup', '--symlink-install']
[1.304s] DEBUG:colcon:Parsed command line arguments: Namespace(allow_overriding=[], ament_cmake_args=None, base_paths=['.'], build_base='build', catkin_cmake_args=None, catkin_skip_building_tests=False, cmake_args=None, cmake_clean_cache=False, cmake_clean_first=False, cmake_force_configure=False, cmake_target=None, cmake_target_skip_unavailable=False, continue_on_error=False, event_handlers=None, executor='parallel', ignore_user_meta=False, install_base='install', log_base=None, log_level=None, main=<bound method BuildVerb.main of <colcon_core.verb.build.BuildVerb object at 0xffffb9dc4cd0>>, merge_install=False, metas=['./colcon.meta'], mixin=None, mixin_files=None, mixin_verb=('build',), packages_above=None, packages_above_and_dependencies=None, packages_above_depth=None, packages_end=None, packages_ignore=None, packages_ignore_regex=None, packages_select=['train_bringup'], packages_select_build_failed=False, packages_select_by_dep=None, packages_select_regex=None, packages_select_test_failures=False, packages_skip=None, packages_skip_build_finished=False, packages_skip_by_dep=None, packages_skip_regex=None, packages_skip_test_passed=False, packages_skip_up_to=None, packages_start=None, packages_up_to=None, packages_up_to_regex=None, parallel_workers=6, paths=None, symlink_install=True, test_result_base=None, verb_extension=<colcon_core.verb.build.BuildVerb object at 0xffffb9dc4cd0>, verb_name='build', verb_parser=<colcon_mixin.mixin.mixin_argument.MixinArgumentDecorator object at 0xffffb9d18c70>)
[2.385s] Level 1:colcon.colcon_core.package_discovery:discover_packages(colcon_meta) check parameters
[2.386s] Level 1:colcon.colcon_core.package_discovery:discover_packages(recursive) check parameters
[2.386s] Level 1:colcon.colcon_core.package_discovery:discover_packages(ignore) check parameters
[2.386s] Level 1:colcon.colcon_core.package_discovery:discover_packages(path) check parameters
[2.387s] Level 1:colcon.colcon_core.package_discovery:discover_packages(colcon_meta) discover
[2.387s] Level 1:colcon.colcon_core.package_discovery:discover_packages(recursive) discover
[2.388s] INFO:colcon.colcon_core.package_discovery:Crawling recursively for packages in '/home/jetson/ws_1'
[2.389s] Level 1:colcon.colcon_core.package_identification:_identify(.) by extensions ['ignore', 'ignore_ament_install']
[2.389s] Level 1:colcon.colcon_core.package_identification:_identify(.) by extension 'ignore'
[2.390s] Level 1:colcon.colcon_core.package_identification:_identify(.) by extension 'ignore_ament_install'
[2.390s] Level 1:colcon.colcon_core.package_identification:_identify(.) by extensions ['colcon_pkg']
[2.390s] Level 1:colcon.colcon_core.package_identification:_identify(.) by extension 'colcon_pkg'
[2.391s] Level 1:colcon.colcon_core.package_identification:_identify(.) by extensions ['colcon_meta']
[2.391s] Level 1:colcon.colcon_core.package_identification:_identify(.) by extension 'colcon_meta'
[2.391s] Level 1:colcon.colcon_core.package_identification:_identify(.) by extensions ['ros']
[2.391s] Level 1:colcon.colcon_core.package_identification:_identify(.) by extension 'ros'
[2.464s] Level 1:colcon.colcon_core.package_identification:_identify(.) by extensions ['cmake', 'python']
[2.465s] Level 1:colcon.colcon_core.package_identification:_identify(.) by extension 'cmake'
[2.466s] Level 1:colcon.colcon_core.package_identification:_identify(.) by extension 'python'
[2.466s] Level 1:colcon.colcon_core.package_identification:_identify(.) by extensions ['python_setup_py']
[2.467s] Level 1:colcon.colcon_core.package_identification:_identify(.) by extension 'python_setup_py'
[2.468s] Level 1:colcon.colcon_core.package_identification:_identify(build) by extensions ['ignore', 'ignore_ament_install']
[2.468s] Level 1:colcon.colcon_core.package_identification:_identify(build) by extension 'ignore'
[2.469s] Level 1:colcon.colcon_core.package_identification:_identify(build) ignored
[2.470s] Level 1:colcon.colcon_core.package_identification:_identify(install) by extensions ['ignore', 'ignore_ament_install']
[2.471s] Level 1:colcon.colcon_core.package_identification:_identify(install) by extension 'ignore'
[2.471s] Level 1:colcon.colcon_core.package_identification:_identify(install) ignored
[2.472s] Level 1:colcon.colcon_core.package_identification:_identify(log) by extensions ['ignore', 'ignore_ament_install']
[2.473s] Level 1:colcon.colcon_core.package_identification:_identify(log) by extension 'ignore'
[2.473s] Level 1:colcon.colcon_core.package_identification:_identify(log) ignored
[2.474s] Level 1:colcon.colcon_core.package_identification:_identify(src) by extensions ['ignore', 'ignore_ament_install']
[2.474s] Level 1:colcon.colcon_core.package_identification:_identify(src) by extension 'ignore'
[2.475s] Level 1:colcon.colcon_core.package_identification:_identify(src) by extension 'ignore_ament_install'
[2.475s] Level 1:colcon.colcon_core.package_identification:_identify(src) by extensions ['colcon_pkg']
[2.475s] Level 1:colcon.colcon_core.package_identification:_identify(src) by extension 'colcon_pkg'
[2.476s] Level 1:colcon.colcon_core.package_identification:_identify(src) by extensions ['colcon_meta']
[2.476s] Level 1:colcon.colcon_core.package_identification:_identify(src) by extension 'colcon_meta'
[2.477s] Level 1:colcon.colcon_core.package_identification:_identify(src) by extensions ['ros']
[2.477s] Level 1:colcon.colcon_core.package_identification:_identify(src) by extension 'ros'
[2.477s] Level 1:colcon.colcon_core.package_identification:_identify(src) by extensions ['cmake', 'python']
[2.478s] Level 1:colcon.colcon_core.package_identification:_identify(src) by extension 'cmake'
[2.478s] Level 1:colcon.colcon_core.package_identification:_identify(src) by extension 'python'
[2.478s] Level 1:colcon.colcon_core.package_identification:_identify(src) by extensions ['python_setup_py']
[2.479s] Level 1:colcon.colcon_core.package_identification:_identify(src) by extension 'python_setup_py'
[2.479s] Level 1:colcon.colcon_core.package_identification:_identify(src/lidar_avoidance) by extensions ['ignore', 'ignore_ament_install']
[2.480s] Level 1:colcon.colcon_core.package_identification:_identify(src/lidar_avoidance) by extension 'ignore'
[2.480s] Level 1:colcon.colcon_core.package_identification:_identify(src/lidar_avoidance) by extension 'ignore_ament_install'
[2.481s] Level 1:colcon.colcon_core.package_identification:_identify(src/lidar_avoidance) by extensions ['colcon_pkg']
[2.481s] Level 1:colcon.colcon_core.package_identification:_identify(src/lidar_avoidance) by extension 'colcon_pkg'
[2.481s] Level 1:colcon.colcon_core.package_identification:_identify(src/lidar_avoidance) by extensions ['colcon_meta']
[2.481s] Level 1:colcon.colcon_core.package_identification:_identify(src/lidar_avoidance) by extension 'colcon_meta'
[2.482s] Level 1:colcon.colcon_core.package_identification:_identify(src/lidar_avoidance) by extensions ['ros']
[2.482s] Level 1:colcon.colcon_core.package_identification:_identify(src/lidar_avoidance) by extension 'ros'
[2.496s] DEBUG:colcon.colcon_core.package_identification:Package 'src/lidar_avoidance' with type 'ros.ament_python' and name 'lidar_avoidance'
[2.497s] Level 1:colcon.colcon_core.package_identification:_identify(src/livox_ros_driver2) by extensions ['ignore', 'ignore_ament_install']
[2.498s] Level 1:colcon.colcon_core.package_identification:_identify(src/livox_ros_driver2) by extension 'ignore'
[2.498s] Level 1:colcon.colcon_core.package_identification:_identify(src/livox_ros_driver2) by extension 'ignore_ament_install'
[2.498s] Level 1:colcon.colcon_core.package_identification:_identify(src/livox_ros_driver2) by extensions ['colcon_pkg']
[2.499s] Level 1:colcon.colcon_core.package_identification:_identify(src/livox_ros_driver2) by extension 'colcon_pkg'
[2.499s] Level 1:colcon.colcon_core.package_identification:_identify(src/livox_ros_driver2) by extensions ['colcon_meta']
[2.499s] Level 1:colcon.colcon_core.package_identification:_identify(src/livox_ros_driver2) by extension 'colcon_meta'
[2.500s] Level 1:colcon.colcon_core.package_identification:_identify(src/livox_ros_driver2) by extensions ['ros']
[2.501s] Level 1:colcon.colcon_core.package_identification:_identify(src/livox_ros_driver2) by extension 'ros'
[2.509s] DEBUG:colcon.colcon_core.package_identification:Package 'src/livox_ros_driver2' with type 'ros.ament_cmake' and name 'livox_ros_driver2'
[2.510s] Level 1:colcon.colcon_core.package_identification:_identify(src/train_bringup) by extensions ['ignore', 'ignore_ament_install']
[2.510s] Level 1:colcon.colcon_core.package_identification:_identify(src/train_bringup) by extension 'ignore'
[2.511s] Level 1:colcon.colcon_core.package_identification:_identify(src/train_bringup) by extension 'ignore_ament_install'
[2.511s] Level 1:colcon.colcon_core.package_identification:_identify(src/train_bringup) by extensions ['colcon_pkg']
[2.511s] Level 1:colcon.colcon_core.package_identification:_identify(src/train_bringup) by extension 'colcon_pkg'
[2.512s] Level 1:colcon.colcon_core.package_identification:_identify(src/train_bringup) by extensions ['colcon_meta']
[2.512s] Level 1:colcon.colcon_core.package_identification:_identify(src/train_bringup) by extension 'colcon_meta'
[2.512s] Level 1:colcon.colcon_core.package_identification:_identify(src/train_bringup) by extensions ['ros']
[2.513s] Level 1:colcon.colcon_core.package_identification:_identify(src/train_bringup) by extension 'ros'
[2.516s] DEBUG:colcon.colcon_core.package_identification:Package 'src/train_bringup' with type 'ros.ament_python' and name 'train_bringup'
[2.517s] Level 1:colcon.colcon_core.package_identification:_identify(src/train_control) by extensions ['ignore', 'ignore_ament_install']
[2.518s] Level 1:colcon.colcon_core.package_identification:_identify(src/train_control) by extension 'ignore'
[2.518s] Level 1:colcon.colcon_core.package_identification:_identify(src/train_control) by extension 'ignore_ament_install'
[2.519s] Level 1:colcon.colcon_core.package_identification:_identify(src/train_control) by extensions ['colcon_pkg']
[2.519s] Level 1:colcon.colcon_core.package_identification:_identify(src/train_control) by extension 'colcon_pkg'
[2.519s] Level 1:colcon.colcon_core.package_identification:_identify(src/train_control) by extensions ['colcon_meta']
[2.519s] Level 1:colcon.colcon_core.package_identification:_identify(src/train_control) by extension 'colcon_meta'
[2.520s] Level 1:colcon.colcon_core.package_identification:_identify(src/train_control) by extensions ['ros']
[2.520s] Level 1:colcon.colcon_core.package_identification:_identify(src/train_control) by extension 'ros'
[2.525s] DEBUG:colcon.colcon_core.package_identification:Package 'src/train_control' with type 'ros.ament_python' and name 'train_control'
[2.526s] Level 1:colcon.colcon_core.package_identification:_identify(src/train_vision) by extensions ['ignore', 'ignore_ament_install']
[2.527s] Level 1:colcon.colcon_core.package_identification:_identify(src/train_vision) by extension 'ignore'
[2.527s] Level 1:colcon.colcon_core.package_identification:_identify(src/train_vision) by extension 'ignore_ament_install'
[2.527s] Level 1:colcon.colcon_core.package_identification:_identify(src/train_vision) by extensions ['colcon_pkg']
[2.528s] Level 1:colcon.colcon_core.package_identification:_identify(src/train_vision) by extension 'colcon_pkg'
[2.528s] Level 1:colcon.colcon_core.package_identification:_identify(src/train_vision) by extensions ['colcon_meta']
[2.528s] Level 1:colcon.colcon_core.package_identification:_identify(src/train_vision) by extension 'colcon_meta'
[2.529s] Level 1:colcon.colcon_core.package_identification:_identify(src/train_vision) by extensions ['ros']
[2.529s] Level 1:colcon.colcon_core.package_identification:_identify(src/train_vision) by extension 'ros'
[2.535s] DEBUG:colcon.colcon_core.package_identification:Package 'src/train_vision' with type 'ros.ament_python' and name 'train_vision'
[2.535s] Level 1:colcon.colcon_core.package_discovery:discover_packages(recursive) using defaults
[2.535s] Level 1:colcon.colcon_core.package_discovery:discover_packages(ignore) discover
[2.536s] Level 1:colcon.colcon_core.package_discovery:discover_packages(ignore) using defaults
[2.536s] Level 1:colcon.colcon_core.package_discovery:discover_packages(path) discover
[2.536s] Level 1:colcon.colcon_core.package_discovery:discover_packages(path) using defaults
[2.675s] INFO:colcon.colcon_core.package_selection:Skipping not selected package 'livox_ros_driver2' in 'src/livox_ros_driver2'
[2.675s] INFO:colcon.colcon_core.package_selection:Skipping not selected package 'train_control' in 'src/train_control'
[2.676s] INFO:colcon.colcon_core.package_selection:Skipping not selected package 'train_vision' in 'src/train_vision'
[2.676s] INFO:colcon.colcon_core.package_selection:Skipping not selected package 'lidar_avoidance' in 'src/lidar_avoidance'
[2.678s] Level 1:colcon.colcon_core.package_discovery:discover_packages(prefix_path) check parameters
[2.679s] Level 1:colcon.colcon_core.package_discovery:discover_packages(prefix_path) discover
[2.692s] DEBUG:colcon.colcon_installed_package_information.package_discovery:Found 5 installed packages in /home/jetson/ws_1/install
[2.705s] DEBUG:colcon.colcon_installed_package_information.package_discovery:Found 258 installed packages in /opt/ros/foxy
[2.715s] Level 1:colcon.colcon_core.package_discovery:discover_packages(prefix_path) using defaults
[3.111s] Level 5:colcon.colcon_core.verb:set package 'train_bringup' build argument 'cmake_args' from command line to 'None'
[3.111s] Level 5:colcon.colcon_core.verb:set package 'train_bringup' build argument 'cmake_target' from command line to 'None'
[3.112s] Level 5:colcon.colcon_core.verb:set package 'train_bringup' build argument 'cmake_target_skip_unavailable' from command line to 'False'
[3.112s] Level 5:colcon.colcon_core.verb:set package 'train_bringup' build argument 'cmake_clean_cache' from command line to 'False'
[3.112s] Level 5:colcon.colcon_core.verb:set package 'train_bringup' build argument 'cmake_clean_first' from command line to 'False'
[3.113s] Level 5:colcon.colcon_core.verb:set package 'train_bringup' build argument 'cmake_force_configure' from command line to 'False'
[3.113s] Level 5:colcon.colcon_core.verb:set package 'train_bringup' build argument 'ament_cmake_args' from command line to 'None'
[3.113s] Level 5:colcon.colcon_core.verb:set package 'train_bringup' build argument 'catkin_cmake_args' from command line to 'None'
[3.113s] Level 5:colcon.colcon_core.verb:set package 'train_bringup' build argument 'catkin_skip_building_tests' from command line to 'False'
[3.114s] DEBUG:colcon.colcon_core.verb:Building package 'train_bringup' with the following arguments: {'ament_cmake_args': None, 'build_base': '/home/jetson/ws_1/build/train_bringup', 'catkin_cmake_args': None, 'catkin_skip_building_tests': False, 'cmake_args': None, 'cmake_clean_cache': False, 'cmake_clean_first': False, 'cmake_force_configure': False, 'cmake_target': None, 'cmake_target_skip_unavailable': False, 'install_base': '/home/jetson/ws_1/install/train_bringup', 'merge_install': False, 'path': '/home/jetson/ws_1/src/train_bringup', 'symlink_install': True, 'test_result_base': None}
[3.114s] INFO:colcon.colcon_core.executor:Executing jobs using 'parallel' executor
[3.120s] DEBUG:colcon.colcon_parallel_executor.executor.parallel:run_until_complete
[3.122s] INFO:colcon.colcon_ros.task.ament_python.build:Building ROS package in '/home/jetson/ws_1/src/train_bringup' with build type 'ament_python'
[3.124s] Level 1:colcon.colcon_core.shell:create_environment_hook('train_bringup', 'ament_prefix_path')
[3.140s] INFO:colcon.colcon_core.plugin_system:Skipping extension 'colcon_core.shell.bat': Not used on non-Windows systems
[3.142s] INFO:colcon.colcon_core.shell:Creating environment hook '/home/jetson/ws_1/install/train_bringup/share/train_bringup/hook/ament_prefix_path.ps1'
[3.146s] INFO:colcon.colcon_core.shell:Creating environment descriptor '/home/jetson/ws_1/install/train_bringup/share/train_bringup/hook/ament_prefix_path.dsv'
[3.158s] INFO:colcon.colcon_core.shell:Creating environment hook '/home/jetson/ws_1/install/train_bringup/share/train_bringup/hook/ament_prefix_path.sh'
[3.163s] INFO:colcon.colcon_core.shell:Skip shell extension 'powershell' for command environment: Not usable outside of PowerShell
[3.163s] DEBUG:colcon.colcon_core.shell:Skip shell extension 'dsv' for command environment
[5.055s] INFO:colcon.colcon_core.task.python.build:Building Python package in '/home/jetson/ws_1/src/train_bringup'
[5.071s] INFO:colcon.colcon_core.shell:Skip shell extension 'powershell' for command environment: Not usable outside of PowerShell
[5.072s] DEBUG:colcon.colcon_core.shell:Skip shell extension 'dsv' for command environment
[7.834s] DEBUG:colcon.colcon_core.event_handler.log_command:Invoking command in '/home/jetson/ws_1/build/train_bringup': PYTHONPATH=/home/jetson/ws_1/build/train_bringup/prefix_override:/usr/lib/python3/dist-packages/colcon_core/task/python/colcon_distutils_commands:/home/jetson/ws_1/install/train_bringup/lib/python3.8/site-packages:${PYTHONPATH} /usr/bin/python3 -W ignore:setup.py install is deprecated -W ignore:easy_install command is deprecated setup.py develop --editable --build-directory /home/jetson/ws_1/build/train_bringup/build --no-deps symlink_data
[11.313s] Level 1:colcon.colcon_core.shell:create_environment_hook('train_bringup', 'pythonpath_develop')
[11.318s] INFO:colcon.colcon_core.shell:Creating environment hook '/home/jetson/ws_1/build/train_bringup/share/train_bringup/hook/pythonpath_develop.ps1'
[11.322s] DEBUG:colcon.colcon_core.event_handler.log_command:Invoked command in '/home/jetson/ws_1/build/train_bringup' returned '0': PYTHONPATH=/home/jetson/ws_1/build/train_bringup/prefix_override:/usr/lib/python3/dist-packages/colcon_core/task/python/colcon_distutils_commands:/home/jetson/ws_1/install/train_bringup/lib/python3.8/site-packages:${PYTHONPATH} /usr/bin/python3 -W ignore:setup.py install is deprecated -W ignore:easy_install command is deprecated setup.py develop --editable --build-directory /home/jetson/ws_1/build/train_bringup/build --no-deps symlink_data
[11.326s] INFO:colcon.colcon_core.shell:Creating environment descriptor '/home/jetson/ws_1/build/train_bringup/share/train_bringup/hook/pythonpath_develop.dsv'
[11.333s] INFO:colcon.colcon_core.shell:Creating environment hook '/home/jetson/ws_1/build/train_bringup/share/train_bringup/hook/pythonpath_develop.sh'
[11.358s] Level 1:colcon.colcon_core.environment:checking '/home/jetson/ws_1/install/train_bringup' for CMake module files
[11.362s] Level 1:colcon.colcon_core.environment:checking '/home/jetson/ws_1/install/train_bringup' for CMake config files
[11.369s] Level 1:colcon.colcon_core.environment:checking '/home/jetson/ws_1/install/train_bringup/lib'
[11.370s] Level 1:colcon.colcon_core.environment:checking '/home/jetson/ws_1/install/train_bringup/bin'
[11.370s] Level 1:colcon.colcon_core.environment:checking '/home/jetson/ws_1/install/train_bringup/lib/pkgconfig/train_bringup.pc'
[11.373s] Level 1:colcon.colcon_core.environment:checking '/home/jetson/ws_1/install/train_bringup/lib/python3.8/site-packages'
[11.373s] Level 1:colcon.colcon_core.shell:create_environment_hook('train_bringup', 'pythonpath')
[11.375s] INFO:colcon.colcon_core.shell:Creating environment hook '/home/jetson/ws_1/install/train_bringup/share/train_bringup/hook/pythonpath.ps1'
[11.378s] INFO:colcon.colcon_core.shell:Creating environment descriptor '/home/jetson/ws_1/install/train_bringup/share/train_bringup/hook/pythonpath.dsv'
[11.380s] INFO:colcon.colcon_core.shell:Creating environment hook '/home/jetson/ws_1/install/train_bringup/share/train_bringup/hook/pythonpath.sh'
[11.384s] Level 1:colcon.colcon_core.environment:checking '/home/jetson/ws_1/install/train_bringup/bin'
[11.384s] Level 1:colcon.colcon_core.environment:create_environment_scripts_only(train_bringup)
[11.386s] INFO:colcon.colcon_core.shell:Creating package script '/home/jetson/ws_1/install/train_bringup/share/train_bringup/package.ps1'
[11.394s] INFO:colcon.colcon_core.shell:Creating package descriptor '/home/jetson/ws_1/install/train_bringup/share/train_bringup/package.dsv'
[11.397s] INFO:colcon.colcon_core.shell:Creating package script '/home/jetson/ws_1/install/train_bringup/share/train_bringup/package.sh'
[11.401s] INFO:colcon.colcon_core.shell:Creating package script '/home/jetson/ws_1/install/train_bringup/share/train_bringup/package.bash'
[11.406s] INFO:colcon.colcon_core.shell:Creating package script '/home/jetson/ws_1/install/train_bringup/share/train_bringup/package.zsh'
[11.410s] Level 1:colcon.colcon_core.environment:create_file_with_runtime_dependencies(/home/jetson/ws_1/install/train_bringup/share/colcon-core/packages/train_bringup)
[11.413s] DEBUG:colcon.colcon_parallel_executor.executor.parallel:closing loop
[11.415s] DEBUG:colcon.colcon_parallel_executor.executor.parallel:loop closed
[11.416s] DEBUG:colcon.colcon_parallel_executor.executor.parallel:run_until_complete finished with '0'
[11.417s] DEBUG:colcon.colcon_core.event_reactor:joining thread
[11.420s] DEBUG:colcon.colcon_core.event_reactor:joined thread
[11.422s] INFO:colcon.colcon_core.shell:Creating prefix script '/home/jetson/ws_1/install/local_setup.ps1'
[11.427s] INFO:colcon.colcon_core.shell:Creating prefix util module '/home/jetson/ws_1/install/_local_setup_util_ps1.py'
[11.434s] INFO:colcon.colcon_core.shell:Creating prefix chain script '/home/jetson/ws_1/install/setup.ps1'
[11.442s] INFO:colcon.colcon_core.shell:Creating prefix script '/home/jetson/ws_1/install/local_setup.sh'
[11.445s] INFO:colcon.colcon_core.shell:Creating prefix util module '/home/jetson/ws_1/install/_local_setup_util_sh.py'
[11.449s] INFO:colcon.colcon_core.shell:Creating prefix chain script '/home/jetson/ws_1/install/setup.sh'
[11.457s] INFO:colcon.colcon_core.shell:Creating prefix script '/home/jetson/ws_1/install/local_setup.bash'
[11.460s] INFO:colcon.colcon_core.shell:Creating prefix chain script '/home/jetson/ws_1/install/setup.bash'
[11.468s] INFO:colcon.colcon_core.shell:Creating prefix script '/home/jetson/ws_1/install/local_setup.zsh'
[11.471s] INFO:colcon.colcon_core.shell:Creating prefix chain script '/home/jetson/ws_1/install/setup.zsh'
