[4.418s] Invoking command in '/home/jetson/ws_1/src/train_vision': PYTHONPATH=/home/jetson/ws_1/build/train_vision/prefix_override:/usr/lib/python3/dist-packages/colcon_core/task/python/colcon_distutils_commands:/home/jetson/ws_1/install/train_vision/lib/python3.8/site-packages:${PYTHONPATH} /usr/bin/python3 -W ignore:setup.py install is deprecated -W ignore:easy_install command is deprecated setup.py egg_info --egg-base ../../build/train_vision build --build-base /home/jetson/ws_1/build/train_vision/build install --record /home/jetson/ws_1/build/train_vision/install.log --install-scripts $base/lib/train_vision --single-version-externally-managed install_data
[5.986s] running egg_info
[5.988s] writing ../../build/train_vision/train_vision.egg-info/PKG-INFO
[5.990s] writing dependency_links to ../../build/train_vision/train_vision.egg-info/dependency_links.txt
[5.991s] writing entry points to ../../build/train_vision/train_vision.egg-info/entry_points.txt
[6.001s] writing requirements to ../../build/train_vision/train_vision.egg-info/requires.txt
[6.002s] writing top-level names to ../../build/train_vision/train_vision.egg-info/top_level.txt
[6.196s] reading manifest file '../../build/train_vision/train_vision.egg-info/SOURCES.txt'
[6.201s] writing manifest file '../../build/train_vision/train_vision.egg-info/SOURCES.txt'
[6.202s] running build
[6.203s] running build_py
[6.210s] copying train_vision/camera_node.py -> /home/jetson/ws_1/build/train_vision/build/lib/train_vision
[6.212s] running install
[6.218s] running install_lib
[6.224s] copying /home/jetson/ws_1/build/train_vision/build/lib/train_vision/camera_node.py -> /home/jetson/ws_1/install/train_vision/lib/python3.8/site-packages/train_vision
[6.228s] byte-compiling /home/jetson/ws_1/install/train_vision/lib/python3.8/site-packages/train_vision/camera_node.py to camera_node.cpython-38.pyc
[6.237s] running install_data
[6.238s] running install_egg_info
[6.249s] removing '/home/jetson/ws_1/install/train_vision/lib/python3.8/site-packages/train_vision-0.0.0-py3.8.egg-info' (and everything under it)
[6.251s] Copying ../../build/train_vision/train_vision.egg-info to /home/jetson/ws_1/install/train_vision/lib/python3.8/site-packages/train_vision-0.0.0-py3.8.egg-info
[6.259s] running install_scripts
[6.356s] Installing camera script to /home/jetson/ws_1/install/train_vision/lib/train_vision
[6.357s] writing list of installed files to '/home/jetson/ws_1/build/train_vision/install.log'
[6.484s] Invoked command in '/home/jetson/ws_1/src/train_vision' returned '0': PYTHONPATH=/home/jetson/ws_1/build/train_vision/prefix_override:/usr/lib/python3/dist-packages/colcon_core/task/python/colcon_distutils_commands:/home/jetson/ws_1/install/train_vision/lib/python3.8/site-packages:${PYTHONPATH} /usr/bin/python3 -W ignore:setup.py install is deprecated -W ignore:easy_install command is deprecated setup.py egg_info --egg-base ../../build/train_vision build --build-base /home/jetson/ws_1/build/train_vision/build install --record /home/jetson/ws_1/build/train_vision/install.log --install-scripts $base/lib/train_vision --single-version-externally-managed install_data
