[1.172s] DEBUG:colcon:Command line arguments: ['/usr/bin/colcon', 'build']
[1.172s] DEBUG:colcon:Parsed command line arguments: Namespace(allow_overriding=[], ament_cmake_args=None, base_paths=['.'], build_base='build', catkin_cmake_args=None, catkin_skip_building_tests=False, cmake_args=None, cmake_clean_cache=False, cmake_clean_first=False, cmake_force_configure=False, cmake_target=None, cmake_target_skip_unavailable=False, continue_on_error=False, event_handlers=None, executor='parallel', ignore_user_meta=False, install_base='install', log_base=None, log_level=None, main=<bound method BuildVerb.main of <colcon_core.verb.build.BuildVerb object at 0xffffa5dfda60>>, merge_install=False, metas=['./colcon.meta'], mixin=None, mixin_files=None, mixin_verb=('build',), packages_above=None, packages_above_and_dependencies=None, packages_above_depth=None, packages_end=None, packages_ignore=None, packages_ignore_regex=None, packages_select=None, packages_select_build_failed=False, packages_select_by_dep=None, packages_select_regex=None, packages_select_test_failures=False, packages_skip=None, packages_skip_build_finished=False, packages_skip_by_dep=None, packages_skip_regex=None, packages_skip_test_passed=False, packages_skip_up_to=None, packages_start=None, packages_up_to=None, packages_up_to_regex=None, parallel_workers=6, paths=None, symlink_install=False, test_result_base=None, verb_extension=<colcon_core.verb.build.BuildVerb object at 0xffffa5dfda60>, verb_name='build', verb_parser=<colcon_mixin.mixin.mixin_argument.MixinArgumentDecorator object at 0xffffa5d59a00>)
[2.182s] Level 1:colcon.colcon_core.package_discovery:discover_packages(colcon_meta) check parameters
[2.183s] Level 1:colcon.colcon_core.package_discovery:discover_packages(recursive) check parameters
[2.183s] Level 1:colcon.colcon_core.package_discovery:discover_packages(ignore) check parameters
[2.183s] Level 1:colcon.colcon_core.package_discovery:discover_packages(path) check parameters
[2.184s] Level 1:colcon.colcon_core.package_discovery:discover_packages(colcon_meta) discover
[2.184s] Level 1:colcon.colcon_core.package_discovery:discover_packages(recursive) discover
[2.184s] INFO:colcon.colcon_core.package_discovery:Crawling recursively for packages in '/home/jetson/ws_1'
[2.185s] Level 1:colcon.colcon_core.package_identification:_identify(.) by extensions ['ignore', 'ignore_ament_install']
[2.186s] Level 1:colcon.colcon_core.package_identification:_identify(.) by extension 'ignore'
[2.186s] Level 1:colcon.colcon_core.package_identification:_identify(.) by extension 'ignore_ament_install'
[2.186s] Level 1:colcon.colcon_core.package_identification:_identify(.) by extensions ['colcon_pkg']
[2.187s] Level 1:colcon.colcon_core.package_identification:_identify(.) by extension 'colcon_pkg'
[2.187s] Level 1:colcon.colcon_core.package_identification:_identify(.) by extensions ['colcon_meta']
[2.187s] Level 1:colcon.colcon_core.package_identification:_identify(.) by extension 'colcon_meta'
[2.188s] Level 1:colcon.colcon_core.package_identification:_identify(.) by extensions ['ros']
[2.188s] Level 1:colcon.colcon_core.package_identification:_identify(.) by extension 'ros'
[2.256s] Level 1:colcon.colcon_core.package_identification:_identify(.) by extensions ['cmake', 'python']
[2.257s] Level 1:colcon.colcon_core.package_identification:_identify(.) by extension 'cmake'
[2.257s] Level 1:colcon.colcon_core.package_identification:_identify(.) by extension 'python'
[2.258s] Level 1:colcon.colcon_core.package_identification:_identify(.) by extensions ['python_setup_py']
[2.258s] Level 1:colcon.colcon_core.package_identification:_identify(.) by extension 'python_setup_py'
[2.259s] Level 1:colcon.colcon_core.package_identification:_identify(build) by extensions ['ignore', 'ignore_ament_install']
[2.259s] Level 1:colcon.colcon_core.package_identification:_identify(build) by extension 'ignore'
[2.260s] Level 1:colcon.colcon_core.package_identification:_identify(build) ignored
[2.261s] Level 1:colcon.colcon_core.package_identification:_identify(install) by extensions ['ignore', 'ignore_ament_install']
[2.261s] Level 1:colcon.colcon_core.package_identification:_identify(install) by extension 'ignore'
[2.262s] Level 1:colcon.colcon_core.package_identification:_identify(install) ignored
[2.262s] Level 1:colcon.colcon_core.package_identification:_identify(log) by extensions ['ignore', 'ignore_ament_install']
[2.263s] Level 1:colcon.colcon_core.package_identification:_identify(log) by extension 'ignore'
[2.263s] Level 1:colcon.colcon_core.package_identification:_identify(log) ignored
[2.264s] Level 1:colcon.colcon_core.package_identification:_identify(src) by extensions ['ignore', 'ignore_ament_install']
[2.264s] Level 1:colcon.colcon_core.package_identification:_identify(src) by extension 'ignore'
[2.265s] Level 1:colcon.colcon_core.package_identification:_identify(src) by extension 'ignore_ament_install'
[2.265s] Level 1:colcon.colcon_core.package_identification:_identify(src) by extensions ['colcon_pkg']
[2.265s] Level 1:colcon.colcon_core.package_identification:_identify(src) by extension 'colcon_pkg'
[2.266s] Level 1:colcon.colcon_core.package_identification:_identify(src) by extensions ['colcon_meta']
[2.266s] Level 1:colcon.colcon_core.package_identification:_identify(src) by extension 'colcon_meta'
[2.266s] Level 1:colcon.colcon_core.package_identification:_identify(src) by extensions ['ros']
[2.266s] Level 1:colcon.colcon_core.package_identification:_identify(src) by extension 'ros'
[2.267s] Level 1:colcon.colcon_core.package_identification:_identify(src) by extensions ['cmake', 'python']
[2.267s] Level 1:colcon.colcon_core.package_identification:_identify(src) by extension 'cmake'
[2.267s] Level 1:colcon.colcon_core.package_identification:_identify(src) by extension 'python'
[2.268s] Level 1:colcon.colcon_core.package_identification:_identify(src) by extensions ['python_setup_py']
[2.268s] Level 1:colcon.colcon_core.package_identification:_identify(src) by extension 'python_setup_py'
[2.269s] Level 1:colcon.colcon_core.package_identification:_identify(src/lidar_avoidance) by extensions ['ignore', 'ignore_ament_install']
[2.269s] Level 1:colcon.colcon_core.package_identification:_identify(src/lidar_avoidance) by extension 'ignore'
[2.269s] Level 1:colcon.colcon_core.package_identification:_identify(src/lidar_avoidance) by extension 'ignore_ament_install'
[2.270s] Level 1:colcon.colcon_core.package_identification:_identify(src/lidar_avoidance) by extensions ['colcon_pkg']
[2.270s] Level 1:colcon.colcon_core.package_identification:_identify(src/lidar_avoidance) by extension 'colcon_pkg'
[2.270s] Level 1:colcon.colcon_core.package_identification:_identify(src/lidar_avoidance) by extensions ['colcon_meta']
[2.271s] Level 1:colcon.colcon_core.package_identification:_identify(src/lidar_avoidance) by extension 'colcon_meta'
[2.271s] Level 1:colcon.colcon_core.package_identification:_identify(src/lidar_avoidance) by extensions ['ros']
[2.271s] Level 1:colcon.colcon_core.package_identification:_identify(src/lidar_avoidance) by extension 'ros'
[2.284s] DEBUG:colcon.colcon_core.package_identification:Package 'src/lidar_avoidance' with type 'ros.ament_python' and name 'lidar_avoidance'
[2.285s] Level 1:colcon.colcon_core.package_identification:_identify(src/livox_ros_driver2) by extensions ['ignore', 'ignore_ament_install']
[2.286s] Level 1:colcon.colcon_core.package_identification:_identify(src/livox_ros_driver2) by extension 'ignore'
[2.286s] Level 1:colcon.colcon_core.package_identification:_identify(src/livox_ros_driver2) by extension 'ignore_ament_install'
[2.286s] Level 1:colcon.colcon_core.package_identification:_identify(src/livox_ros_driver2) by extensions ['colcon_pkg']
[2.287s] Level 1:colcon.colcon_core.package_identification:_identify(src/livox_ros_driver2) by extension 'colcon_pkg'
[2.287s] Level 1:colcon.colcon_core.package_identification:_identify(src/livox_ros_driver2) by extensions ['colcon_meta']
[2.287s] Level 1:colcon.colcon_core.package_identification:_identify(src/livox_ros_driver2) by extension 'colcon_meta'
[2.287s] Level 1:colcon.colcon_core.package_identification:_identify(src/livox_ros_driver2) by extensions ['ros']
[2.288s] Level 1:colcon.colcon_core.package_identification:_identify(src/livox_ros_driver2) by extension 'ros'
[2.295s] DEBUG:colcon.colcon_core.package_identification:Package 'src/livox_ros_driver2' with type 'ros.ament_cmake' and name 'livox_ros_driver2'
[2.295s] Level 1:colcon.colcon_core.package_discovery:discover_packages(recursive) using defaults
[2.296s] Level 1:colcon.colcon_core.package_discovery:discover_packages(ignore) discover
[2.296s] Level 1:colcon.colcon_core.package_discovery:discover_packages(ignore) using defaults
[2.296s] Level 1:colcon.colcon_core.package_discovery:discover_packages(path) discover
[2.296s] Level 1:colcon.colcon_core.package_discovery:discover_packages(path) using defaults
[2.384s] Level 1:colcon.colcon_core.package_discovery:discover_packages(prefix_path) check parameters
[2.385s] Level 1:colcon.colcon_core.package_discovery:discover_packages(prefix_path) discover
[2.402s] DEBUG:colcon.colcon_installed_package_information.package_discovery:Found 2 installed packages in /home/jetson/ws_1/install
[2.416s] DEBUG:colcon.colcon_installed_package_information.package_discovery:Found 258 installed packages in /opt/ros/foxy
[2.466s] Level 1:colcon.colcon_core.package_discovery:discover_packages(prefix_path) using defaults
[2.864s] Level 5:colcon.colcon_core.verb:set package 'livox_ros_driver2' build argument 'cmake_args' from command line to 'None'
[2.865s] Level 5:colcon.colcon_core.verb:set package 'livox_ros_driver2' build argument 'cmake_target' from command line to 'None'
[2.865s] Level 5:colcon.colcon_core.verb:set package 'livox_ros_driver2' build argument 'cmake_target_skip_unavailable' from command line to 'False'
[2.865s] Level 5:colcon.colcon_core.verb:set package 'livox_ros_driver2' build argument 'cmake_clean_cache' from command line to 'False'
[2.865s] Level 5:colcon.colcon_core.verb:set package 'livox_ros_driver2' build argument 'cmake_clean_first' from command line to 'False'
[2.866s] Level 5:colcon.colcon_core.verb:set package 'livox_ros_driver2' build argument 'cmake_force_configure' from command line to 'False'
[2.866s] Level 5:colcon.colcon_core.verb:set package 'livox_ros_driver2' build argument 'ament_cmake_args' from command line to 'None'
[2.866s] Level 5:colcon.colcon_core.verb:set package 'livox_ros_driver2' build argument 'catkin_cmake_args' from command line to 'None'
[2.866s] Level 5:colcon.colcon_core.verb:set package 'livox_ros_driver2' build argument 'catkin_skip_building_tests' from command line to 'False'
[2.867s] DEBUG:colcon.colcon_core.verb:Building package 'livox_ros_driver2' with the following arguments: {'ament_cmake_args': None, 'build_base': '/home/jetson/ws_1/build/livox_ros_driver2', 'catkin_cmake_args': None, 'catkin_skip_building_tests': False, 'cmake_args': None, 'cmake_clean_cache': False, 'cmake_clean_first': False, 'cmake_force_configure': False, 'cmake_target': None, 'cmake_target_skip_unavailable': False, 'install_base': '/home/jetson/ws_1/install/livox_ros_driver2', 'merge_install': False, 'path': '/home/jetson/ws_1/src/livox_ros_driver2', 'symlink_install': False, 'test_result_base': None}
[2.869s] Level 5:colcon.colcon_core.verb:set package 'lidar_avoidance' build argument 'cmake_args' from command line to 'None'
[2.869s] Level 5:colcon.colcon_core.verb:set package 'lidar_avoidance' build argument 'cmake_target' from command line to 'None'
[2.869s] Level 5:colcon.colcon_core.verb:set package 'lidar_avoidance' build argument 'cmake_target_skip_unavailable' from command line to 'False'
[2.870s] Level 5:colcon.colcon_core.verb:set package 'lidar_avoidance' build argument 'cmake_clean_cache' from command line to 'False'
[2.870s] Level 5:colcon.colcon_core.verb:set package 'lidar_avoidance' build argument 'cmake_clean_first' from command line to 'False'
[2.870s] Level 5:colcon.colcon_core.verb:set package 'lidar_avoidance' build argument 'cmake_force_configure' from command line to 'False'
[2.870s] Level 5:colcon.colcon_core.verb:set package 'lidar_avoidance' build argument 'ament_cmake_args' from command line to 'None'
[2.870s] Level 5:colcon.colcon_core.verb:set package 'lidar_avoidance' build argument 'catkin_cmake_args' from command line to 'None'
[2.871s] Level 5:colcon.colcon_core.verb:set package 'lidar_avoidance' build argument 'catkin_skip_building_tests' from command line to 'False'
[2.871s] DEBUG:colcon.colcon_core.verb:Building package 'lidar_avoidance' with the following arguments: {'ament_cmake_args': None, 'build_base': '/home/jetson/ws_1/build/lidar_avoidance', 'catkin_cmake_args': None, 'catkin_skip_building_tests': False, 'cmake_args': None, 'cmake_clean_cache': False, 'cmake_clean_first': False, 'cmake_force_configure': False, 'cmake_target': None, 'cmake_target_skip_unavailable': False, 'install_base': '/home/jetson/ws_1/install/lidar_avoidance', 'merge_install': False, 'path': '/home/jetson/ws_1/src/lidar_avoidance', 'symlink_install': False, 'test_result_base': None}
[2.872s] INFO:colcon.colcon_core.executor:Executing jobs using 'parallel' executor
[2.878s] DEBUG:colcon.colcon_parallel_executor.executor.parallel:run_until_complete
[2.879s] INFO:colcon.colcon_ros.task.ament_cmake.build:Building ROS package in '/home/jetson/ws_1/src/livox_ros_driver2' with build type 'ament_cmake'
[2.880s] INFO:colcon.colcon_cmake.task.cmake.build:Building CMake package in '/home/jetson/ws_1/src/livox_ros_driver2'
[2.893s] INFO:colcon.colcon_core.plugin_system:Skipping extension 'colcon_core.shell.bat': Not used on non-Windows systems
[2.894s] INFO:colcon.colcon_core.shell:Skip shell extension 'powershell' for command environment: Not usable outside of PowerShell
[2.894s] DEBUG:colcon.colcon_core.shell:Skip shell extension 'dsv' for command environment
[3.051s] DEBUG:colcon.colcon_core.event_handler.log_command:Invoking command in '/home/jetson/ws_1/build/livox_ros_driver2': CMAKE_PREFIX_PATH=${CMAKE_PREFIX_PATH}:/home/jetson/ws_1/install/lidar_avoidance:/opt/ros/foxy /usr/bin/cmake --build /home/jetson/ws_1/build/livox_ros_driver2 -- -j6 -l6
[5.315s] DEBUG:colcon.colcon_core.event_handler.log_command:Invoked command in '/home/jetson/ws_1/build/livox_ros_driver2' returned '0': CMAKE_PREFIX_PATH=${CMAKE_PREFIX_PATH}:/home/jetson/ws_1/install/lidar_avoidance:/opt/ros/foxy /usr/bin/cmake --build /home/jetson/ws_1/build/livox_ros_driver2 -- -j6 -l6
[5.458s] DEBUG:colcon.colcon_core.event_handler.log_command:Invoking command in '/home/jetson/ws_1/build/livox_ros_driver2': CMAKE_PREFIX_PATH=${CMAKE_PREFIX_PATH}:/home/jetson/ws_1/install/lidar_avoidance:/opt/ros/foxy /usr/bin/cmake --install /home/jetson/ws_1/build/livox_ros_driver2
[5.942s] Level 1:colcon.colcon_core.environment:create_environment_scripts_only(livox_ros_driver2)
[5.952s] DEBUG:colcon.colcon_core.event_handler.log_command:Invoked command in '/home/jetson/ws_1/build/livox_ros_driver2' returned '0': CMAKE_PREFIX_PATH=${CMAKE_PREFIX_PATH}:/home/jetson/ws_1/install/lidar_avoidance:/opt/ros/foxy /usr/bin/cmake --install /home/jetson/ws_1/build/livox_ros_driver2
[5.987s] Level 1:colcon.colcon_core.environment:checking '/home/jetson/ws_1/install/livox_ros_driver2' for CMake module files
[5.993s] Level 1:colcon.colcon_core.environment:checking '/home/jetson/ws_1/install/livox_ros_driver2' for CMake config files
[5.996s] Level 1:colcon.colcon_core.shell:create_environment_hook('livox_ros_driver2', 'cmake_prefix_path')
[5.999s] INFO:colcon.colcon_core.shell:Creating environment hook '/home/jetson/ws_1/install/livox_ros_driver2/share/livox_ros_driver2/hook/cmake_prefix_path.ps1'
[6.005s] INFO:colcon.colcon_core.shell:Creating environment descriptor '/home/jetson/ws_1/install/livox_ros_driver2/share/livox_ros_driver2/hook/cmake_prefix_path.dsv'
[6.008s] INFO:colcon.colcon_core.shell:Creating environment hook '/home/jetson/ws_1/install/livox_ros_driver2/share/livox_ros_driver2/hook/cmake_prefix_path.sh'
[6.015s] Level 1:colcon.colcon_core.environment:checking '/home/jetson/ws_1/install/livox_ros_driver2/lib'
[6.017s] Level 1:colcon.colcon_core.shell:create_environment_hook('livox_ros_driver2', 'ld_library_path_lib')
[6.018s] INFO:colcon.colcon_core.shell:Creating environment hook '/home/jetson/ws_1/install/livox_ros_driver2/share/livox_ros_driver2/hook/ld_library_path_lib.ps1'
[6.022s] INFO:colcon.colcon_core.shell:Creating environment descriptor '/home/jetson/ws_1/install/livox_ros_driver2/share/livox_ros_driver2/hook/ld_library_path_lib.dsv'
[6.024s] INFO:colcon.colcon_core.shell:Creating environment hook '/home/jetson/ws_1/install/livox_ros_driver2/share/livox_ros_driver2/hook/ld_library_path_lib.sh'
[6.027s] Level 1:colcon.colcon_core.environment:checking '/home/jetson/ws_1/install/livox_ros_driver2/bin'
[6.027s] Level 1:colcon.colcon_core.environment:checking '/home/jetson/ws_1/install/livox_ros_driver2/lib/pkgconfig/livox_ros_driver2.pc'
[6.030s] Level 1:colcon.colcon_core.environment:checking '/home/jetson/ws_1/install/livox_ros_driver2/lib/python3.8/site-packages'
[6.030s] Level 1:colcon.colcon_core.shell:create_environment_hook('livox_ros_driver2', 'pythonpath')
[6.031s] INFO:colcon.colcon_core.shell:Creating environment hook '/home/jetson/ws_1/install/livox_ros_driver2/share/livox_ros_driver2/hook/pythonpath.ps1'
[6.035s] INFO:colcon.colcon_core.shell:Creating environment descriptor '/home/jetson/ws_1/install/livox_ros_driver2/share/livox_ros_driver2/hook/pythonpath.dsv'
[6.038s] INFO:colcon.colcon_core.shell:Creating environment hook '/home/jetson/ws_1/install/livox_ros_driver2/share/livox_ros_driver2/hook/pythonpath.sh'
[6.042s] Level 1:colcon.colcon_core.environment:checking '/home/jetson/ws_1/install/livox_ros_driver2/bin'
[6.044s] INFO:colcon.colcon_core.shell:Creating package script '/home/jetson/ws_1/install/livox_ros_driver2/share/livox_ros_driver2/package.ps1'
[6.051s] INFO:colcon.colcon_core.shell:Creating package descriptor '/home/jetson/ws_1/install/livox_ros_driver2/share/livox_ros_driver2/package.dsv'
[6.056s] INFO:colcon.colcon_core.shell:Creating package script '/home/jetson/ws_1/install/livox_ros_driver2/share/livox_ros_driver2/package.sh'
[6.061s] INFO:colcon.colcon_core.shell:Creating package script '/home/jetson/ws_1/install/livox_ros_driver2/share/livox_ros_driver2/package.bash'
[6.066s] INFO:colcon.colcon_core.shell:Creating package script '/home/jetson/ws_1/install/livox_ros_driver2/share/livox_ros_driver2/package.zsh'
[6.071s] Level 1:colcon.colcon_core.environment:create_file_with_runtime_dependencies(/home/jetson/ws_1/install/livox_ros_driver2/share/colcon-core/packages/livox_ros_driver2)
[6.077s] Level 1:colcon.colcon_core.environment:create_environment_scripts_only(livox_ros_driver2)
[6.079s] Level 1:colcon.colcon_core.environment:checking '/home/jetson/ws_1/install/livox_ros_driver2' for CMake module files
[6.084s] Level 1:colcon.colcon_core.environment:checking '/home/jetson/ws_1/install/livox_ros_driver2' for CMake config files
[6.087s] Level 1:colcon.colcon_core.shell:create_environment_hook('livox_ros_driver2', 'cmake_prefix_path')
[6.088s] INFO:colcon.colcon_core.shell:Creating environment hook '/home/jetson/ws_1/install/livox_ros_driver2/share/livox_ros_driver2/hook/cmake_prefix_path.ps1'
[6.091s] INFO:colcon.colcon_core.shell:Creating environment descriptor '/home/jetson/ws_1/install/livox_ros_driver2/share/livox_ros_driver2/hook/cmake_prefix_path.dsv'
[6.099s] INFO:colcon.colcon_core.shell:Creating environment hook '/home/jetson/ws_1/install/livox_ros_driver2/share/livox_ros_driver2/hook/cmake_prefix_path.sh'
[6.103s] Level 1:colcon.colcon_core.environment:checking '/home/jetson/ws_1/install/livox_ros_driver2/lib'
[6.103s] Level 1:colcon.colcon_core.shell:create_environment_hook('livox_ros_driver2', 'ld_library_path_lib')
[6.105s] INFO:colcon.colcon_core.shell:Creating environment hook '/home/jetson/ws_1/install/livox_ros_driver2/share/livox_ros_driver2/hook/ld_library_path_lib.ps1'
[6.108s] INFO:colcon.colcon_core.shell:Creating environment descriptor '/home/jetson/ws_1/install/livox_ros_driver2/share/livox_ros_driver2/hook/ld_library_path_lib.dsv'
[6.110s] INFO:colcon.colcon_core.shell:Creating environment hook '/home/jetson/ws_1/install/livox_ros_driver2/share/livox_ros_driver2/hook/ld_library_path_lib.sh'
[6.113s] Level 1:colcon.colcon_core.environment:checking '/home/jetson/ws_1/install/livox_ros_driver2/bin'
[6.113s] Level 1:colcon.colcon_core.environment:checking '/home/jetson/ws_1/install/livox_ros_driver2/lib/pkgconfig/livox_ros_driver2.pc'
[6.114s] Level 1:colcon.colcon_core.environment:checking '/home/jetson/ws_1/install/livox_ros_driver2/lib/python3.8/site-packages'
[6.114s] Level 1:colcon.colcon_core.shell:create_environment_hook('livox_ros_driver2', 'pythonpath')
[6.116s] INFO:colcon.colcon_core.shell:Creating environment hook '/home/jetson/ws_1/install/livox_ros_driver2/share/livox_ros_driver2/hook/pythonpath.ps1'
[6.118s] INFO:colcon.colcon_core.shell:Creating environment descriptor '/home/jetson/ws_1/install/livox_ros_driver2/share/livox_ros_driver2/hook/pythonpath.dsv'
[6.121s] INFO:colcon.colcon_core.shell:Creating environment hook '/home/jetson/ws_1/install/livox_ros_driver2/share/livox_ros_driver2/hook/pythonpath.sh'
[6.125s] Level 1:colcon.colcon_core.environment:checking '/home/jetson/ws_1/install/livox_ros_driver2/bin'
[6.127s] INFO:colcon.colcon_core.shell:Creating package script '/home/jetson/ws_1/install/livox_ros_driver2/share/livox_ros_driver2/package.ps1'
[6.132s] INFO:colcon.colcon_core.shell:Creating package descriptor '/home/jetson/ws_1/install/livox_ros_driver2/share/livox_ros_driver2/package.dsv'
[6.136s] INFO:colcon.colcon_core.shell:Creating package script '/home/jetson/ws_1/install/livox_ros_driver2/share/livox_ros_driver2/package.sh'
[6.139s] INFO:colcon.colcon_core.shell:Creating package script '/home/jetson/ws_1/install/livox_ros_driver2/share/livox_ros_driver2/package.bash'
[6.142s] INFO:colcon.colcon_core.shell:Creating package script '/home/jetson/ws_1/install/livox_ros_driver2/share/livox_ros_driver2/package.zsh'
[6.144s] Level 1:colcon.colcon_core.environment:create_file_with_runtime_dependencies(/home/jetson/ws_1/install/livox_ros_driver2/share/colcon-core/packages/livox_ros_driver2)
[6.147s] INFO:colcon.colcon_ros.task.ament_python.build:Building ROS package in '/home/jetson/ws_1/src/lidar_avoidance' with build type 'ament_python'
[6.148s] Level 1:colcon.colcon_core.shell:create_environment_hook('lidar_avoidance', 'ament_prefix_path')
[6.150s] INFO:colcon.colcon_core.shell:Creating environment hook '/home/jetson/ws_1/install/lidar_avoidance/share/lidar_avoidance/hook/ament_prefix_path.ps1'
[6.156s] INFO:colcon.colcon_core.shell:Creating environment descriptor '/home/jetson/ws_1/install/lidar_avoidance/share/lidar_avoidance/hook/ament_prefix_path.dsv'
[6.162s] INFO:colcon.colcon_core.shell:Creating environment hook '/home/jetson/ws_1/install/lidar_avoidance/share/lidar_avoidance/hook/ament_prefix_path.sh'
[6.167s] INFO:colcon.colcon_core.shell:Skip shell extension 'powershell' for command environment: Not usable outside of PowerShell
[6.167s] DEBUG:colcon.colcon_core.shell:Skip shell extension 'dsv' for command environment
[7.867s] INFO:colcon.colcon_core.task.python.build:Building Python package in '/home/jetson/ws_1/src/lidar_avoidance'
[7.876s] INFO:colcon.colcon_core.shell:Skip shell extension 'powershell' for command environment: Not usable outside of PowerShell
[7.877s] DEBUG:colcon.colcon_core.shell:Skip shell extension 'dsv' for command environment
[10.596s] DEBUG:colcon.colcon_core.event_handler.log_command:Invoking command in '/home/jetson/ws_1/src/lidar_avoidance': LD_LIBRARY_PATH=/home/jetson/ws_1/install/livox_ros_driver2/lib:/opt/ros/foxy/opt/yaml_cpp_vendor/lib:/opt/ros/foxy/opt/rviz_ogre_vendor/lib:/opt/ros/foxy/lib/aarch64-linux-gnu:/opt/ros/foxy/lib:/usr/local/cuda-11.4/lib64 PYTHONPATH=/home/jetson/ws_1/build/lidar_avoidance/prefix_override:/usr/lib/python3/dist-packages/colcon_core/task/python/colcon_distutils_commands:/home/jetson/ws_1/install/lidar_avoidance/lib/python3.8/site-packages:${PYTHONPATH} /usr/bin/python3 -W ignore:setup.py install is deprecated -W ignore:easy_install command is deprecated setup.py egg_info --egg-base ../../build/lidar_avoidance build --build-base /home/jetson/ws_1/build/lidar_avoidance/build install --record /home/jetson/ws_1/build/lidar_avoidance/install.log --install-scripts $base/lib/lidar_avoidance --single-version-externally-managed install_data
[12.553s] Level 1:colcon.colcon_core.environment:checking '/home/jetson/ws_1/install/lidar_avoidance' for CMake module files
[12.558s] DEBUG:colcon.colcon_core.event_handler.log_command:Invoked command in '/home/jetson/ws_1/src/lidar_avoidance' returned '0': LD_LIBRARY_PATH=/home/jetson/ws_1/install/livox_ros_driver2/lib:/opt/ros/foxy/opt/yaml_cpp_vendor/lib:/opt/ros/foxy/opt/rviz_ogre_vendor/lib:/opt/ros/foxy/lib/aarch64-linux-gnu:/opt/ros/foxy/lib:/usr/local/cuda-11.4/lib64 PYTHONPATH=/home/jetson/ws_1/build/lidar_avoidance/prefix_override:/usr/lib/python3/dist-packages/colcon_core/task/python/colcon_distutils_commands:/home/jetson/ws_1/install/lidar_avoidance/lib/python3.8/site-packages:${PYTHONPATH} /usr/bin/python3 -W ignore:setup.py install is deprecated -W ignore:easy_install command is deprecated setup.py egg_info --egg-base ../../build/lidar_avoidance build --build-base /home/jetson/ws_1/build/lidar_avoidance/build install --record /home/jetson/ws_1/build/lidar_avoidance/install.log --install-scripts $base/lib/lidar_avoidance --single-version-externally-managed install_data
[12.561s] Level 1:colcon.colcon_core.environment:checking '/home/jetson/ws_1/install/lidar_avoidance' for CMake config files
[12.570s] Level 1:colcon.colcon_core.environment:checking '/home/jetson/ws_1/install/lidar_avoidance/lib'
[12.571s] Level 1:colcon.colcon_core.environment:checking '/home/jetson/ws_1/install/lidar_avoidance/bin'
[12.572s] Level 1:colcon.colcon_core.environment:checking '/home/jetson/ws_1/install/lidar_avoidance/lib/pkgconfig/lidar_avoidance.pc'
[12.579s] Level 1:colcon.colcon_core.environment:checking '/home/jetson/ws_1/install/lidar_avoidance/lib/python3.8/site-packages'
[12.580s] Level 1:colcon.colcon_core.shell:create_environment_hook('lidar_avoidance', 'pythonpath')
[12.587s] INFO:colcon.colcon_core.shell:Creating environment hook '/home/jetson/ws_1/install/lidar_avoidance/share/lidar_avoidance/hook/pythonpath.ps1'
[12.594s] INFO:colcon.colcon_core.shell:Creating environment descriptor '/home/jetson/ws_1/install/lidar_avoidance/share/lidar_avoidance/hook/pythonpath.dsv'
[12.601s] INFO:colcon.colcon_core.shell:Creating environment hook '/home/jetson/ws_1/install/lidar_avoidance/share/lidar_avoidance/hook/pythonpath.sh'
[12.606s] Level 1:colcon.colcon_core.environment:checking '/home/jetson/ws_1/install/lidar_avoidance/bin'
[12.607s] Level 1:colcon.colcon_core.environment:create_environment_scripts_only(lidar_avoidance)
[12.609s] INFO:colcon.colcon_core.shell:Creating package script '/home/jetson/ws_1/install/lidar_avoidance/share/lidar_avoidance/package.ps1'
[12.614s] INFO:colcon.colcon_core.shell:Creating package descriptor '/home/jetson/ws_1/install/lidar_avoidance/share/lidar_avoidance/package.dsv'
[12.618s] INFO:colcon.colcon_core.shell:Creating package script '/home/jetson/ws_1/install/lidar_avoidance/share/lidar_avoidance/package.sh'
[12.622s] INFO:colcon.colcon_core.shell:Creating package script '/home/jetson/ws_1/install/lidar_avoidance/share/lidar_avoidance/package.bash'
[12.626s] INFO:colcon.colcon_core.shell:Creating package script '/home/jetson/ws_1/install/lidar_avoidance/share/lidar_avoidance/package.zsh'
[12.629s] Level 1:colcon.colcon_core.environment:create_file_with_runtime_dependencies(/home/jetson/ws_1/install/lidar_avoidance/share/colcon-core/packages/lidar_avoidance)
[12.633s] DEBUG:colcon.colcon_parallel_executor.executor.parallel:closing loop
[12.636s] DEBUG:colcon.colcon_parallel_executor.executor.parallel:loop closed
[12.637s] DEBUG:colcon.colcon_parallel_executor.executor.parallel:run_until_complete finished with '0'
[12.638s] DEBUG:colcon.colcon_core.event_reactor:joining thread
[12.696s] INFO:colcon.colcon_core.plugin_system:Skipping extension 'colcon_notification.desktop_notification.terminal_notifier': Not used on non-Darwin systems
[12.697s] INFO:colcon.colcon_core.plugin_system:Skipping extension 'colcon_notification.desktop_notification.win32': Not used on non-Windows systems
[12.697s] INFO:colcon.colcon_notification.desktop_notification:Sending desktop notification using 'notify2'
[12.808s] DEBUG:colcon.colcon_core.event_reactor:joined thread
[12.811s] INFO:colcon.colcon_core.shell:Creating prefix script '/home/jetson/ws_1/install/local_setup.ps1'
[12.817s] INFO:colcon.colcon_core.shell:Creating prefix util module '/home/jetson/ws_1/install/_local_setup_util_ps1.py'
[12.829s] INFO:colcon.colcon_core.shell:Creating prefix chain script '/home/jetson/ws_1/install/setup.ps1'
[12.838s] INFO:colcon.colcon_core.shell:Creating prefix script '/home/jetson/ws_1/install/local_setup.sh'
[12.842s] INFO:colcon.colcon_core.shell:Creating prefix util module '/home/jetson/ws_1/install/_local_setup_util_sh.py'
[12.847s] INFO:colcon.colcon_core.shell:Creating prefix chain script '/home/jetson/ws_1/install/setup.sh'
[12.854s] INFO:colcon.colcon_core.shell:Creating prefix script '/home/jetson/ws_1/install/local_setup.bash'
[12.858s] INFO:colcon.colcon_core.shell:Creating prefix chain script '/home/jetson/ws_1/install/setup.bash'
[12.865s] INFO:colcon.colcon_core.shell:Creating prefix script '/home/jetson/ws_1/install/local_setup.zsh'
[12.869s] INFO:colcon.colcon_core.shell:Creating prefix chain script '/home/jetson/ws_1/install/setup.zsh'
