[1.370s] DEBUG:colcon:Command line arguments: ['/usr/bin/colcon', 'build', '--packages-select', 'lidar_avoidance', '--symlink-install']
[1.371s] DEBUG:colcon:Parsed command line arguments: Namespace(allow_overriding=[], ament_cmake_args=None, base_paths=['.'], build_base='build', catkin_cmake_args=None, catkin_skip_building_tests=False, cmake_args=None, cmake_clean_cache=False, cmake_clean_first=False, cmake_force_configure=False, cmake_target=None, cmake_target_skip_unavailable=False, continue_on_error=False, event_handlers=None, executor='parallel', ignore_user_meta=False, install_base='install', log_base=None, log_level=None, main=<bound method BuildVerb.main of <colcon_core.verb.build.BuildVerb object at 0xffff8bebccd0>>, merge_install=False, metas=['./colcon.meta'], mixin=None, mixin_files=None, mixin_verb=('build',), packages_above=None, packages_above_and_dependencies=None, packages_above_depth=None, packages_end=None, packages_ignore=None, packages_ignore_regex=None, packages_select=['lidar_avoidance'], packages_select_build_failed=False, packages_select_by_dep=None, packages_select_regex=None, packages_select_test_failures=False, packages_skip=None, packages_skip_build_finished=False, packages_skip_by_dep=None, packages_skip_regex=None, packages_skip_test_passed=False, packages_skip_up_to=None, packages_start=None, packages_up_to=None, packages_up_to_regex=None, parallel_workers=6, paths=None, symlink_install=True, test_result_base=None, verb_extension=<colcon_core.verb.build.BuildVerb object at 0xffff8bebccd0>, verb_name='build', verb_parser=<colcon_mixin.mixin.mixin_argument.MixinArgumentDecorator object at 0xffff8be11c70>)
[2.518s] Level 1:colcon.colcon_core.package_discovery:discover_packages(colcon_meta) check parameters
[2.519s] Level 1:colcon.colcon_core.package_discovery:discover_packages(recursive) check parameters
[2.519s] Level 1:colcon.colcon_core.package_discovery:discover_packages(ignore) check parameters
[2.520s] Level 1:colcon.colcon_core.package_discovery:discover_packages(path) check parameters
[2.520s] Level 1:colcon.colcon_core.package_discovery:discover_packages(colcon_meta) discover
[2.520s] Level 1:colcon.colcon_core.package_discovery:discover_packages(recursive) discover
[2.521s] INFO:colcon.colcon_core.package_discovery:Crawling recursively for packages in '/home/jetson/ws_1'
[2.522s] Level 1:colcon.colcon_core.package_identification:_identify(.) by extensions ['ignore', 'ignore_ament_install']
[2.522s] Level 1:colcon.colcon_core.package_identification:_identify(.) by extension 'ignore'
[2.523s] Level 1:colcon.colcon_core.package_identification:_identify(.) by extension 'ignore_ament_install'
[2.523s] Level 1:colcon.colcon_core.package_identification:_identify(.) by extensions ['colcon_pkg']
[2.523s] Level 1:colcon.colcon_core.package_identification:_identify(.) by extension 'colcon_pkg'
[2.524s] Level 1:colcon.colcon_core.package_identification:_identify(.) by extensions ['colcon_meta']
[2.524s] Level 1:colcon.colcon_core.package_identification:_identify(.) by extension 'colcon_meta'
[2.524s] Level 1:colcon.colcon_core.package_identification:_identify(.) by extensions ['ros']
[2.525s] Level 1:colcon.colcon_core.package_identification:_identify(.) by extension 'ros'
[2.596s] Level 1:colcon.colcon_core.package_identification:_identify(.) by extensions ['cmake', 'python']
[2.596s] Level 1:colcon.colcon_core.package_identification:_identify(.) by extension 'cmake'
[2.597s] Level 1:colcon.colcon_core.package_identification:_identify(.) by extension 'python'
[2.597s] Level 1:colcon.colcon_core.package_identification:_identify(.) by extensions ['python_setup_py']
[2.597s] Level 1:colcon.colcon_core.package_identification:_identify(.) by extension 'python_setup_py'
[2.598s] Level 1:colcon.colcon_core.package_identification:_identify(build) by extensions ['ignore', 'ignore_ament_install']
[2.599s] Level 1:colcon.colcon_core.package_identification:_identify(build) by extension 'ignore'
[2.599s] Level 1:colcon.colcon_core.package_identification:_identify(build) ignored
[2.600s] Level 1:colcon.colcon_core.package_identification:_identify(install) by extensions ['ignore', 'ignore_ament_install']
[2.601s] Level 1:colcon.colcon_core.package_identification:_identify(install) by extension 'ignore'
[2.601s] Level 1:colcon.colcon_core.package_identification:_identify(install) ignored
[2.602s] Level 1:colcon.colcon_core.package_identification:_identify(log) by extensions ['ignore', 'ignore_ament_install']
[2.603s] Level 1:colcon.colcon_core.package_identification:_identify(log) by extension 'ignore'
[2.603s] Level 1:colcon.colcon_core.package_identification:_identify(log) ignored
[2.604s] Level 1:colcon.colcon_core.package_identification:_identify(src) by extensions ['ignore', 'ignore_ament_install']
[2.604s] Level 1:colcon.colcon_core.package_identification:_identify(src) by extension 'ignore'
[2.605s] Level 1:colcon.colcon_core.package_identification:_identify(src) by extension 'ignore_ament_install'
[2.605s] Level 1:colcon.colcon_core.package_identification:_identify(src) by extensions ['colcon_pkg']
[2.606s] Level 1:colcon.colcon_core.package_identification:_identify(src) by extension 'colcon_pkg'
[2.606s] Level 1:colcon.colcon_core.package_identification:_identify(src) by extensions ['colcon_meta']
[2.606s] Level 1:colcon.colcon_core.package_identification:_identify(src) by extension 'colcon_meta'
[2.606s] Level 1:colcon.colcon_core.package_identification:_identify(src) by extensions ['ros']
[2.607s] Level 1:colcon.colcon_core.package_identification:_identify(src) by extension 'ros'
[2.607s] Level 1:colcon.colcon_core.package_identification:_identify(src) by extensions ['cmake', 'python']
[2.608s] Level 1:colcon.colcon_core.package_identification:_identify(src) by extension 'cmake'
[2.608s] Level 1:colcon.colcon_core.package_identification:_identify(src) by extension 'python'
[2.608s] Level 1:colcon.colcon_core.package_identification:_identify(src) by extensions ['python_setup_py']
[2.609s] Level 1:colcon.colcon_core.package_identification:_identify(src) by extension 'python_setup_py'
[2.609s] Level 1:colcon.colcon_core.package_identification:_identify(src/lidar_avoidance) by extensions ['ignore', 'ignore_ament_install']
[2.610s] Level 1:colcon.colcon_core.package_identification:_identify(src/lidar_avoidance) by extension 'ignore'
[2.610s] Level 1:colcon.colcon_core.package_identification:_identify(src/lidar_avoidance) by extension 'ignore_ament_install'
[2.611s] Level 1:colcon.colcon_core.package_identification:_identify(src/lidar_avoidance) by extensions ['colcon_pkg']
[2.611s] Level 1:colcon.colcon_core.package_identification:_identify(src/lidar_avoidance) by extension 'colcon_pkg'
[2.611s] Level 1:colcon.colcon_core.package_identification:_identify(src/lidar_avoidance) by extensions ['colcon_meta']
[2.612s] Level 1:colcon.colcon_core.package_identification:_identify(src/lidar_avoidance) by extension 'colcon_meta'
[2.612s] Level 1:colcon.colcon_core.package_identification:_identify(src/lidar_avoidance) by extensions ['ros']
[2.612s] Level 1:colcon.colcon_core.package_identification:_identify(src/lidar_avoidance) by extension 'ros'
[2.626s] DEBUG:colcon.colcon_core.package_identification:Package 'src/lidar_avoidance' with type 'ros.ament_python' and name 'lidar_avoidance'
[2.627s] Level 1:colcon.colcon_core.package_identification:_identify(src/livox_ros_driver2) by extensions ['ignore', 'ignore_ament_install']
[2.628s] Level 1:colcon.colcon_core.package_identification:_identify(src/livox_ros_driver2) by extension 'ignore'
[2.628s] Level 1:colcon.colcon_core.package_identification:_identify(src/livox_ros_driver2) by extension 'ignore_ament_install'
[2.629s] Level 1:colcon.colcon_core.package_identification:_identify(src/livox_ros_driver2) by extensions ['colcon_pkg']
[2.629s] Level 1:colcon.colcon_core.package_identification:_identify(src/livox_ros_driver2) by extension 'colcon_pkg'
[2.629s] Level 1:colcon.colcon_core.package_identification:_identify(src/livox_ros_driver2) by extensions ['colcon_meta']
[2.629s] Level 1:colcon.colcon_core.package_identification:_identify(src/livox_ros_driver2) by extension 'colcon_meta'
[2.630s] Level 1:colcon.colcon_core.package_identification:_identify(src/livox_ros_driver2) by extensions ['ros']
[2.630s] Level 1:colcon.colcon_core.package_identification:_identify(src/livox_ros_driver2) by extension 'ros'
[2.639s] DEBUG:colcon.colcon_core.package_identification:Package 'src/livox_ros_driver2' with type 'ros.ament_cmake' and name 'livox_ros_driver2'
[2.640s] Level 1:colcon.colcon_core.package_identification:_identify(src/train_bringup) by extensions ['ignore', 'ignore_ament_install']
[2.641s] Level 1:colcon.colcon_core.package_identification:_identify(src/train_bringup) by extension 'ignore'
[2.641s] Level 1:colcon.colcon_core.package_identification:_identify(src/train_bringup) by extension 'ignore_ament_install'
[2.641s] Level 1:colcon.colcon_core.package_identification:_identify(src/train_bringup) by extensions ['colcon_pkg']
[2.642s] Level 1:colcon.colcon_core.package_identification:_identify(src/train_bringup) by extension 'colcon_pkg'
[2.642s] Level 1:colcon.colcon_core.package_identification:_identify(src/train_bringup) by extensions ['colcon_meta']
[2.642s] Level 1:colcon.colcon_core.package_identification:_identify(src/train_bringup) by extension 'colcon_meta'
[2.643s] Level 1:colcon.colcon_core.package_identification:_identify(src/train_bringup) by extensions ['ros']
[2.643s] Level 1:colcon.colcon_core.package_identification:_identify(src/train_bringup) by extension 'ros'
[2.646s] DEBUG:colcon.colcon_core.package_identification:Package 'src/train_bringup' with type 'ros.ament_python' and name 'train_bringup'
[2.647s] Level 1:colcon.colcon_core.package_identification:_identify(src/train_control) by extensions ['ignore', 'ignore_ament_install']
[2.647s] Level 1:colcon.colcon_core.package_identification:_identify(src/train_control) by extension 'ignore'
[2.648s] Level 1:colcon.colcon_core.package_identification:_identify(src/train_control) by extension 'ignore_ament_install'
[2.648s] Level 1:colcon.colcon_core.package_identification:_identify(src/train_control) by extensions ['colcon_pkg']
[2.648s] Level 1:colcon.colcon_core.package_identification:_identify(src/train_control) by extension 'colcon_pkg'
[2.649s] Level 1:colcon.colcon_core.package_identification:_identify(src/train_control) by extensions ['colcon_meta']
[2.649s] Level 1:colcon.colcon_core.package_identification:_identify(src/train_control) by extension 'colcon_meta'
[2.649s] Level 1:colcon.colcon_core.package_identification:_identify(src/train_control) by extensions ['ros']
[2.649s] Level 1:colcon.colcon_core.package_identification:_identify(src/train_control) by extension 'ros'
[2.654s] DEBUG:colcon.colcon_core.package_identification:Package 'src/train_control' with type 'ros.ament_python' and name 'train_control'
[2.655s] Level 1:colcon.colcon_core.package_identification:_identify(src/train_vision) by extensions ['ignore', 'ignore_ament_install']
[2.655s] Level 1:colcon.colcon_core.package_identification:_identify(src/train_vision) by extension 'ignore'
[2.655s] Level 1:colcon.colcon_core.package_identification:_identify(src/train_vision) by extension 'ignore_ament_install'
[2.656s] Level 1:colcon.colcon_core.package_identification:_identify(src/train_vision) by extensions ['colcon_pkg']
[2.656s] Level 1:colcon.colcon_core.package_identification:_identify(src/train_vision) by extension 'colcon_pkg'
[2.656s] Level 1:colcon.colcon_core.package_identification:_identify(src/train_vision) by extensions ['colcon_meta']
[2.657s] Level 1:colcon.colcon_core.package_identification:_identify(src/train_vision) by extension 'colcon_meta'
[2.657s] Level 1:colcon.colcon_core.package_identification:_identify(src/train_vision) by extensions ['ros']
[2.657s] Level 1:colcon.colcon_core.package_identification:_identify(src/train_vision) by extension 'ros'
[2.662s] DEBUG:colcon.colcon_core.package_identification:Package 'src/train_vision' with type 'ros.ament_python' and name 'train_vision'
[2.662s] Level 1:colcon.colcon_core.package_discovery:discover_packages(recursive) using defaults
[2.662s] Level 1:colcon.colcon_core.package_discovery:discover_packages(ignore) discover
[2.663s] Level 1:colcon.colcon_core.package_discovery:discover_packages(ignore) using defaults
[2.663s] Level 1:colcon.colcon_core.package_discovery:discover_packages(path) discover
[2.663s] Level 1:colcon.colcon_core.package_discovery:discover_packages(path) using defaults
[2.806s] INFO:colcon.colcon_core.package_selection:Skipping not selected package 'livox_ros_driver2' in 'src/livox_ros_driver2'
[2.806s] INFO:colcon.colcon_core.package_selection:Skipping not selected package 'train_bringup' in 'src/train_bringup'
[2.806s] INFO:colcon.colcon_core.package_selection:Skipping not selected package 'train_control' in 'src/train_control'
[2.806s] INFO:colcon.colcon_core.package_selection:Skipping not selected package 'train_vision' in 'src/train_vision'
[2.809s] Level 1:colcon.colcon_core.package_discovery:discover_packages(prefix_path) check parameters
[2.809s] Level 1:colcon.colcon_core.package_discovery:discover_packages(prefix_path) discover
[2.822s] DEBUG:colcon.colcon_installed_package_information.package_discovery:Found 5 installed packages in /home/jetson/ws_1/install
[2.836s] DEBUG:colcon.colcon_installed_package_information.package_discovery:Found 258 installed packages in /opt/ros/foxy
[2.846s] Level 1:colcon.colcon_core.package_discovery:discover_packages(prefix_path) using defaults
[3.234s] Level 5:colcon.colcon_core.verb:set package 'lidar_avoidance' build argument 'cmake_args' from command line to 'None'
[3.234s] Level 5:colcon.colcon_core.verb:set package 'lidar_avoidance' build argument 'cmake_target' from command line to 'None'
[3.235s] Level 5:colcon.colcon_core.verb:set package 'lidar_avoidance' build argument 'cmake_target_skip_unavailable' from command line to 'False'
[3.235s] Level 5:colcon.colcon_core.verb:set package 'lidar_avoidance' build argument 'cmake_clean_cache' from command line to 'False'
[3.235s] Level 5:colcon.colcon_core.verb:set package 'lidar_avoidance' build argument 'cmake_clean_first' from command line to 'False'
[3.235s] Level 5:colcon.colcon_core.verb:set package 'lidar_avoidance' build argument 'cmake_force_configure' from command line to 'False'
[3.236s] Level 5:colcon.colcon_core.verb:set package 'lidar_avoidance' build argument 'ament_cmake_args' from command line to 'None'
[3.236s] Level 5:colcon.colcon_core.verb:set package 'lidar_avoidance' build argument 'catkin_cmake_args' from command line to 'None'
[3.236s] Level 5:colcon.colcon_core.verb:set package 'lidar_avoidance' build argument 'catkin_skip_building_tests' from command line to 'False'
[3.236s] DEBUG:colcon.colcon_core.verb:Building package 'lidar_avoidance' with the following arguments: {'ament_cmake_args': None, 'build_base': '/home/jetson/ws_1/build/lidar_avoidance', 'catkin_cmake_args': None, 'catkin_skip_building_tests': False, 'cmake_args': None, 'cmake_clean_cache': False, 'cmake_clean_first': False, 'cmake_force_configure': False, 'cmake_target': None, 'cmake_target_skip_unavailable': False, 'install_base': '/home/jetson/ws_1/install/lidar_avoidance', 'merge_install': False, 'path': '/home/jetson/ws_1/src/lidar_avoidance', 'symlink_install': True, 'test_result_base': None}
[3.237s] INFO:colcon.colcon_core.executor:Executing jobs using 'parallel' executor
[3.243s] DEBUG:colcon.colcon_parallel_executor.executor.parallel:run_until_complete
[3.245s] INFO:colcon.colcon_ros.task.ament_python.build:Building ROS package in '/home/jetson/ws_1/src/lidar_avoidance' with build type 'ament_python'
[3.246s] Level 1:colcon.colcon_core.shell:create_environment_hook('lidar_avoidance', 'ament_prefix_path')
[3.261s] INFO:colcon.colcon_core.plugin_system:Skipping extension 'colcon_core.shell.bat': Not used on non-Windows systems
[3.262s] INFO:colcon.colcon_core.shell:Creating environment hook '/home/jetson/ws_1/install/lidar_avoidance/share/lidar_avoidance/hook/ament_prefix_path.ps1'
[3.266s] INFO:colcon.colcon_core.shell:Creating environment descriptor '/home/jetson/ws_1/install/lidar_avoidance/share/lidar_avoidance/hook/ament_prefix_path.dsv'
[3.274s] INFO:colcon.colcon_core.shell:Creating environment hook '/home/jetson/ws_1/install/lidar_avoidance/share/lidar_avoidance/hook/ament_prefix_path.sh'
[3.281s] INFO:colcon.colcon_core.shell:Skip shell extension 'powershell' for command environment: Not usable outside of PowerShell
[3.282s] DEBUG:colcon.colcon_core.shell:Skip shell extension 'dsv' for command environment
[5.054s] INFO:colcon.colcon_core.task.python.build:Building Python package in '/home/jetson/ws_1/src/lidar_avoidance'
[5.062s] INFO:colcon.colcon_core.shell:Skip shell extension 'powershell' for command environment: Not usable outside of PowerShell
[5.062s] DEBUG:colcon.colcon_core.shell:Skip shell extension 'dsv' for command environment
[8.016s] DEBUG:colcon.colcon_core.event_handler.log_command:Invoking command in '/home/jetson/ws_1/build/lidar_avoidance': LD_LIBRARY_PATH=/home/jetson/ws_1/install/livox_ros_driver2/lib:/usr/local/cuda-11.4/lib64:/opt/ros/foxy/opt/yaml_cpp_vendor/lib:/opt/ros/foxy/opt/rviz_ogre_vendor/lib:/opt/ros/foxy/lib/aarch64-linux-gnu:/opt/ros/foxy/lib:/usr/local/cuda-11.4/lib64 PYTHONPATH=/home/jetson/ws_1/build/lidar_avoidance/prefix_override:/usr/lib/python3/dist-packages/colcon_core/task/python/colcon_distutils_commands:/home/jetson/ws_1/install/lidar_avoidance/lib/python3.8/site-packages:/home/jetson/ws_1/install/livox_ros_driver2/lib/python3.8/site-packages:/home/jetson/ws_1/build/train_control:/home/jetson/ws_1/build/train_bringup:/home/jetson/ws_1/install/train_bringup/lib/python3.8/site-packages:/home/jetson/ws_1/build/lidar_avoidance:/home/jetson/ws_1/build/train_vision:/home/jetson/ws_1/install/train_vision/lib/python3.8/site-packages:/home/jetson/ws_1/install/train_control/lib/python3.8/site-packages:/home/jetson/ws_1/install/lidar_avoidance/lib/python3.8/site-packages:/opt/ros/foxy/lib/python3.8/site-packages /usr/bin/python3 -W ignore:setup.py install is deprecated -W ignore:easy_install command is deprecated setup.py develop --editable --build-directory /home/jetson/ws_1/build/lidar_avoidance/build --no-deps symlink_data
[11.373s] Level 1:colcon.colcon_core.shell:create_environment_hook('lidar_avoidance', 'pythonpath_develop')
[11.377s] INFO:colcon.colcon_core.shell:Creating environment hook '/home/jetson/ws_1/build/lidar_avoidance/share/lidar_avoidance/hook/pythonpath_develop.ps1'
[11.380s] DEBUG:colcon.colcon_core.event_handler.log_command:Invoked command in '/home/jetson/ws_1/build/lidar_avoidance' returned '0': LD_LIBRARY_PATH=/home/jetson/ws_1/install/livox_ros_driver2/lib:/usr/local/cuda-11.4/lib64:/opt/ros/foxy/opt/yaml_cpp_vendor/lib:/opt/ros/foxy/opt/rviz_ogre_vendor/lib:/opt/ros/foxy/lib/aarch64-linux-gnu:/opt/ros/foxy/lib:/usr/local/cuda-11.4/lib64 PYTHONPATH=/home/jetson/ws_1/build/lidar_avoidance/prefix_override:/usr/lib/python3/dist-packages/colcon_core/task/python/colcon_distutils_commands:/home/jetson/ws_1/install/lidar_avoidance/lib/python3.8/site-packages:/home/jetson/ws_1/install/livox_ros_driver2/lib/python3.8/site-packages:/home/jetson/ws_1/build/train_control:/home/jetson/ws_1/build/train_bringup:/home/jetson/ws_1/install/train_bringup/lib/python3.8/site-packages:/home/jetson/ws_1/build/lidar_avoidance:/home/jetson/ws_1/build/train_vision:/home/jetson/ws_1/install/train_vision/lib/python3.8/site-packages:/home/jetson/ws_1/install/train_control/lib/python3.8/site-packages:/home/jetson/ws_1/install/lidar_avoidance/lib/python3.8/site-packages:/opt/ros/foxy/lib/python3.8/site-packages /usr/bin/python3 -W ignore:setup.py install is deprecated -W ignore:easy_install command is deprecated setup.py develop --editable --build-directory /home/jetson/ws_1/build/lidar_avoidance/build --no-deps symlink_data
[11.385s] INFO:colcon.colcon_core.shell:Creating environment descriptor '/home/jetson/ws_1/build/lidar_avoidance/share/lidar_avoidance/hook/pythonpath_develop.dsv'
[11.395s] INFO:colcon.colcon_core.shell:Creating environment hook '/home/jetson/ws_1/build/lidar_avoidance/share/lidar_avoidance/hook/pythonpath_develop.sh'
[11.417s] Level 1:colcon.colcon_core.environment:checking '/home/jetson/ws_1/install/lidar_avoidance' for CMake module files
[11.421s] Level 1:colcon.colcon_core.environment:checking '/home/jetson/ws_1/install/lidar_avoidance' for CMake config files
[11.428s] Level 1:colcon.colcon_core.environment:checking '/home/jetson/ws_1/install/lidar_avoidance/lib'
[11.429s] Level 1:colcon.colcon_core.environment:checking '/home/jetson/ws_1/install/lidar_avoidance/bin'
[11.430s] Level 1:colcon.colcon_core.environment:checking '/home/jetson/ws_1/install/lidar_avoidance/lib/pkgconfig/lidar_avoidance.pc'
[11.432s] Level 1:colcon.colcon_core.environment:checking '/home/jetson/ws_1/install/lidar_avoidance/lib/python3.8/site-packages'
[11.433s] Level 1:colcon.colcon_core.shell:create_environment_hook('lidar_avoidance', 'pythonpath')
[11.434s] INFO:colcon.colcon_core.shell:Creating environment hook '/home/jetson/ws_1/install/lidar_avoidance/share/lidar_avoidance/hook/pythonpath.ps1'
[11.437s] INFO:colcon.colcon_core.shell:Creating environment descriptor '/home/jetson/ws_1/install/lidar_avoidance/share/lidar_avoidance/hook/pythonpath.dsv'
[11.439s] INFO:colcon.colcon_core.shell:Creating environment hook '/home/jetson/ws_1/install/lidar_avoidance/share/lidar_avoidance/hook/pythonpath.sh'
[11.442s] Level 1:colcon.colcon_core.environment:checking '/home/jetson/ws_1/install/lidar_avoidance/bin'
[11.443s] Level 1:colcon.colcon_core.environment:create_environment_scripts_only(lidar_avoidance)
[11.445s] INFO:colcon.colcon_core.shell:Creating package script '/home/jetson/ws_1/install/lidar_avoidance/share/lidar_avoidance/package.ps1'
[11.452s] INFO:colcon.colcon_core.shell:Creating package descriptor '/home/jetson/ws_1/install/lidar_avoidance/share/lidar_avoidance/package.dsv'
[11.456s] INFO:colcon.colcon_core.shell:Creating package script '/home/jetson/ws_1/install/lidar_avoidance/share/lidar_avoidance/package.sh'
[11.461s] INFO:colcon.colcon_core.shell:Creating package script '/home/jetson/ws_1/install/lidar_avoidance/share/lidar_avoidance/package.bash'
[11.466s] INFO:colcon.colcon_core.shell:Creating package script '/home/jetson/ws_1/install/lidar_avoidance/share/lidar_avoidance/package.zsh'
[11.471s] Level 1:colcon.colcon_core.environment:create_file_with_runtime_dependencies(/home/jetson/ws_1/install/lidar_avoidance/share/colcon-core/packages/lidar_avoidance)
[11.474s] DEBUG:colcon.colcon_parallel_executor.executor.parallel:closing loop
[11.477s] DEBUG:colcon.colcon_parallel_executor.executor.parallel:loop closed
[11.477s] DEBUG:colcon.colcon_parallel_executor.executor.parallel:run_until_complete finished with '0'
[11.478s] DEBUG:colcon.colcon_core.event_reactor:joining thread
[11.482s] DEBUG:colcon.colcon_core.event_reactor:joined thread
[11.484s] INFO:colcon.colcon_core.shell:Creating prefix script '/home/jetson/ws_1/install/local_setup.ps1'
[11.489s] INFO:colcon.colcon_core.shell:Creating prefix util module '/home/jetson/ws_1/install/_local_setup_util_ps1.py'
[11.496s] INFO:colcon.colcon_core.shell:Creating prefix chain script '/home/jetson/ws_1/install/setup.ps1'
[11.504s] INFO:colcon.colcon_core.shell:Creating prefix script '/home/jetson/ws_1/install/local_setup.sh'
[11.507s] INFO:colcon.colcon_core.shell:Creating prefix util module '/home/jetson/ws_1/install/_local_setup_util_sh.py'
[11.510s] INFO:colcon.colcon_core.shell:Creating prefix chain script '/home/jetson/ws_1/install/setup.sh'
[11.518s] INFO:colcon.colcon_core.shell:Creating prefix script '/home/jetson/ws_1/install/local_setup.bash'
[11.521s] INFO:colcon.colcon_core.shell:Creating prefix chain script '/home/jetson/ws_1/install/setup.bash'
[11.528s] INFO:colcon.colcon_core.shell:Creating prefix script '/home/jetson/ws_1/install/local_setup.zsh'
[11.531s] INFO:colcon.colcon_core.shell:Creating prefix chain script '/home/jetson/ws_1/install/setup.zsh'
