[8.656s] Invoking command in '/home/jetson/ws_1/build/train_control': PYTHONPATH=/home/jetson/ws_1/build/train_control/prefix_override:/usr/lib/python3/dist-packages/colcon_core/task/python/colcon_distutils_commands:/home/jetson/ws_1/install/train_control/lib/python3.8/site-packages:${PYTHONPATH} /usr/bin/python3 -W ignore:setup.py install is deprecated -W ignore:easy_install command is deprecated setup.py develop --editable --build-directory /home/jetson/ws_1/build/train_control/build --no-deps symlink_data --force
[10.464s] running develop
[11.517s] running egg_info
[11.522s] writing train_control.egg-info/PKG-INFO
[11.526s] writing dependency_links to train_control.egg-info/dependency_links.txt
[11.527s] writing entry points to train_control.egg-info/entry_points.txt
[11.527s] writing requirements to train_control.egg-info/requires.txt
[11.528s] writing top-level names to train_control.egg-info/top_level.txt
[11.732s] reading manifest file 'train_control.egg-info/SOURCES.txt'
[11.879s] writing manifest file 'train_control.egg-info/SOURCES.txt'
[12.133s] running build_ext
[12.135s] Creating /home/jetson/ws_1/install/train_control/lib/python3.8/site-packages/site.py
[12.151s] Creating /home/jetson/ws_1/install/train_control/lib/python3.8/site-packages/train-control.egg-link (link to .)
[12.156s] Installing control_manager script to /home/jetson/ws_1/install/train_control/lib/train_control
[12.157s] Installing esp32_wifi script to /home/jetson/ws_1/install/train_control/lib/train_control
[12.160s] 
[12.161s] Installed /home/jetson/ws_1/build/train_control
[12.162s] running symlink_data
[12.163s] symbolically linking /home/jetson/ws_1/build/train_control/resource/train_control -> /home/jetson/ws_1/install/train_control/share/ament_index/resource_index/packages
[12.164s] symbolically linking /home/jetson/ws_1/build/train_control/package.xml -> /home/jetson/ws_1/install/train_control/share/train_control
[12.164s] symbolically linking /home/jetson/ws_1/build/train_control/launch/train_sim.launch.py -> /home/jetson/ws_1/install/train_control/share/train_control/launch
[12.322s] Invoked command in '/home/jetson/ws_1/build/train_control' returned '0': PYTHONPATH=/home/jetson/ws_1/build/train_control/prefix_override:/usr/lib/python3/dist-packages/colcon_core/task/python/colcon_distutils_commands:/home/jetson/ws_1/install/train_control/lib/python3.8/site-packages:${PYTHONPATH} /usr/bin/python3 -W ignore:setup.py install is deprecated -W ignore:easy_install command is deprecated setup.py develop --editable --build-directory /home/jetson/ws_1/build/train_control/build --no-deps symlink_data --force
