/home/jetson/ws_1/install/train_vision/lib/python3.8/site-packages/train_vision/pose_node.py
/home/jetson/ws_1/install/train_vision/lib/python3.8/site-packages/train_vision/__init__.py
/home/jetson/ws_1/install/train_vision/lib/python3.8/site-packages/train_vision/arm_detector.py
/home/jetson/ws_1/install/train_vision/lib/python3.8/site-packages/train_vision/camera_node.py
/home/jetson/ws_1/install/train_vision/lib/python3.8/site-packages/train_vision/standing_detector.py
/home/jetson/ws_1/install/train_vision/lib/python3.8/site-packages/train_vision/__pycache__/pose_node.cpython-38.pyc
/home/jetson/ws_1/install/train_vision/lib/python3.8/site-packages/train_vision/__pycache__/__init__.cpython-38.pyc
/home/jetson/ws_1/install/train_vision/lib/python3.8/site-packages/train_vision/__pycache__/arm_detector.cpython-38.pyc
/home/jetson/ws_1/install/train_vision/lib/python3.8/site-packages/train_vision/__pycache__/camera_node.cpython-38.pyc
/home/jetson/ws_1/install/train_vision/lib/python3.8/site-packages/train_vision/__pycache__/standing_detector.cpython-38.pyc
/home/jetson/ws_1/install/train_vision/share/ament_index/resource_index/packages/train_vision
/home/jetson/ws_1/install/train_vision/share/train_vision/package.xml
/home/jetson/ws_1/install/train_vision/lib/python3.8/site-packages/train_vision-0.0.0-py3.8.egg-info/requires.txt
/home/jetson/ws_1/install/train_vision/lib/python3.8/site-packages/train_vision-0.0.0-py3.8.egg-info/dependency_links.txt
/home/jetson/ws_1/install/train_vision/lib/python3.8/site-packages/train_vision-0.0.0-py3.8.egg-info/entry_points.txt
/home/jetson/ws_1/install/train_vision/lib/python3.8/site-packages/train_vision-0.0.0-py3.8.egg-info/zip-safe
/home/jetson/ws_1/install/train_vision/lib/python3.8/site-packages/train_vision-0.0.0-py3.8.egg-info/PKG-INFO
/home/jetson/ws_1/install/train_vision/lib/python3.8/site-packages/train_vision-0.0.0-py3.8.egg-info/top_level.txt
/home/jetson/ws_1/install/train_vision/lib/python3.8/site-packages/train_vision-0.0.0-py3.8.egg-info/SOURCES.txt
/home/jetson/ws_1/install/train_vision/lib/train_vision/camera
/home/jetson/ws_1/install/train_vision/lib/train_vision/pose
