[4.607s] Invoking command in '/home/jetson/ws_1/src/lidar_avoidance': PYTHONPATH=/home/jetson/ws_1/build/lidar_avoidance/prefix_override:/usr/lib/python3/dist-packages/colcon_core/task/python/colcon_distutils_commands:/home/jetson/ws_1/install/lidar_avoidance/lib/python3.8/site-packages:${PYTHONPATH} /usr/bin/python3 -W ignore:setup.py install is deprecated -W ignore:easy_install command is deprecated setup.py egg_info --egg-base ../../build/lidar_avoidance build --build-base /home/jetson/ws_1/build/lidar_avoidance/build install --record /home/jetson/ws_1/build/lidar_avoidance/install.log --install-scripts $base/lib/lidar_avoidance --single-version-externally-managed install_data
[6.079s] running egg_info
[6.083s] writing ../../build/lidar_avoidance/lidar_avoidance.egg-info/PKG-INFO
[6.085s] writing dependency_links to ../../build/lidar_avoidance/lidar_avoidance.egg-info/dependency_links.txt
[6.087s] writing entry points to ../../build/lidar_avoidance/lidar_avoidance.egg-info/entry_points.txt
[6.089s] writing requirements to ../../build/lidar_avoidance/lidar_avoidance.egg-info/requires.txt
[6.090s] writing top-level names to ../../build/lidar_avoidance/lidar_avoidance.egg-info/top_level.txt
[6.296s] reading manifest file '../../build/lidar_avoidance/lidar_avoidance.egg-info/SOURCES.txt'
[6.303s] writing manifest file '../../build/lidar_avoidance/lidar_avoidance.egg-info/SOURCES.txt'
[6.303s] running build
[6.304s] running build_py
[6.305s] running install
[6.313s] running install_lib
[6.325s] running install_data
[6.327s] running install_egg_info
[6.339s] removing '/home/jetson/ws_1/install/lidar_avoidance/lib/python3.8/site-packages/lidar_avoidance-0.0.0-py3.8.egg-info' (and everything under it)
[6.341s] Copying ../../build/lidar_avoidance/lidar_avoidance.egg-info to /home/jetson/ws_1/install/lidar_avoidance/lib/python3.8/site-packages/lidar_avoidance-0.0.0-py3.8.egg-info
[6.351s] running install_scripts
[6.452s] Installing avoidance script to /home/jetson/ws_1/install/lidar_avoidance/lib/lidar_avoidance
[6.454s] writing list of installed files to '/home/jetson/ws_1/build/lidar_avoidance/install.log'
[6.592s] Invoked command in '/home/jetson/ws_1/src/lidar_avoidance' returned '0': PYTHONPATH=/home/jetson/ws_1/build/lidar_avoidance/prefix_override:/usr/lib/python3/dist-packages/colcon_core/task/python/colcon_distutils_commands:/home/jetson/ws_1/install/lidar_avoidance/lib/python3.8/site-packages:${PYTHONPATH} /usr/bin/python3 -W ignore:setup.py install is deprecated -W ignore:easy_install command is deprecated setup.py egg_info --egg-base ../../build/lidar_avoidance build --build-base /home/jetson/ws_1/build/lidar_avoidance/build install --record /home/jetson/ws_1/build/lidar_avoidance/install.log --install-scripts $base/lib/lidar_avoidance --single-version-externally-managed install_data
