[4.704s] Invoking command in '/home/jetson/ws_1/src/train_control': PYTHONPATH=/home/jetson/ws_1/build/train_control/prefix_override:/usr/lib/python3/dist-packages/colcon_core/task/python/colcon_distutils_commands:/home/jetson/ws_1/install/train_control/lib/python3.8/site-packages:${PYTHONPATH} /usr/bin/python3 -W ignore:setup.py install is deprecated -W ignore:easy_install command is deprecated setup.py egg_info --egg-base ../../build/train_control build --build-base /home/jetson/ws_1/build/train_control/build install --record /home/jetson/ws_1/build/train_control/install.log --install-scripts $base/lib/train_control --single-version-externally-managed install_data
[6.309s] running egg_info
[6.312s] writing ../../build/train_control/train_control.egg-info/PKG-INFO
[6.314s] writing dependency_links to ../../build/train_control/train_control.egg-info/dependency_links.txt
[6.315s] writing entry points to ../../build/train_control/train_control.egg-info/entry_points.txt
[6.321s] writing requirements to ../../build/train_control/train_control.egg-info/requires.txt
[6.322s] writing top-level names to ../../build/train_control/train_control.egg-info/top_level.txt
[6.527s] reading manifest file '../../build/train_control/train_control.egg-info/SOURCES.txt'
[6.533s] writing manifest file '../../build/train_control/train_control.egg-info/SOURCES.txt'
[6.534s] running build
[6.535s] running build_py
[6.536s] copying train_control/control_manager_node.py -> /home/jetson/ws_1/build/train_control/build/lib/train_control
[6.542s] running install
[6.550s] running install_lib
[6.558s] copying /home/jetson/ws_1/build/train_control/build/lib/train_control/control_manager_node.py -> /home/jetson/ws_1/install/train_control/lib/python3.8/site-packages/train_control
[6.565s] byte-compiling /home/jetson/ws_1/install/train_control/lib/python3.8/site-packages/train_control/control_manager_node.py to control_manager_node.cpython-38.pyc
[6.578s] running install_data
[6.580s] running install_egg_info
[6.594s] removing '/home/jetson/ws_1/install/train_control/lib/python3.8/site-packages/train_control-0.0.0-py3.8.egg-info' (and everything under it)
[6.598s] Copying ../../build/train_control/train_control.egg-info to /home/jetson/ws_1/install/train_control/lib/python3.8/site-packages/train_control-0.0.0-py3.8.egg-info
[6.609s] running install_scripts
[6.716s] Installing control_manager script to /home/jetson/ws_1/install/train_control/lib/train_control
[6.718s] Installing esp32_wifi script to /home/jetson/ws_1/install/train_control/lib/train_control
[6.726s] writing list of installed files to '/home/jetson/ws_1/build/train_control/install.log'
[6.849s] Invoked command in '/home/jetson/ws_1/src/train_control' returned '0': PYTHONPATH=/home/jetson/ws_1/build/train_control/prefix_override:/usr/lib/python3/dist-packages/colcon_core/task/python/colcon_distutils_commands:/home/jetson/ws_1/install/train_control/lib/python3.8/site-packages:${PYTHONPATH} /usr/bin/python3 -W ignore:setup.py install is deprecated -W ignore:easy_install command is deprecated setup.py egg_info --egg-base ../../build/train_control build --build-base /home/jetson/ws_1/build/train_control/build install --record /home/jetson/ws_1/build/train_control/install.log --install-scripts $base/lib/train_control --single-version-externally-managed install_data
