[3.711s] DEBUG:colcon:Command line arguments: ['/usr/bin/colcon', 'build', '--packages-select', 'train_vision']
[3.712s] DEBUG:colcon:Parsed command line arguments: Namespace(allow_overriding=[], ament_cmake_args=None, base_paths=['.'], build_base='build', catkin_cmake_args=None, catkin_skip_building_tests=False, cmake_args=None, cmake_clean_cache=False, cmake_clean_first=False, cmake_force_configure=False, cmake_target=None, cmake_target_skip_unavailable=False, continue_on_error=False, event_handlers=None, executor='parallel', ignore_user_meta=False, install_base='install', log_base=None, log_level=None, main=<bound method BuildVerb.main of <colcon_core.verb.build.BuildVerb object at 0xffffbaf0b9d0>>, merge_install=False, metas=['./colcon.meta'], mixin=None, mixin_files=None, mixin_verb=('build',), packages_above=None, packages_above_and_dependencies=None, packages_above_depth=None, packages_end=None, packages_ignore=None, packages_ignore_regex=None, packages_select=['train_vision'], packages_select_build_failed=False, packages_select_by_dep=None, packages_select_regex=None, packages_select_test_failures=False, packages_skip=None, packages_skip_build_finished=False, packages_skip_by_dep=None, packages_skip_regex=None, packages_skip_test_passed=False, packages_skip_up_to=None, packages_start=None, packages_up_to=None, packages_up_to_regex=None, parallel_workers=6, paths=None, symlink_install=False, test_result_base=None, verb_extension=<colcon_core.verb.build.BuildVerb object at 0xffffbaf0b9d0>, verb_name='build', verb_parser=<colcon_mixin.mixin.mixin_argument.MixinArgumentDecorator object at 0xffffbae7c310>)
[6.335s] Level 1:colcon.colcon_core.package_discovery:discover_packages(colcon_meta) check parameters
[6.336s] Level 1:colcon.colcon_core.package_discovery:discover_packages(recursive) check parameters
[6.336s] Level 1:colcon.colcon_core.package_discovery:discover_packages(ignore) check parameters
[6.336s] Level 1:colcon.colcon_core.package_discovery:discover_packages(path) check parameters
[6.336s] Level 1:colcon.colcon_core.package_discovery:discover_packages(colcon_meta) discover
[6.337s] Level 1:colcon.colcon_core.package_discovery:discover_packages(recursive) discover
[6.337s] INFO:colcon.colcon_core.package_discovery:Crawling recursively for packages in '/home/jetson/ws_1'
[6.338s] Level 1:colcon.colcon_core.package_identification:_identify(.) by extensions ['ignore', 'ignore_ament_install']
[6.338s] Level 1:colcon.colcon_core.package_identification:_identify(.) by extension 'ignore'
[6.339s] Level 1:colcon.colcon_core.package_identification:_identify(.) by extension 'ignore_ament_install'
[6.339s] Level 1:colcon.colcon_core.package_identification:_identify(.) by extensions ['colcon_pkg']
[6.339s] Level 1:colcon.colcon_core.package_identification:_identify(.) by extension 'colcon_pkg'
[6.340s] Level 1:colcon.colcon_core.package_identification:_identify(.) by extensions ['colcon_meta']
[6.340s] Level 1:colcon.colcon_core.package_identification:_identify(.) by extension 'colcon_meta'
[6.340s] Level 1:colcon.colcon_core.package_identification:_identify(.) by extensions ['ros']
[6.340s] Level 1:colcon.colcon_core.package_identification:_identify(.) by extension 'ros'
[6.565s] Level 1:colcon.colcon_core.package_identification:_identify(.) by extensions ['cmake', 'python']
[6.565s] Level 1:colcon.colcon_core.package_identification:_identify(.) by extension 'cmake'
[6.566s] Level 1:colcon.colcon_core.package_identification:_identify(.) by extension 'python'
[6.566s] Level 1:colcon.colcon_core.package_identification:_identify(.) by extensions ['python_setup_py']
[6.566s] Level 1:colcon.colcon_core.package_identification:_identify(.) by extension 'python_setup_py'
[6.567s] Level 1:colcon.colcon_core.package_identification:_identify(build) by extensions ['ignore', 'ignore_ament_install']
[6.568s] Level 1:colcon.colcon_core.package_identification:_identify(build) by extension 'ignore'
[6.568s] Level 1:colcon.colcon_core.package_identification:_identify(build) ignored
[6.569s] Level 1:colcon.colcon_core.package_identification:_identify(install) by extensions ['ignore', 'ignore_ament_install']
[6.570s] Level 1:colcon.colcon_core.package_identification:_identify(install) by extension 'ignore'
[6.570s] Level 1:colcon.colcon_core.package_identification:_identify(install) ignored
[6.571s] Level 1:colcon.colcon_core.package_identification:_identify(log) by extensions ['ignore', 'ignore_ament_install']
[6.572s] Level 1:colcon.colcon_core.package_identification:_identify(log) by extension 'ignore'
[6.572s] Level 1:colcon.colcon_core.package_identification:_identify(log) ignored
[6.572s] Level 1:colcon.colcon_core.package_identification:_identify(src) by extensions ['ignore', 'ignore_ament_install']
[6.573s] Level 1:colcon.colcon_core.package_identification:_identify(src) by extension 'ignore'
[6.573s] Level 1:colcon.colcon_core.package_identification:_identify(src) by extension 'ignore_ament_install'
[6.574s] Level 1:colcon.colcon_core.package_identification:_identify(src) by extensions ['colcon_pkg']
[6.574s] Level 1:colcon.colcon_core.package_identification:_identify(src) by extension 'colcon_pkg'
[6.574s] Level 1:colcon.colcon_core.package_identification:_identify(src) by extensions ['colcon_meta']
[6.574s] Level 1:colcon.colcon_core.package_identification:_identify(src) by extension 'colcon_meta'
[6.575s] Level 1:colcon.colcon_core.package_identification:_identify(src) by extensions ['ros']
[6.575s] Level 1:colcon.colcon_core.package_identification:_identify(src) by extension 'ros'
[6.576s] Level 1:colcon.colcon_core.package_identification:_identify(src) by extensions ['cmake', 'python']
[6.576s] Level 1:colcon.colcon_core.package_identification:_identify(src) by extension 'cmake'
[6.576s] Level 1:colcon.colcon_core.package_identification:_identify(src) by extension 'python'
[6.576s] Level 1:colcon.colcon_core.package_identification:_identify(src) by extensions ['python_setup_py']
[6.577s] Level 1:colcon.colcon_core.package_identification:_identify(src) by extension 'python_setup_py'
[6.577s] Level 1:colcon.colcon_core.package_identification:_identify(src/lidar_avoidance) by extensions ['ignore', 'ignore_ament_install']
[6.578s] Level 1:colcon.colcon_core.package_identification:_identify(src/lidar_avoidance) by extension 'ignore'
[6.578s] Level 1:colcon.colcon_core.package_identification:_identify(src/lidar_avoidance) by extension 'ignore_ament_install'
[6.579s] Level 1:colcon.colcon_core.package_identification:_identify(src/lidar_avoidance) by extensions ['colcon_pkg']
[6.579s] Level 1:colcon.colcon_core.package_identification:_identify(src/lidar_avoidance) by extension 'colcon_pkg'
[6.579s] Level 1:colcon.colcon_core.package_identification:_identify(src/lidar_avoidance) by extensions ['colcon_meta']
[6.579s] Level 1:colcon.colcon_core.package_identification:_identify(src/lidar_avoidance) by extension 'colcon_meta'
[6.580s] Level 1:colcon.colcon_core.package_identification:_identify(src/lidar_avoidance) by extensions ['ros']
[6.580s] Level 1:colcon.colcon_core.package_identification:_identify(src/lidar_avoidance) by extension 'ros'
[6.735s] DEBUG:colcon.colcon_core.package_identification:Package 'src/lidar_avoidance' with type 'ros.ament_python' and name 'lidar_avoidance'
[6.736s] Level 1:colcon.colcon_core.package_identification:_identify(src/livox_ros_driver2) by extensions ['ignore', 'ignore_ament_install']
[6.737s] Level 1:colcon.colcon_core.package_identification:_identify(src/livox_ros_driver2) by extension 'ignore'
[6.737s] Level 1:colcon.colcon_core.package_identification:_identify(src/livox_ros_driver2) by extension 'ignore_ament_install'
[6.738s] Level 1:colcon.colcon_core.package_identification:_identify(src/livox_ros_driver2) by extensions ['colcon_pkg']
[6.738s] Level 1:colcon.colcon_core.package_identification:_identify(src/livox_ros_driver2) by extension 'colcon_pkg'
[6.738s] Level 1:colcon.colcon_core.package_identification:_identify(src/livox_ros_driver2) by extensions ['colcon_meta']
[6.738s] Level 1:colcon.colcon_core.package_identification:_identify(src/livox_ros_driver2) by extension 'colcon_meta'
[6.739s] Level 1:colcon.colcon_core.package_identification:_identify(src/livox_ros_driver2) by extensions ['ros']
[6.739s] Level 1:colcon.colcon_core.package_identification:_identify(src/livox_ros_driver2) by extension 'ros'
[6.748s] DEBUG:colcon.colcon_core.package_identification:Package 'src/livox_ros_driver2' with type 'ros.ament_cmake' and name 'livox_ros_driver2'
[6.749s] Level 1:colcon.colcon_core.package_identification:_identify(src/train_control) by extensions ['ignore', 'ignore_ament_install']
[6.749s] Level 1:colcon.colcon_core.package_identification:_identify(src/train_control) by extension 'ignore'
[6.750s] Level 1:colcon.colcon_core.package_identification:_identify(src/train_control) by extension 'ignore_ament_install'
[6.750s] Level 1:colcon.colcon_core.package_identification:_identify(src/train_control) by extensions ['colcon_pkg']
[6.750s] Level 1:colcon.colcon_core.package_identification:_identify(src/train_control) by extension 'colcon_pkg'
[6.751s] Level 1:colcon.colcon_core.package_identification:_identify(src/train_control) by extensions ['colcon_meta']
[6.751s] Level 1:colcon.colcon_core.package_identification:_identify(src/train_control) by extension 'colcon_meta'
[6.752s] Level 1:colcon.colcon_core.package_identification:_identify(src/train_control) by extensions ['ros']
[6.752s] Level 1:colcon.colcon_core.package_identification:_identify(src/train_control) by extension 'ros'
[6.895s] DEBUG:colcon.colcon_core.package_identification:Package 'src/train_control' with type 'ros.ament_python' and name 'train_control'
[6.896s] Level 1:colcon.colcon_core.package_identification:_identify(src/train_vision) by extensions ['ignore', 'ignore_ament_install']
[6.897s] Level 1:colcon.colcon_core.package_identification:_identify(src/train_vision) by extension 'ignore'
[6.897s] Level 1:colcon.colcon_core.package_identification:_identify(src/train_vision) by extension 'ignore_ament_install'
[6.898s] Level 1:colcon.colcon_core.package_identification:_identify(src/train_vision) by extensions ['colcon_pkg']
[6.898s] Level 1:colcon.colcon_core.package_identification:_identify(src/train_vision) by extension 'colcon_pkg'
[6.898s] Level 1:colcon.colcon_core.package_identification:_identify(src/train_vision) by extensions ['colcon_meta']
[6.898s] Level 1:colcon.colcon_core.package_identification:_identify(src/train_vision) by extension 'colcon_meta'
[6.899s] Level 1:colcon.colcon_core.package_identification:_identify(src/train_vision) by extensions ['ros']
[6.899s] Level 1:colcon.colcon_core.package_identification:_identify(src/train_vision) by extension 'ros'
[6.905s] DEBUG:colcon.colcon_core.package_identification:Package 'src/train_vision' with type 'ros.ament_python' and name 'train_vision'
[6.905s] Level 1:colcon.colcon_core.package_discovery:discover_packages(recursive) using defaults
[6.905s] Level 1:colcon.colcon_core.package_discovery:discover_packages(ignore) discover
[6.905s] Level 1:colcon.colcon_core.package_discovery:discover_packages(ignore) using defaults
[6.906s] Level 1:colcon.colcon_core.package_discovery:discover_packages(path) discover
[6.906s] Level 1:colcon.colcon_core.package_discovery:discover_packages(path) using defaults
[7.489s] INFO:colcon.colcon_core.package_selection:Skipping not selected package 'livox_ros_driver2' in 'src/livox_ros_driver2'
[7.489s] INFO:colcon.colcon_core.package_selection:Skipping not selected package 'train_control' in 'src/train_control'
[7.489s] INFO:colcon.colcon_core.package_selection:Skipping not selected package 'lidar_avoidance' in 'src/lidar_avoidance'
[7.492s] Level 1:colcon.colcon_core.package_discovery:discover_packages(prefix_path) check parameters
[7.493s] Level 1:colcon.colcon_core.package_discovery:discover_packages(prefix_path) discover
[7.511s] DEBUG:colcon.colcon_installed_package_information.package_discovery:Found 4 installed packages in /home/jetson/ws_1/install
[7.528s] DEBUG:colcon.colcon_installed_package_information.package_discovery:Found 258 installed packages in /opt/ros/foxy
[7.538s] Level 1:colcon.colcon_core.package_discovery:discover_packages(prefix_path) using defaults
[8.241s] Level 5:colcon.colcon_core.verb:set package 'train_vision' build argument 'cmake_args' from command line to 'None'
[8.242s] Level 5:colcon.colcon_core.verb:set package 'train_vision' build argument 'cmake_target' from command line to 'None'
[8.242s] Level 5:colcon.colcon_core.verb:set package 'train_vision' build argument 'cmake_target_skip_unavailable' from command line to 'False'
[8.242s] Level 5:colcon.colcon_core.verb:set package 'train_vision' build argument 'cmake_clean_cache' from command line to 'False'
[8.242s] Level 5:colcon.colcon_core.verb:set package 'train_vision' build argument 'cmake_clean_first' from command line to 'False'
[8.243s] Level 5:colcon.colcon_core.verb:set package 'train_vision' build argument 'cmake_force_configure' from command line to 'False'
[8.243s] Level 5:colcon.colcon_core.verb:set package 'train_vision' build argument 'ament_cmake_args' from command line to 'None'
[8.243s] Level 5:colcon.colcon_core.verb:set package 'train_vision' build argument 'catkin_cmake_args' from command line to 'None'
[8.243s] Level 5:colcon.colcon_core.verb:set package 'train_vision' build argument 'catkin_skip_building_tests' from command line to 'False'
[8.244s] DEBUG:colcon.colcon_core.verb:Building package 'train_vision' with the following arguments: {'ament_cmake_args': None, 'build_base': '/home/jetson/ws_1/build/train_vision', 'catkin_cmake_args': None, 'catkin_skip_building_tests': False, 'cmake_args': None, 'cmake_clean_cache': False, 'cmake_clean_first': False, 'cmake_force_configure': False, 'cmake_target': None, 'cmake_target_skip_unavailable': False, 'install_base': '/home/jetson/ws_1/install/train_vision', 'merge_install': False, 'path': '/home/jetson/ws_1/src/train_vision', 'symlink_install': False, 'test_result_base': None}
[8.245s] INFO:colcon.colcon_core.executor:Executing jobs using 'parallel' executor
[8.251s] DEBUG:colcon.colcon_parallel_executor.executor.parallel:run_until_complete
[8.252s] INFO:colcon.colcon_ros.task.ament_python.build:Building ROS package in '/home/jetson/ws_1/src/train_vision' with build type 'ament_python'
[8.253s] Level 1:colcon.colcon_core.shell:create_environment_hook('train_vision', 'ament_prefix_path')
[8.418s] INFO:colcon.colcon_core.plugin_system:Skipping extension 'colcon_core.shell.bat': Not used on non-Windows systems
[8.418s] INFO:colcon.colcon_core.shell:Creating environment hook '/home/jetson/ws_1/install/train_vision/share/train_vision/hook/ament_prefix_path.ps1'
[8.424s] INFO:colcon.colcon_core.shell:Creating environment descriptor '/home/jetson/ws_1/install/train_vision/share/train_vision/hook/ament_prefix_path.dsv'
[8.427s] INFO:colcon.colcon_core.shell:Creating environment hook '/home/jetson/ws_1/install/train_vision/share/train_vision/hook/ament_prefix_path.sh'
[8.432s] INFO:colcon.colcon_core.shell:Skip shell extension 'powershell' for command environment: Not usable outside of PowerShell
[8.433s] DEBUG:colcon.colcon_core.shell:Skip shell extension 'dsv' for command environment
[10.686s] INFO:colcon.colcon_core.task.python.build:Building Python package in '/home/jetson/ws_1/src/train_vision'
[10.702s] INFO:colcon.colcon_core.shell:Skip shell extension 'powershell' for command environment: Not usable outside of PowerShell
[10.702s] DEBUG:colcon.colcon_core.shell:Skip shell extension 'dsv' for command environment
[16.086s] DEBUG:colcon.colcon_core.event_handler.log_command:Invoking command in '/home/jetson/ws_1/src/train_vision': PYTHONPATH=/home/jetson/ws_1/build/train_vision/prefix_override:/usr/lib/python3/dist-packages/colcon_core/task/python/colcon_distutils_commands:/home/jetson/ws_1/install/train_vision/lib/python3.8/site-packages:${PYTHONPATH} /usr/bin/python3 -W ignore:setup.py install is deprecated -W ignore:easy_install command is deprecated setup.py egg_info --egg-base ../../build/train_vision build --build-base /home/jetson/ws_1/build/train_vision/build install --record /home/jetson/ws_1/build/train_vision/install.log --install-scripts $base/lib/train_vision --single-version-externally-managed install_data
[19.095s] DEBUG:colcon.colcon_core.event_handler.log_command:Invoked command in '/home/jetson/ws_1/src/train_vision' returned '0': PYTHONPATH=/home/jetson/ws_1/build/train_vision/prefix_override:/usr/lib/python3/dist-packages/colcon_core/task/python/colcon_distutils_commands:/home/jetson/ws_1/install/train_vision/lib/python3.8/site-packages:${PYTHONPATH} /usr/bin/python3 -W ignore:setup.py install is deprecated -W ignore:easy_install command is deprecated setup.py egg_info --egg-base ../../build/train_vision build --build-base /home/jetson/ws_1/build/train_vision/build install --record /home/jetson/ws_1/build/train_vision/install.log --install-scripts $base/lib/train_vision --single-version-externally-managed install_data
[19.185s] Level 1:colcon.colcon_core.environment:checking '/home/jetson/ws_1/install/train_vision' for CMake module files
[19.189s] Level 1:colcon.colcon_core.environment:checking '/home/jetson/ws_1/install/train_vision' for CMake config files
[19.196s] Level 1:colcon.colcon_core.environment:checking '/home/jetson/ws_1/install/train_vision/lib'
[19.197s] Level 1:colcon.colcon_core.environment:checking '/home/jetson/ws_1/install/train_vision/bin'
[19.197s] Level 1:colcon.colcon_core.environment:checking '/home/jetson/ws_1/install/train_vision/lib/pkgconfig/train_vision.pc'
[19.200s] Level 1:colcon.colcon_core.environment:checking '/home/jetson/ws_1/install/train_vision/lib/python3.8/site-packages'
[19.200s] Level 1:colcon.colcon_core.shell:create_environment_hook('train_vision', 'pythonpath')
[19.202s] INFO:colcon.colcon_core.shell:Creating environment hook '/home/jetson/ws_1/install/train_vision/share/train_vision/hook/pythonpath.ps1'
[19.206s] INFO:colcon.colcon_core.shell:Creating environment descriptor '/home/jetson/ws_1/install/train_vision/share/train_vision/hook/pythonpath.dsv'
[19.212s] INFO:colcon.colcon_core.shell:Creating environment hook '/home/jetson/ws_1/install/train_vision/share/train_vision/hook/pythonpath.sh'
[19.217s] Level 1:colcon.colcon_core.environment:checking '/home/jetson/ws_1/install/train_vision/bin'
[19.217s] Level 1:colcon.colcon_core.environment:create_environment_scripts_only(train_vision)
[19.219s] INFO:colcon.colcon_core.shell:Creating package script '/home/jetson/ws_1/install/train_vision/share/train_vision/package.ps1'
[19.368s] INFO:colcon.colcon_core.shell:Creating package descriptor '/home/jetson/ws_1/install/train_vision/share/train_vision/package.dsv'
[19.399s] INFO:colcon.colcon_core.shell:Creating package script '/home/jetson/ws_1/install/train_vision/share/train_vision/package.sh'
[19.419s] INFO:colcon.colcon_core.shell:Creating package script '/home/jetson/ws_1/install/train_vision/share/train_vision/package.bash'
[19.442s] INFO:colcon.colcon_core.shell:Creating package script '/home/jetson/ws_1/install/train_vision/share/train_vision/package.zsh'
[19.465s] Level 1:colcon.colcon_core.environment:create_file_with_runtime_dependencies(/home/jetson/ws_1/install/train_vision/share/colcon-core/packages/train_vision)
[19.470s] DEBUG:colcon.colcon_parallel_executor.executor.parallel:closing loop
[19.472s] DEBUG:colcon.colcon_parallel_executor.executor.parallel:loop closed
[19.473s] DEBUG:colcon.colcon_parallel_executor.executor.parallel:run_until_complete finished with '0'
[19.474s] DEBUG:colcon.colcon_core.event_reactor:joining thread
[19.723s] INFO:colcon.colcon_core.plugin_system:Skipping extension 'colcon_notification.desktop_notification.terminal_notifier': Not used on non-Darwin systems
[19.867s] INFO:colcon.colcon_core.plugin_system:Skipping extension 'colcon_notification.desktop_notification.win32': Not used on non-Windows systems
[19.867s] INFO:colcon.colcon_notification.desktop_notification:Sending desktop notification using 'notify2'
[20.171s] DEBUG:colcon.colcon_core.event_reactor:joined thread
[20.173s] INFO:colcon.colcon_core.shell:Creating prefix script '/home/jetson/ws_1/install/local_setup.ps1'
[20.321s] INFO:colcon.colcon_core.shell:Creating prefix util module '/home/jetson/ws_1/install/_local_setup_util_ps1.py'
[20.346s] INFO:colcon.colcon_core.shell:Creating prefix chain script '/home/jetson/ws_1/install/setup.ps1'
[20.370s] INFO:colcon.colcon_core.shell:Creating prefix script '/home/jetson/ws_1/install/local_setup.sh'
[20.389s] INFO:colcon.colcon_core.shell:Creating prefix util module '/home/jetson/ws_1/install/_local_setup_util_sh.py'
[20.393s] INFO:colcon.colcon_core.shell:Creating prefix chain script '/home/jetson/ws_1/install/setup.sh'
[20.430s] INFO:colcon.colcon_core.shell:Creating prefix script '/home/jetson/ws_1/install/local_setup.bash'
[20.448s] INFO:colcon.colcon_core.shell:Creating prefix chain script '/home/jetson/ws_1/install/setup.bash'
[20.468s] INFO:colcon.colcon_core.shell:Creating prefix script '/home/jetson/ws_1/install/local_setup.zsh'
[20.490s] INFO:colcon.colcon_core.shell:Creating prefix chain script '/home/jetson/ws_1/install/setup.zsh'
