[6.485s] Invoking command in '/home/jetson/ws_1/src/lidar_avoidance': LD_LIBRARY_PATH=/home/jetson/ws_1/install/livox_ros_driver2/lib:/usr/local/cuda-11.4/lib64:/opt/ros/foxy/opt/yaml_cpp_vendor/lib:/opt/ros/foxy/opt/rviz_ogre_vendor/lib:/opt/ros/foxy/lib/aarch64-linux-gnu:/opt/ros/foxy/lib:/usr/local/cuda-11.4/lib64 PYTHONPATH=/home/jetson/ws_1/build/lidar_avoidance/prefix_override:/usr/lib/python3/dist-packages/colcon_core/task/python/colcon_distutils_commands:/home/jetson/ws_1/install/lidar_avoidance/lib/python3.8/site-packages:/home/jetson/ws_1/install/livox_ros_driver2/lib/python3.8/site-packages:/home/jetson/ws_1/build/train_vision:/home/jetson/ws_1/install/train_vision/lib/python3.8/site-packages:/home/jetson/ws_1/install/train_control/lib/python3.8/site-packages:/home/jetson/ws_1/install/lidar_avoidance/lib/python3.8/site-packages:/opt/ros/foxy/lib/python3.8/site-packages /usr/bin/python3 -W ignore:setup.py install is deprecated -W ignore:easy_install command is deprecated setup.py egg_info --egg-base ../../build/lidar_avoidance build --build-base /home/jetson/ws_1/build/lidar_avoidance/build install --record /home/jetson/ws_1/build/lidar_avoidance/install.log --install-scripts $base/lib/lidar_avoidance --single-version-externally-managed install_data
[8.439s] running egg_info
[8.442s] writing ../../build/lidar_avoidance/lidar_avoidance.egg-info/PKG-INFO
[8.443s] writing dependency_links to ../../build/lidar_avoidance/lidar_avoidance.egg-info/dependency_links.txt
[8.444s] writing entry points to ../../build/lidar_avoidance/lidar_avoidance.egg-info/entry_points.txt
[8.444s] writing requirements to ../../build/lidar_avoidance/lidar_avoidance.egg-info/requires.txt
[8.445s] writing top-level names to ../../build/lidar_avoidance/lidar_avoidance.egg-info/top_level.txt
[8.668s] reading manifest file '../../build/lidar_avoidance/lidar_avoidance.egg-info/SOURCES.txt'
[8.673s] writing manifest file '../../build/lidar_avoidance/lidar_avoidance.egg-info/SOURCES.txt'
[8.675s] running build
[8.675s] running build_py
[8.690s] running install
[8.698s] running install_lib
[8.708s] running install_data
[8.711s] running install_egg_info
[8.736s] removing '/home/jetson/ws_1/install/lidar_avoidance/lib/python3.8/site-packages/lidar_avoidance-0.0.0-py3.8.egg-info' (and everything under it)
[8.747s] Copying ../../build/lidar_avoidance/lidar_avoidance.egg-info to /home/jetson/ws_1/install/lidar_avoidance/lib/python3.8/site-packages/lidar_avoidance-0.0.0-py3.8.egg-info
[8.790s] running install_scripts
[8.891s] Installing avoidance script to /home/jetson/ws_1/install/lidar_avoidance/lib/lidar_avoidance
[8.894s] writing list of installed files to '/home/jetson/ws_1/build/lidar_avoidance/install.log'
[9.036s] Invoked command in '/home/jetson/ws_1/src/lidar_avoidance' returned '0': LD_LIBRARY_PATH=/home/jetson/ws_1/install/livox_ros_driver2/lib:/usr/local/cuda-11.4/lib64:/opt/ros/foxy/opt/yaml_cpp_vendor/lib:/opt/ros/foxy/opt/rviz_ogre_vendor/lib:/opt/ros/foxy/lib/aarch64-linux-gnu:/opt/ros/foxy/lib:/usr/local/cuda-11.4/lib64 PYTHONPATH=/home/jetson/ws_1/build/lidar_avoidance/prefix_override:/usr/lib/python3/dist-packages/colcon_core/task/python/colcon_distutils_commands:/home/jetson/ws_1/install/lidar_avoidance/lib/python3.8/site-packages:/home/jetson/ws_1/install/livox_ros_driver2/lib/python3.8/site-packages:/home/jetson/ws_1/build/train_vision:/home/jetson/ws_1/install/train_vision/lib/python3.8/site-packages:/home/jetson/ws_1/install/train_control/lib/python3.8/site-packages:/home/jetson/ws_1/install/lidar_avoidance/lib/python3.8/site-packages:/opt/ros/foxy/lib/python3.8/site-packages /usr/bin/python3 -W ignore:setup.py install is deprecated -W ignore:easy_install command is deprecated setup.py egg_info --egg-base ../../build/lidar_avoidance build --build-base /home/jetson/ws_1/build/lidar_avoidance/build install --record /home/jetson/ws_1/build/lidar_avoidance/install.log --install-scripts $base/lib/lidar_avoidance --single-version-externally-managed install_data
