running egg_info
creating ../../build/train_control/train_control.egg-info
writing ../../build/train_control/train_control.egg-info/PKG-INFO
writing dependency_links to ../../build/train_control/train_control.egg-info/dependency_links.txt
writing entry points to ../../build/train_control/train_control.egg-info/entry_points.txt
writing requirements to ../../build/train_control/train_control.egg-info/requires.txt
writing top-level names to ../../build/train_control/train_control.egg-info/top_level.txt
writing manifest file '../../build/train_control/train_control.egg-info/SOURCES.txt'
reading manifest file '../../build/train_control/train_control.egg-info/SOURCES.txt'
writing manifest file '../../build/train_control/train_control.egg-info/SOURCES.txt'
running build
running build_py
creating /home/jetson/ws_1/build/train_control/build
creating /home/jetson/ws_1/build/train_control/build/lib
creating /home/jetson/ws_1/build/train_control/build/lib/train_control
copying train_control/control_manager_node.py -> /home/jetson/ws_1/build/train_control/build/lib/train_control
copying train_control/__init__.py -> /home/jetson/ws_1/build/train_control/build/lib/train_control
running install
running install_lib
creating /home/jetson/ws_1/install/train_control/lib/python3.8/site-packages/train_control
copying /home/jetson/ws_1/build/train_control/build/lib/train_control/control_manager_node.py -> /home/jetson/ws_1/install/train_control/lib/python3.8/site-packages/train_control
copying /home/jetson/ws_1/build/train_control/build/lib/train_control/__init__.py -> /home/jetson/ws_1/install/train_control/lib/python3.8/site-packages/train_control
byte-compiling /home/jetson/ws_1/install/train_control/lib/python3.8/site-packages/train_control/control_manager_node.py to control_manager_node.cpython-38.pyc
byte-compiling /home/jetson/ws_1/install/train_control/lib/python3.8/site-packages/train_control/__init__.py to __init__.cpython-38.pyc
running install_data
creating /home/jetson/ws_1/install/train_control/share/ament_index
creating /home/jetson/ws_1/install/train_control/share/ament_index/resource_index
creating /home/jetson/ws_1/install/train_control/share/ament_index/resource_index/packages
copying resource/train_control -> /home/jetson/ws_1/install/train_control/share/ament_index/resource_index/packages
copying package.xml -> /home/jetson/ws_1/install/train_control/share/train_control
running install_egg_info
Copying ../../build/train_control/train_control.egg-info to /home/jetson/ws_1/install/train_control/lib/python3.8/site-packages/train_control-0.0.0-py3.8.egg-info
running install_scripts
writing list of installed files to '/home/jetson/ws_1/build/train_control/install.log'
