[7.854s] Invoking command in '/home/jetson/ws_1/src/train_vision': PYTHONPATH=/home/jetson/ws_1/build/train_vision/prefix_override:/usr/lib/python3/dist-packages/colcon_core/task/python/colcon_distutils_commands:/home/jetson/ws_1/install/train_vision/lib/python3.8/site-packages:${PYTHONPATH} /usr/bin/python3 -W ignore:setup.py install is deprecated -W ignore:easy_install command is deprecated setup.py egg_info --egg-base ../../build/train_vision build --build-base /home/jetson/ws_1/build/train_vision/build install --record /home/jetson/ws_1/build/train_vision/install.log --install-scripts $base/lib/train_vision --single-version-externally-managed install_data
[9.670s] running egg_info
[9.672s] writing ../../build/train_vision/train_vision.egg-info/PKG-INFO
[9.674s] writing dependency_links to ../../build/train_vision/train_vision.egg-info/dependency_links.txt
[9.677s] writing entry points to ../../build/train_vision/train_vision.egg-info/entry_points.txt
[9.752s] writing requirements to ../../build/train_vision/train_vision.egg-info/requires.txt
[9.755s] writing top-level names to ../../build/train_vision/train_vision.egg-info/top_level.txt
[10.082s] reading manifest file '../../build/train_vision/train_vision.egg-info/SOURCES.txt'
[10.226s] writing manifest file '../../build/train_vision/train_vision.egg-info/SOURCES.txt'
[10.227s] running build
[10.228s] running build_py
[10.229s] copying train_vision/pose_node.py -> /home/jetson/ws_1/build/train_vision/build/lib/train_vision
[10.231s] running install
[10.236s] running install_lib
[10.242s] copying /home/jetson/ws_1/build/train_vision/build/lib/train_vision/pose_node.py -> /home/jetson/ws_1/install/train_vision/lib/python3.8/site-packages/train_vision
[10.247s] byte-compiling /home/jetson/ws_1/install/train_vision/lib/python3.8/site-packages/train_vision/pose_node.py to pose_node.cpython-38.pyc
[10.260s] running install_data
[10.265s] running install_egg_info
[10.419s] removing '/home/jetson/ws_1/install/train_vision/lib/python3.8/site-packages/train_vision-0.0.0-py3.8.egg-info' (and everything under it)
[10.421s] Copying ../../build/train_vision/train_vision.egg-info to /home/jetson/ws_1/install/train_vision/lib/python3.8/site-packages/train_vision-0.0.0-py3.8.egg-info
[10.444s] running install_scripts
[10.540s] Installing camera script to /home/jetson/ws_1/install/train_vision/lib/train_vision
[10.541s] Installing pose script to /home/jetson/ws_1/install/train_vision/lib/train_vision
[10.547s] writing list of installed files to '/home/jetson/ws_1/build/train_vision/install.log'
[10.667s] Invoked command in '/home/jetson/ws_1/src/train_vision' returned '0': PYTHONPATH=/home/jetson/ws_1/build/train_vision/prefix_override:/usr/lib/python3/dist-packages/colcon_core/task/python/colcon_distutils_commands:/home/jetson/ws_1/install/train_vision/lib/python3.8/site-packages:${PYTHONPATH} /usr/bin/python3 -W ignore:setup.py install is deprecated -W ignore:easy_install command is deprecated setup.py egg_info --egg-base ../../build/train_vision build --build-base /home/jetson/ws_1/build/train_vision/build install --record /home/jetson/ws_1/build/train_vision/install.log --install-scripts $base/lib/train_vision --single-version-externally-managed install_data
