running develop
Removing /home/jetson/ws_1/install/train_vision/lib/python3.8/site-packages/train-vision.egg-link (link to .)
running egg_info
writing ../../build/train_vision/train_vision.egg-info/PKG-INFO
writing dependency_links to ../../build/train_vision/train_vision.egg-info/dependency_links.txt
writing entry points to ../../build/train_vision/train_vision.egg-info/entry_points.txt
writing requirements to ../../build/train_vision/train_vision.egg-info/requires.txt
writing top-level names to ../../build/train_vision/train_vision.egg-info/top_level.txt
reading manifest file '../../build/train_vision/train_vision.egg-info/SOURCES.txt'
writing manifest file '../../build/train_vision/train_vision.egg-info/SOURCES.txt'
running build
running build_py
running install
running install_lib
copying /home/jetson/ws_1/build/train_vision/build/lib/train_vision/pose_node.py -> /home/jetson/ws_1/install/train_vision/lib/python3.8/site-packages/train_vision
copying /home/jetson/ws_1/build/train_vision/build/lib/train_vision/__init__.py -> /home/jetson/ws_1/install/train_vision/lib/python3.8/site-packages/train_vision
copying /home/jetson/ws_1/build/train_vision/build/lib/train_vision/overlay_drawer.py -> /home/jetson/ws_1/install/train_vision/lib/python3.8/site-packages/train_vision
copying /home/jetson/ws_1/build/train_vision/build/lib/train_vision/arm_detector.py -> /home/jetson/ws_1/install/train_vision/lib/python3.8/site-packages/train_vision
copying /home/jetson/ws_1/build/train_vision/build/lib/train_vision/image_logger.py -> /home/jetson/ws_1/install/train_vision/lib/python3.8/site-packages/train_vision
copying /home/jetson/ws_1/build/train_vision/build/lib/train_vision/camera_node.py -> /home/jetson/ws_1/install/train_vision/lib/python3.8/site-packages/train_vision
copying /home/jetson/ws_1/build/train_vision/build/lib/train_vision/alert_manager.py -> /home/jetson/ws_1/install/train_vision/lib/python3.8/site-packages/train_vision
copying /home/jetson/ws_1/build/train_vision/build/lib/train_vision/standing_detector.py -> /home/jetson/ws_1/install/train_vision/lib/python3.8/site-packages/train_vision
byte-compiling /home/jetson/ws_1/install/train_vision/lib/python3.8/site-packages/train_vision/pose_node.py to pose_node.cpython-38.pyc
byte-compiling /home/jetson/ws_1/install/train_vision/lib/python3.8/site-packages/train_vision/__init__.py to __init__.cpython-38.pyc
byte-compiling /home/jetson/ws_1/install/train_vision/lib/python3.8/site-packages/train_vision/overlay_drawer.py to overlay_drawer.cpython-38.pyc
byte-compiling /home/jetson/ws_1/install/train_vision/lib/python3.8/site-packages/train_vision/arm_detector.py to arm_detector.cpython-38.pyc
byte-compiling /home/jetson/ws_1/install/train_vision/lib/python3.8/site-packages/train_vision/image_logger.py to image_logger.cpython-38.pyc
byte-compiling /home/jetson/ws_1/install/train_vision/lib/python3.8/site-packages/train_vision/camera_node.py to camera_node.cpython-38.pyc
byte-compiling /home/jetson/ws_1/install/train_vision/lib/python3.8/site-packages/train_vision/alert_manager.py to alert_manager.cpython-38.pyc
byte-compiling /home/jetson/ws_1/install/train_vision/lib/python3.8/site-packages/train_vision/standing_detector.py to standing_detector.cpython-38.pyc
running install_data
copying resource/train_vision -> /home/jetson/ws_1/install/train_vision/share/ament_index/resource_index/packages
copying package.xml -> /home/jetson/ws_1/install/train_vision/share/train_vision
copying launch/vision.launch.py -> /home/jetson/ws_1/install/train_vision/share/train_vision/launch
running install_egg_info
Copying ../../build/train_vision/train_vision.egg-info to /home/jetson/ws_1/install/train_vision/lib/python3.8/site-packages/train_vision-0.0.0-py3.8.egg-info
running install_scripts
Installing camera script to /home/jetson/ws_1/install/train_vision/lib/train_vision
Installing pose script to /home/jetson/ws_1/install/train_vision/lib/train_vision
writing list of installed files to '/home/jetson/ws_1/build/train_vision/install.log'
