[11.176s] Invoking command in '/home/jetson/ws_1/build/train_vision': PYTHONPATH=/home/jetson/ws_1/build/train_vision/prefix_override:/usr/lib/python3/dist-packages/colcon_core/task/python/colcon_distutils_commands:/home/jetson/ws_1/install/train_vision/lib/python3.8/site-packages:${PYTHONPATH} /usr/bin/python3 -W ignore:setup.py install is deprecated -W ignore:easy_install command is deprecated setup.py develop --uninstall --editable --build-directory /home/jetson/ws_1/build/train_vision/build
[13.729s] running develop
[15.086s] Removing /home/jetson/ws_1/install/train_vision/lib/python3.8/site-packages/train-vision.egg-link (link to .)
[15.237s] Invoked command in '/home/jetson/ws_1/build/train_vision' returned '0': PYTHONPATH=/home/jetson/ws_1/build/train_vision/prefix_override:/usr/lib/python3/dist-packages/colcon_core/task/python/colcon_distutils_commands:/home/jetson/ws_1/install/train_vision/lib/python3.8/site-packages:${PYTHONPATH} /usr/bin/python3 -W ignore:setup.py install is deprecated -W ignore:easy_install command is deprecated setup.py develop --uninstall --editable --build-directory /home/jetson/ws_1/build/train_vision/build
[15.249s] Invoking command in '/home/jetson/ws_1/src/train_vision': PYTHONPATH=/home/jetson/ws_1/build/train_vision/prefix_override:/usr/lib/python3/dist-packages/colcon_core/task/python/colcon_distutils_commands:/home/jetson/ws_1/install/train_vision/lib/python3.8/site-packages:${PYTHONPATH} /usr/bin/python3 -W ignore:setup.py install is deprecated -W ignore:easy_install command is deprecated setup.py egg_info --egg-base ../../build/train_vision build --build-base /home/jetson/ws_1/build/train_vision/build install --record /home/jetson/ws_1/build/train_vision/install.log --install-scripts $base/lib/train_vision --single-version-externally-managed install_data --force
[17.169s] running egg_info
[17.173s] writing ../../build/train_vision/train_vision.egg-info/PKG-INFO
[17.174s] writing dependency_links to ../../build/train_vision/train_vision.egg-info/dependency_links.txt
[17.176s] writing entry points to ../../build/train_vision/train_vision.egg-info/entry_points.txt
[17.177s] writing requirements to ../../build/train_vision/train_vision.egg-info/requires.txt
[17.178s] writing top-level names to ../../build/train_vision/train_vision.egg-info/top_level.txt
[17.400s] reading manifest file '../../build/train_vision/train_vision.egg-info/SOURCES.txt'
[17.424s] writing manifest file '../../build/train_vision/train_vision.egg-info/SOURCES.txt'
[17.430s] running build
[17.431s] running build_py
[17.432s] running install
[17.437s] running install_lib
[17.439s] copying /home/jetson/ws_1/build/train_vision/build/lib/train_vision/pose_node.py -> /home/jetson/ws_1/install/train_vision/lib/python3.8/site-packages/train_vision
[17.441s] copying /home/jetson/ws_1/build/train_vision/build/lib/train_vision/__init__.py -> /home/jetson/ws_1/install/train_vision/lib/python3.8/site-packages/train_vision
[17.445s] copying /home/jetson/ws_1/build/train_vision/build/lib/train_vision/overlay_drawer.py -> /home/jetson/ws_1/install/train_vision/lib/python3.8/site-packages/train_vision
[17.445s] copying /home/jetson/ws_1/build/train_vision/build/lib/train_vision/arm_detector.py -> /home/jetson/ws_1/install/train_vision/lib/python3.8/site-packages/train_vision
[17.446s] copying /home/jetson/ws_1/build/train_vision/build/lib/train_vision/image_logger.py -> /home/jetson/ws_1/install/train_vision/lib/python3.8/site-packages/train_vision
[17.447s] copying /home/jetson/ws_1/build/train_vision/build/lib/train_vision/camera_node.py -> /home/jetson/ws_1/install/train_vision/lib/python3.8/site-packages/train_vision
[17.447s] copying /home/jetson/ws_1/build/train_vision/build/lib/train_vision/alert_manager.py -> /home/jetson/ws_1/install/train_vision/lib/python3.8/site-packages/train_vision
[17.457s] copying /home/jetson/ws_1/build/train_vision/build/lib/train_vision/standing_detector.py -> /home/jetson/ws_1/install/train_vision/lib/python3.8/site-packages/train_vision
[17.461s] byte-compiling /home/jetson/ws_1/install/train_vision/lib/python3.8/site-packages/train_vision/pose_node.py to pose_node.cpython-38.pyc
[17.466s] byte-compiling /home/jetson/ws_1/install/train_vision/lib/python3.8/site-packages/train_vision/__init__.py to __init__.cpython-38.pyc
[17.468s] byte-compiling /home/jetson/ws_1/install/train_vision/lib/python3.8/site-packages/train_vision/overlay_drawer.py to overlay_drawer.cpython-38.pyc
[17.469s] byte-compiling /home/jetson/ws_1/install/train_vision/lib/python3.8/site-packages/train_vision/arm_detector.py to arm_detector.cpython-38.pyc
[17.469s] byte-compiling /home/jetson/ws_1/install/train_vision/lib/python3.8/site-packages/train_vision/image_logger.py to image_logger.cpython-38.pyc
[17.470s] byte-compiling /home/jetson/ws_1/install/train_vision/lib/python3.8/site-packages/train_vision/camera_node.py to camera_node.cpython-38.pyc
[17.478s] byte-compiling /home/jetson/ws_1/install/train_vision/lib/python3.8/site-packages/train_vision/alert_manager.py to alert_manager.cpython-38.pyc
[17.479s] byte-compiling /home/jetson/ws_1/install/train_vision/lib/python3.8/site-packages/train_vision/standing_detector.py to standing_detector.cpython-38.pyc
[17.480s] running install_data
[17.481s] copying resource/train_vision -> /home/jetson/ws_1/install/train_vision/share/ament_index/resource_index/packages
[17.483s] copying package.xml -> /home/jetson/ws_1/install/train_vision/share/train_vision
[17.485s] copying launch/vision.launch.py -> /home/jetson/ws_1/install/train_vision/share/train_vision/launch
[17.486s] running install_egg_info
[17.496s] Copying ../../build/train_vision/train_vision.egg-info to /home/jetson/ws_1/install/train_vision/lib/python3.8/site-packages/train_vision-0.0.0-py3.8.egg-info
[17.597s] running install_scripts
[17.696s] Installing camera script to /home/jetson/ws_1/install/train_vision/lib/train_vision
[17.697s] Installing pose script to /home/jetson/ws_1/install/train_vision/lib/train_vision
[17.706s] writing list of installed files to '/home/jetson/ws_1/build/train_vision/install.log'
[17.835s] Invoked command in '/home/jetson/ws_1/src/train_vision' returned '0': PYTHONPATH=/home/jetson/ws_1/build/train_vision/prefix_override:/usr/lib/python3/dist-packages/colcon_core/task/python/colcon_distutils_commands:/home/jetson/ws_1/install/train_vision/lib/python3.8/site-packages:${PYTHONPATH} /usr/bin/python3 -W ignore:setup.py install is deprecated -W ignore:easy_install command is deprecated setup.py egg_info --egg-base ../../build/train_vision build --build-base /home/jetson/ws_1/build/train_vision/build install --record /home/jetson/ws_1/build/train_vision/install.log --install-scripts $base/lib/train_vision --single-version-externally-managed install_data --force
