[4.259s] Invoking command in '/home/jetson/ws_1/src/lidar_avoidance': PYTHONPATH=/home/jetson/ws_1/build/lidar_avoidance/prefix_override:/usr/lib/python3/dist-packages/colcon_core/task/python/colcon_distutils_commands:/home/jetson/ws_1/install/lidar_avoidance/lib/python3.8/site-packages:${PYTHONPATH} /usr/bin/python3 -W ignore:setup.py install is deprecated -W ignore:easy_install command is deprecated setup.py egg_info --egg-base ../../build/lidar_avoidance build --build-base /home/jetson/ws_1/build/lidar_avoidance/build install --record /home/jetson/ws_1/build/lidar_avoidance/install.log --install-scripts $base/lib/lidar_avoidance --single-version-externally-managed install_data
[5.723s] running egg_info
[5.727s] writing ../../build/lidar_avoidance/lidar_avoidance.egg-info/PKG-INFO
[5.728s] writing dependency_links to ../../build/lidar_avoidance/lidar_avoidance.egg-info/dependency_links.txt
[5.731s] writing entry points to ../../build/lidar_avoidance/lidar_avoidance.egg-info/entry_points.txt
[5.732s] writing requirements to ../../build/lidar_avoidance/lidar_avoidance.egg-info/requires.txt
[5.732s] writing top-level names to ../../build/lidar_avoidance/lidar_avoidance.egg-info/top_level.txt
[5.929s] reading manifest file '../../build/lidar_avoidance/lidar_avoidance.egg-info/SOURCES.txt'
[5.936s] writing manifest file '../../build/lidar_avoidance/lidar_avoidance.egg-info/SOURCES.txt'
[5.936s] running build
[5.937s] running build_py
[5.939s] copying lidar_avoidance/avoidance_node.py -> /home/jetson/ws_1/build/lidar_avoidance/build/lib/lidar_avoidance
[5.942s] running install
[5.947s] running install_lib
[5.954s] copying /home/jetson/ws_1/build/lidar_avoidance/build/lib/lidar_avoidance/avoidance_node.py -> /home/jetson/ws_1/install/lidar_avoidance/lib/python3.8/site-packages/lidar_avoidance
[5.958s] byte-compiling /home/jetson/ws_1/install/lidar_avoidance/lib/python3.8/site-packages/lidar_avoidance/avoidance_node.py to avoidance_node.cpython-38.pyc
[5.968s] running install_data
[5.970s] running install_egg_info
[5.979s] removing '/home/jetson/ws_1/install/lidar_avoidance/lib/python3.8/site-packages/lidar_avoidance-0.0.0-py3.8.egg-info' (and everything under it)
[5.982s] Copying ../../build/lidar_avoidance/lidar_avoidance.egg-info to /home/jetson/ws_1/install/lidar_avoidance/lib/python3.8/site-packages/lidar_avoidance-0.0.0-py3.8.egg-info
[5.993s] running install_scripts
[6.097s] Installing avoidance script to /home/jetson/ws_1/install/lidar_avoidance/lib/lidar_avoidance
[6.100s] writing list of installed files to '/home/jetson/ws_1/build/lidar_avoidance/install.log'
[6.227s] Invoked command in '/home/jetson/ws_1/src/lidar_avoidance' returned '0': PYTHONPATH=/home/jetson/ws_1/build/lidar_avoidance/prefix_override:/usr/lib/python3/dist-packages/colcon_core/task/python/colcon_distutils_commands:/home/jetson/ws_1/install/lidar_avoidance/lib/python3.8/site-packages:${PYTHONPATH} /usr/bin/python3 -W ignore:setup.py install is deprecated -W ignore:easy_install command is deprecated setup.py egg_info --egg-base ../../build/lidar_avoidance build --build-base /home/jetson/ws_1/build/lidar_avoidance/build install --record /home/jetson/ws_1/build/lidar_avoidance/install.log --install-scripts $base/lib/lidar_avoidance --single-version-externally-managed install_data
