[7.454s] Invoking command in '/home/jetson/ws_1/src/lidar_avoidance': PYTHONPATH=/home/jetson/ws_1/build/lidar_avoidance/prefix_override:/usr/lib/python3/dist-packages/colcon_core/task/python/colcon_distutils_commands:/home/jetson/ws_1/install/lidar_avoidance/lib/python3.8/site-packages:${PYTHONPATH} /usr/bin/python3 -W ignore:setup.py install is deprecated -W ignore:easy_install command is deprecated setup.py egg_info --egg-base ../../build/lidar_avoidance build --build-base /home/jetson/ws_1/build/lidar_avoidance/build install --record /home/jetson/ws_1/build/lidar_avoidance/install.log --install-scripts $base/lib/lidar_avoidance --single-version-externally-managed install_data
[9.131s] running egg_info
[9.137s] writing ../../build/lidar_avoidance/lidar_avoidance.egg-info/PKG-INFO
[9.139s] writing dependency_links to ../../build/lidar_avoidance/lidar_avoidance.egg-info/dependency_links.txt
[9.148s] writing entry points to ../../build/lidar_avoidance/lidar_avoidance.egg-info/entry_points.txt
[9.155s] writing requirements to ../../build/lidar_avoidance/lidar_avoidance.egg-info/requires.txt
[9.160s] writing top-level names to ../../build/lidar_avoidance/lidar_avoidance.egg-info/top_level.txt
[9.555s] reading manifest file '../../build/lidar_avoidance/lidar_avoidance.egg-info/SOURCES.txt'
[9.702s] writing manifest file '../../build/lidar_avoidance/lidar_avoidance.egg-info/SOURCES.txt'
[9.703s] running build
[9.704s] running build_py
[9.705s] running install
[9.710s] running install_lib
[9.722s] running install_data
[9.724s] running install_egg_info
[9.735s] removing '/home/jetson/ws_1/install/lidar_avoidance/lib/python3.8/site-packages/lidar_avoidance-0.0.0-py3.8.egg-info' (and everything under it)
[9.879s] Copying ../../build/lidar_avoidance/lidar_avoidance.egg-info to /home/jetson/ws_1/install/lidar_avoidance/lib/python3.8/site-packages/lidar_avoidance-0.0.0-py3.8.egg-info
[9.891s] running install_scripts
[10.007s] Installing avoidance script to /home/jetson/ws_1/install/lidar_avoidance/lib/lidar_avoidance
[10.011s] writing list of installed files to '/home/jetson/ws_1/build/lidar_avoidance/install.log'
[10.173s] Invoked command in '/home/jetson/ws_1/src/lidar_avoidance' returned '0': PYTHONPATH=/home/jetson/ws_1/build/lidar_avoidance/prefix_override:/usr/lib/python3/dist-packages/colcon_core/task/python/colcon_distutils_commands:/home/jetson/ws_1/install/lidar_avoidance/lib/python3.8/site-packages:${PYTHONPATH} /usr/bin/python3 -W ignore:setup.py install is deprecated -W ignore:easy_install command is deprecated setup.py egg_info --egg-base ../../build/lidar_avoidance build --build-base /home/jetson/ws_1/build/lidar_avoidance/build install --record /home/jetson/ws_1/build/lidar_avoidance/install.log --install-scripts $base/lib/lidar_avoidance --single-version-externally-managed install_data
