[2.147s] Invoking command in '/home/jetson/ws_1/build/livox_ros_driver2': CMAKE_PREFIX_PATH=/home/jetson/ws_1/install/lidar_avoidance:/opt/ros/foxy /usr/bin/cmake --build /home/jetson/ws_1/build/livox_ros_driver2 -- -j6 -l6
[4.194s] [  1%] Built target livox_interfaces2__cpp
[4.201s] [  8%] Built target livox_interfaces2__rosidl_generator_c
[4.494s] [ 12%] Built target livox_ros_driver2_node
[4.682s] [ 19%] Built target livox_interfaces2__rosidl_typesupport_introspection_cpp
[4.688s] [ 33%] Built target livox_interfaces2__rosidl_typesupport_c
[4.690s] [ 33%] Built target livox_interfaces2__rosidl_typesupport_cpp
[4.702s] [ 40%] Built target livox_interfaces2__rosidl_typesupport_introspection_c
[4.713s] [ 47%] Built target livox_interfaces2__rosidl_typesupport_fastrtps_cpp
[5.272s] [ 54%] Built target livox_interfaces2__rosidl_typesupport_fastrtps_c
[5.555s] [ 54%] Built target livox_interfaces2
[5.920s] [ 56%] Built target livox_interfaces2__py
[6.435s] [ 57%] [32mBuilding CXX object CMakeFiles/livox_ros_driver2.dir/src/call_back/livox_lidar_callback.cpp.o[0m
[6.436s] [ 59%] [32mBuilding CXX object CMakeFiles/livox_ros_driver2.dir/src/call_back/lidar_common_callback.cpp.o[0m
[6.441s] [ 64%] Built target livox_interfaces2__python
[6.443s] [ 66%] [32mBuilding CXX object CMakeFiles/livox_ros_driver2.dir/src/comm/pub_handler.cpp.o[0m
[6.924s] [ 73%] Built target livox_ros_driver2__rosidl_typesupport_c__pyext
[6.926s] [ 73%] Built target livox_ros_driver2__rosidl_typesupport_fastrtps_c__pyext
[6.928s] [ 77%] Built target livox_ros_driver2__rosidl_typesupport_introspection_c__pyext
[10.315s] [01m[K/home/jetson/ws_1/src/livox_ros_driver2/src/comm/pub_handler.cpp:[m[K In static member function ‘[01m[Kstatic void livox_ros::PubHandler::OnLivoxLidarPointCloudCallback(uint32_t, uint8_t, LivoxLidarEthernetPacket*, void*)[m[K’:
[10.316s] [01m[K/home/jetson/ws_1/src/livox_ros_driver2/src/comm/pub_handler.cpp:135:103:[m[K [01;31m[Kerror: [m[K‘[01m[KkLivoxLidarTypeMid360s[m[K’ is not a member of ‘[01m[KLivoxLidarDeviceType[m[K’
[10.317s]   135 | Type::kLivoxLidarTypeMid360||dev_type==LivoxLidarDeviceType::[01;31m[KkLivoxLidarTypeMid360s[m[K) {
[10.319s]       |                                                              [01;31m[K^~~~~~~~~~~~~~~~~~~~~~[m[K
[10.320s] 
[11.700s] make[2]: *** [CMakeFiles/livox_ros_driver2.dir/build.make:193: CMakeFiles/livox_ros_driver2.dir/src/comm/pub_handler.cpp.o] Error 1
[11.702s] make[1]: *** [CMakeFiles/Makefile2:153: CMakeFiles/livox_ros_driver2.dir/all] Error 2
[11.703s] make: *** [Makefile:141: all] Error 2
[11.720s] Invoked command in '/home/jetson/ws_1/build/livox_ros_driver2' returned '2': CMAKE_PREFIX_PATH=/home/jetson/ws_1/install/lidar_avoidance:/opt/ros/foxy /usr/bin/cmake --build /home/jetson/ws_1/build/livox_ros_driver2 -- -j6 -l6
